
===========================================================================
report_checks -unconstrained
===========================================================================
======================= nom_tt_025C_1v80 Corner ===================================

Startpoint: rst_n (input port clocked by clk)
Endpoint: _6340_ (recovery check against rising-edge clock clk)
Path Group: asynchronous
Path Type: max

Fanout         Cap        Slew       Delay        Time   Description
---------------------------------------------------------------------------------------------
                                  0.000000    0.000000   clock clk (rise edge)
                                  0.000000    0.000000   clock network delay (propagated)
                                  2.000000    2.000000 ^ input external delay
     1    0.002680    0.019907    0.009875    2.009876 ^ rst_n (in)
                                                         rst_n (net)
                      0.019907    0.000000    2.009876 ^ input1/A (sky130_fd_sc_hd__clkbuf_1)
     1    0.003694    0.053836    0.079112    2.088988 ^ input1/X (sky130_fd_sc_hd__clkbuf_1)
                                                         net1 (net)
                      0.053836    0.000027    2.089014 ^ fanout255/A (sky130_fd_sc_hd__clkbuf_4)
     5    0.043490    0.138186    0.206897    2.295911 ^ fanout255/X (sky130_fd_sc_hd__clkbuf_4)
                                                         net255 (net)
                      0.138186    0.000589    2.296500 ^ fanout254/A (sky130_fd_sc_hd__buf_4)
    10    0.064251    0.180833    0.242686    2.539186 ^ fanout254/X (sky130_fd_sc_hd__buf_4)
                                                         net254 (net)
                      0.180833    0.000037    2.539223 ^ fanout253/A (sky130_fd_sc_hd__buf_4)
    10    0.052181    0.149481    0.233962    2.773185 ^ fanout253/X (sky130_fd_sc_hd__buf_4)
                                                         net253 (net)
                      0.149488    0.001202    2.774387 ^ fanout252/A (sky130_fd_sc_hd__clkbuf_4)
    10    0.044558    0.141362    0.244329    3.018716 ^ fanout252/X (sky130_fd_sc_hd__clkbuf_4)
                                                         net252 (net)
                      0.141362    0.000436    3.019152 ^ fanout250/A (sky130_fd_sc_hd__clkbuf_4)
    10    0.044237    0.140409    0.240981    3.260133 ^ fanout250/X (sky130_fd_sc_hd__clkbuf_4)
                                                         net250 (net)
                      0.140409    0.000504    3.260637 ^ _6340_/RESET_B (sky130_fd_sc_hd__dfrtp_1)
                                              3.260637   data arrival time

                                 10.000000   10.000000   clock clk (rise edge)
                                  0.000000   10.000000   clock source latency
     1    0.032161    0.150104    0.104857   10.104856 ^ clk (in)
                                                         clk (net)
                      0.150168    0.000000   10.104856 ^ clkbuf_0_clk/A (sky130_fd_sc_hd__clkbuf_16)
    16    0.135145    0.147676    0.246088   10.350945 ^ clkbuf_0_clk/X (sky130_fd_sc_hd__clkbuf_16)
                                                         clknet_0_clk (net)
                      0.147886    0.003681   10.354625 ^ clkbuf_4_11_0_clk/A (sky130_fd_sc_hd__clkbuf_8)
     8    0.028140    0.063986    0.179052   10.533677 ^ clkbuf_4_11_0_clk/X (sky130_fd_sc_hd__clkbuf_8)
                                                         clknet_4_11_0_clk (net)
                      0.063986    0.000174   10.533852 ^ _6340_/CLK (sky130_fd_sc_hd__dfrtp_1)
                                 -0.250000   10.283852   clock uncertainty
                                  0.000000   10.283852   clock reconvergence pessimism
                                  0.211526   10.495378   library recovery time
                                             10.495378   data required time
---------------------------------------------------------------------------------------------
                                             10.495378   data required time
                                             -3.260637   data arrival time
---------------------------------------------------------------------------------------------
                                              7.234741   slack (MET)


Startpoint: _6219_ (rising edge-triggered flip-flop clocked by clk)
Endpoint: monitor_out[31] (output port clocked by clk)
Path Group: clk
Path Type: max

Fanout         Cap        Slew       Delay        Time   Description
---------------------------------------------------------------------------------------------
                                  0.000000    0.000000   clock clk (rise edge)
                                  0.000000    0.000000   clock source latency
     1    0.032161    0.150104    0.104857    0.104857 ^ clk (in)
                                                         clk (net)
                      0.150168    0.000000    0.104857 ^ clkbuf_0_clk/A (sky130_fd_sc_hd__clkbuf_16)
    16    0.135145    0.147676    0.246087    0.350944 ^ clkbuf_0_clk/X (sky130_fd_sc_hd__clkbuf_16)
                                                         clknet_0_clk (net)
                      0.147849    0.003179    0.354123 ^ clkbuf_4_1_0_clk/A (sky130_fd_sc_hd__clkbuf_8)
    12    0.031838    0.069671    0.183455    0.537578 ^ clkbuf_4_1_0_clk/X (sky130_fd_sc_hd__clkbuf_8)
                                                         clknet_4_1_0_clk (net)
                      0.069672    0.000359    0.537938 ^ _6219_/CLK (sky130_fd_sc_hd__dfrtp_1)
     1    0.002490    0.044340    0.320580    0.858518 ^ _6219_/Q (sky130_fd_sc_hd__dfrtp_1)
                                                         core.dsp_valid_out (net)
                      0.044340    0.000010    0.858527 ^ fanout238/A (sky130_fd_sc_hd__buf_2)
     5    0.028304    0.142415    0.177911    1.036438 ^ fanout238/X (sky130_fd_sc_hd__buf_2)
                                                         net238 (net)
                      0.142415    0.000024    1.036463 ^ fanout214/A (sky130_fd_sc_hd__buf_2)
     6    0.027035    0.136901    0.208142    1.244605 ^ fanout214/X (sky130_fd_sc_hd__buf_2)
                                                         net214 (net)
                      0.136901    0.000002    1.244607 ^ fanout209/A (sky130_fd_sc_hd__buf_2)
    10    0.030761    0.154198    0.219145    1.463752 ^ fanout209/X (sky130_fd_sc_hd__buf_2)
                                                         net209 (net)
                      0.154198    0.000177    1.463930 ^ fanout208/A (sky130_fd_sc_hd__clkbuf_2)
    10    0.020326    0.116734    0.193169    1.657098 ^ fanout208/X (sky130_fd_sc_hd__clkbuf_2)
                                                         net208 (net)
                      0.116734    0.000154    1.657252 ^ _3109_/A (sky130_fd_sc_hd__and2_1)
     1    0.007379    0.085985    0.166259    1.823512 ^ _3109_/X (sky130_fd_sc_hd__and2_1)
                                                         _2369_ (net)
                      0.085985    0.000121    1.823633 ^ fanout77/A (sky130_fd_sc_hd__buf_2)
     6    0.033491    0.166755    0.210617    2.034250 ^ fanout77/X (sky130_fd_sc_hd__buf_2)
                                                         net77 (net)
                      0.166755    0.000001    2.034251 ^ fanout75/A (sky130_fd_sc_hd__buf_2)
     7    0.032262    0.161248    0.232261    2.266511 ^ fanout75/X (sky130_fd_sc_hd__buf_2)
                                                         net75 (net)
                      0.161248    0.000407    2.266918 ^ fanout74/A (sky130_fd_sc_hd__clkbuf_2)
     6    0.022602    0.128604    0.203276    2.470194 ^ fanout74/X (sky130_fd_sc_hd__clkbuf_2)
                                                         net74 (net)
                      0.128604    0.000119    2.470313 ^ _3807_/B (sky130_fd_sc_hd__and3_1)
     2    0.004631    0.067283    0.178795    2.649107 ^ _3807_/X (sky130_fd_sc_hd__and3_1)
                                                         _0094_ (net)
                      0.067283    0.000002    2.649110 ^ _3892_/B1_N (sky130_fd_sc_hd__o21bai_1)
     2    0.008434    0.210601    0.143589    2.792699 ^ _3892_/Y (sky130_fd_sc_hd__o21bai_1)
                                                         _0178_ (net)
                      0.210601    0.000043    2.792742 ^ _3894_/B (sky130_fd_sc_hd__xor2_1)
     2    0.007680    0.204289    0.229273    3.022015 ^ _3894_/X (sky130_fd_sc_hd__xor2_1)
                                                         _0180_ (net)
                      0.204289    0.000023    3.022038 ^ _3895_/B (sky130_fd_sc_hd__xor2_1)
     2    0.007425    0.199572    0.225058    3.247096 ^ _3895_/X (sky130_fd_sc_hd__xor2_1)
                                                         _0181_ (net)
                      0.199572    0.000008    3.247104 ^ _3908_/A (sky130_fd_sc_hd__xnor2_1)
     3    0.011659    0.298088    0.208487    3.455590 ^ _3908_/Y (sky130_fd_sc_hd__xnor2_1)
                                                         _0194_ (net)
                      0.298088    0.000087    3.455678 ^ _3911_/B (sky130_fd_sc_hd__xnor2_1)
     1    0.005168    0.166422    0.175717    3.631396 ^ _3911_/Y (sky130_fd_sc_hd__xnor2_1)
                                                         _0197_ (net)
                      0.166422    0.000013    3.631409 ^ _3912_/B (sky130_fd_sc_hd__xnor2_1)
     2    0.007771    0.219269    0.173741    3.805149 ^ _3912_/Y (sky130_fd_sc_hd__xnor2_1)
                                                         _0198_ (net)
                      0.219269    0.000036    3.805185 ^ _3914_/B (sky130_fd_sc_hd__xnor2_1)
     2    0.009177    0.247755    0.193881    3.999066 ^ _3914_/Y (sky130_fd_sc_hd__xnor2_1)
                                                         _0200_ (net)
                      0.247755    0.000071    3.999137 ^ _3915_/B (sky130_fd_sc_hd__xor2_1)
     2    0.010339    0.245161    0.269574    4.268711 ^ _3915_/X (sky130_fd_sc_hd__xor2_1)
                                                         _0201_ (net)
                      0.245161    0.000128    4.268838 ^ _3917_/B (sky130_fd_sc_hd__xnor2_1)
     2    0.007579    0.215337    0.186384    4.455223 ^ _3917_/Y (sky130_fd_sc_hd__xnor2_1)
                                                         _0203_ (net)
                      0.215337    0.000012    4.455235 ^ _3918_/B (sky130_fd_sc_hd__xor2_1)
     2    0.007713    0.204885    0.230298    4.685533 ^ _3918_/X (sky130_fd_sc_hd__xor2_1)
                                                         _0204_ (net)
                      0.204885    0.000023    4.685556 ^ _3919_/B (sky130_fd_sc_hd__xor2_1)
     2    0.007264    0.093365    0.123792    4.809348 v _3919_/X (sky130_fd_sc_hd__xor2_1)
                                                         _0205_ (net)
                      0.093365    0.000008    4.809356 v _3935_/A3 (sky130_fd_sc_hd__a32o_1)
     2    0.008282    0.064701    0.300668    5.110024 v _3935_/X (sky130_fd_sc_hd__a32o_1)
                                                         _0220_ (net)
                      0.064701    0.000069    5.110094 v _4016_/A (sky130_fd_sc_hd__xnor2_1)
     2    0.006645    0.196420    0.210644    5.320737 ^ _4016_/Y (sky130_fd_sc_hd__xnor2_1)
                                                         _0301_ (net)
                      0.196420    0.000012    5.320749 ^ _4018_/B (sky130_fd_sc_hd__xor2_1)
     2    0.005958    0.172389    0.204273    5.525023 ^ _4018_/X (sky130_fd_sc_hd__xor2_1)
                                                         _0303_ (net)
                      0.172389    0.000027    5.525050 ^ _4019_/C (sky130_fd_sc_hd__nand3_1)
     3    0.008606    0.111114    0.142229    5.667279 v _4019_/Y (sky130_fd_sc_hd__nand3_1)
                                                         _0304_ (net)
                      0.111114    0.000002    5.667281 v _4130_/B (sky130_fd_sc_hd__and2_1)
     1    0.002283    0.033729    0.177200    5.844481 v _4130_/X (sky130_fd_sc_hd__and2_1)
                                                         _0414_ (net)
                      0.033729    0.000004    5.844485 v _4131_/C1 (sky130_fd_sc_hd__a311o_2)
     4    0.016868    0.089287    0.354449    6.198934 v _4131_/X (sky130_fd_sc_hd__a311o_2)
                                                         _0415_ (net)
                      0.089353    0.000457    6.199391 v _4609_/A1 (sky130_fd_sc_hd__o2111a_1)
     2    0.007800    0.066327    0.284866    6.484257 v _4609_/X (sky130_fd_sc_hd__o2111a_1)
                                                         _0889_ (net)
                      0.066327    0.000055    6.484313 v _4611_/A (sky130_fd_sc_hd__nor2_1)
     2    0.007703    0.160218    0.164781    6.649094 ^ _4611_/Y (sky130_fd_sc_hd__nor2_1)
                                                         _0891_ (net)
                      0.160218    0.000012    6.649106 ^ _4745_/A2 (sky130_fd_sc_hd__o21a_1)
     1    0.004791    0.059876    0.141061    6.790167 ^ _4745_/X (sky130_fd_sc_hd__o21a_1)
                                                         _1024_ (net)
                      0.059876    0.000008    6.790175 ^ _4746_/B (sky130_fd_sc_hd__xor2_1)
     3    0.011192    0.269307    0.251926    7.042101 ^ _4746_/X (sky130_fd_sc_hd__xor2_1)
                                                         _1025_ (net)
                      0.269307    0.000044    7.042145 ^ _4747_/B (sky130_fd_sc_hd__xor2_1)
     3    0.008498    0.219448    0.247586    7.289731 ^ _4747_/X (sky130_fd_sc_hd__xor2_1)
                                                         _1026_ (net)
                      0.219448    0.000028    7.289758 ^ _4752_/B (sky130_fd_sc_hd__nand2b_1)
     2    0.004836    0.068926    0.098216    7.387974 v _4752_/Y (sky130_fd_sc_hd__nand2b_1)
                                                         _1030_ (net)
                      0.068926    0.000004    7.387978 v _4754_/A4 (sky130_fd_sc_hd__o41a_1)
     3    0.013580    0.113116    0.376703    7.764681 v _4754_/X (sky130_fd_sc_hd__o41a_1)
                                                         _1032_ (net)
                      0.113116    0.000126    7.764807 v _5204_/A2 (sky130_fd_sc_hd__a211o_1)
     3    0.008320    0.074344    0.343434    8.108240 v _5204_/X (sky130_fd_sc_hd__a211o_1)
                                                         _1480_ (net)
                      0.074344    0.000068    8.108309 v _5719_/A1 (sky130_fd_sc_hd__a2111o_1)
     2    0.010481    0.096732    0.415868    8.524178 v _5719_/X (sky130_fd_sc_hd__a2111o_1)
                                                         _2000_ (net)
                      0.096732    0.000045    8.524222 v _5887_/A1 (sky130_fd_sc_hd__a21oi_2)
     3    0.012335    0.181514    0.206240    8.730463 ^ _5887_/Y (sky130_fd_sc_hd__a21oi_2)
                                                         _2185_ (net)
                      0.181514    0.000027    8.730490 ^ _6005_/A2 (sky130_fd_sc_hd__o21ai_1)
     1    0.003059    0.065573    0.081439    8.811929 v _6005_/Y (sky130_fd_sc_hd__o21ai_1)
                                                         _2313_ (net)
                      0.065573    0.000012    8.811940 v _6006_/B1 (sky130_fd_sc_hd__o311a_1)
     2    0.008621    0.078156    0.154341    8.966280 v _6006_/X (sky130_fd_sc_hd__o311a_1)
                                                         core.dsp_result_in[31] (net)
                      0.078156    0.000084    8.966365 v _6086_/A (sky130_fd_sc_hd__xnor2_1)
     1    0.002276    0.107657    0.149472    9.115837 ^ _6086_/Y (sky130_fd_sc_hd__xnor2_1)
                                                         net26 (net)
                      0.107657    0.000006    9.115844 ^ output26/A (sky130_fd_sc_hd__buf_2)
     1    0.034427    0.171164    0.222015    9.337859 ^ output26/X (sky130_fd_sc_hd__buf_2)
                                                         monitor_out[31] (net)
                      0.171164    0.000217    9.338076 ^ monitor_out[31] (out)
                                              9.338076   data arrival time

                                 10.000000   10.000000   clock clk (rise edge)
                                  0.000000   10.000000   clock network delay (propagated)
                                 -0.250000    9.750000   clock uncertainty
                                  0.000000    9.750000   clock reconvergence pessimism
                                 -2.000000    7.750000   output external delay
                                              7.750000   data required time
---------------------------------------------------------------------------------------------
                                              7.750000   data required time
                                             -9.338076   data arrival time
---------------------------------------------------------------------------------------------
                                             -1.588076   slack (VIOLATED)




===========================================================================
report_checks --slack_max -0.01
============================================================================
======================= nom_tt_025C_1v80 Corner ===================================

Startpoint: _6219_ (rising edge-triggered flip-flop clocked by clk)
Endpoint: monitor_out[31] (output port clocked by clk)
Path Group: clk
Path Type: max

Fanout         Cap        Slew       Delay        Time   Description
---------------------------------------------------------------------------------------------
                                  0.000000    0.000000   clock clk (rise edge)
                                  0.000000    0.000000   clock source latency
     1    0.032161    0.150104    0.104857    0.104857 ^ clk (in)
                                                         clk (net)
                      0.150168    0.000000    0.104857 ^ clkbuf_0_clk/A (sky130_fd_sc_hd__clkbuf_16)
    16    0.135145    0.147676    0.246087    0.350944 ^ clkbuf_0_clk/X (sky130_fd_sc_hd__clkbuf_16)
                                                         clknet_0_clk (net)
                      0.147849    0.003179    0.354123 ^ clkbuf_4_1_0_clk/A (sky130_fd_sc_hd__clkbuf_8)
    12    0.031838    0.069671    0.183455    0.537578 ^ clkbuf_4_1_0_clk/X (sky130_fd_sc_hd__clkbuf_8)
                                                         clknet_4_1_0_clk (net)
                      0.069672    0.000359    0.537938 ^ _6219_/CLK (sky130_fd_sc_hd__dfrtp_1)
     1    0.002490    0.044340    0.320580    0.858518 ^ _6219_/Q (sky130_fd_sc_hd__dfrtp_1)
                                                         core.dsp_valid_out (net)
                      0.044340    0.000010    0.858527 ^ fanout238/A (sky130_fd_sc_hd__buf_2)
     5    0.028304    0.142415    0.177911    1.036438 ^ fanout238/X (sky130_fd_sc_hd__buf_2)
                                                         net238 (net)
                      0.142415    0.000024    1.036463 ^ fanout214/A (sky130_fd_sc_hd__buf_2)
     6    0.027035    0.136901    0.208142    1.244605 ^ fanout214/X (sky130_fd_sc_hd__buf_2)
                                                         net214 (net)
                      0.136901    0.000002    1.244607 ^ fanout209/A (sky130_fd_sc_hd__buf_2)
    10    0.030761    0.154198    0.219145    1.463752 ^ fanout209/X (sky130_fd_sc_hd__buf_2)
                                                         net209 (net)
                      0.154198    0.000177    1.463930 ^ fanout208/A (sky130_fd_sc_hd__clkbuf_2)
    10    0.020326    0.116734    0.193169    1.657098 ^ fanout208/X (sky130_fd_sc_hd__clkbuf_2)
                                                         net208 (net)
                      0.116734    0.000154    1.657252 ^ _3109_/A (sky130_fd_sc_hd__and2_1)
     1    0.007379    0.085985    0.166259    1.823512 ^ _3109_/X (sky130_fd_sc_hd__and2_1)
                                                         _2369_ (net)
                      0.085985    0.000121    1.823633 ^ fanout77/A (sky130_fd_sc_hd__buf_2)
     6    0.033491    0.166755    0.210617    2.034250 ^ fanout77/X (sky130_fd_sc_hd__buf_2)
                                                         net77 (net)
                      0.166755    0.000001    2.034251 ^ fanout75/A (sky130_fd_sc_hd__buf_2)
     7    0.032262    0.161248    0.232261    2.266511 ^ fanout75/X (sky130_fd_sc_hd__buf_2)
                                                         net75 (net)
                      0.161248    0.000407    2.266918 ^ fanout74/A (sky130_fd_sc_hd__clkbuf_2)
     6    0.022602    0.128604    0.203276    2.470194 ^ fanout74/X (sky130_fd_sc_hd__clkbuf_2)
                                                         net74 (net)
                      0.128604    0.000119    2.470313 ^ _3807_/B (sky130_fd_sc_hd__and3_1)
     2    0.004631    0.067283    0.178795    2.649107 ^ _3807_/X (sky130_fd_sc_hd__and3_1)
                                                         _0094_ (net)
                      0.067283    0.000002    2.649110 ^ _3892_/B1_N (sky130_fd_sc_hd__o21bai_1)
     2    0.008434    0.210601    0.143589    2.792699 ^ _3892_/Y (sky130_fd_sc_hd__o21bai_1)
                                                         _0178_ (net)
                      0.210601    0.000043    2.792742 ^ _3894_/B (sky130_fd_sc_hd__xor2_1)
     2    0.007680    0.204289    0.229273    3.022015 ^ _3894_/X (sky130_fd_sc_hd__xor2_1)
                                                         _0180_ (net)
                      0.204289    0.000023    3.022038 ^ _3895_/B (sky130_fd_sc_hd__xor2_1)
     2    0.007425    0.199572    0.225058    3.247096 ^ _3895_/X (sky130_fd_sc_hd__xor2_1)
                                                         _0181_ (net)
                      0.199572    0.000008    3.247104 ^ _3908_/A (sky130_fd_sc_hd__xnor2_1)
     3    0.011659    0.298088    0.208487    3.455590 ^ _3908_/Y (sky130_fd_sc_hd__xnor2_1)
                                                         _0194_ (net)
                      0.298088    0.000087    3.455678 ^ _3911_/B (sky130_fd_sc_hd__xnor2_1)
     1    0.005168    0.166422    0.175717    3.631396 ^ _3911_/Y (sky130_fd_sc_hd__xnor2_1)
                                                         _0197_ (net)
                      0.166422    0.000013    3.631409 ^ _3912_/B (sky130_fd_sc_hd__xnor2_1)
     2    0.007771    0.219269    0.173741    3.805149 ^ _3912_/Y (sky130_fd_sc_hd__xnor2_1)
                                                         _0198_ (net)
                      0.219269    0.000036    3.805185 ^ _3914_/B (sky130_fd_sc_hd__xnor2_1)
     2    0.009177    0.247755    0.193881    3.999066 ^ _3914_/Y (sky130_fd_sc_hd__xnor2_1)
                                                         _0200_ (net)
                      0.247755    0.000071    3.999137 ^ _3915_/B (sky130_fd_sc_hd__xor2_1)
     2    0.010339    0.245161    0.269574    4.268711 ^ _3915_/X (sky130_fd_sc_hd__xor2_1)
                                                         _0201_ (net)
                      0.245161    0.000128    4.268838 ^ _3917_/B (sky130_fd_sc_hd__xnor2_1)
     2    0.007579    0.215337    0.186384    4.455223 ^ _3917_/Y (sky130_fd_sc_hd__xnor2_1)
                                                         _0203_ (net)
                      0.215337    0.000012    4.455235 ^ _3918_/B (sky130_fd_sc_hd__xor2_1)
     2    0.007713    0.204885    0.230298    4.685533 ^ _3918_/X (sky130_fd_sc_hd__xor2_1)
                                                         _0204_ (net)
                      0.204885    0.000023    4.685556 ^ _3919_/B (sky130_fd_sc_hd__xor2_1)
     2    0.007264    0.093365    0.123792    4.809348 v _3919_/X (sky130_fd_sc_hd__xor2_1)
                                                         _0205_ (net)
                      0.093365    0.000008    4.809356 v _3935_/A3 (sky130_fd_sc_hd__a32o_1)
     2    0.008282    0.064701    0.300668    5.110024 v _3935_/X (sky130_fd_sc_hd__a32o_1)
                                                         _0220_ (net)
                      0.064701    0.000069    5.110094 v _4016_/A (sky130_fd_sc_hd__xnor2_1)
     2    0.006645    0.196420    0.210644    5.320737 ^ _4016_/Y (sky130_fd_sc_hd__xnor2_1)
                                                         _0301_ (net)
                      0.196420    0.000012    5.320749 ^ _4018_/B (sky130_fd_sc_hd__xor2_1)
     2    0.005958    0.172389    0.204273    5.525023 ^ _4018_/X (sky130_fd_sc_hd__xor2_1)
                                                         _0303_ (net)
                      0.172389    0.000027    5.525050 ^ _4019_/C (sky130_fd_sc_hd__nand3_1)
     3    0.008606    0.111114    0.142229    5.667279 v _4019_/Y (sky130_fd_sc_hd__nand3_1)
                                                         _0304_ (net)
                      0.111114    0.000002    5.667281 v _4130_/B (sky130_fd_sc_hd__and2_1)
     1    0.002283    0.033729    0.177200    5.844481 v _4130_/X (sky130_fd_sc_hd__and2_1)
                                                         _0414_ (net)
                      0.033729    0.000004    5.844485 v _4131_/C1 (sky130_fd_sc_hd__a311o_2)
     4    0.016868    0.089287    0.354449    6.198934 v _4131_/X (sky130_fd_sc_hd__a311o_2)
                                                         _0415_ (net)
                      0.089353    0.000457    6.199391 v _4609_/A1 (sky130_fd_sc_hd__o2111a_1)
     2    0.007800    0.066327    0.284866    6.484257 v _4609_/X (sky130_fd_sc_hd__o2111a_1)
                                                         _0889_ (net)
                      0.066327    0.000055    6.484313 v _4611_/A (sky130_fd_sc_hd__nor2_1)
     2    0.007703    0.160218    0.164781    6.649094 ^ _4611_/Y (sky130_fd_sc_hd__nor2_1)
                                                         _0891_ (net)
                      0.160218    0.000012    6.649106 ^ _4745_/A2 (sky130_fd_sc_hd__o21a_1)
     1    0.004791    0.059876    0.141061    6.790167 ^ _4745_/X (sky130_fd_sc_hd__o21a_1)
                                                         _1024_ (net)
                      0.059876    0.000008    6.790175 ^ _4746_/B (sky130_fd_sc_hd__xor2_1)
     3    0.011192    0.269307    0.251926    7.042101 ^ _4746_/X (sky130_fd_sc_hd__xor2_1)
                                                         _1025_ (net)
                      0.269307    0.000044    7.042145 ^ _4747_/B (sky130_fd_sc_hd__xor2_1)
     3    0.008498    0.219448    0.247586    7.289731 ^ _4747_/X (sky130_fd_sc_hd__xor2_1)
                                                         _1026_ (net)
                      0.219448    0.000028    7.289758 ^ _4752_/B (sky130_fd_sc_hd__nand2b_1)
     2    0.004836    0.068926    0.098216    7.387974 v _4752_/Y (sky130_fd_sc_hd__nand2b_1)
                                                         _1030_ (net)
                      0.068926    0.000004    7.387978 v _4754_/A4 (sky130_fd_sc_hd__o41a_1)
     3    0.013580    0.113116    0.376703    7.764681 v _4754_/X (sky130_fd_sc_hd__o41a_1)
                                                         _1032_ (net)
                      0.113116    0.000126    7.764807 v _5204_/A2 (sky130_fd_sc_hd__a211o_1)
     3    0.008320    0.074344    0.343434    8.108240 v _5204_/X (sky130_fd_sc_hd__a211o_1)
                                                         _1480_ (net)
                      0.074344    0.000068    8.108309 v _5719_/A1 (sky130_fd_sc_hd__a2111o_1)
     2    0.010481    0.096732    0.415868    8.524178 v _5719_/X (sky130_fd_sc_hd__a2111o_1)
                                                         _2000_ (net)
                      0.096732    0.000045    8.524222 v _5887_/A1 (sky130_fd_sc_hd__a21oi_2)
     3    0.012335    0.181514    0.206240    8.730463 ^ _5887_/Y (sky130_fd_sc_hd__a21oi_2)
                                                         _2185_ (net)
                      0.181514    0.000027    8.730490 ^ _6005_/A2 (sky130_fd_sc_hd__o21ai_1)
     1    0.003059    0.065573    0.081439    8.811929 v _6005_/Y (sky130_fd_sc_hd__o21ai_1)
                                                         _2313_ (net)
                      0.065573    0.000012    8.811940 v _6006_/B1 (sky130_fd_sc_hd__o311a_1)
     2    0.008621    0.078156    0.154341    8.966280 v _6006_/X (sky130_fd_sc_hd__o311a_1)
                                                         core.dsp_result_in[31] (net)
                      0.078156    0.000084    8.966365 v _6086_/A (sky130_fd_sc_hd__xnor2_1)
     1    0.002276    0.107657    0.149472    9.115837 ^ _6086_/Y (sky130_fd_sc_hd__xnor2_1)
                                                         net26 (net)
                      0.107657    0.000006    9.115844 ^ output26/A (sky130_fd_sc_hd__buf_2)
     1    0.034427    0.171164    0.222015    9.337859 ^ output26/X (sky130_fd_sc_hd__buf_2)
                                                         monitor_out[31] (net)
                      0.171164    0.000217    9.338076 ^ monitor_out[31] (out)
                                              9.338076   data arrival time

                                 10.000000   10.000000   clock clk (rise edge)
                                  0.000000   10.000000   clock network delay (propagated)
                                 -0.250000    9.750000   clock uncertainty
                                  0.000000    9.750000   clock reconvergence pessimism
                                 -2.000000    7.750000   output external delay
                                              7.750000   data required time
---------------------------------------------------------------------------------------------
                                              7.750000   data required time
                                             -9.338076   data arrival time
---------------------------------------------------------------------------------------------
                                             -1.588076   slack (VIOLATED)




===========================================================================
 report_check_types -max_slew -max_cap -max_fanout -violators
============================================================================
======================= nom_tt_025C_1v80 Corner ===================================

max fanout

Pin                                   Limit Fanout  Slack
---------------------------------------------------------
clkbuf_0_clk/X                           10     16     -6 (VIOLATED)
clkbuf_4_0_0_clk/X                       10     12     -2 (VIOLATED)
clkbuf_4_1_0_clk/X                       10     12     -2 (VIOLATED)
clkbuf_4_2_0_clk/X                       10     12     -2 (VIOLATED)
clkbuf_4_3_0_clk/X                       10     11        (VIOLATED)
clkbuf_4_5_0_clk/X                       10     11        (VIOLATED)



===========================================================================
report_parasitic_annotation -report_unannotated
============================================================================
Found 15 unannotated drivers.
 clkload0/X
 clkload1/X
 clkload10/Y
 clkload11/Y
 clkload12/Y
 clkload13/Y
 clkload14/Y
 clkload2/X
 clkload3/Y
 clkload4/X
 clkload5/Y
 clkload6/Y
 clkload7/Y
 clkload8/Y
 clkload9/Y
Found 0 partially unannotated drivers.

===========================================================================
max slew violation count 0
Writing metric design__max_slew_violation__count__corner:nom_tt_025C_1v80: 0
max fanout violation count 6
Writing metric design__max_fanout_violation__count__corner:nom_tt_025C_1v80: 6
max cap violation count 0
Writing metric design__max_cap_violation__count__corner:nom_tt_025C_1v80: 0
============================================================================

===========================================================================
check_setup -verbose -unconstrained_endpoints -multiple_clock -no_clock -no_input_delay -loops -generated_clocks
===========================================================================
