Clock: clk
Sources: clk 
Generated: no
Virtual: yes
Propagated: no
Period: 10.000000

===========================================================================
report_clock_properties
============================================================================
Clock                   Period          Waveform
----------------------------------------------------
clk                  10.000000    0.000000  5.000000

===========================================================================
report_clock_latency
============================================================================
Clock clk
rise -> rise
    min     max
0.000000 0.000000 source latency
0.533248         network latency _6267_/CLK
        0.551645 network latency _6262_/CLK
---------------
0.533248 0.551645 latency
        0.018398 skew

fall -> fall
    min     max
0.000000 0.000000 source latency
0.444521         network latency _6267_/CLK
        0.457614 network latency _6262_/CLK
---------------
0.444521 0.457614 latency
        0.013092 skew



===========================================================================
report_clock_min_period
============================================================================
clk period_min = 8.81 fmax = 113.55
