
===========================================================================
Violator List
============================================================================
[setup reg-out] _6219_/Q -> monitor_out[31] : -1.588076
[setup reg-out] _6219_/Q -> monitor_out[29] : -1.563807
[setup reg-out] _6219_/Q -> monitor_out[30] : -1.451262
[setup reg-out] _6219_/Q -> monitor_out[28] : -1.319179
[setup reg-out] _6219_/Q -> monitor_out[26] : -1.213902
[setup reg-out] _6219_/Q -> monitor_out[27] : -1.136698
[setup reg-out] _6219_/Q -> monitor_out[25] : -0.895557
[setup reg-out] _6219_/Q -> monitor_out[23] : -0.892097
[setup reg-out] _6219_/Q -> monitor_out[24] : -0.814617
[setup reg-out] _6219_/Q -> monitor_out[22] : -0.652245
[setup reg-out] _6219_/Q -> monitor_out[21] : -0.595811
[setup reg-out] _6219_/Q -> monitor_out[20] : -0.491487
[setup reg-out] _6219_/Q -> monitor_out[19] : -0.152292
Writing metric timing__hold_vio__count__corner:nom_tt_025C_1v80: 0
Writing metric timing__hold_r2r__ws__corner:nom_tt_025C_1v80: 0.233179
Writing metric timing__hold_r2r_vio__count__corner:nom_tt_025C_1v80: 0
Writing metric timing__setup_vio__count__corner:nom_tt_025C_1v80: 13
Writing metric timing__setup_r2r__ws__corner:nom_tt_025C_1v80: 1.193125
Writing metric timing__setup_r2r_vio__count__corner:nom_tt_025C_1v80: 0
