┏━━━━━━━┳━━━━━━━━━┳━━━━━━━━━━┳━━━━━━━━━━━━━━━━━━━━━━━━━━━━━━━━━━━┳━━━━━━━━━━━━┳━━━━━━━┓
┃ P / R ┃ Partial ┃ Required ┃ Net                               ┃ Pin        ┃ Layer ┃
┡━━━━━━━╇━━━━━━━━━╇━━━━━━━━━━╇━━━━━━━━━━━━━━━━━━━━━━━━━━━━━━━━━━━╇━━━━━━━━━━━━╇━━━━━━━┩
│ 2.12  │ 847.45  │ 400.00   │ net69                             │ fanout68/A │ met3  │
│ 1.99  │ 794.42  │ 400.00   │ net191                            │ _5664_/B   │ met1  │
│ 1.68  │ 673.65  │ 400.00   │ core.u_regfile.registers[2\][16\] │ _3903_/A   │ met3  │
│ 1.29  │ 517.89  │ 400.00   │ net189                            │ _5055_/B   │ met1  │
│ 1.29  │ 515.67  │ 400.00   │ net202                            │ _3081_/B   │ met1  │
│ 1.29  │ 515.17  │ 400.00   │ net164                            │ _3613_/B   │ met1  │
│ 1.26  │ 503.32  │ 400.00   │ net126                            │ _3993_/C   │ met1  │
│ 1.17  │ 469.89  │ 400.00   │ net205                            │ _4551_/B   │ met1  │
│ 1.16  │ 465.82  │ 400.00   │ net142                            │ _3450_/C   │ met1  │
│ 1.14  │ 457.63  │ 400.00   │ net56                             │ _4998_/B   │ met1  │
│ 1.10  │ 440.06  │ 400.00   │ core.u_regfile.registers[1\][10\] │ _3387_/B   │ met1  │
│ 1.10  │ 439.67  │ 400.00   │ core.u_regfile.registers[1\][16\] │ _4392_/B   │ met1  │
│ 1.04  │ 415.92  │ 400.00   │ net198                            │ _4093_/B   │ met1  │
│ 1.02  │ 406.01  │ 400.00   │ net316                            │ _3312_/A1  │ met3  │
└───────┴─────────┴──────────┴───────────────────────────────────┴────────────┴───────┘
