Clock: clk
Sources: clk 
Generated: no
Virtual: no
Propagated: no
Period: 10.000000

===========================================================================
report_clock_properties
============================================================================
Clock                   Period          Waveform
----------------------------------------------------
clk                  10.000000    0.000000  5.000000

===========================================================================
report_clock_latency
============================================================================
Clock clk
rise -> rise
    min     max
0.000000 0.000000 source latency
1.121491         network latency _6218_/CLK
        1.121491 network latency _6218_/CLK
---------------
1.121491 1.121491 latency
        0.000000 skew

fall -> fall
    min     max
0.000000 0.000000 source latency
0.620678         network latency _6218_/CLK
        0.620678 network latency _6218_/CLK
---------------
0.620678 0.620678 latency
        0.000000 skew



===========================================================================
report_clock_min_period
============================================================================
clk period_min = 19.66 fmax = 50.86
