
===========================================================================
 report_power
============================================================================
======================= nom_ss_100C_1v60 Corner ===================================

Group                    Internal    Switching      Leakage        Total
                            Power        Power        Power        Power (Watts)
------------------------------------------------------------------------
Sequential           3.886512e-04 0.000000e+00 2.387860e-06 3.910390e-04  95.9%
Combinational        0.000000e+00 0.000000e+00 1.653457e-05 1.653457e-05   4.1%
Clock                0.000000e+00 0.000000e+00 0.000000e+00 0.000000e+00   0.0%
Macro                0.000000e+00 0.000000e+00 0.000000e+00 0.000000e+00   0.0%
Pad                  0.000000e+00 0.000000e+00 0.000000e+00 0.000000e+00   0.0%
------------------------------------------------------------------------
Total                3.886512e-04 0.000000e+00 1.892248e-05 4.075736e-04 100.0%
                            95.4%         0.0%         4.6%

