
===========================================================================
Violator List
============================================================================
[setup reg-out] _6219_/Q -> monitor_out[29] : -11.930525
[setup reg-out] _6219_/Q -> monitor_out[31] : -11.865741
[setup reg-out] _6219_/Q -> monitor_out[28] : -11.767824
[setup reg-out] _6219_/Q -> monitor_out[30] : -11.688519
[setup reg-out] _6219_/Q -> monitor_out[27] : -10.878326
[setup reg-out] _6219_/Q -> monitor_out[26] : -10.782358
[setup reg-out] _6219_/Q -> monitor_out[25] : -10.381570
[setup reg-out] _6219_/Q -> monitor_out[23] : -10.348927
[setup reg-out] _6219_/Q -> monitor_out[24] : -10.213980
[setup reg-out] _6219_/Q -> monitor_out[22] : -9.865290
[setup reg-reg] _6219_/Q -> _6341_/D : -9.661345
[setup reg-out] _6219_/Q -> monitor_out[21] : -9.628307
[setup reg-reg] _6219_/Q -> _6343_/D : -9.489487
[setup reg-reg] _6219_/Q -> _6340_/D : -9.391748
[setup reg-reg] _6219_/Q -> _6342_/D : -9.313799
[setup reg-out] _6219_/Q -> monitor_out[20] : -9.263067
[setup reg-out] _6219_/Q -> monitor_out[19] : -8.833922
[setup reg-reg] _6219_/Q -> _6338_/D : -8.513180
[setup reg-reg] _6219_/Q -> _6339_/D : -8.502071
[setup reg-out] _6219_/Q -> monitor_out[18] : -8.309620
[setup reg-out] _6219_/Q -> monitor_out[17] : -8.234229
[setup reg-reg] _6219_/Q -> _6337_/D : -8.005315
[setup reg-reg] _6219_/Q -> _6335_/D : -7.972674
[setup reg-reg] _6219_/Q -> _6336_/D : -7.839259
[setup reg-out] _6219_/Q -> monitor_out[16] : -7.805474
[setup reg-out] _6219_/Q -> monitor_out[15] : -7.557974
[setup reg-reg] _6219_/Q -> _6334_/D : -7.489226
[setup reg-reg] _6219_/Q -> _6333_/D : -7.260036
[setup reg-out] _6219_/Q -> monitor_out[14] : -7.203145
[setup reg-out] _6219_/Q -> monitor_out[13] : -7.097266
[setup reg-reg] _6219_/Q -> _6332_/D : -7.002233
[setup reg-out] _6219_/Q -> monitor_out[12] : -6.639913
[setup reg-reg] _6219_/Q -> _6331_/D : -6.457773
[setup reg-reg] _6219_/Q -> _6330_/D : -5.933623
[setup reg-reg] _6219_/Q -> _6329_/D : -5.858242
[setup reg-out] _6219_/Q -> monitor_out[11] : -5.797786
[setup reg-out] _6219_/Q -> monitor_out[10] : -5.579815
[setup reg-reg] _6219_/Q -> _6328_/D : -5.484291
[setup reg-reg] _6219_/Q -> _6327_/D : -5.181718
[setup reg-reg] _6219_/Q -> _6326_/D : -4.924994
[setup reg-out] _6219_/Q -> monitor_out[9] : -4.782989
[setup reg-reg] _6219_/Q -> _6325_/D : -4.721011
[setup reg-out] _6219_/Q -> monitor_out[8] : -4.438715
[setup reg-reg] _6219_/Q -> _6324_/D : -4.285840
[setup reg-out] _6219_/Q -> monitor_out[7] : -4.113978
[setup reg-out] _6219_/Q -> monitor_out[6] : -3.724183
[setup reg-reg] _6219_/Q -> _6323_/D : -3.421708
[setup reg-out] _6219_/Q -> monitor_out[5] : -3.354548
[setup reg-reg] _6219_/Q -> _6322_/D : -3.203736
[setup reg-reg] _6219_/Q -> _6246_/D : -2.637711
[setup reg-reg] _6219_/Q -> _6247_/D : -2.619390
[setup reg-reg] _6219_/Q -> _6321_/D : -2.406734
[setup reg-out] _6219_/Q -> monitor_out[4] : -2.229555
[setup reg-reg] _6219_/Q -> _6245_/D : -2.128043
[setup reg-reg] _6219_/Q -> _6320_/D : -2.121887
[setup reg-reg] _6219_/Q -> _6244_/D : -1.901748
[setup reg-reg] _6219_/Q -> _6319_/D : -1.737981
[setup reg-reg] _6219_/Q -> _6243_/D : -1.586520
[setup reg-reg] _6219_/Q -> _6242_/D : -1.360082
[setup reg-reg] _6219_/Q -> _6318_/D : -1.348131
[setup reg-reg] _6219_/Q -> _6317_/D : -0.978496
[setup reg-reg] _6219_/Q -> _6241_/D : -0.849875
[setup reg-reg] _6219_/Q -> _6240_/D : -0.580660
[setup reg-out] _6219_/Q -> monitor_out[3] : -0.504048
[setup reg-reg] _6219_/Q -> _6239_/D : -0.354222
