Reading OpenROAD database at '/home/srijitsengupta/rv32i_dsp_soc/openlane/runs/RUN_2026-07-27_08-13-02/15-odb-setpowerconnections/soc_top.odb'…
Reading library file at '/home/srijitsengupta/.volare/volare/sky130/versions/0fe599b2afb6708d281543108caf8310912f54af/sky130A/libs.ref/sky130_fd_sc_hd/lib/sky130_fd_sc_hd__tt_025C_1v80.lib'…
Reading design constraints file at '/nix/store/ss2cw3sxbrwwx9jl0rrppbw4kgcmgi2n-python3-3.11.9-env/lib/python3.11/site-packages/openlane/scripts/base.sdc'…
[INFO] Using clock clk…
[INFO] Setting output delay to: 2.0
[INFO] Setting input delay to: 2.0
[INFO] Setting load to: 0.033442
[INFO] Setting clock uncertainty to: 0.25
[INFO] Setting clock transition to: 0.1499999999999999944488848768742172978818416595458984375
[INFO] Setting timing derate to: 5%
Setting global connections for newly added cells…
[INFO] Setting global connections...
Updating metrics…
Cell type report:                       Count       Area
  Inverter                                 26      97.59
  Sequential cell                         126    3310.68
  Multi-Input combinational cell         3130   31363.83
  Total                                  3282   34772.10
Writing OpenROAD database to '/home/srijitsengupta/rv32i_dsp_soc/openlane/runs/RUN_2026-07-27_08-13-02/17-openroad-cutrows/soc_top.odb'…
Writing layout to '/home/srijitsengupta/rv32i_dsp_soc/openlane/runs/RUN_2026-07-27_08-13-02/17-openroad-cutrows/soc_top.def'…
