Reading OpenROAD database at '/home/srijitsengupta/rv32i_dsp_soc/openlane/runs/RUN_2026-07-27_08-13-02/24-openroad-ioplacement/soc_top.odb'…
Reading library file at '/home/srijitsengupta/.volare/volare/sky130/versions/0fe599b2afb6708d281543108caf8310912f54af/sky130A/libs.ref/sky130_fd_sc_hd/lib/sky130_fd_sc_hd__tt_025C_1v80.lib'…
Reading design constraints file at '/nix/store/ss2cw3sxbrwwx9jl0rrppbw4kgcmgi2n-python3-3.11.9-env/lib/python3.11/site-packages/openlane/scripts/base.sdc'…
[INFO] Using clock clk…
[INFO] Setting output delay to: 2.0
[INFO] Setting input delay to: 2.0
[INFO] Setting load to: 0.033442
[INFO] Setting clock uncertainty to: 0.25
[INFO] Setting clock transition to: 0.1499999999999999944488848768742172978818416595458984375
[INFO] Setting timing derate to: 5%
[INFO] Setting RC values…
[INFO] Setting signal min routing layer to: met1 and clock min routing layer to met1. 
[INFO] Setting signal max routing layer to: met5 and clock max routing layer to met5. 
+ global_placement -density 0.45 -timing_driven -routability_driven -pad_right 0 -pad_left 0 -init_wirelength_coef 0.25
[INFO GPL-0002] DBU: 1000
[INFO GPL-0003] SiteSize: (  0.460  2.720 ) um
[INFO GPL-0004] CoreBBox: (  5.520 10.880 ) ( 299.920 304.640 ) um
[INFO GPL-0006] NumInstances:              4708
[INFO GPL-0007] NumPlaceInstances:         3282
[INFO GPL-0008] NumFixedInstances:         1426
[INFO GPL-0009] NumDummyInstances:            0
[INFO GPL-0010] NumNets:                   3284
[INFO GPL-0011] NumPins:                  11407
[INFO GPL-0012] DieBBox:  (  0.000  0.000 ) ( 305.880 316.600 ) um
[INFO GPL-0013] CoreBBox: (  5.520 10.880 ) ( 299.920 304.640 ) um
[INFO GPL-0016] CoreArea:             86482.944 um^2
[INFO GPL-0017] NonPlaceInstsArea:     2324.730 um^2
[INFO GPL-0018] PlaceInstsArea:       34772.099 um^2
[INFO GPL-0019] Util:                    41.318 %
[INFO GPL-0020] StdInstsArea:         34772.099 um^2
[INFO GPL-0021] MacroInstsArea:           0.000 um^2
[InitialPlace]  Iter: 1 CG residual: 0.00000204 HPWL: 88584952
[InitialPlace]  Iter: 2 CG residual: 0.00000011 HPWL: 33966139
[InitialPlace]  Iter: 3 CG residual: 0.00000096 HPWL: 33886567
[InitialPlace]  Iter: 4 CG residual: 0.00000386 HPWL: 33916796
[InitialPlace]  Iter: 5 CG residual: 0.00000008 HPWL: 33890315
[INFO GPL-0031] FillerInit:NumGCells:      3588
[INFO GPL-0032] FillerInit:NumGNets:       3284
[INFO GPL-0033] FillerInit:NumGPins:      11407
[INFO GPL-0023] TargetDensity:            0.450
[INFO GPL-0024] AvrgPlaceInstArea:       10.595 um^2
[INFO GPL-0025] IdealBinArea:            23.544 um^2
[INFO GPL-0026] IdealBinCnt:               3673
[INFO GPL-0027] TotalBinArea:         86482.944 um^2
[INFO GPL-0028] BinCnt:        32     32
[INFO GPL-0029] BinSize: (  9.200  9.180 )
[INFO GPL-0030] NumBins: 1024
[NesterovSolve] Iter:    1 overflow: 0.978 HPWL: 12886674
[NesterovSolve] Iter:   10 overflow: 0.931 HPWL: 16722596
[NesterovSolve] Iter:   20 overflow: 0.905 HPWL: 18029815
[NesterovSolve] Iter:   30 overflow: 0.895 HPWL: 19013430
[NesterovSolve] Iter:   40 overflow: 0.894 HPWL: 19474552
[NesterovSolve] Iter:   50 overflow: 0.896 HPWL: 19486823
[NesterovSolve] Iter:   60 overflow: 0.897 HPWL: 19287170
[NesterovSolve] Iter:   70 overflow: 0.897 HPWL: 19098540
[NesterovSolve] Iter:   80 overflow: 0.898 HPWL: 19032034
[NesterovSolve] Iter:   90 overflow: 0.899 HPWL: 19076050
[NesterovSolve] Iter:  100 overflow: 0.899 HPWL: 19173099
[NesterovSolve] Iter:  110 overflow: 0.898 HPWL: 19283852
[NesterovSolve] Iter:  120 overflow: 0.898 HPWL: 19395340
[NesterovSolve] Iter:  130 overflow: 0.897 HPWL: 19560943
[NesterovSolve] Iter:  140 overflow: 0.894 HPWL: 19890760
[NesterovSolve] Iter:  150 overflow: 0.888 HPWL: 20509082
[NesterovSolve] Iter:  160 overflow: 0.884 HPWL: 21527119
[NesterovSolve] Iter:  170 overflow: 0.873 HPWL: 23049447
[NesterovSolve] Iter:  180 overflow: 0.860 HPWL: 25162773
[NesterovSolve] Iter:  190 overflow: 0.837 HPWL: 27993399
[NesterovSolve] Iter:  200 overflow: 0.805 HPWL: 31179442
[INFO GPL-0100] Timing-driven: executing resizer for reweighting nets.
[INFO GPL-0101] Timing-driven: worst slack -2.47e-09
[INFO GPL-0103] Timing-driven: weighted 325 nets.
[NesterovSolve] Iter:  210 overflow: 0.775 HPWL: 34532954
[NesterovSolve] Iter:  220 overflow: 0.748 HPWL: 37654349
[NesterovSolve] Iter:  230 overflow: 0.712 HPWL: 41678585
[NesterovSolve] Iter:  240 overflow: 0.668 HPWL: 45631711
[INFO GPL-0100] Timing-driven: executing resizer for reweighting nets.
[INFO GPL-0101] Timing-driven: worst slack -2.53e-09
[INFO GPL-0103] Timing-driven: weighted 327 nets.
[NesterovSolve] Iter:  250 overflow: 0.625 HPWL: 48737912
[NesterovSolve] Snapshot saved at iter = 255
[NesterovSolve] Iter:  260 overflow: 0.581 HPWL: 51344916
[NesterovSolve] Iter:  270 overflow: 0.531 HPWL: 53768132
[INFO GPL-0100] Timing-driven: executing resizer for reweighting nets.
[INFO GPL-0101] Timing-driven: worst slack -2.95e-09
[INFO GPL-0103] Timing-driven: weighted 328 nets.
[NesterovSolve] Iter:  280 overflow: 0.480 HPWL: 55914470
[NesterovSolve] Iter:  290 overflow: 0.425 HPWL: 58055960
[NesterovSolve] Iter:  300 overflow: 0.369 HPWL: 59995813
[NesterovSolve] Iter:  310 overflow: 0.317 HPWL: 61761073
[INFO GPL-0075] Routability numCall: 1 inflationIterCnt: 1 bloatIterCnt: 0
[INFO GPL-0036] TileBBox: (    0    0 ) ( 6900 6900 ) DBU
[INFO GPL-0038] TileCnt:      44   45
[INFO GPL-0040] NumTiles: 1980
[INFO GPL-0081] TotalRouteOverflow: 0.011234164237976074
[INFO GPL-0082] OverflowTileCnt: 1
[INFO GPL-0083] 0.5%RC: 0.8714945018291473
[INFO GPL-0084] 1.0%RC: 0.8408524632453919
[INFO GPL-0085] 2.0%RC: 0.8116146370768547
[INFO GPL-0086] 5.0%RC: 0.7619509407968232
[INFO GPL-0087] FinalRC: 0.85617346
[INFO GPL-0077] FinalRC lower than targetRC(1.01), routability not needed.
[NesterovSolve] Iter:  320 overflow: 0.292 HPWL: 62458617
[INFO GPL-0100] Timing-driven: executing resizer for reweighting nets.
[INFO GPL-0101] Timing-driven: worst slack -2.53e-09
[INFO GPL-0103] Timing-driven: weighted 327 nets.
[NesterovSolve] Iter:  330 overflow: 0.268 HPWL: 62749223
[NesterovSolve] Iter:  340 overflow: 0.234 HPWL: 63316386
[NesterovSolve] Iter:  350 overflow: 0.213 HPWL: 63895746
[INFO GPL-0100] Timing-driven: executing resizer for reweighting nets.
[INFO GPL-0101] Timing-driven: worst slack -2.55e-09
[INFO GPL-0103] Timing-driven: weighted 328 nets.
[NesterovSolve] Iter:  360 overflow: 0.192 HPWL: 63961435
[NesterovSolve] Iter:  370 overflow: 0.167 HPWL: 64313196
[NesterovSolve] Iter:  380 overflow: 0.145 HPWL: 64279589
[INFO GPL-0100] Timing-driven: executing resizer for reweighting nets.
[INFO GPL-0101] Timing-driven: worst slack -2.35e-09
[INFO GPL-0103] Timing-driven: weighted 328 nets.
[NesterovSolve] Iter:  390 overflow: 0.122 HPWL: 64464553
[NesterovSolve] Iter:  400 overflow: 0.108 HPWL: 64439787
[NesterovSolve] Finished with Overflow: 0.099812
[INFO] Setting RC values…
Setting global connections for newly added cells…
[INFO] Setting global connections...
Updating metrics…
Cell type report:                       Count       Area
  Fill cell                               216     810.78
  Tap cell                               1210    1513.95
  Inverter                                 26      97.59
  Sequential cell                         126    3310.68
  Multi-Input combinational cell         3130   31363.83
  Total                                  4708   37096.83
Writing OpenROAD database to '/home/srijitsengupta/rv32i_dsp_soc/openlane/runs/RUN_2026-07-27_08-13-02/27-openroad-globalplacement/soc_top.odb'…
Writing netlist to '/home/srijitsengupta/rv32i_dsp_soc/openlane/runs/RUN_2026-07-27_08-13-02/27-openroad-globalplacement/soc_top.nl.v'…
Writing powered netlist to '/home/srijitsengupta/rv32i_dsp_soc/openlane/runs/RUN_2026-07-27_08-13-02/27-openroad-globalplacement/soc_top.pnl.v'…
Writing layout to '/home/srijitsengupta/rv32i_dsp_soc/openlane/runs/RUN_2026-07-27_08-13-02/27-openroad-globalplacement/soc_top.def'…
Writing timing constraints to '/home/srijitsengupta/rv32i_dsp_soc/openlane/runs/RUN_2026-07-27_08-13-02/27-openroad-globalplacement/soc_top.sdc'…
