
===========================================================================
report_checks -unconstrained
===========================================================================
======================= max_tt_025C_1v80 Corner ===================================

Startpoint: rst_n (input port clocked by clk)
Endpoint: _6341_ (recovery check against rising-edge clock clk)
Path Group: asynchronous
Path Type: max

Fanout         Cap        Slew       Delay        Time   Description
---------------------------------------------------------------------------------------------
                                  0.000000    0.000000   clock clk (rise edge)
                                  0.000000    0.000000   clock network delay (propagated)
                                  2.000000    2.000000 ^ input external delay
     1    0.002619    0.018957    0.009725    2.009725 ^ rst_n (in)
                                                         rst_n (net)
                      0.018957    0.000000    2.009725 ^ input1/A (sky130_fd_sc_hd__clkbuf_1)
     1    0.004408    0.061777    0.084313    2.094038 ^ input1/X (sky130_fd_sc_hd__clkbuf_1)
                                                         net1 (net)
                      0.061778    0.000335    2.094373 ^ fanout255/A (sky130_fd_sc_hd__clkbuf_4)
     5    0.079621    0.240777    0.280282    2.374655 ^ fanout255/X (sky130_fd_sc_hd__clkbuf_4)
                                                         net255 (net)
                      0.240949    0.005308    2.379962 ^ fanout254/A (sky130_fd_sc_hd__buf_4)
    10    0.093252    0.259729    0.312423    2.692385 ^ fanout254/X (sky130_fd_sc_hd__buf_4)
                                                         net254 (net)
                      0.259759    0.002428    2.694813 ^ fanout253/A (sky130_fd_sc_hd__buf_4)
    10    0.071157    0.199390    0.284801    2.979615 ^ fanout253/X (sky130_fd_sc_hd__buf_4)
                                                         net253 (net)
                      0.200264    0.010769    2.990384 ^ fanout252/A (sky130_fd_sc_hd__clkbuf_4)
    10    0.054993    0.170035    0.280141    3.270525 ^ fanout252/X (sky130_fd_sc_hd__clkbuf_4)
                                                         net252 (net)
                      0.170237    0.003686    3.274211 ^ fanout250/A (sky130_fd_sc_hd__clkbuf_4)
    10    0.051335    0.159785    0.261336    3.535547 ^ fanout250/X (sky130_fd_sc_hd__clkbuf_4)
                                                         net250 (net)
                      0.160383    0.007910    3.543457 ^ _6341_/RESET_B (sky130_fd_sc_hd__dfrtp_1)
                                              3.543457   data arrival time

                                 10.000000   10.000000   clock clk (rise edge)
                                  0.000000   10.000000   clock source latency
     1    0.050745    0.232676    0.166254   10.166254 ^ clk (in)
                                                         clk (net)
                      0.233538    0.000000   10.166254 ^ clkbuf_0_clk/A (sky130_fd_sc_hd__clkbuf_16)
    16    0.211328    0.223640    0.313142   10.479396 ^ clkbuf_0_clk/X (sky130_fd_sc_hd__clkbuf_16)
                                                         clknet_0_clk (net)
                      0.226680    0.020879   10.500275 ^ clkbuf_4_11_0_clk/A (sky130_fd_sc_hd__clkbuf_8)
     8    0.034352    0.074701    0.210624   10.710899 ^ clkbuf_4_11_0_clk/X (sky130_fd_sc_hd__clkbuf_8)
                                                         clknet_4_11_0_clk (net)
                      0.074772    0.002023   10.712922 ^ _6341_/CLK (sky130_fd_sc_hd__dfrtp_1)
                                 -0.250000   10.462922   clock uncertainty
                                  0.000000   10.462922   clock reconvergence pessimism
                                  0.209728   10.672649   library recovery time
                                             10.672649   data required time
---------------------------------------------------------------------------------------------
                                             10.672649   data required time
                                             -3.543457   data arrival time
---------------------------------------------------------------------------------------------
                                              7.129192   slack (MET)


Startpoint: _6219_ (rising edge-triggered flip-flop clocked by clk)
Endpoint: monitor_out[31] (output port clocked by clk)
Path Group: clk
Path Type: max

Fanout         Cap        Slew       Delay        Time   Description
---------------------------------------------------------------------------------------------
                                  0.000000    0.000000   clock clk (rise edge)
                                  0.000000    0.000000   clock source latency
     1    0.050745    0.232676    0.166254    0.166254 ^ clk (in)
                                                         clk (net)
                      0.233538    0.000000    0.166254 ^ clkbuf_0_clk/A (sky130_fd_sc_hd__clkbuf_16)
    16    0.211328    0.223640    0.313141    0.479395 ^ clkbuf_0_clk/X (sky130_fd_sc_hd__clkbuf_16)
                                                         clknet_0_clk (net)
                      0.225170    0.015054    0.494449 ^ clkbuf_4_1_0_clk/A (sky130_fd_sc_hd__clkbuf_8)
    12    0.041479    0.086027    0.217330    0.711779 ^ clkbuf_4_1_0_clk/X (sky130_fd_sc_hd__clkbuf_8)
                                                         clknet_4_1_0_clk (net)
                      0.086541    0.004927    0.716706 ^ _6219_/CLK (sky130_fd_sc_hd__dfrtp_1)
     1    0.006759    0.075578    0.357008    1.073714 ^ _6219_/Q (sky130_fd_sc_hd__dfrtp_1)
                                                         core.dsp_valid_out (net)
                      0.075580    0.000524    1.074239 ^ fanout238/A (sky130_fd_sc_hd__buf_6)
     5    0.062226    0.129433    0.171501    1.245740 ^ fanout238/X (sky130_fd_sc_hd__buf_6)
                                                         net238 (net)
                      0.129481    0.002070    1.247810 ^ fanout214/A (sky130_fd_sc_hd__buf_8)
     7    0.058973    0.102372    0.164720    1.412530 ^ fanout214/X (sky130_fd_sc_hd__buf_8)
                                                         net214 (net)
                      0.102466    0.002575    1.415105 ^ fanout209/A (sky130_fd_sc_hd__buf_8)
     6    0.037878    0.071640    0.136480    1.551585 ^ fanout209/X (sky130_fd_sc_hd__buf_8)
                                                         net209 (net)
                      0.071809    0.002465    1.554050 ^ fanout208/A (sky130_fd_sc_hd__buf_8)
     5    0.016450    0.039662    0.104612    1.658662 ^ fanout208/X (sky130_fd_sc_hd__buf_8)
                                                         net208 (net)
                      0.039689    0.000724    1.659385 ^ _3067_/A (sky130_fd_sc_hd__and2_1)
     1    0.012915    0.137089    0.176443    1.835828 ^ _3067_/X (sky130_fd_sc_hd__and2_1)
                                                         _1954_ (net)
                      0.137095    0.001049    1.836877 ^ fanout102/A (sky130_fd_sc_hd__buf_2)
     5    0.058988    0.286695    0.309651    2.146528 ^ fanout102/X (sky130_fd_sc_hd__buf_2)
                                                         net102 (net)
                      0.286726    0.002495    2.149023 ^ fanout100/A (sky130_fd_sc_hd__clkbuf_4)
    10    0.071719    0.217916    0.337097    2.486120 ^ fanout100/X (sky130_fd_sc_hd__clkbuf_4)
                                                         net100 (net)
                      0.217978    0.003128    2.489248 ^ _3998_/C (sky130_fd_sc_hd__nand4_2)
     4    0.014333    0.148875    0.180607    2.669854 v _3998_/Y (sky130_fd_sc_hd__nand4_2)
                                                         _0283_ (net)
                      0.148878    0.000846    2.670700 v _4106_/A (sky130_fd_sc_hd__xor2_1)
     1    0.005168    0.103747    0.205587    2.876287 v _4106_/X (sky130_fd_sc_hd__xor2_1)
                                                         _0390_ (net)
                      0.103747    0.000378    2.876665 v _4107_/B (sky130_fd_sc_hd__xnor2_1)
     3    0.015995    0.376998    0.347322    3.223988 ^ _4107_/Y (sky130_fd_sc_hd__xnor2_1)
                                                         _0391_ (net)
                      0.377005    0.001399    3.225387 ^ _4110_/B (sky130_fd_sc_hd__xor2_1)
     1    0.010762    0.252993    0.284021    3.509408 ^ _4110_/X (sky130_fd_sc_hd__xor2_1)
                                                         _0394_ (net)
                      0.252998    0.000892    3.510300 ^ _4111_/B (sky130_fd_sc_hd__xnor2_2)
     2    0.014100    0.222694    0.178061    3.688361 ^ _4111_/Y (sky130_fd_sc_hd__xnor2_2)
                                                         _0395_ (net)
                      0.222719    0.000834    3.689195 ^ _4112_/A_N (sky130_fd_sc_hd__and2b_1)
     1    0.003646    0.037464    0.213660    3.902855 v _4112_/X (sky130_fd_sc_hd__and2b_1)
                                                         _0396_ (net)
                      0.037464    0.000243    3.903098 v _4191_/B1 (sky130_fd_sc_hd__a21o_2)
     2    0.025434    0.085743    0.238879    4.141976 v _4191_/X (sky130_fd_sc_hd__a21o_2)
                                                         _0474_ (net)
                      0.085832    0.002480    4.144456 v _4227_/A (sky130_fd_sc_hd__xor2_2)
     2    0.017485    0.119283    0.217293    4.361749 v _4227_/X (sky130_fd_sc_hd__xor2_2)
                                                         _0510_ (net)
                      0.119288    0.000919    4.362668 v _4228_/B (sky130_fd_sc_hd__xnor2_2)
     2    0.018296    0.269907    0.266155    4.628823 ^ _4228_/Y (sky130_fd_sc_hd__xnor2_2)
                                                         _0511_ (net)
                      0.269916    0.001250    4.630073 ^ _4230_/B (sky130_fd_sc_hd__xor2_2)
     2    0.023765    0.313154    0.316025    4.946097 ^ _4230_/X (sky130_fd_sc_hd__xor2_2)
                                                         _0513_ (net)
                      0.313181    0.002362    4.948459 ^ _4255_/A2 (sky130_fd_sc_hd__a21oi_1)
     2    0.007810    0.113335    0.154342    5.102800 v _4255_/Y (sky130_fd_sc_hd__a21oi_1)
                                                         _0537_ (net)
                      0.113337    0.000588    5.103388 v _4350_/A (sky130_fd_sc_hd__xnor2_1)
     2    0.007647    0.209428    0.244952    5.348341 ^ _4350_/Y (sky130_fd_sc_hd__xnor2_1)
                                                         _0632_ (net)
                      0.209428    0.000521    5.348862 ^ _4351_/B (sky130_fd_sc_hd__xnor2_1)
     2    0.007256    0.201468    0.177376    5.526237 ^ _4351_/Y (sky130_fd_sc_hd__xnor2_1)
                                                         _0633_ (net)
                      0.201468    0.000296    5.526534 ^ _4353_/B (sky130_fd_sc_hd__xor2_1)
     2    0.007534    0.194422    0.225926    5.752460 ^ _4353_/X (sky130_fd_sc_hd__xor2_1)
                                                         _0635_ (net)
                      0.194422    0.000556    5.753016 ^ _4355_/B (sky130_fd_sc_hd__xnor2_1)
     3    0.011945    0.295350    0.210059    5.963075 ^ _4355_/Y (sky130_fd_sc_hd__xnor2_1)
                                                         _0637_ (net)
                      0.295352    0.000654    5.963729 ^ _4356_/B (sky130_fd_sc_hd__xor2_1)
     3    0.014419    0.319732    0.329059    6.292788 ^ _4356_/X (sky130_fd_sc_hd__xor2_1)
                                                         _0638_ (net)
                      0.319734    0.000513    6.293301 ^ _4609_/C1 (sky130_fd_sc_hd__o2111a_4)
     2    0.025374    0.100002    0.323829    6.617130 ^ _4609_/X (sky130_fd_sc_hd__o2111a_4)
                                                         _0889_ (net)
                      0.100058    0.002150    6.619280 ^ _4611_/B (sky130_fd_sc_hd__nor2_8)
     2    0.011350    0.054484    0.040500    6.659780 v _4611_/Y (sky130_fd_sc_hd__nor2_8)
                                                         _0891_ (net)
                      0.054484    0.000548    6.660327 v _4745_/A1 (sky130_fd_sc_hd__o21a_1)
     1    0.009419    0.064304    0.215238    6.875566 v _4745_/X (sky130_fd_sc_hd__o21a_1)
                                                         _1024_ (net)
                      0.064312    0.000747    6.876314 v _4746_/A (sky130_fd_sc_hd__xor2_2)
     3    0.017924    0.250062    0.263711    7.140024 ^ _4746_/X (sky130_fd_sc_hd__xor2_2)
                                                         _1025_ (net)
                      0.250071    0.001162    7.141187 ^ _4747_/A (sky130_fd_sc_hd__xor2_2)
     3    0.016771    0.237497    0.258058    7.399244 ^ _4747_/X (sky130_fd_sc_hd__xor2_2)
                                                         _1026_ (net)
                      0.237505    0.001049    7.400293 ^ _4752_/B (sky130_fd_sc_hd__nand2b_4)
     2    0.007089    0.049411    0.074320    7.474613 v _4752_/Y (sky130_fd_sc_hd__nand2b_4)
                                                         _1030_ (net)
                      0.049412    0.000435    7.475049 v _4754_/A3 (sky130_fd_sc_hd__o41a_4)
     3    0.021107    0.089332    0.463263    7.938312 v _4754_/X (sky130_fd_sc_hd__o41a_4)
                                                         _1032_ (net)
                      0.089332    0.001836    7.940147 v _5204_/A1 (sky130_fd_sc_hd__a211o_1)
     3    0.011733    0.086848    0.315246    8.255394 v _5204_/X (sky130_fd_sc_hd__a211o_1)
                                                         _1480_ (net)
                      0.086857    0.000950    8.256344 v _5719_/A1 (sky130_fd_sc_hd__a2111o_1)
     2    0.018642    0.134733    0.459025    8.715369 v _5719_/X (sky130_fd_sc_hd__a2111o_1)
                                                         _2000_ (net)
                      0.134767    0.002029    8.717398 v _5887_/A2 (sky130_fd_sc_hd__a21oi_4)
     3    0.020380    0.186244    0.242783    8.960180 ^ _5887_/Y (sky130_fd_sc_hd__a21oi_4)
                                                         _2185_ (net)
                      0.186251    0.001342    8.961522 ^ _6005_/A1 (sky130_fd_sc_hd__o21ai_2)
     1    0.006072    0.078874    0.092959    9.054482 v _6005_/Y (sky130_fd_sc_hd__o21ai_2)
                                                         _2313_ (net)
                      0.078874    0.000435    9.054917 v _6006_/C1 (sky130_fd_sc_hd__o311a_4)
     2    0.013958    0.066269    0.142696    9.197613 v _6006_/X (sky130_fd_sc_hd__o311a_4)
                                                         core.dsp_result_in[31] (net)
                      0.066269    0.001152    9.198765 v _6086_/B (sky130_fd_sc_hd__xnor2_2)
     1    0.006034    0.134456    0.143070    9.341834 ^ _6086_/Y (sky130_fd_sc_hd__xnor2_2)
                                                         net26 (net)
                      0.134457    0.000443    9.342278 ^ output26/A (sky130_fd_sc_hd__buf_6)
     1    0.034745    0.077941    0.153713    9.495991 ^ output26/X (sky130_fd_sc_hd__buf_6)
                                                         monitor_out[31] (net)
                      0.077988    0.001759    9.497750 ^ monitor_out[31] (out)
                                              9.497750   data arrival time

                                 10.000000   10.000000   clock clk (rise edge)
                                  0.000000   10.000000   clock network delay (propagated)
                                 -0.250000    9.750000   clock uncertainty
                                  0.000000    9.750000   clock reconvergence pessimism
                                 -2.000000    7.750000   output external delay
                                              7.750000   data required time
---------------------------------------------------------------------------------------------
                                              7.750000   data required time
                                             -9.497750   data arrival time
---------------------------------------------------------------------------------------------
                                             -1.747750   slack (VIOLATED)




===========================================================================
report_checks --slack_max -0.01
============================================================================
======================= max_tt_025C_1v80 Corner ===================================

Startpoint: _6219_ (rising edge-triggered flip-flop clocked by clk)
Endpoint: monitor_out[31] (output port clocked by clk)
Path Group: clk
Path Type: max

Fanout         Cap        Slew       Delay        Time   Description
---------------------------------------------------------------------------------------------
                                  0.000000    0.000000   clock clk (rise edge)
                                  0.000000    0.000000   clock source latency
     1    0.050745    0.232676    0.166254    0.166254 ^ clk (in)
                                                         clk (net)
                      0.233538    0.000000    0.166254 ^ clkbuf_0_clk/A (sky130_fd_sc_hd__clkbuf_16)
    16    0.211328    0.223640    0.313141    0.479395 ^ clkbuf_0_clk/X (sky130_fd_sc_hd__clkbuf_16)
                                                         clknet_0_clk (net)
                      0.225170    0.015054    0.494449 ^ clkbuf_4_1_0_clk/A (sky130_fd_sc_hd__clkbuf_8)
    12    0.041479    0.086027    0.217330    0.711779 ^ clkbuf_4_1_0_clk/X (sky130_fd_sc_hd__clkbuf_8)
                                                         clknet_4_1_0_clk (net)
                      0.086541    0.004927    0.716706 ^ _6219_/CLK (sky130_fd_sc_hd__dfrtp_1)
     1    0.006759    0.075578    0.357008    1.073714 ^ _6219_/Q (sky130_fd_sc_hd__dfrtp_1)
                                                         core.dsp_valid_out (net)
                      0.075580    0.000524    1.074239 ^ fanout238/A (sky130_fd_sc_hd__buf_6)
     5    0.062226    0.129433    0.171501    1.245740 ^ fanout238/X (sky130_fd_sc_hd__buf_6)
                                                         net238 (net)
                      0.129481    0.002070    1.247810 ^ fanout214/A (sky130_fd_sc_hd__buf_8)
     7    0.058973    0.102372    0.164720    1.412530 ^ fanout214/X (sky130_fd_sc_hd__buf_8)
                                                         net214 (net)
                      0.102466    0.002575    1.415105 ^ fanout209/A (sky130_fd_sc_hd__buf_8)
     6    0.037878    0.071640    0.136480    1.551585 ^ fanout209/X (sky130_fd_sc_hd__buf_8)
                                                         net209 (net)
                      0.071809    0.002465    1.554050 ^ fanout208/A (sky130_fd_sc_hd__buf_8)
     5    0.016450    0.039662    0.104612    1.658662 ^ fanout208/X (sky130_fd_sc_hd__buf_8)
                                                         net208 (net)
                      0.039689    0.000724    1.659385 ^ _3067_/A (sky130_fd_sc_hd__and2_1)
     1    0.012915    0.137089    0.176443    1.835828 ^ _3067_/X (sky130_fd_sc_hd__and2_1)
                                                         _1954_ (net)
                      0.137095    0.001049    1.836877 ^ fanout102/A (sky130_fd_sc_hd__buf_2)
     5    0.058988    0.286695    0.309651    2.146528 ^ fanout102/X (sky130_fd_sc_hd__buf_2)
                                                         net102 (net)
                      0.286726    0.002495    2.149023 ^ fanout100/A (sky130_fd_sc_hd__clkbuf_4)
    10    0.071719    0.217916    0.337097    2.486120 ^ fanout100/X (sky130_fd_sc_hd__clkbuf_4)
                                                         net100 (net)
                      0.217978    0.003128    2.489248 ^ _3998_/C (sky130_fd_sc_hd__nand4_2)
     4    0.014333    0.148875    0.180607    2.669854 v _3998_/Y (sky130_fd_sc_hd__nand4_2)
                                                         _0283_ (net)
                      0.148878    0.000846    2.670700 v _4106_/A (sky130_fd_sc_hd__xor2_1)
     1    0.005168    0.103747    0.205587    2.876287 v _4106_/X (sky130_fd_sc_hd__xor2_1)
                                                         _0390_ (net)
                      0.103747    0.000378    2.876665 v _4107_/B (sky130_fd_sc_hd__xnor2_1)
     3    0.015995    0.376998    0.347322    3.223988 ^ _4107_/Y (sky130_fd_sc_hd__xnor2_1)
                                                         _0391_ (net)
                      0.377005    0.001399    3.225387 ^ _4110_/B (sky130_fd_sc_hd__xor2_1)
     1    0.010762    0.252993    0.284021    3.509408 ^ _4110_/X (sky130_fd_sc_hd__xor2_1)
                                                         _0394_ (net)
                      0.252998    0.000892    3.510300 ^ _4111_/B (sky130_fd_sc_hd__xnor2_2)
     2    0.014100    0.222694    0.178061    3.688361 ^ _4111_/Y (sky130_fd_sc_hd__xnor2_2)
                                                         _0395_ (net)
                      0.222719    0.000834    3.689195 ^ _4112_/A_N (sky130_fd_sc_hd__and2b_1)
     1    0.003646    0.037464    0.213660    3.902855 v _4112_/X (sky130_fd_sc_hd__and2b_1)
                                                         _0396_ (net)
                      0.037464    0.000243    3.903098 v _4191_/B1 (sky130_fd_sc_hd__a21o_2)
     2    0.025434    0.085743    0.238879    4.141976 v _4191_/X (sky130_fd_sc_hd__a21o_2)
                                                         _0474_ (net)
                      0.085832    0.002480    4.144456 v _4227_/A (sky130_fd_sc_hd__xor2_2)
     2    0.017485    0.119283    0.217293    4.361749 v _4227_/X (sky130_fd_sc_hd__xor2_2)
                                                         _0510_ (net)
                      0.119288    0.000919    4.362668 v _4228_/B (sky130_fd_sc_hd__xnor2_2)
     2    0.018296    0.269907    0.266155    4.628823 ^ _4228_/Y (sky130_fd_sc_hd__xnor2_2)
                                                         _0511_ (net)
                      0.269916    0.001250    4.630073 ^ _4230_/B (sky130_fd_sc_hd__xor2_2)
     2    0.023765    0.313154    0.316025    4.946097 ^ _4230_/X (sky130_fd_sc_hd__xor2_2)
                                                         _0513_ (net)
                      0.313181    0.002362    4.948459 ^ _4255_/A2 (sky130_fd_sc_hd__a21oi_1)
     2    0.007810    0.113335    0.154342    5.102800 v _4255_/Y (sky130_fd_sc_hd__a21oi_1)
                                                         _0537_ (net)
                      0.113337    0.000588    5.103388 v _4350_/A (sky130_fd_sc_hd__xnor2_1)
     2    0.007647    0.209428    0.244952    5.348341 ^ _4350_/Y (sky130_fd_sc_hd__xnor2_1)
                                                         _0632_ (net)
                      0.209428    0.000521    5.348862 ^ _4351_/B (sky130_fd_sc_hd__xnor2_1)
     2    0.007256    0.201468    0.177376    5.526237 ^ _4351_/Y (sky130_fd_sc_hd__xnor2_1)
                                                         _0633_ (net)
                      0.201468    0.000296    5.526534 ^ _4353_/B (sky130_fd_sc_hd__xor2_1)
     2    0.007534    0.194422    0.225926    5.752460 ^ _4353_/X (sky130_fd_sc_hd__xor2_1)
                                                         _0635_ (net)
                      0.194422    0.000556    5.753016 ^ _4355_/B (sky130_fd_sc_hd__xnor2_1)
     3    0.011945    0.295350    0.210059    5.963075 ^ _4355_/Y (sky130_fd_sc_hd__xnor2_1)
                                                         _0637_ (net)
                      0.295352    0.000654    5.963729 ^ _4356_/B (sky130_fd_sc_hd__xor2_1)
     3    0.014419    0.319732    0.329059    6.292788 ^ _4356_/X (sky130_fd_sc_hd__xor2_1)
                                                         _0638_ (net)
                      0.319734    0.000513    6.293301 ^ _4609_/C1 (sky130_fd_sc_hd__o2111a_4)
     2    0.025374    0.100002    0.323829    6.617130 ^ _4609_/X (sky130_fd_sc_hd__o2111a_4)
                                                         _0889_ (net)
                      0.100058    0.002150    6.619280 ^ _4611_/B (sky130_fd_sc_hd__nor2_8)
     2    0.011350    0.054484    0.040500    6.659780 v _4611_/Y (sky130_fd_sc_hd__nor2_8)
                                                         _0891_ (net)
                      0.054484    0.000548    6.660327 v _4745_/A1 (sky130_fd_sc_hd__o21a_1)
     1    0.009419    0.064304    0.215238    6.875566 v _4745_/X (sky130_fd_sc_hd__o21a_1)
                                                         _1024_ (net)
                      0.064312    0.000747    6.876314 v _4746_/A (sky130_fd_sc_hd__xor2_2)
     3    0.017924    0.250062    0.263711    7.140024 ^ _4746_/X (sky130_fd_sc_hd__xor2_2)
                                                         _1025_ (net)
                      0.250071    0.001162    7.141187 ^ _4747_/A (sky130_fd_sc_hd__xor2_2)
     3    0.016771    0.237497    0.258058    7.399244 ^ _4747_/X (sky130_fd_sc_hd__xor2_2)
                                                         _1026_ (net)
                      0.237505    0.001049    7.400293 ^ _4752_/B (sky130_fd_sc_hd__nand2b_4)
     2    0.007089    0.049411    0.074320    7.474613 v _4752_/Y (sky130_fd_sc_hd__nand2b_4)
                                                         _1030_ (net)
                      0.049412    0.000435    7.475049 v _4754_/A3 (sky130_fd_sc_hd__o41a_4)
     3    0.021107    0.089332    0.463263    7.938312 v _4754_/X (sky130_fd_sc_hd__o41a_4)
                                                         _1032_ (net)
                      0.089332    0.001836    7.940147 v _5204_/A1 (sky130_fd_sc_hd__a211o_1)
     3    0.011733    0.086848    0.315246    8.255394 v _5204_/X (sky130_fd_sc_hd__a211o_1)
                                                         _1480_ (net)
                      0.086857    0.000950    8.256344 v _5719_/A1 (sky130_fd_sc_hd__a2111o_1)
     2    0.018642    0.134733    0.459025    8.715369 v _5719_/X (sky130_fd_sc_hd__a2111o_1)
                                                         _2000_ (net)
                      0.134767    0.002029    8.717398 v _5887_/A2 (sky130_fd_sc_hd__a21oi_4)
     3    0.020380    0.186244    0.242783    8.960180 ^ _5887_/Y (sky130_fd_sc_hd__a21oi_4)
                                                         _2185_ (net)
                      0.186251    0.001342    8.961522 ^ _6005_/A1 (sky130_fd_sc_hd__o21ai_2)
     1    0.006072    0.078874    0.092959    9.054482 v _6005_/Y (sky130_fd_sc_hd__o21ai_2)
                                                         _2313_ (net)
                      0.078874    0.000435    9.054917 v _6006_/C1 (sky130_fd_sc_hd__o311a_4)
     2    0.013958    0.066269    0.142696    9.197613 v _6006_/X (sky130_fd_sc_hd__o311a_4)
                                                         core.dsp_result_in[31] (net)
                      0.066269    0.001152    9.198765 v _6086_/B (sky130_fd_sc_hd__xnor2_2)
     1    0.006034    0.134456    0.143070    9.341834 ^ _6086_/Y (sky130_fd_sc_hd__xnor2_2)
                                                         net26 (net)
                      0.134457    0.000443    9.342278 ^ output26/A (sky130_fd_sc_hd__buf_6)
     1    0.034745    0.077941    0.153713    9.495991 ^ output26/X (sky130_fd_sc_hd__buf_6)
                                                         monitor_out[31] (net)
                      0.077988    0.001759    9.497750 ^ monitor_out[31] (out)
                                              9.497750   data arrival time

                                 10.000000   10.000000   clock clk (rise edge)
                                  0.000000   10.000000   clock network delay (propagated)
                                 -0.250000    9.750000   clock uncertainty
                                  0.000000    9.750000   clock reconvergence pessimism
                                 -2.000000    7.750000   output external delay
                                              7.750000   data required time
---------------------------------------------------------------------------------------------
                                              7.750000   data required time
                                             -9.497750   data arrival time
---------------------------------------------------------------------------------------------
                                             -1.747750   slack (VIOLATED)




===========================================================================
 report_check_types -max_slew -max_cap -max_fanout -violators
============================================================================
======================= max_tt_025C_1v80 Corner ===================================

max slew

Pin                                        Limit        Slew       Slack
------------------------------------------------------------------------
_5383_/C                                0.750000    0.857421   -0.107421 (VIOLATED)
_4912_/A1                               0.750000    0.857419   -0.107419 (VIOLATED)
_3312_/A1                               0.750000    0.857406   -0.107406 (VIOLATED)
ANTENNA_15/DIODE                        0.750000    0.857405   -0.107406 (VIOLATED)
_3943_/A1                               0.750000    0.857403   -0.107403 (VIOLATED)
_3762_/C                                0.750000    0.857401   -0.107401 (VIOLATED)
clone24/X                               0.750000    0.857386   -0.107386 (VIOLATED)

max fanout

Pin                                   Limit Fanout  Slack
---------------------------------------------------------
clkbuf_0_clk/X                           10     16     -6 (VIOLATED)
clkbuf_4_0_0_clk/X                       10     12     -2 (VIOLATED)
clkbuf_4_1_0_clk/X                       10     12     -2 (VIOLATED)
clkbuf_4_2_0_clk/X                       10     12     -2 (VIOLATED)
fanout34/X                               10     12     -2 (VIOLATED)
_6258_/Q                                 10     11        (VIOLATED)
clkbuf_4_3_0_clk/X                       10     11        (VIOLATED)
clkbuf_4_5_0_clk/X                       10     11        (VIOLATED)
fanout126/X                              10     11        (VIOLATED)
fanout189/X                              10     11        (VIOLATED)
fanout198/X                              10     11        (VIOLATED)
fanout201/X                              10     11        (VIOLATED)
fanout202/X                              10     11        (VIOLATED)
fanout56/X                               10     11        (VIOLATED)

max capacitance

Pin                                        Limit         Cap       Slack
------------------------------------------------------------------------
clkbuf_0_clk/X                          0.200000    0.211328   -0.011328 (VIOLATED)



===========================================================================
report_parasitic_annotation -report_unannotated
============================================================================
Found 15 unannotated drivers.
 clkload0/X
 clkload1/X
 clkload10/Y
 clkload11/Y
 clkload12/Y
 clkload13/Y
 clkload14/Y
 clkload2/X
 clkload3/Y
 clkload4/X
 clkload5/Y
 clkload6/Y
 clkload7/Y
 clkload8/Y
 clkload9/Y
Found 0 partially unannotated drivers.

===========================================================================
max slew violation count 7
max fanout violation count 14
max cap violation count 1
============================================================================

===========================================================================
check_setup -verbose -unconstrained_endpoints -multiple_clock -no_clock -no_input_delay -loops -generated_clocks
===========================================================================
