Clock: clk
Sources: clk 
Generated: no
Virtual: yes
Propagated: no
Period: 10.000000

===========================================================================
report_clock_properties
============================================================================
Clock                   Period          Waveform
----------------------------------------------------
clk                  10.000000    0.000000  5.000000

===========================================================================
report_clock_latency
============================================================================
Clock clk
rise -> rise
    min     max
0.000000 0.000000 source latency
0.712337         network latency _6276_/CLK
        0.747226 network latency _6262_/CLK
---------------
0.712337 0.747226 latency
        0.034888 skew

fall -> fall
    min     max
0.000000 0.000000 source latency
0.565285         network latency _6267_/CLK
        0.589930 network latency _6262_/CLK
---------------
0.565285 0.589930 latency
        0.024645 skew



===========================================================================
report_clock_min_period
============================================================================
clk period_min = 8.85 fmax = 112.97
