
===========================================================================
report_checks -unconstrained
===========================================================================
======================= nom_tt_025C_1v80 Corner ===================================

Startpoint: rst_n (input port clocked by clk)
Endpoint: _6341_ (recovery check against rising-edge clock clk)
Path Group: asynchronous
Path Type: max

Fanout         Cap        Slew       Delay        Time   Description
---------------------------------------------------------------------------------------------
                                  0.000000    0.000000   clock clk (rise edge)
                                  0.000000    0.000000   clock network delay (propagated)
                                  3.000000    3.000000 ^ input external delay
     1    0.002599    0.018876    0.009613    3.009613 ^ rst_n (in)
                                                         rst_n (net)
                      0.018876    0.000000    3.009613 ^ input1/A (sky130_fd_sc_hd__clkbuf_1)
     1    0.004105    0.058390    0.081966    3.091579 ^ input1/X (sky130_fd_sc_hd__clkbuf_1)
                                                         net1 (net)
                      0.058390    0.000141    3.091721 ^ fanout255/A (sky130_fd_sc_hd__clkbuf_4)
     5    0.075346    0.228227    0.272083    3.363804 ^ fanout255/X (sky130_fd_sc_hd__clkbuf_4)
                                                         net255 (net)
                      0.228294    0.003239    3.367043 ^ fanout254/A (sky130_fd_sc_hd__buf_4)
    10    0.090694    0.252178    0.308883    3.675926 ^ fanout254/X (sky130_fd_sc_hd__buf_4)
                                                         net254 (net)
                      0.252183    0.001013    3.676939 ^ fanout253/A (sky130_fd_sc_hd__buf_4)
    10    0.067006    0.188460    0.278285    3.955224 ^ fanout253/X (sky130_fd_sc_hd__buf_4)
                                                         net253 (net)
                      0.188715    0.005697    3.960921 ^ fanout252/A (sky130_fd_sc_hd__clkbuf_4)
    10    0.053395    0.164791    0.274575    4.235496 ^ fanout252/X (sky130_fd_sc_hd__clkbuf_4)
                                                         net252 (net)
                      0.164813    0.002018    4.237514 ^ fanout250/A (sky130_fd_sc_hd__clkbuf_4)
    10    0.050237    0.156937    0.259787    4.497301 ^ fanout250/X (sky130_fd_sc_hd__clkbuf_4)
                                                         net250 (net)
                      0.157113    0.003509    4.500809 ^ _6341_/RESET_B (sky130_fd_sc_hd__dfrtp_1)
                                              4.500809   data arrival time

                                 15.000000   15.000000   clock clk (rise edge)
                                  0.000000   15.000000   clock source latency
     1    0.046986    0.215929    0.153378   15.153378 ^ clk (in)
                                                         clk (net)
                      0.216443    0.000000   15.153378 ^ clkbuf_0_clk/A (sky130_fd_sc_hd__clkbuf_16)
    16    0.200088    0.211110    0.305246   15.458623 ^ clkbuf_0_clk/X (sky130_fd_sc_hd__clkbuf_16)
                                                         clknet_0_clk (net)
                      0.212234    0.012477   15.471101 ^ clkbuf_4_11_0_clk/A (sky130_fd_sc_hd__clkbuf_8)
     8    0.032967    0.072379    0.204885   15.675985 ^ clkbuf_4_11_0_clk/X (sky130_fd_sc_hd__clkbuf_8)
                                                         clknet_4_11_0_clk (net)
                      0.072393    0.000979   15.676964 ^ _6341_/CLK (sky130_fd_sc_hd__dfrtp_1)
                                 -0.250000   15.426965   clock uncertainty
                                  0.000000   15.426965   clock reconvergence pessimism
                                  0.209830   15.636795   library recovery time
                                             15.636795   data required time
---------------------------------------------------------------------------------------------
                                             15.636795   data required time
                                             -4.500809   data arrival time
---------------------------------------------------------------------------------------------
                                             11.135986   slack (MET)


Startpoint: _6283_ (rising edge-triggered flip-flop clocked by clk)
Endpoint: monitor_out[31] (output port clocked by clk)
Path Group: clk
Path Type: max

Fanout         Cap        Slew       Delay        Time   Description
---------------------------------------------------------------------------------------------
                                  0.000000    0.000000   clock clk (rise edge)
                                  0.000000    0.000000   clock source latency
     1    0.046986    0.215929    0.153378    0.153378 ^ clk (in)
                                                         clk (net)
                      0.216443    0.000000    0.153378 ^ clkbuf_0_clk/A (sky130_fd_sc_hd__clkbuf_16)
    16    0.200088    0.211110    0.305245    0.458623 ^ clkbuf_0_clk/X (sky130_fd_sc_hd__clkbuf_16)
                                                         clknet_0_clk (net)
                      0.211860    0.010274    0.468896 ^ clkbuf_4_1_0_clk/A (sky130_fd_sc_hd__clkbuf_8)
    12    0.038714    0.081168    0.211123    0.680019 ^ clkbuf_4_1_0_clk/X (sky130_fd_sc_hd__clkbuf_8)
                                                         clknet_4_1_0_clk (net)
                      0.081213    0.001782    0.681801 ^ _6283_/CLK (sky130_fd_sc_hd__dfrtp_4)
     2    0.013283    0.073151    0.429986    1.111787 ^ _6283_/Q (sky130_fd_sc_hd__dfrtp_4)
                                                         core.u_regfile.registers[2][3] (net)
                      0.073151    0.000309    1.112096 ^ rebuffer62/A (sky130_fd_sc_hd__dlymetal6s2s_1)
     2    0.042406    0.421379    0.363884    1.475980 ^ rebuffer62/X (sky130_fd_sc_hd__dlymetal6s2s_1)
                                                         net317 (net)
                      0.421402    0.002641    1.478621 ^ clone61/A (sky130_fd_sc_hd__clkbuf_1)
     6    0.069048    0.794913    0.655923    2.134544 ^ clone61/X (sky130_fd_sc_hd__clkbuf_1)
                                                         net316 (net)
                      0.794926    0.002691    2.137235 ^ _3069_/B (sky130_fd_sc_hd__and2_1)
     1    0.004496    0.071006    0.233848    2.371083 ^ _3069_/X (sky130_fd_sc_hd__and2_1)
                                                         _1976_ (net)
                      0.071006    0.000169    2.371252 ^ fanout99/A (sky130_fd_sc_hd__clkbuf_2)
     6    0.024023    0.135703    0.178691    2.549943 ^ fanout99/X (sky130_fd_sc_hd__clkbuf_2)
                                                         net99 (net)
                      0.135703    0.000563    2.550506 ^ fanout98/A (sky130_fd_sc_hd__clkbuf_4)
    10    0.046684    0.147018    0.242178    2.792685 ^ fanout98/X (sky130_fd_sc_hd__clkbuf_4)
                                                         net98 (net)
                      0.147251    0.004022    2.796706 ^ fanout97/A (sky130_fd_sc_hd__buf_2)
    10    0.040979    0.201794    0.254775    3.051481 ^ fanout97/X (sky130_fd_sc_hd__buf_2)
                                                         net97 (net)
                      0.201794    0.000620    3.052101 ^ _4497_/B (sky130_fd_sc_hd__and3_1)
     2    0.005877    0.077395    0.205759    3.257860 ^ _4497_/X (sky130_fd_sc_hd__and3_1)
                                                         _0777_ (net)
                      0.077395    0.000092    3.257952 ^ _4498_/B (sky130_fd_sc_hd__nor2_1)
     2    0.007372    0.051791    0.062334    3.320287 v _4498_/Y (sky130_fd_sc_hd__nor2_1)
                                                         _0778_ (net)
                      0.051791    0.000180    3.320467 v _4626_/A3 (sky130_fd_sc_hd__a31o_1)
     2    0.008853    0.062901    0.243493    3.563960 v _4626_/X (sky130_fd_sc_hd__a31o_1)
                                                         _0905_ (net)
                      0.062901    0.000271    3.564231 v _4635_/A (sky130_fd_sc_hd__xnor2_1)
     2    0.005574    0.168591    0.193709    3.757940 ^ _4635_/Y (sky130_fd_sc_hd__xnor2_1)
                                                         _0914_ (net)
                      0.168591    0.000118    3.758058 ^ _4636_/B (sky130_fd_sc_hd__or2_1)
     1    0.002837    0.041365    0.122776    3.880834 ^ _4636_/X (sky130_fd_sc_hd__or2_1)
                                                         _0915_ (net)
                      0.041366    0.000058    3.880892 ^ _4638_/A (sky130_fd_sc_hd__nand2_1)
     2    0.004657    0.045778    0.052636    3.933528 v _4638_/Y (sky130_fd_sc_hd__nand2_1)
                                                         _0917_ (net)
                      0.045778    0.000070    3.933598 v _4639_/C (sky130_fd_sc_hd__and3_1)
     1    0.002729    0.036349    0.173087    4.106685 v _4639_/X (sky130_fd_sc_hd__and3_1)
                                                         _0918_ (net)
                      0.036349    0.000079    4.106765 v _4641_/A (sky130_fd_sc_hd__nor2_1)
     2    0.009893    0.192435    0.180306    4.287070 ^ _4641_/Y (sky130_fd_sc_hd__nor2_1)
                                                         _0920_ (net)
                      0.192435    0.000284    4.287354 ^ _4642_/B (sky130_fd_sc_hd__xor2_1)
     2    0.014386    0.319130    0.316846    4.604200 ^ _4642_/X (sky130_fd_sc_hd__xor2_1)
                                                         _0921_ (net)
                      0.319133    0.000681    4.604881 ^ _4663_/A (sky130_fd_sc_hd__xor2_1)
     2    0.004709    0.084126    0.127244    4.732125 v _4663_/X (sky130_fd_sc_hd__xor2_1)
                                                         _0942_ (net)
                      0.084126    0.000096    4.732221 v _4664_/B (sky130_fd_sc_hd__and2_1)
     3    0.010565    0.066727    0.202522    4.934742 v _4664_/X (sky130_fd_sc_hd__and2_1)
                                                         _0943_ (net)
                      0.066727    0.000129    4.934872 v _4666_/A (sky130_fd_sc_hd__or2_1)
     2    0.006961    0.067371    0.253276    5.188148 v _4666_/X (sky130_fd_sc_hd__or2_1)
                                                         _0945_ (net)
                      0.067371    0.000194    5.188342 v _4734_/A (sky130_fd_sc_hd__xnor2_1)
     2    0.007967    0.215615    0.231406    5.419747 ^ _4734_/Y (sky130_fd_sc_hd__xnor2_1)
                                                         _1013_ (net)
                      0.215615    0.000249    5.419996 ^ _4736_/B (sky130_fd_sc_hd__xor2_1)
     2    0.008085    0.204292    0.235226    5.655221 ^ _4736_/X (sky130_fd_sc_hd__xor2_1)
                                                         _1015_ (net)
                      0.204292    0.000240    5.655462 ^ _4737_/B (sky130_fd_sc_hd__xor2_1)
     2    0.006549    0.176895    0.213190    5.868651 ^ _4737_/X (sky130_fd_sc_hd__xor2_1)
                                                         _1016_ (net)
                      0.176895    0.000195    5.868846 ^ _4739_/B (sky130_fd_sc_hd__nand2_1)
     2    0.005275    0.060339    0.092637    5.961483 v _4739_/Y (sky130_fd_sc_hd__nand2_1)
                                                         _1018_ (net)
                      0.060339    0.000135    5.961618 v _4740_/B (sky130_fd_sc_hd__and2b_1)
     2    0.007486    0.053809    0.179728    6.141346 v _4740_/X (sky130_fd_sc_hd__and2b_1)
                                                         _1019_ (net)
                      0.053809    0.000195    6.141541 v _4741_/B (sky130_fd_sc_hd__xnor2_1)
     2    0.012594    0.308442    0.277212    6.418753 ^ _4741_/Y (sky130_fd_sc_hd__xnor2_1)
                                                         _1020_ (net)
                      0.308443    0.000572    6.419325 ^ _4742_/C (sky130_fd_sc_hd__nand3_1)
     3    0.012682    0.154721    0.200644    6.619969 v _4742_/Y (sky130_fd_sc_hd__nand3_1)
                                                         _1021_ (net)
                      0.154721    0.000260    6.620229 v _4756_/B1_N (sky130_fd_sc_hd__a21bo_1)
     2    0.012076    0.108507    0.270846    6.891076 ^ _4756_/X (sky130_fd_sc_hd__a21bo_1)
                                                         _1034_ (net)
                      0.108507    0.000349    6.891425 ^ _4894_/A2 (sky130_fd_sc_hd__a21oi_4)
     4    0.017817    0.084619    0.085063    6.976488 v _4894_/Y (sky130_fd_sc_hd__a21oi_4)
                                                         _1172_ (net)
                      0.084621    0.000654    6.977141 v _5199_/A2 (sky130_fd_sc_hd__o311ai_4)
     4    0.011764    0.270100    0.313089    7.290230 ^ _5199_/Y (sky130_fd_sc_hd__o311ai_4)
                                                         _1475_ (net)
                      0.270102    0.000369    7.290599 ^ _5368_/A2 (sky130_fd_sc_hd__a21o_1)
     4    0.014424    0.131789    0.229186    7.519785 ^ _5368_/X (sky130_fd_sc_hd__a21o_1)
                                                         _1643_ (net)
                      0.131789    0.000459    7.520244 ^ _5543_/A2 (sky130_fd_sc_hd__a21oi_2)
     3    0.010303    0.064858    0.091192    7.611436 v _5543_/Y (sky130_fd_sc_hd__a21oi_2)
                                                         _1817_ (net)
                      0.064860    0.000234    7.611670 v _5711_/C1 (sky130_fd_sc_hd__a211o_1)
     2    0.005370    0.059402    0.243223    7.854894 v _5711_/X (sky130_fd_sc_hd__a211o_1)
                                                         _1992_ (net)
                      0.059402    0.000081    7.854975 v _5714_/B (sky130_fd_sc_hd__and3_1)
     2    0.003752    0.041144    0.170065    8.025040 v _5714_/X (sky130_fd_sc_hd__and3_1)
                                                         _1995_ (net)
                      0.041144    0.000068    8.025108 v _5715_/B (sky130_fd_sc_hd__or2_1)
     3    0.007017    0.067586    0.226292    8.251400 v _5715_/X (sky130_fd_sc_hd__or2_1)
                                                         _1996_ (net)
                      0.067586    0.000115    8.251515 v _5719_/D1 (sky130_fd_sc_hd__a2111o_1)
     2    0.017875    0.130385    0.374563    8.626078 v _5719_/X (sky130_fd_sc_hd__a2111o_1)
                                                         _2000_ (net)
                      0.130387    0.000671    8.626748 v _5887_/A2 (sky130_fd_sc_hd__a21oi_4)
     3    0.019755    0.182269    0.238584    8.865333 ^ _5887_/Y (sky130_fd_sc_hd__a21oi_4)
                                                         _2185_ (net)
                      0.182269    0.000548    8.865881 ^ _6005_/A1 (sky130_fd_sc_hd__o21ai_2)
     1    0.005879    0.078151    0.091595    8.957476 v _6005_/Y (sky130_fd_sc_hd__o21ai_2)
                                                         _2313_ (net)
                      0.078151    0.000201    8.957677 v _6006_/C1 (sky130_fd_sc_hd__o311a_4)
     2    0.013447    0.065189    0.141791    9.099468 v _6006_/X (sky130_fd_sc_hd__o311a_4)
                                                         core.dsp_result_in[31] (net)
                      0.065189    0.000568    9.100036 v _6086_/B (sky130_fd_sc_hd__xnor2_2)
     1    0.005950    0.133553    0.142001    9.242037 ^ _6086_/Y (sky130_fd_sc_hd__xnor2_2)
                                                         net26 (net)
                      0.133553    0.000192    9.242229 ^ output26/A (sky130_fd_sc_hd__buf_6)
     1    0.034662    0.077812    0.153978    9.396207 ^ output26/X (sky130_fd_sc_hd__buf_6)
                                                         monitor_out[31] (net)
                      0.077820    0.000855    9.397062 ^ monitor_out[31] (out)
                                              9.397062   data arrival time

                                 15.000000   15.000000   clock clk (rise edge)
                                  0.000000   15.000000   clock network delay (propagated)
                                 -0.250000   14.750000   clock uncertainty
                                  0.000000   14.750000   clock reconvergence pessimism
                                 -3.000000   11.750000   output external delay
                                             11.750000   data required time
---------------------------------------------------------------------------------------------
                                             11.750000   data required time
                                             -9.397062   data arrival time
---------------------------------------------------------------------------------------------
                                              2.352938   slack (MET)




===========================================================================
report_checks --slack_max -0.01
============================================================================
======================= nom_tt_025C_1v80 Corner ===================================

No paths found.


===========================================================================
 report_check_types -max_slew -max_cap -max_fanout -violators
============================================================================
======================= nom_tt_025C_1v80 Corner ===================================

max slew

Pin                                        Limit        Slew       Slack
------------------------------------------------------------------------
ANTENNA_14/DIODE                        0.750000    0.794927   -0.044927 (VIOLATED)
_3312_/A1                               0.750000    0.794927   -0.044927 (VIOLATED)
_3069_/B                                0.750000    0.794926   -0.044926 (VIOLATED)
_5383_/C                                0.750000    0.794924   -0.044924 (VIOLATED)
_4912_/A1                               0.750000    0.794923   -0.044923 (VIOLATED)
_3943_/A1                               0.750000    0.794923   -0.044923 (VIOLATED)
clone61/X                               0.750000    0.794913   -0.044913 (VIOLATED)

max fanout

Pin                                   Limit Fanout  Slack
---------------------------------------------------------
clkbuf_0_clk/X                           10     16     -6 (VIOLATED)
clkbuf_4_0_0_clk/X                       10     12     -2 (VIOLATED)
clkbuf_4_1_0_clk/X                       10     12     -2 (VIOLATED)
clkbuf_4_2_0_clk/X                       10     12     -2 (VIOLATED)
fanout34/X                               10     12     -2 (VIOLATED)
_6258_/Q                                 10     11        (VIOLATED)
clkbuf_4_3_0_clk/X                       10     11        (VIOLATED)
clkbuf_4_5_0_clk/X                       10     11        (VIOLATED)
fanout126/X                              10     11        (VIOLATED)
fanout189/X                              10     11        (VIOLATED)
fanout198/X                              10     11        (VIOLATED)
fanout202/X                              10     11        (VIOLATED)
fanout205/X                              10     11        (VIOLATED)
fanout56/X                               10     11        (VIOLATED)

max capacitance

Pin                                        Limit         Cap       Slack
------------------------------------------------------------------------
clkbuf_0_clk/X                          0.200000    0.200088   -0.000088 (VIOLATED)



===========================================================================
report_parasitic_annotation -report_unannotated
============================================================================
Found 15 unannotated drivers.
 clkload0/X
 clkload1/X
 clkload10/Y
 clkload11/Y
 clkload12/Y
 clkload13/Y
 clkload14/Y
 clkload2/X
 clkload3/Y
 clkload4/X
 clkload5/Y
 clkload6/Y
 clkload7/Y
 clkload8/Y
 clkload9/Y
Found 0 partially unannotated drivers.

===========================================================================
max slew violation count 7
max fanout violation count 14
max cap violation count 1
============================================================================

===========================================================================
check_setup -verbose -unconstrained_endpoints -multiple_clock -no_clock -no_input_delay -loops -generated_clocks
===========================================================================
