Clock: clk
Sources: clk 
Generated: no
Virtual: yes
Propagated: no
Period: 15.000000

===========================================================================
report_clock_properties
============================================================================
Clock                   Period          Waveform
----------------------------------------------------
clk                  15.000000    0.000000  7.500000

===========================================================================
report_clock_latency
============================================================================
Clock clk
rise -> rise
    min     max
0.000000 0.000000 source latency
0.676592         network latency _6276_/CLK
        0.706349 network latency _6262_/CLK
---------------
0.676592 0.706349 latency
        0.029757 skew

fall -> fall
    min     max
0.000000 0.000000 source latency
0.540064         network latency _6276_/CLK
        0.561185 network latency _6262_/CLK
---------------
0.540064 0.561185 latency
        0.021121 skew



===========================================================================
report_clock_min_period
============================================================================
clk period_min = 8.79 fmax = 113.77
