
===========================================================================
 report_power
============================================================================
======================= nom_tt_025C_1v80 Corner ===================================

Group                    Internal    Switching      Leakage        Total
                            Power        Power        Power        Power (Watts)
------------------------------------------------------------------------
Sequential           3.392130e-04 0.000000e+00 1.664333e-09 3.392146e-04  49.4%
Combinational        2.350073e-06 9.763427e-06 1.272436e-08 1.212623e-05   1.8%
Clock                1.514388e-04 1.836575e-04 7.501261e-09 3.351038e-04  48.8%
Macro                0.000000e+00 0.000000e+00 0.000000e+00 0.000000e+00   0.0%
Pad                  0.000000e+00 0.000000e+00 0.000000e+00 0.000000e+00   0.0%
------------------------------------------------------------------------
Total                4.930019e-04 1.934209e-04 2.189013e-08 6.864447e-04 100.0%
                            71.8%        28.2%         0.0%

