#! /nix/store/vh3lcg8gq2c3pxbqkqmrk3fmf3papk52-iverilog-12.0/bin/vvp
:ivl_version "12.0 (stable)";
:ivl_delay_selection "TYPICAL";
:vpi_time_precision - 12;
:vpi_module "/nix/store/vh3lcg8gq2c3pxbqkqmrk3fmf3papk52-iverilog-12.0/lib/ivl/system.vpi";
:vpi_module "/nix/store/vh3lcg8gq2c3pxbqkqmrk3fmf3papk52-iverilog-12.0/lib/ivl/vhdl_sys.vpi";
:vpi_module "/nix/store/vh3lcg8gq2c3pxbqkqmrk3fmf3papk52-iverilog-12.0/lib/ivl/vhdl_textio.vpi";
:vpi_module "/nix/store/vh3lcg8gq2c3pxbqkqmrk3fmf3papk52-iverilog-12.0/lib/ivl/v2005_math.vpi";
:vpi_module "/nix/store/vh3lcg8gq2c3pxbqkqmrk3fmf3papk52-iverilog-12.0/lib/ivl/va_math.vpi";
S_0x173d86c0 .scope module, "top_tb" "top_tb" 2 3;
 .timescale -9 -12;
v0x1745c540_0 .var "clk", 0 0;
v0x1745c5e0_0 .var "rst_n", 0 0;
E_0x173ffe90 .event posedge, v0x174565f0_0;
S_0x173c34d0 .scope module, "u_soc" "soc_top" 2 8, 3 3 0, S_0x173d86c0;
 .timescale -9 -12;
    .port_info 0 /INPUT 1 "clk";
    .port_info 1 /INPUT 1 "rst_n";
v0x1745bcb0_0 .net "clk", 0 0, v0x1745c540_0;  1 drivers
v0x1745bd50_0 .net "dsp_ready", 0 0, L_0x1746f4b0;  1 drivers
v0x1745be60_0 .net "dsp_result", 31 0, L_0x1746f3b0;  1 drivers
v0x1745bf50_0 .net "dsp_valid", 0 0, L_0x1746e9f0;  1 drivers
v0x1745bff0_0 .net "inst_addr", 31 0, v0x174567a0_0;  1 drivers
v0x1745c170_0 .net "instruction", 31 0, L_0x17435670;  1 drivers
v0x1745c230_0 .net "rs1_data", 31 0, L_0x1746e6a0;  1 drivers
v0x1745c2f0_0 .net "rs2_data", 31 0, L_0x1746e8f0;  1 drivers
v0x1745c3b0_0 .net "rst_n", 0 0, v0x1745c5e0_0;  1 drivers
S_0x173c4f50 .scope module, "u_core" "rv32i_top" 3 29, 4 3 0, S_0x173c34d0;
 .timescale -9 -12;
    .port_info 0 /INPUT 1 "clk";
    .port_info 1 /INPUT 1 "rst_n";
    .port_info 2 /INPUT 32 "inst_in";
    .port_info 3 /OUTPUT 32 "inst_addr_out";
    .port_info 4 /INPUT 32 "dsp_result_in";
    .port_info 5 /INPUT 1 "dsp_ready_in";
    .port_info 6 /OUTPUT 32 "rs1_out";
    .port_info 7 /OUTPUT 32 "rs2_out";
    .port_info 8 /OUTPUT 1 "dsp_valid_out";
L_0x1746e6a0 .functor BUFZ 32, L_0x1746da70, C4<00000000000000000000000000000000>, C4<00000000000000000000000000000000>, C4<00000000000000000000000000000000>;
L_0x1746e8f0 .functor BUFZ 32, L_0x1746df50, C4<00000000000000000000000000000000>, C4<00000000000000000000000000000000>, C4<00000000000000000000000000000000>;
L_0x1746e9f0 .functor BUFZ 1, L_0x1746d670, C4<0>, C4<0>, C4<0>;
L_0x1746ec30 .functor OR 1, L_0x1746eaf0, L_0x1746eb90, C4<0>, C4<0>;
L_0x1746ecd0 .functor AND 1, L_0x1746d670, L_0x1746f4b0, C4<1>, C4<1>;
L_0x1746ed40 .functor OR 1, L_0x1746ec30, L_0x1746ecd0, C4<0>, C4<0>;
L_0x750a98886330 .functor BUFT 1, C4<0010011>, C4<0>, C4<0>, C4<0>;
v0x174581a0_0 .net/2u *"_ivl_10", 6 0, L_0x750a98886330;  1 drivers
v0x174582a0_0 .net *"_ivl_12", 0 0, L_0x1746eb90;  1 drivers
v0x17458360_0 .net *"_ivl_15", 0 0, L_0x1746ec30;  1 drivers
v0x17458430_0 .net *"_ivl_17", 0 0, L_0x1746ecd0;  1 drivers
L_0x750a988862e8 .functor BUFT 1, C4<0110011>, C4<0>, C4<0>, C4<0>;
v0x174584f0_0 .net/2u *"_ivl_6", 6 0, L_0x750a988862e8;  1 drivers
v0x174585d0_0 .net *"_ivl_8", 0 0, L_0x1746eaf0;  1 drivers
v0x17458690_0 .net "alu_result", 31 0, v0x17455970_0;  1 drivers
v0x17458750_0 .net "branch_en", 0 0, v0x17455a50_0;  1 drivers
v0x17458840_0 .net "branch_target", 31 0, L_0x1746e600;  1 drivers
v0x174588e0_0 .net "clk", 0 0, v0x1745c540_0;  alias, 1 drivers
v0x174589d0_0 .net "dsp_ready_in", 0 0, L_0x1746f4b0;  alias, 1 drivers
v0x17458a90_0 .net "dsp_result_in", 31 0, L_0x1746f3b0;  alias, 1 drivers
v0x17458b70_0 .net "dsp_valid_out", 0 0, L_0x1746e9f0;  alias, 1 drivers
v0x17458c30_0 .net "funct3", 2 0, L_0x1746cb00;  1 drivers
v0x17458d40_0 .net "funct7", 6 0, L_0x1746cdf0;  1 drivers
v0x17458e50_0 .net "imm_ext", 31 0, L_0x1746d520;  1 drivers
v0x17458f60_0 .net "inst_addr_out", 31 0, v0x174567a0_0;  alias, 1 drivers
v0x17459070_0 .net "inst_in", 31 0, L_0x17435670;  alias, 1 drivers
v0x17459130_0 .net "is_custom_dsp", 0 0, L_0x1746d670;  1 drivers
v0x174591d0_0 .net "opcode", 6 0, L_0x1746c9c0;  1 drivers
v0x174592c0_0 .net "rd_addr", 4 0, L_0x1746ca60;  1 drivers
v0x174593b0_0 .net "reg_rs1_data", 31 0, L_0x1746da70;  1 drivers
v0x174594c0_0 .net "reg_rs2_data", 31 0, L_0x1746df50;  1 drivers
v0x174595d0_0 .net "reg_write_data", 31 0, L_0x1746edf0;  1 drivers
v0x17459690_0 .net "reg_write_en", 0 0, L_0x1746ed40;  1 drivers
v0x17459730_0 .net "rs1_addr", 4 0, L_0x1746cba0;  1 drivers
v0x17459820_0 .net "rs1_out", 31 0, L_0x1746e6a0;  alias, 1 drivers
v0x174598e0_0 .net "rs2_addr", 4 0, L_0x1746cd50;  1 drivers
v0x174599f0_0 .net "rs2_out", 31 0, L_0x1746e8f0;  alias, 1 drivers
v0x17459ad0_0 .net "rst_n", 0 0, v0x1745c5e0_0;  alias, 1 drivers
L_0x1746eaf0 .cmp/eq 7, L_0x1746c9c0, L_0x750a988862e8;
L_0x1746eb90 .cmp/eq 7, L_0x1746c9c0, L_0x750a98886330;
L_0x1746edf0 .functor MUXZ 32, v0x17455970_0, L_0x1746f3b0, L_0x1746d670, C4<>;
S_0x173f8040 .scope module, "u_decode" "decode" 4 45, 5 3 0, S_0x173c4f50;
 .timescale -9 -12;
    .port_info 0 /INPUT 32 "inst";
    .port_info 1 /OUTPUT 7 "opcode";
    .port_info 2 /OUTPUT 5 "rs1_addr";
    .port_info 3 /OUTPUT 5 "rs2_addr";
    .port_info 4 /OUTPUT 5 "rd_addr";
    .port_info 5 /OUTPUT 3 "funct3";
    .port_info 6 /OUTPUT 7 "funct7";
    .port_info 7 /OUTPUT 32 "imm_ext";
    .port_info 8 /OUTPUT 1 "is_custom_dsp";
v0x17436500_0 .net *"_ivl_13", 0 0, L_0x1746ced0;  1 drivers
v0x17436600_0 .net *"_ivl_14", 19 0, L_0x1746cf70;  1 drivers
v0x1742cda0_0 .net *"_ivl_17", 11 0, L_0x1746d480;  1 drivers
L_0x750a98886060 .functor BUFT 1, C4<0001011>, C4<0>, C4<0>, C4<0>;
v0x1742ce40_0 .net/2u *"_ivl_20", 6 0, L_0x750a98886060;  1 drivers
v0x17454a60_0 .net "funct3", 2 0, L_0x1746cb00;  alias, 1 drivers
v0x17454b90_0 .net "funct7", 6 0, L_0x1746cdf0;  alias, 1 drivers
v0x17454c70_0 .net "imm_ext", 31 0, L_0x1746d520;  alias, 1 drivers
v0x17454d50_0 .net "inst", 31 0, L_0x17435670;  alias, 1 drivers
v0x17454e30_0 .net "is_custom_dsp", 0 0, L_0x1746d670;  alias, 1 drivers
v0x17454ef0_0 .net "opcode", 6 0, L_0x1746c9c0;  alias, 1 drivers
v0x17454fd0_0 .net "rd_addr", 4 0, L_0x1746ca60;  alias, 1 drivers
v0x174550b0_0 .net "rs1_addr", 4 0, L_0x1746cba0;  alias, 1 drivers
v0x17455190_0 .net "rs2_addr", 4 0, L_0x1746cd50;  alias, 1 drivers
L_0x1746c9c0 .part L_0x17435670, 0, 7;
L_0x1746ca60 .part L_0x17435670, 7, 5;
L_0x1746cb00 .part L_0x17435670, 12, 3;
L_0x1746cba0 .part L_0x17435670, 15, 5;
L_0x1746cd50 .part L_0x17435670, 20, 5;
L_0x1746cdf0 .part L_0x17435670, 25, 7;
L_0x1746ced0 .part L_0x17435670, 31, 1;
LS_0x1746cf70_0_0 .concat [ 1 1 1 1], L_0x1746ced0, L_0x1746ced0, L_0x1746ced0, L_0x1746ced0;
LS_0x1746cf70_0_4 .concat [ 1 1 1 1], L_0x1746ced0, L_0x1746ced0, L_0x1746ced0, L_0x1746ced0;
LS_0x1746cf70_0_8 .concat [ 1 1 1 1], L_0x1746ced0, L_0x1746ced0, L_0x1746ced0, L_0x1746ced0;
LS_0x1746cf70_0_12 .concat [ 1 1 1 1], L_0x1746ced0, L_0x1746ced0, L_0x1746ced0, L_0x1746ced0;
LS_0x1746cf70_0_16 .concat [ 1 1 1 1], L_0x1746ced0, L_0x1746ced0, L_0x1746ced0, L_0x1746ced0;
LS_0x1746cf70_1_0 .concat [ 4 4 4 4], LS_0x1746cf70_0_0, LS_0x1746cf70_0_4, LS_0x1746cf70_0_8, LS_0x1746cf70_0_12;
LS_0x1746cf70_1_4 .concat [ 4 0 0 0], LS_0x1746cf70_0_16;
L_0x1746cf70 .concat [ 16 4 0 0], LS_0x1746cf70_1_0, LS_0x1746cf70_1_4;
L_0x1746d480 .part L_0x17435670, 20, 12;
L_0x1746d520 .concat [ 12 20 0 0], L_0x1746d480, L_0x1746cf70;
L_0x1746d670 .cmp/eq 7, L_0x1746c9c0, L_0x750a98886060;
S_0x17434f10 .scope module, "u_execute" "execute" 4 71, 6 3 0, S_0x173c4f50;
 .timescale -9 -12;
    .port_info 0 /INPUT 32 "pc_in";
    .port_info 1 /INPUT 32 "rs1_data";
    .port_info 2 /INPUT 32 "rs2_data";
    .port_info 3 /INPUT 32 "imm_ext";
    .port_info 4 /INPUT 7 "opcode";
    .port_info 5 /INPUT 3 "funct3";
    .port_info 6 /INPUT 7 "funct7";
    .port_info 7 /OUTPUT 32 "alu_result";
    .port_info 8 /OUTPUT 1 "branch_en";
    .port_info 9 /OUTPUT 32 "branch_target";
L_0x1742cc80 .functor OR 1, L_0x1746e1c0, L_0x1746e260, C4<0>, C4<0>;
L_0x750a98886258 .functor BUFT 1, C4<0110011>, C4<0>, C4<0>, C4<0>;
v0x17455440_0 .net/2u *"_ivl_0", 6 0, L_0x750a98886258;  1 drivers
v0x17455540_0 .net *"_ivl_2", 0 0, L_0x1746e1c0;  1 drivers
L_0x750a988862a0 .functor BUFT 1, C4<1100011>, C4<0>, C4<0>, C4<0>;
v0x17455600_0 .net/2u *"_ivl_4", 6 0, L_0x750a988862a0;  1 drivers
v0x174556c0_0 .net *"_ivl_6", 0 0, L_0x1746e260;  1 drivers
v0x17455780_0 .net *"_ivl_9", 0 0, L_0x1742cc80;  1 drivers
v0x17455890_0 .net "alu_in2", 31 0, L_0x1746e3f0;  1 drivers
v0x17455970_0 .var "alu_result", 31 0;
v0x17455a50_0 .var "branch_en", 0 0;
v0x17455b10_0 .net "branch_target", 31 0, L_0x1746e600;  alias, 1 drivers
v0x17455bf0_0 .net "funct3", 2 0, L_0x1746cb00;  alias, 1 drivers
v0x17455cb0_0 .net "funct7", 6 0, L_0x1746cdf0;  alias, 1 drivers
v0x17455d50_0 .net "imm_ext", 31 0, L_0x1746d520;  alias, 1 drivers
v0x17455df0_0 .net "opcode", 6 0, L_0x1746c9c0;  alias, 1 drivers
v0x17455e90_0 .net "pc_in", 31 0, v0x174567a0_0;  alias, 1 drivers
v0x17455f50_0 .net "rs1_data", 31 0, L_0x1746da70;  alias, 1 drivers
v0x17456030_0 .net "rs2_data", 31 0, L_0x1746df50;  alias, 1 drivers
E_0x17400300/0 .event anyedge, v0x17454ef0_0, v0x17454a60_0, v0x17454b90_0, v0x17455f50_0;
E_0x17400300/1 .event anyedge, v0x17455890_0, v0x17456030_0;
E_0x17400300 .event/or E_0x17400300/0, E_0x17400300/1;
L_0x1746e1c0 .cmp/eq 7, L_0x1746c9c0, L_0x750a98886258;
L_0x1746e260 .cmp/eq 7, L_0x1746c9c0, L_0x750a988862a0;
L_0x1746e3f0 .functor MUXZ 32, L_0x1746d520, L_0x1746df50, L_0x1742cc80, C4<>;
L_0x1746e600 .arith/sum 32, v0x174567a0_0, L_0x1746d520;
S_0x17435d30 .scope module, "u_fetch" "fetch" 4 36, 7 3 0, S_0x173c4f50;
 .timescale -9 -12;
    .port_info 0 /INPUT 1 "clk";
    .port_info 1 /INPUT 1 "rst_n";
    .port_info 2 /INPUT 1 "branch_en";
    .port_info 3 /INPUT 32 "branch_target";
    .port_info 4 /OUTPUT 32 "pc_out";
L_0x750a98886018 .functor BUFT 1, C4<00000000000000000000000000000100>, C4<0>, C4<0>, C4<0>;
v0x17456270_0 .net/2u *"_ivl_0", 31 0, L_0x750a98886018;  1 drivers
v0x17456370_0 .net *"_ivl_2", 31 0, L_0x1746c880;  1 drivers
v0x17456450_0 .net "branch_en", 0 0, v0x17455a50_0;  alias, 1 drivers
v0x17456520_0 .net "branch_target", 31 0, L_0x1746e600;  alias, 1 drivers
v0x174565f0_0 .net "clk", 0 0, v0x1745c540_0;  alias, 1 drivers
v0x174566e0_0 .net "next_pc", 31 0, L_0x1746c920;  1 drivers
v0x174567a0_0 .var "pc_out", 31 0;
v0x17456860_0 .net "rst_n", 0 0, v0x1745c5e0_0;  alias, 1 drivers
E_0x17400780/0 .event negedge, v0x17456860_0;
E_0x17400780/1 .event posedge, v0x174565f0_0;
E_0x17400780 .event/or E_0x17400780/0, E_0x17400780/1;
L_0x1746c880 .arith/sum 32, v0x174567a0_0, L_0x750a98886018;
L_0x1746c920 .functor MUXZ 32, L_0x1746c880, L_0x1746e600, v0x17455a50_0, C4<>;
S_0x174569d0 .scope module, "u_regfile" "register_file" 4 58, 8 3 0, S_0x173c4f50;
 .timescale -9 -12;
    .port_info 0 /INPUT 1 "clk";
    .port_info 1 /INPUT 1 "rst_n";
    .port_info 2 /INPUT 5 "rs1_addr";
    .port_info 3 /INPUT 5 "rs2_addr";
    .port_info 4 /OUTPUT 32 "rs1_data";
    .port_info 5 /OUTPUT 32 "rs2_data";
    .port_info 6 /INPUT 5 "rd_addr";
    .port_info 7 /INPUT 32 "rd_data";
    .port_info 8 /INPUT 1 "reg_write_en";
L_0x750a988860a8 .functor BUFT 1, C4<00000>, C4<0>, C4<0>, C4<0>;
v0x17456ce0_0 .net/2u *"_ivl_0", 4 0, L_0x750a988860a8;  1 drivers
L_0x750a98886138 .functor BUFT 1, C4<00>, C4<0>, C4<0>, C4<0>;
v0x17456de0_0 .net *"_ivl_11", 1 0, L_0x750a98886138;  1 drivers
L_0x750a98886180 .functor BUFT 1, C4<00000>, C4<0>, C4<0>, C4<0>;
v0x17456ec0_0 .net/2u *"_ivl_14", 4 0, L_0x750a98886180;  1 drivers
v0x17456f80_0 .net *"_ivl_16", 0 0, L_0x1746dc00;  1 drivers
L_0x750a988861c8 .functor BUFT 1, C4<00000000000000000000000000000000>, C4<0>, C4<0>, C4<0>;
v0x17457040_0 .net/2u *"_ivl_18", 31 0, L_0x750a988861c8;  1 drivers
v0x17457170_0 .net *"_ivl_2", 0 0, L_0x1746d710;  1 drivers
v0x17457230_0 .net *"_ivl_20", 31 0, L_0x1746dd30;  1 drivers
v0x17457310_0 .net *"_ivl_22", 6 0, L_0x1746de10;  1 drivers
L_0x750a98886210 .functor BUFT 1, C4<00>, C4<0>, C4<0>, C4<0>;
v0x174573f0_0 .net *"_ivl_25", 1 0, L_0x750a98886210;  1 drivers
L_0x750a988860f0 .functor BUFT 1, C4<00000000000000000000000000000000>, C4<0>, C4<0>, C4<0>;
v0x17457560_0 .net/2u *"_ivl_4", 31 0, L_0x750a988860f0;  1 drivers
v0x17457640_0 .net *"_ivl_6", 31 0, L_0x1746d840;  1 drivers
v0x17457720_0 .net *"_ivl_8", 6 0, L_0x1746d8e0;  1 drivers
v0x17457800_0 .net "clk", 0 0, v0x1745c540_0;  alias, 1 drivers
v0x174578a0_0 .var/i "i", 31 0;
v0x17457960_0 .net "rd_addr", 4 0, L_0x1746ca60;  alias, 1 drivers
v0x17457a50_0 .net "rd_data", 31 0, L_0x1746edf0;  alias, 1 drivers
v0x17457b10_0 .net "reg_write_en", 0 0, L_0x1746ed40;  alias, 1 drivers
v0x17457bd0 .array "registers", 31 0, 31 0;
v0x17457c90_0 .net "rs1_addr", 4 0, L_0x1746cba0;  alias, 1 drivers
v0x17457d80_0 .net "rs1_data", 31 0, L_0x1746da70;  alias, 1 drivers
v0x17457e50_0 .net "rs2_addr", 4 0, L_0x1746cd50;  alias, 1 drivers
v0x17457f20_0 .net "rs2_data", 31 0, L_0x1746df50;  alias, 1 drivers
v0x17457ff0_0 .net "rst_n", 0 0, v0x1745c5e0_0;  alias, 1 drivers
L_0x1746d710 .cmp/eq 5, L_0x1746cba0, L_0x750a988860a8;
L_0x1746d840 .array/port v0x17457bd0, L_0x1746d8e0;
L_0x1746d8e0 .concat [ 5 2 0 0], L_0x1746cba0, L_0x750a98886138;
L_0x1746da70 .functor MUXZ 32, L_0x1746d840, L_0x750a988860f0, L_0x1746d710, C4<>;
L_0x1746dc00 .cmp/eq 5, L_0x1746cd50, L_0x750a98886180;
L_0x1746dd30 .array/port v0x17457bd0, L_0x1746de10;
L_0x1746de10 .concat [ 5 2 0 0], L_0x1746cd50, L_0x750a98886210;
L_0x1746df50 .functor MUXZ 32, L_0x1746dd30, L_0x750a988861c8, L_0x1746dc00, C4<>;
S_0x17459d30 .scope module, "u_dsp" "dsp_coprocessor" 3 44, 9 3 0, S_0x173c34d0;
 .timescale -9 -12;
    .port_info 0 /INPUT 1 "clk";
    .port_info 1 /INPUT 1 "rst_n";
    .port_info 2 /INPUT 32 "rs1_in";
    .port_info 3 /INPUT 32 "rs2_in";
    .port_info 4 /INPUT 1 "valid_in";
    .port_info 5 /OUTPUT 32 "result_out";
    .port_info 6 /OUTPUT 1 "ready_out";
L_0x1746f3b0 .functor BUFZ 32, L_0x1746f160, C4<00000000000000000000000000000000>, C4<00000000000000000000000000000000>, C4<00000000000000000000000000000000>;
L_0x1746f4b0 .functor BUFZ 1, L_0x1746e9f0, C4<0>, C4<0>, C4<0>;
L_0x750a98886378 .functor BUFT 1, C4<00000000000000000000000000000000>, C4<0>, C4<0>, C4<0>;
v0x1745abb0_0 .net/2u *"_ivl_0", 31 0, L_0x750a98886378;  1 drivers
v0x1745acb0_0 .net "clear_flag", 0 0, L_0x1746eee0;  1 drivers
v0x1745ad70_0 .net "clk", 0 0, v0x1745c540_0;  alias, 1 drivers
v0x1745aea0_0 .net "mac_result", 31 0, L_0x1746f160;  1 drivers
v0x1745af40_0 .net "ready_out", 0 0, L_0x1746f4b0;  alias, 1 drivers
v0x1745afe0_0 .net "result_out", 31 0, L_0x1746f3b0;  alias, 1 drivers
v0x1745b080_0 .net "rs1_in", 31 0, L_0x1746e6a0;  alias, 1 drivers
v0x1745b120_0 .net "rs2_in", 31 0, L_0x1746e8f0;  alias, 1 drivers
v0x1745b210_0 .net "rst_n", 0 0, v0x1745c5e0_0;  alias, 1 drivers
v0x1745b3d0_0 .net "valid_in", 0 0, L_0x1746e9f0;  alias, 1 drivers
L_0x1746eee0 .cmp/eq 32, L_0x1746e8f0, L_0x750a98886378;
S_0x17459f90 .scope module, "u_mac" "mac_unit" 9 24, 10 3 0, S_0x17459d30;
 .timescale -9 -12;
    .port_info 0 /INPUT 1 "clk";
    .port_info 1 /INPUT 1 "rst_n";
    .port_info 2 /INPUT 1 "valid_in";
    .port_info 3 /INPUT 1 "clear_acc";
    .port_info 4 /INPUT 32 "a_in";
    .port_info 5 /INPUT 32 "b_in";
    .port_info 6 /OUTPUT 32 "acc_out";
L_0x1746f160 .functor BUFZ 32, L_0x1746f220, C4<00000000000000000000000000000000>, C4<00000000000000000000000000000000>, C4<00000000000000000000000000000000>;
v0x1745a220_0 .net *"_ivl_2", 31 0, L_0x1746f0c0;  1 drivers
v0x1745a320_0 .net "a_in", 31 0, L_0x1746e6a0;  alias, 1 drivers
v0x1745a3e0_0 .net "acc_out", 31 0, L_0x1746f160;  alias, 1 drivers
v0x1745a480_0 .var "acc_reg", 31 0;
v0x1745a560_0 .net "b_in", 31 0, L_0x1746e8f0;  alias, 1 drivers
v0x1745a670_0 .net "clear_acc", 0 0, L_0x1746eee0;  alias, 1 drivers
v0x1745a710_0 .net "clk", 0 0, v0x1745c540_0;  alias, 1 drivers
v0x1745a7b0_0 .net "mult_result", 31 0, L_0x1746f020;  1 drivers
v0x1745a890_0 .net "next_acc", 31 0, L_0x1746f220;  1 drivers
v0x1745a970_0 .net "rst_n", 0 0, v0x1745c5e0_0;  alias, 1 drivers
v0x1745aa10_0 .net "valid_in", 0 0, L_0x1746e9f0;  alias, 1 drivers
L_0x1746f020 .arith/mult 32, L_0x1746e6a0, L_0x1746e8f0;
L_0x1746f0c0 .arith/sum 32, v0x1745a480_0, L_0x1746f020;
L_0x1746f220 .functor MUXZ 32, L_0x1746f0c0, L_0x1746f020, L_0x1746eee0, C4<>;
S_0x1745b510 .scope module, "u_imem" "instruction_memory" 3 22, 11 3 0, S_0x173c34d0;
 .timescale -9 -12;
    .port_info 0 /INPUT 1 "clk";
    .port_info 1 /INPUT 32 "addr";
    .port_info 2 /OUTPUT 32 "inst";
L_0x17435670 .functor BUFZ 32, L_0x1745c6a0, C4<00000000000000000000000000000000>, C4<00000000000000000000000000000000>, C4<00000000000000000000000000000000>;
v0x1745b6f0_0 .net *"_ivl_0", 31 0, L_0x1745c6a0;  1 drivers
v0x1745b7f0_0 .net *"_ivl_3", 7 0, L_0x1745c740;  1 drivers
v0x1745b8d0_0 .net "addr", 31 0, v0x174567a0_0;  alias, 1 drivers
v0x1745b970_0 .net "clk", 0 0, v0x1745c540_0;  alias, 1 drivers
v0x1745ba10_0 .net "inst", 31 0, L_0x17435670;  alias, 1 drivers
v0x1745bb70 .array "rom", 7 0, 31 0;
L_0x1745c6a0 .array/port v0x1745bb70, L_0x1745c740;
L_0x1745c740 .part v0x174567a0_0, 2, 8;
    .scope S_0x1745b510;
T_0 ;
    %vpi_call 11 15 "$readmemh", "../dv/assembly/mac_test.hex", v0x1745bb70 {0 0 0};
    %end;
    .thread T_0;
    .scope S_0x17435d30;
T_1 ;
    %wait E_0x17400780;
    %load/vec4 v0x17456860_0;
    %nor/r;
    %flag_set/vec4 8;
    %jmp/0xz  T_1.0, 8;
    %pushi/vec4 0, 0, 32;
    %assign/vec4 v0x174567a0_0, 0;
    %jmp T_1.1;
T_1.0 ;
    %load/vec4 v0x174566e0_0;
    %assign/vec4 v0x174567a0_0, 0;
T_1.1 ;
    %jmp T_1;
    .thread T_1;
    .scope S_0x174569d0;
T_2 ;
    %wait E_0x17400780;
    %load/vec4 v0x17457ff0_0;
    %nor/r;
    %flag_set/vec4 8;
    %jmp/0xz  T_2.0, 8;
    %pushi/vec4 1, 0, 32;
    %store/vec4 v0x174578a0_0, 0, 32;
T_2.2 ;
    %load/vec4 v0x174578a0_0;
    %cmpi/s 32, 0, 32;
    %jmp/0xz T_2.3, 5;
    %pushi/vec4 0, 0, 32;
    %ix/getv/s 3, v0x174578a0_0;
    %ix/load 4, 0, 0; Constant delay
    %assign/vec4/a/d v0x17457bd0, 0, 4;
    %load/vec4 v0x174578a0_0;
    %addi 1, 0, 32;
    %store/vec4 v0x174578a0_0, 0, 32;
    %jmp T_2.2;
T_2.3 ;
    %jmp T_2.1;
T_2.0 ;
    %load/vec4 v0x17457b10_0;
    %flag_set/vec4 9;
    %flag_get/vec4 9;
    %jmp/0 T_2.6, 9;
    %load/vec4 v0x17457960_0;
    %pushi/vec4 0, 0, 5;
    %cmp/ne;
    %flag_get/vec4 4;
    %and;
T_2.6;
    %flag_set/vec4 8;
    %jmp/0xz  T_2.4, 8;
    %load/vec4 v0x17457a50_0;
    %load/vec4 v0x17457960_0;
    %pad/u 7;
    %ix/vec4 3;
    %ix/load 4, 0, 0; Constant delay
    %assign/vec4/a/d v0x17457bd0, 0, 4;
T_2.4 ;
T_2.1 ;
    %jmp T_2;
    .thread T_2;
    .scope S_0x17434f10;
T_3 ;
    %wait E_0x17400300;
    %pushi/vec4 0, 0, 32;
    %store/vec4 v0x17455970_0, 0, 32;
    %pushi/vec4 0, 0, 1;
    %store/vec4 v0x17455a50_0, 0, 1;
    %load/vec4 v0x17455df0_0;
    %dup/vec4;
    %pushi/vec4 51, 0, 7;
    %cmp/u;
    %jmp/1 T_3.0, 6;
    %dup/vec4;
    %pushi/vec4 19, 0, 7;
    %cmp/u;
    %jmp/1 T_3.1, 6;
    %dup/vec4;
    %pushi/vec4 99, 0, 7;
    %cmp/u;
    %jmp/1 T_3.2, 6;
    %jmp T_3.3;
T_3.0 ;
    %load/vec4 v0x17455bf0_0;
    %dup/vec4;
    %pushi/vec4 0, 0, 3;
    %cmp/u;
    %jmp/1 T_3.4, 6;
    %dup/vec4;
    %pushi/vec4 7, 0, 3;
    %cmp/u;
    %jmp/1 T_3.5, 6;
    %dup/vec4;
    %pushi/vec4 6, 0, 3;
    %cmp/u;
    %jmp/1 T_3.6, 6;
    %dup/vec4;
    %pushi/vec4 4, 0, 3;
    %cmp/u;
    %jmp/1 T_3.7, 6;
    %pushi/vec4 0, 0, 32;
    %store/vec4 v0x17455970_0, 0, 32;
    %jmp T_3.9;
T_3.4 ;
    %load/vec4 v0x17455df0_0;
    %cmpi/e 51, 0, 7;
    %flag_get/vec4 4;
    %jmp/0 T_3.12, 4;
    %load/vec4 v0x17455cb0_0;
    %pushi/vec4 32, 0, 7;
    %cmp/e;
    %flag_get/vec4 4;
    %and;
T_3.12;
    %flag_set/vec4 8;
    %jmp/0xz  T_3.10, 8;
    %load/vec4 v0x17455f50_0;
    %load/vec4 v0x17455890_0;
    %sub;
    %store/vec4 v0x17455970_0, 0, 32;
    %jmp T_3.11;
T_3.10 ;
    %load/vec4 v0x17455f50_0;
    %load/vec4 v0x17455890_0;
    %add;
    %store/vec4 v0x17455970_0, 0, 32;
T_3.11 ;
    %jmp T_3.9;
T_3.5 ;
    %load/vec4 v0x17455f50_0;
    %load/vec4 v0x17455890_0;
    %and;
    %store/vec4 v0x17455970_0, 0, 32;
    %jmp T_3.9;
T_3.6 ;
    %load/vec4 v0x17455f50_0;
    %load/vec4 v0x17455890_0;
    %or;
    %store/vec4 v0x17455970_0, 0, 32;
    %jmp T_3.9;
T_3.7 ;
    %load/vec4 v0x17455f50_0;
    %load/vec4 v0x17455890_0;
    %xor;
    %store/vec4 v0x17455970_0, 0, 32;
    %jmp T_3.9;
T_3.9 ;
    %pop/vec4 1;
    %jmp T_3.3;
T_3.1 ;
    %load/vec4 v0x17455bf0_0;
    %dup/vec4;
    %pushi/vec4 0, 0, 3;
    %cmp/u;
    %jmp/1 T_3.13, 6;
    %dup/vec4;
    %pushi/vec4 7, 0, 3;
    %cmp/u;
    %jmp/1 T_3.14, 6;
    %dup/vec4;
    %pushi/vec4 6, 0, 3;
    %cmp/u;
    %jmp/1 T_3.15, 6;
    %dup/vec4;
    %pushi/vec4 4, 0, 3;
    %cmp/u;
    %jmp/1 T_3.16, 6;
    %pushi/vec4 0, 0, 32;
    %store/vec4 v0x17455970_0, 0, 32;
    %jmp T_3.18;
T_3.13 ;
    %load/vec4 v0x17455df0_0;
    %cmpi/e 51, 0, 7;
    %flag_get/vec4 4;
    %jmp/0 T_3.21, 4;
    %load/vec4 v0x17455cb0_0;
    %pushi/vec4 32, 0, 7;
    %cmp/e;
    %flag_get/vec4 4;
    %and;
T_3.21;
    %flag_set/vec4 8;
    %jmp/0xz  T_3.19, 8;
    %load/vec4 v0x17455f50_0;
    %load/vec4 v0x17455890_0;
    %sub;
    %store/vec4 v0x17455970_0, 0, 32;
    %jmp T_3.20;
T_3.19 ;
    %load/vec4 v0x17455f50_0;
    %load/vec4 v0x17455890_0;
    %add;
    %store/vec4 v0x17455970_0, 0, 32;
T_3.20 ;
    %jmp T_3.18;
T_3.14 ;
    %load/vec4 v0x17455f50_0;
    %load/vec4 v0x17455890_0;
    %and;
    %store/vec4 v0x17455970_0, 0, 32;
    %jmp T_3.18;
T_3.15 ;
    %load/vec4 v0x17455f50_0;
    %load/vec4 v0x17455890_0;
    %or;
    %store/vec4 v0x17455970_0, 0, 32;
    %jmp T_3.18;
T_3.16 ;
    %load/vec4 v0x17455f50_0;
    %load/vec4 v0x17455890_0;
    %xor;
    %store/vec4 v0x17455970_0, 0, 32;
    %jmp T_3.18;
T_3.18 ;
    %pop/vec4 1;
    %jmp T_3.3;
T_3.2 ;
    %load/vec4 v0x17455bf0_0;
    %dup/vec4;
    %pushi/vec4 0, 0, 3;
    %cmp/u;
    %jmp/1 T_3.22, 6;
    %dup/vec4;
    %pushi/vec4 1, 0, 3;
    %cmp/u;
    %jmp/1 T_3.23, 6;
    %pushi/vec4 0, 0, 1;
    %store/vec4 v0x17455a50_0, 0, 1;
    %jmp T_3.25;
T_3.22 ;
    %load/vec4 v0x17455f50_0;
    %load/vec4 v0x17456030_0;
    %cmp/e;
    %flag_get/vec4 4;
    %store/vec4 v0x17455a50_0, 0, 1;
    %jmp T_3.25;
T_3.23 ;
    %load/vec4 v0x17455f50_0;
    %load/vec4 v0x17456030_0;
    %cmp/ne;
    %flag_get/vec4 4;
    %store/vec4 v0x17455a50_0, 0, 1;
    %jmp T_3.25;
T_3.25 ;
    %pop/vec4 1;
    %jmp T_3.3;
T_3.3 ;
    %pop/vec4 1;
    %jmp T_3;
    .thread T_3, $push;
    .scope S_0x17459f90;
T_4 ;
    %wait E_0x17400780;
    %load/vec4 v0x1745a970_0;
    %nor/r;
    %flag_set/vec4 8;
    %jmp/0xz  T_4.0, 8;
    %pushi/vec4 0, 0, 32;
    %assign/vec4 v0x1745a480_0, 0;
    %jmp T_4.1;
T_4.0 ;
    %load/vec4 v0x1745aa10_0;
    %flag_set/vec4 8;
    %jmp/0xz  T_4.2, 8;
    %load/vec4 v0x1745a890_0;
    %assign/vec4 v0x1745a480_0, 0;
T_4.2 ;
T_4.1 ;
    %jmp T_4;
    .thread T_4;
    .scope S_0x173d86c0;
T_5 ;
    %pushi/vec4 0, 0, 1;
    %store/vec4 v0x1745c540_0, 0, 1;
T_5.0 ;
    %delay 5000, 0;
    %load/vec4 v0x1745c540_0;
    %inv;
    %store/vec4 v0x1745c540_0, 0, 1;
    %jmp T_5.0;
    %end;
    .thread T_5;
    .scope S_0x173d86c0;
T_6 ;
    %wait E_0x173ffe90;
    %load/vec4 v0x1745c5e0_0;
    %flag_set/vec4 9;
    %flag_get/vec4 9;
    %jmp/0 T_6.2, 9;
    %load/vec4 v0x17458b70_0;
    %and;
T_6.2;
    %flag_set/vec4 8;
    %jmp/0xz  T_6.0, 8;
    %vpi_call 2 21 "$display", "[%0t ns] [DSP ACCELERATOR] MAC Executed! rs1: %0d, rs2: %0d | ACCUMULATOR RESULT: %0d", $time, v0x17459820_0, v0x174599f0_0, v0x1745afe0_0 {0 0 0};
T_6.0 ;
    %jmp T_6;
    .thread T_6;
    .scope S_0x173d86c0;
T_7 ;
    %vpi_call 2 27 "$display", "\012=========================================" {0 0 0};
    %vpi_call 2 28 "$display", "   Starting SoC Simulation for 24BVD1046 " {0 0 0};
    %vpi_call 2 29 "$display", "=========================================\012" {0 0 0};
    %pushi/vec4 0, 0, 1;
    %store/vec4 v0x1745c5e0_0, 0, 1;
    %vpi_call 2 32 "$dumpfile", "soc_sim.vcd" {0 0 0};
    %vpi_call 2 33 "$dumpvars", 32'sb00000000000000000000000000000000, S_0x173d86c0 {0 0 0};
    %delay 20000, 0;
    %pushi/vec4 1, 0, 1;
    %store/vec4 v0x1745c5e0_0, 0, 1;
    %vpi_call 2 37 "$display", "[%0t ns] System Reset De-asserted. Processor Booting...", $time {0 0 0};
    %delay 100000, 0;
    %vpi_call 2 42 "$display", "\012[%0t ns] Simulation Finished.", $time {0 0 0};
    %vpi_call 2 43 "$finish" {0 0 0};
    %end;
    .thread T_7;
# The file index is used to find the file name in the following table.
:file_names 12;
    "N/A";
    "<interactive>";
    "dv/tb/top_tb.v";
    "hw/rtl/soc/soc_top.v";
    "hw/rtl/core/rv32i_top.v";
    "hw/rtl/core/decode.v";
    "hw/rtl/core/execute.v";
    "hw/rtl/core/fetch.v";
    "hw/rtl/core/register_file.v";
    "hw/rtl/dsp/dsp_coprocessor.v";
    "hw/rtl/dsp/mac_unit.v";
    "hw/rtl/soc/instruction_memory.v";
