Clock: clk
Sources: clk 
Generated: no
Virtual: no
Propagated: no
Period: 10.000000

===========================================================================
report_clock_properties
============================================================================
Clock                   Period          Waveform
----------------------------------------------------
clk                  10.000000    0.000000  5.000000

===========================================================================
report_clock_latency
============================================================================
Clock clk
rise -> rise
    min     max
0.000000 0.000000 source latency
0.725413         network latency _6218_/CLK
        0.725413 network latency _6218_/CLK
---------------
0.725413 0.725413 latency
        0.000000 skew

fall -> fall
    min     max
0.000000 0.000000 source latency
0.350889         network latency _6218_/CLK
        0.350889 network latency _6218_/CLK
---------------
0.350889 0.350889 latency
        0.000000 skew



===========================================================================
report_clock_min_period
============================================================================
clk period_min = 10.09 fmax = 99.13
