
===========================================================================
Violator List
============================================================================
[setup reg-out] _6219_/Q -> monitor_out[31] : -2.337698
[setup reg-out] _6219_/Q -> monitor_out[30] : -2.254678
[setup reg-out] _6219_/Q -> monitor_out[29] : -2.243073
[setup reg-out] _6219_/Q -> monitor_out[28] : -2.190101
[setup reg-out] _6219_/Q -> monitor_out[27] : -1.794401
[setup reg-out] _6219_/Q -> monitor_out[26] : -1.712200
[setup reg-out] _6219_/Q -> monitor_out[23] : -1.590461
[setup reg-out] _6219_/Q -> monitor_out[25] : -1.558838
[setup reg-out] _6219_/Q -> monitor_out[24] : -1.480837
[setup reg-out] _6219_/Q -> monitor_out[22] : -1.338490
[setup reg-out] _6219_/Q -> monitor_out[21] : -1.243683
[setup reg-out] _6219_/Q -> monitor_out[20] : -1.008790
[setup reg-out] _6219_/Q -> monitor_out[19] : -0.751680
[setup reg-out] _6219_/Q -> monitor_out[18] : -0.508032
[setup reg-out] _6219_/Q -> monitor_out[17] : -0.473151
[setup reg-out] _6219_/Q -> monitor_out[16] : -0.255749
[setup reg-out] _6219_/Q -> monitor_out[15] : -0.107375
[setup reg-reg] _6219_/Q -> _6341_/D : -0.087786
[setup reg-reg] _6219_/Q -> _6343_/D : -0.040375
