
===========================================================================
report_checks -unconstrained
===========================================================================
======================= max_ss_100C_1v60 Corner ===================================

Startpoint: rst_n (input port clocked by clk)
Endpoint: _6341_ (recovery check against rising-edge clock clk)
Path Group: asynchronous
Path Type: max

Fanout         Cap        Slew       Delay        Time   Description
---------------------------------------------------------------------------------------------
                                  0.000000    0.000000   clock clk (rise edge)
                                  0.000000    0.000000   clock network delay (propagated)
                                  3.000000    3.000000 ^ input external delay
     1    0.002553    0.030621    0.014531    3.014531 ^ rst_n (in)
                                                         rst_n (net)
                      0.030621    0.000000    3.014531 ^ input1/A (sky130_fd_sc_hd__clkbuf_1)
     1    0.004287    0.098208    0.152420    3.166951 ^ input1/X (sky130_fd_sc_hd__clkbuf_1)
                                                         net1 (net)
                      0.098208    0.000326    3.167276 ^ fanout255/A (sky130_fd_sc_hd__clkbuf_4)
     5    0.079127    0.376682    0.484026    3.651303 ^ fanout255/X (sky130_fd_sc_hd__clkbuf_4)
                                                         net255 (net)
                      0.376902    0.005359    3.656661 ^ fanout254/A (sky130_fd_sc_hd__buf_4)
    10    0.092374    0.408892    0.575332    4.231993 ^ fanout254/X (sky130_fd_sc_hd__buf_4)
                                                         net254 (net)
                      0.408911    0.002415    4.234407 ^ fanout253/A (sky130_fd_sc_hd__buf_4)
    10    0.067109    0.303208    0.519061    4.753469 ^ fanout253/X (sky130_fd_sc_hd__buf_4)
                                                         net253 (net)
                      0.303997    0.011489    4.764958 ^ fanout252/A (sky130_fd_sc_hd__clkbuf_4)
    10    0.052000    0.256978    0.490012    5.254970 ^ fanout252/X (sky130_fd_sc_hd__clkbuf_4)
                                                         net252 (net)
                      0.257021    0.003443    5.258413 ^ fanout250/A (sky130_fd_sc_hd__clkbuf_4)
    10    0.047723    0.238054    0.454272    5.712685 ^ fanout250/X (sky130_fd_sc_hd__clkbuf_4)
                                                         net250 (net)
                      0.238506    0.007381    5.720067 ^ _6341_/RESET_B (sky130_fd_sc_hd__dfrtp_1)
                                              5.720067   data arrival time

                                 15.000000   15.000000   clock clk (rise edge)
                                  0.000000   15.000000   clock source latency
     1    0.049100    0.352651    0.250811   15.250811 ^ clk (in)
                                                         clk (net)
                      0.353155    0.000000   15.250811 ^ clkbuf_0_clk/A (sky130_fd_sc_hd__clkbuf_16)
    16    0.212315    0.334262    0.547418   15.798229 ^ clkbuf_0_clk/X (sky130_fd_sc_hd__clkbuf_16)
                                                         clknet_0_clk (net)
                      0.336231    0.020835   15.819064 ^ clkbuf_4_11_0_clk/A (sky130_fd_sc_hd__clkbuf_8)
     8    0.032997    0.114787    0.382212   16.201275 ^ clkbuf_4_11_0_clk/X (sky130_fd_sc_hd__clkbuf_8)
                                                         clknet_4_11_0_clk (net)
                      0.114826    0.001931   16.203207 ^ _6341_/CLK (sky130_fd_sc_hd__dfrtp_1)
                                 -0.250000   15.953207   clock uncertainty
                                  0.000000   15.953207   clock reconvergence pessimism
                                  0.415273   16.368481   library recovery time
                                             16.368481   data required time
---------------------------------------------------------------------------------------------
                                             16.368481   data required time
                                             -5.720067   data arrival time
---------------------------------------------------------------------------------------------
                                             10.648414   slack (MET)


Startpoint: _6283_ (rising edge-triggered flip-flop clocked by clk)
Endpoint: monitor_out[31] (output port clocked by clk)
Path Group: clk
Path Type: max

Fanout         Cap        Slew       Delay        Time   Description
---------------------------------------------------------------------------------------------
                                  0.000000    0.000000   clock clk (rise edge)
                                  0.000000    0.000000   clock source latency
     1    0.049100    0.352651    0.250810    0.250810 ^ clk (in)
                                                         clk (net)
                      0.353155    0.000000    0.250810 ^ clkbuf_0_clk/A (sky130_fd_sc_hd__clkbuf_16)
    16    0.212315    0.334262    0.547418    0.798228 ^ clkbuf_0_clk/X (sky130_fd_sc_hd__clkbuf_16)
                                                         clknet_0_clk (net)
                      0.335768    0.018328    0.816556 ^ clkbuf_4_1_0_clk/A (sky130_fd_sc_hd__clkbuf_8)
    12    0.039292    0.129997    0.392256    1.208812 ^ clkbuf_4_1_0_clk/X (sky130_fd_sc_hd__clkbuf_8)
                                                         clknet_4_1_0_clk (net)
                      0.130147    0.003958    1.212771 ^ _6283_/CLK (sky130_fd_sc_hd__dfrtp_4)
     2    0.013094    0.129647    0.867381    2.080152 ^ _6283_/Q (sky130_fd_sc_hd__dfrtp_4)
                                                         core.u_regfile.registers[2][3] (net)
                      0.129647    0.000771    2.080923 ^ rebuffer62/A (sky130_fd_sc_hd__dlymetal6s2s_1)
     2    0.042809    0.655800    0.604401    2.685323 ^ rebuffer62/X (sky130_fd_sc_hd__dlymetal6s2s_1)
                                                         net317 (net)
                      0.655842    0.004413    2.689736 ^ clone61/A (sky130_fd_sc_hd__clkbuf_1)
     6    0.074353    1.366828    1.250909    3.940646 ^ clone61/X (sky130_fd_sc_hd__clkbuf_1)
                                                         net316 (net)
                      1.366853    0.004996    3.945641 ^ _3069_/B (sky130_fd_sc_hd__and2_1)
     1    0.004772    0.122601    0.592737    4.538379 ^ _3069_/X (sky130_fd_sc_hd__and2_1)
                                                         _1976_ (net)
                      0.122601    0.000365    4.538744 ^ fanout99/A (sky130_fd_sc_hd__clkbuf_2)
     6    0.025344    0.222529    0.325231    4.863975 ^ fanout99/X (sky130_fd_sc_hd__clkbuf_2)
                                                         net99 (net)
                      0.222535    0.001508    4.865482 ^ fanout98/A (sky130_fd_sc_hd__clkbuf_4)
    10    0.048999    0.244700    0.442229    5.307711 ^ fanout98/X (sky130_fd_sc_hd__clkbuf_4)
                                                         net98 (net)
                      0.245216    0.009158    5.316870 ^ fanout97/A (sky130_fd_sc_hd__buf_2)
    10    0.042913    0.337344    0.467541    5.784411 ^ fanout97/X (sky130_fd_sc_hd__buf_2)
                                                         net97 (net)
                      0.337348    0.001736    5.786147 ^ _4497_/B (sky130_fd_sc_hd__and3_1)
     2    0.005925    0.129466    0.424196    6.210343 ^ _4497_/X (sky130_fd_sc_hd__and3_1)
                                                         _0777_ (net)
                      0.129466    0.000212    6.210556 ^ _4498_/B (sky130_fd_sc_hd__nor2_1)
     2    0.007606    0.091056    0.126367    6.336923 v _4498_/Y (sky130_fd_sc_hd__nor2_1)
                                                         _0778_ (net)
                      0.091057    0.000480    6.337403 v _4626_/A3 (sky130_fd_sc_hd__a31o_1)
     2    0.009068    0.117665    0.448404    6.785807 v _4626_/X (sky130_fd_sc_hd__a31o_1)
                                                         _0905_ (net)
                      0.117666    0.000628    6.786435 v _4635_/A (sky130_fd_sc_hd__xnor2_1)
     2    0.005585    0.275343    0.330842    7.117277 ^ _4635_/Y (sky130_fd_sc_hd__xnor2_1)
                                                         _0914_ (net)
                      0.275343    0.000284    7.117561 ^ _4636_/B (sky130_fd_sc_hd__or2_1)
     1    0.002859    0.067731    0.244976    7.362536 ^ _4636_/X (sky130_fd_sc_hd__or2_1)
                                                         _0915_ (net)
                      0.067731    0.000133    7.362669 ^ _4638_/A (sky130_fd_sc_hd__nand2_1)
     2    0.004691    0.099125    0.117012    7.479681 v _4638_/Y (sky130_fd_sc_hd__nand2_1)
                                                         _0917_ (net)
                      0.099125    0.000152    7.479833 v _4639_/C (sky130_fd_sc_hd__and3_1)
     1    0.002795    0.070400    0.371714    7.851547 v _4639_/X (sky130_fd_sc_hd__and3_1)
                                                         _0918_ (net)
                      0.070400    0.000204    7.851751 v _4641_/A (sky130_fd_sc_hd__nor2_1)
     2    0.010164    0.330510    0.320340    8.172091 ^ _4641_/Y (sky130_fd_sc_hd__nor2_1)
                                                         _0920_ (net)
                      0.330512    0.000679    8.172771 ^ _4642_/B (sky130_fd_sc_hd__xor2_1)
     2    0.015056    0.540258    0.601178    8.773949 ^ _4642_/X (sky130_fd_sc_hd__xor2_1)
                                                         _0921_ (net)
                      0.540262    0.001301    8.775250 ^ _4663_/A (sky130_fd_sc_hd__xor2_1)
     2    0.004766    0.155823    0.308194    9.083445 v _4663_/X (sky130_fd_sc_hd__xor2_1)
                                                         _0942_ (net)
                      0.155823    0.000216    9.083660 v _4664_/B (sky130_fd_sc_hd__and2_1)
     3    0.010855    0.132978    0.423068    9.506728 v _4664_/X (sky130_fd_sc_hd__and2_1)
                                                         _0943_ (net)
                      0.132978    0.000311    9.507039 v _4666_/A (sky130_fd_sc_hd__or2_1)
     2    0.006976    0.133014    0.568160   10.075199 v _4666_/X (sky130_fd_sc_hd__or2_1)
                                                         _0945_ (net)
                      0.133014    0.000480   10.075679 v _4734_/A (sky130_fd_sc_hd__xnor2_1)
     2    0.008048    0.354962    0.399334   10.475012 ^ _4734_/Y (sky130_fd_sc_hd__xnor2_1)
                                                         _1013_ (net)
                      0.355050    0.000597   10.475609 ^ _4736_/B (sky130_fd_sc_hd__xor2_1)
     2    0.008182    0.336473    0.455955   10.931564 ^ _4736_/X (sky130_fd_sc_hd__xor2_1)
                                                         _1015_ (net)
                      0.336473    0.000599   10.932163 ^ _4737_/B (sky130_fd_sc_hd__xor2_1)
     2    0.006662    0.292183    0.417179   11.349342 ^ _4737_/X (sky130_fd_sc_hd__xor2_1)
                                                         _1016_ (net)
                      0.292183    0.000447   11.349789 ^ _4739_/B (sky130_fd_sc_hd__nand2_1)
     2    0.005370    0.119993    0.215993   11.565782 v _4739_/Y (sky130_fd_sc_hd__nand2_1)
                                                         _1018_ (net)
                      0.119993    0.000310   11.566092 v _4740_/B (sky130_fd_sc_hd__and2b_1)
     2    0.007499    0.103527    0.381754   11.947845 v _4740_/X (sky130_fd_sc_hd__and2b_1)
                                                         _1019_ (net)
                      0.103527    0.000511   11.948357 v _4741_/B (sky130_fd_sc_hd__xnor2_1)
     2    0.012996    0.518045    0.480060   12.428417 ^ _4741_/Y (sky130_fd_sc_hd__xnor2_1)
                                                         _1020_ (net)
                      0.518047    0.000859   12.429276 ^ _4742_/C (sky130_fd_sc_hd__nand3_1)
     3    0.012902    0.353095    0.487739   12.917014 v _4742_/Y (sky130_fd_sc_hd__nand3_1)
                                                         _1021_ (net)
                      0.353095    0.000617   12.917632 v _4756_/B1_N (sky130_fd_sc_hd__a21bo_1)
     2    0.012044    0.174682    0.555692   13.473324 ^ _4756_/X (sky130_fd_sc_hd__a21bo_1)
                                                         _1034_ (net)
                      0.174683    0.000883   13.474207 ^ _4894_/A2 (sky130_fd_sc_hd__a21oi_4)
     4    0.018306    0.145640    0.182643   13.656850 v _4894_/Y (sky130_fd_sc_hd__a21oi_4)
                                                         _1172_ (net)
                      0.145646    0.001684   13.658534 v _5199_/A2 (sky130_fd_sc_hd__o311ai_4)
     4    0.011883    0.421753    0.524098   14.182632 ^ _5199_/Y (sky130_fd_sc_hd__o311ai_4)
                                                         _1475_ (net)
                      0.421753    0.000862   14.183495 ^ _5368_/A2 (sky130_fd_sc_hd__a21o_1)
     4    0.014603    0.210983    0.452919   14.636415 ^ _5368_/X (sky130_fd_sc_hd__a21o_1)
                                                         _1643_ (net)
                      0.210985    0.000992   14.637406 ^ _5543_/A2 (sky130_fd_sc_hd__a21oi_2)
     3    0.010634    0.117969    0.200953   14.838360 v _5543_/Y (sky130_fd_sc_hd__a21oi_2)
                                                         _1817_ (net)
                      0.117970    0.000561   14.838921 v _5711_/C1 (sky130_fd_sc_hd__a211o_1)
     2    0.005454    0.109978    0.475521   15.314442 v _5711_/X (sky130_fd_sc_hd__a211o_1)
                                                         _1992_ (net)
                      0.109978    0.000174   15.314616 v _5714_/B (sky130_fd_sc_hd__and3_1)
     2    0.003749    0.078989    0.359771   15.674387 v _5714_/X (sky130_fd_sc_hd__and3_1)
                                                         _1995_ (net)
                      0.078989    0.000144   15.674531 v _5715_/B (sky130_fd_sc_hd__or2_1)
     3    0.007159    0.134557    0.510058   16.184587 v _5715_/X (sky130_fd_sc_hd__or2_1)
                                                         _1996_ (net)
                      0.134557    0.000256   16.184845 v _5719_/D1 (sky130_fd_sc_hd__a2111o_1)
     2    0.018420    0.242305    0.754572   16.939415 v _5719_/X (sky130_fd_sc_hd__a2111o_1)
                                                         _2000_ (net)
                      0.242308    0.001322   16.940737 v _5887_/A2 (sky130_fd_sc_hd__a21oi_4)
     3    0.020109    0.292137    0.412236   17.352972 ^ _5887_/Y (sky130_fd_sc_hd__a21oi_4)
                                                         _2185_ (net)
                      0.292139    0.001307   17.354280 ^ _6005_/A1 (sky130_fd_sc_hd__o21ai_2)
     1    0.006132    0.138662    0.209299   17.563580 v _6005_/Y (sky130_fd_sc_hd__o21ai_2)
                                                         _2313_ (net)
                      0.138662    0.000442   17.564022 v _6006_/C1 (sky130_fd_sc_hd__o311a_4)
     2    0.013944    0.110440    0.270720   17.834742 v _6006_/X (sky130_fd_sc_hd__o311a_4)
                                                         core.dsp_result_in[31] (net)
                      0.110440    0.001162   17.835903 v _6086_/B (sky130_fd_sc_hd__xnor2_2)
     1    0.005618    0.117076    0.257808   18.093712 v _6086_/Y (sky130_fd_sc_hd__xnor2_2)
                                                         net26 (net)
                      0.117076    0.000409   18.094120 v output26/A (sky130_fd_sc_hd__buf_6)
     1    0.034745    0.076562    0.269521   18.363642 v output26/X (sky130_fd_sc_hd__buf_6)
                                                         monitor_out[31] (net)
                      0.076614    0.001760   18.365402 v monitor_out[31] (out)
                                             18.365402   data arrival time

                                 15.000000   15.000000   clock clk (rise edge)
                                  0.000000   15.000000   clock network delay (propagated)
                                 -0.250000   14.750000   clock uncertainty
                                  0.000000   14.750000   clock reconvergence pessimism
                                 -3.000000   11.750000   output external delay
                                             11.750000   data required time
---------------------------------------------------------------------------------------------
                                             11.750000   data required time
                                            -18.365402   data arrival time
---------------------------------------------------------------------------------------------
                                             -6.615402   slack (VIOLATED)




===========================================================================
report_checks --slack_max -0.01
============================================================================
======================= max_ss_100C_1v60 Corner ===================================

Startpoint: _6283_ (rising edge-triggered flip-flop clocked by clk)
Endpoint: monitor_out[31] (output port clocked by clk)
Path Group: clk
Path Type: max

Fanout         Cap        Slew       Delay        Time   Description
---------------------------------------------------------------------------------------------
                                  0.000000    0.000000   clock clk (rise edge)
                                  0.000000    0.000000   clock source latency
     1    0.049100    0.352651    0.250810    0.250810 ^ clk (in)
                                                         clk (net)
                      0.353155    0.000000    0.250810 ^ clkbuf_0_clk/A (sky130_fd_sc_hd__clkbuf_16)
    16    0.212315    0.334262    0.547418    0.798228 ^ clkbuf_0_clk/X (sky130_fd_sc_hd__clkbuf_16)
                                                         clknet_0_clk (net)
                      0.335768    0.018328    0.816556 ^ clkbuf_4_1_0_clk/A (sky130_fd_sc_hd__clkbuf_8)
    12    0.039292    0.129997    0.392256    1.208812 ^ clkbuf_4_1_0_clk/X (sky130_fd_sc_hd__clkbuf_8)
                                                         clknet_4_1_0_clk (net)
                      0.130147    0.003958    1.212771 ^ _6283_/CLK (sky130_fd_sc_hd__dfrtp_4)
     2    0.013094    0.129647    0.867381    2.080152 ^ _6283_/Q (sky130_fd_sc_hd__dfrtp_4)
                                                         core.u_regfile.registers[2][3] (net)
                      0.129647    0.000771    2.080923 ^ rebuffer62/A (sky130_fd_sc_hd__dlymetal6s2s_1)
     2    0.042809    0.655800    0.604401    2.685323 ^ rebuffer62/X (sky130_fd_sc_hd__dlymetal6s2s_1)
                                                         net317 (net)
                      0.655842    0.004413    2.689736 ^ clone61/A (sky130_fd_sc_hd__clkbuf_1)
     6    0.074353    1.366828    1.250909    3.940646 ^ clone61/X (sky130_fd_sc_hd__clkbuf_1)
                                                         net316 (net)
                      1.366853    0.004996    3.945641 ^ _3069_/B (sky130_fd_sc_hd__and2_1)
     1    0.004772    0.122601    0.592737    4.538379 ^ _3069_/X (sky130_fd_sc_hd__and2_1)
                                                         _1976_ (net)
                      0.122601    0.000365    4.538744 ^ fanout99/A (sky130_fd_sc_hd__clkbuf_2)
     6    0.025344    0.222529    0.325231    4.863975 ^ fanout99/X (sky130_fd_sc_hd__clkbuf_2)
                                                         net99 (net)
                      0.222535    0.001508    4.865482 ^ fanout98/A (sky130_fd_sc_hd__clkbuf_4)
    10    0.048999    0.244700    0.442229    5.307711 ^ fanout98/X (sky130_fd_sc_hd__clkbuf_4)
                                                         net98 (net)
                      0.245216    0.009158    5.316870 ^ fanout97/A (sky130_fd_sc_hd__buf_2)
    10    0.042913    0.337344    0.467541    5.784411 ^ fanout97/X (sky130_fd_sc_hd__buf_2)
                                                         net97 (net)
                      0.337348    0.001736    5.786147 ^ _4497_/B (sky130_fd_sc_hd__and3_1)
     2    0.005925    0.129466    0.424196    6.210343 ^ _4497_/X (sky130_fd_sc_hd__and3_1)
                                                         _0777_ (net)
                      0.129466    0.000212    6.210556 ^ _4498_/B (sky130_fd_sc_hd__nor2_1)
     2    0.007606    0.091056    0.126367    6.336923 v _4498_/Y (sky130_fd_sc_hd__nor2_1)
                                                         _0778_ (net)
                      0.091057    0.000480    6.337403 v _4626_/A3 (sky130_fd_sc_hd__a31o_1)
     2    0.009068    0.117665    0.448404    6.785807 v _4626_/X (sky130_fd_sc_hd__a31o_1)
                                                         _0905_ (net)
                      0.117666    0.000628    6.786435 v _4635_/A (sky130_fd_sc_hd__xnor2_1)
     2    0.005585    0.275343    0.330842    7.117277 ^ _4635_/Y (sky130_fd_sc_hd__xnor2_1)
                                                         _0914_ (net)
                      0.275343    0.000284    7.117561 ^ _4636_/B (sky130_fd_sc_hd__or2_1)
     1    0.002859    0.067731    0.244976    7.362536 ^ _4636_/X (sky130_fd_sc_hd__or2_1)
                                                         _0915_ (net)
                      0.067731    0.000133    7.362669 ^ _4638_/A (sky130_fd_sc_hd__nand2_1)
     2    0.004691    0.099125    0.117012    7.479681 v _4638_/Y (sky130_fd_sc_hd__nand2_1)
                                                         _0917_ (net)
                      0.099125    0.000152    7.479833 v _4639_/C (sky130_fd_sc_hd__and3_1)
     1    0.002795    0.070400    0.371714    7.851547 v _4639_/X (sky130_fd_sc_hd__and3_1)
                                                         _0918_ (net)
                      0.070400    0.000204    7.851751 v _4641_/A (sky130_fd_sc_hd__nor2_1)
     2    0.010164    0.330510    0.320340    8.172091 ^ _4641_/Y (sky130_fd_sc_hd__nor2_1)
                                                         _0920_ (net)
                      0.330512    0.000679    8.172771 ^ _4642_/B (sky130_fd_sc_hd__xor2_1)
     2    0.015056    0.540258    0.601178    8.773949 ^ _4642_/X (sky130_fd_sc_hd__xor2_1)
                                                         _0921_ (net)
                      0.540262    0.001301    8.775250 ^ _4663_/A (sky130_fd_sc_hd__xor2_1)
     2    0.004766    0.155823    0.308194    9.083445 v _4663_/X (sky130_fd_sc_hd__xor2_1)
                                                         _0942_ (net)
                      0.155823    0.000216    9.083660 v _4664_/B (sky130_fd_sc_hd__and2_1)
     3    0.010855    0.132978    0.423068    9.506728 v _4664_/X (sky130_fd_sc_hd__and2_1)
                                                         _0943_ (net)
                      0.132978    0.000311    9.507039 v _4666_/A (sky130_fd_sc_hd__or2_1)
     2    0.006976    0.133014    0.568160   10.075199 v _4666_/X (sky130_fd_sc_hd__or2_1)
                                                         _0945_ (net)
                      0.133014    0.000480   10.075679 v _4734_/A (sky130_fd_sc_hd__xnor2_1)
     2    0.008048    0.354962    0.399334   10.475012 ^ _4734_/Y (sky130_fd_sc_hd__xnor2_1)
                                                         _1013_ (net)
                      0.355050    0.000597   10.475609 ^ _4736_/B (sky130_fd_sc_hd__xor2_1)
     2    0.008182    0.336473    0.455955   10.931564 ^ _4736_/X (sky130_fd_sc_hd__xor2_1)
                                                         _1015_ (net)
                      0.336473    0.000599   10.932163 ^ _4737_/B (sky130_fd_sc_hd__xor2_1)
     2    0.006662    0.292183    0.417179   11.349342 ^ _4737_/X (sky130_fd_sc_hd__xor2_1)
                                                         _1016_ (net)
                      0.292183    0.000447   11.349789 ^ _4739_/B (sky130_fd_sc_hd__nand2_1)
     2    0.005370    0.119993    0.215993   11.565782 v _4739_/Y (sky130_fd_sc_hd__nand2_1)
                                                         _1018_ (net)
                      0.119993    0.000310   11.566092 v _4740_/B (sky130_fd_sc_hd__and2b_1)
     2    0.007499    0.103527    0.381754   11.947845 v _4740_/X (sky130_fd_sc_hd__and2b_1)
                                                         _1019_ (net)
                      0.103527    0.000511   11.948357 v _4741_/B (sky130_fd_sc_hd__xnor2_1)
     2    0.012996    0.518045    0.480060   12.428417 ^ _4741_/Y (sky130_fd_sc_hd__xnor2_1)
                                                         _1020_ (net)
                      0.518047    0.000859   12.429276 ^ _4742_/C (sky130_fd_sc_hd__nand3_1)
     3    0.012902    0.353095    0.487739   12.917014 v _4742_/Y (sky130_fd_sc_hd__nand3_1)
                                                         _1021_ (net)
                      0.353095    0.000617   12.917632 v _4756_/B1_N (sky130_fd_sc_hd__a21bo_1)
     2    0.012044    0.174682    0.555692   13.473324 ^ _4756_/X (sky130_fd_sc_hd__a21bo_1)
                                                         _1034_ (net)
                      0.174683    0.000883   13.474207 ^ _4894_/A2 (sky130_fd_sc_hd__a21oi_4)
     4    0.018306    0.145640    0.182643   13.656850 v _4894_/Y (sky130_fd_sc_hd__a21oi_4)
                                                         _1172_ (net)
                      0.145646    0.001684   13.658534 v _5199_/A2 (sky130_fd_sc_hd__o311ai_4)
     4    0.011883    0.421753    0.524098   14.182632 ^ _5199_/Y (sky130_fd_sc_hd__o311ai_4)
                                                         _1475_ (net)
                      0.421753    0.000862   14.183495 ^ _5368_/A2 (sky130_fd_sc_hd__a21o_1)
     4    0.014603    0.210983    0.452919   14.636415 ^ _5368_/X (sky130_fd_sc_hd__a21o_1)
                                                         _1643_ (net)
                      0.210985    0.000992   14.637406 ^ _5543_/A2 (sky130_fd_sc_hd__a21oi_2)
     3    0.010634    0.117969    0.200953   14.838360 v _5543_/Y (sky130_fd_sc_hd__a21oi_2)
                                                         _1817_ (net)
                      0.117970    0.000561   14.838921 v _5711_/C1 (sky130_fd_sc_hd__a211o_1)
     2    0.005454    0.109978    0.475521   15.314442 v _5711_/X (sky130_fd_sc_hd__a211o_1)
                                                         _1992_ (net)
                      0.109978    0.000174   15.314616 v _5714_/B (sky130_fd_sc_hd__and3_1)
     2    0.003749    0.078989    0.359771   15.674387 v _5714_/X (sky130_fd_sc_hd__and3_1)
                                                         _1995_ (net)
                      0.078989    0.000144   15.674531 v _5715_/B (sky130_fd_sc_hd__or2_1)
     3    0.007159    0.134557    0.510058   16.184587 v _5715_/X (sky130_fd_sc_hd__or2_1)
                                                         _1996_ (net)
                      0.134557    0.000256   16.184845 v _5719_/D1 (sky130_fd_sc_hd__a2111o_1)
     2    0.018420    0.242305    0.754572   16.939415 v _5719_/X (sky130_fd_sc_hd__a2111o_1)
                                                         _2000_ (net)
                      0.242308    0.001322   16.940737 v _5887_/A2 (sky130_fd_sc_hd__a21oi_4)
     3    0.020109    0.292137    0.412236   17.352972 ^ _5887_/Y (sky130_fd_sc_hd__a21oi_4)
                                                         _2185_ (net)
                      0.292139    0.001307   17.354280 ^ _6005_/A1 (sky130_fd_sc_hd__o21ai_2)
     1    0.006132    0.138662    0.209299   17.563580 v _6005_/Y (sky130_fd_sc_hd__o21ai_2)
                                                         _2313_ (net)
                      0.138662    0.000442   17.564022 v _6006_/C1 (sky130_fd_sc_hd__o311a_4)
     2    0.013944    0.110440    0.270720   17.834742 v _6006_/X (sky130_fd_sc_hd__o311a_4)
                                                         core.dsp_result_in[31] (net)
                      0.110440    0.001162   17.835903 v _6086_/B (sky130_fd_sc_hd__xnor2_2)
     1    0.005618    0.117076    0.257808   18.093712 v _6086_/Y (sky130_fd_sc_hd__xnor2_2)
                                                         net26 (net)
                      0.117076    0.000409   18.094120 v output26/A (sky130_fd_sc_hd__buf_6)
     1    0.034745    0.076562    0.269521   18.363642 v output26/X (sky130_fd_sc_hd__buf_6)
                                                         monitor_out[31] (net)
                      0.076614    0.001760   18.365402 v monitor_out[31] (out)
                                             18.365402   data arrival time

                                 15.000000   15.000000   clock clk (rise edge)
                                  0.000000   15.000000   clock network delay (propagated)
                                 -0.250000   14.750000   clock uncertainty
                                  0.000000   14.750000   clock reconvergence pessimism
                                 -3.000000   11.750000   output external delay
                                             11.750000   data required time
---------------------------------------------------------------------------------------------
                                             11.750000   data required time
                                            -18.365402   data arrival time
---------------------------------------------------------------------------------------------
                                             -6.615402   slack (VIOLATED)




===========================================================================
 report_check_types -max_slew -max_cap -max_fanout -violators
============================================================================
======================= max_ss_100C_1v60 Corner ===================================

max slew

Pin                                        Limit        Slew       Slack
------------------------------------------------------------------------
ANTENNA_14/DIODE                        0.750000    1.366852   -0.616852 (VIOLATED)
_3069_/B                                0.750000    1.366853   -0.616853 (VIOLATED)
_3312_/A1                               0.750000    1.366852   -0.616852 (VIOLATED)
_3943_/A1                               0.750000    1.366850   -0.616850 (VIOLATED)
_5383_/C                                0.750000    1.366849   -0.616849 (VIOLATED)
_4912_/A1                               0.750000    1.366848   -0.616848 (VIOLATED)
clone61/X                               0.750000    1.366828   -0.616828 (VIOLATED)
rebuffer34/A                            0.750000    0.856162   -0.106162 (VIOLATED)
_5563_/C                                0.750000    0.856162   -0.106162 (VIOLATED)
rebuffer33/X                            0.750000    0.856126   -0.106126 (VIOLATED)
_5805_/A                                0.750000    0.787700   -0.037700 (VIOLATED)
_5803_/Y                                0.750000    0.787696   -0.037696 (VIOLATED)

max fanout

Pin                                   Limit Fanout  Slack
---------------------------------------------------------
clkbuf_0_clk/X                           10     16     -6 (VIOLATED)
clkbuf_4_0_0_clk/X                       10     12     -2 (VIOLATED)
clkbuf_4_1_0_clk/X                       10     12     -2 (VIOLATED)
clkbuf_4_2_0_clk/X                       10     12     -2 (VIOLATED)
fanout34/X                               10     12     -2 (VIOLATED)
_6258_/Q                                 10     11        (VIOLATED)
clkbuf_4_3_0_clk/X                       10     11        (VIOLATED)
clkbuf_4_5_0_clk/X                       10     11        (VIOLATED)
fanout126/X                              10     11        (VIOLATED)
fanout189/X                              10     11        (VIOLATED)
fanout198/X                              10     11        (VIOLATED)
fanout202/X                              10     11        (VIOLATED)
fanout205/X                              10     11        (VIOLATED)
fanout56/X                               10     11        (VIOLATED)

max capacitance

Pin                                        Limit         Cap       Slack
------------------------------------------------------------------------
clkbuf_0_clk/X                          0.200000    0.212315   -0.012315 (VIOLATED)



===========================================================================
report_parasitic_annotation -report_unannotated
============================================================================
Found 15 unannotated drivers.
 clkload0/X
 clkload1/X
 clkload10/Y
 clkload11/Y
 clkload12/Y
 clkload13/Y
 clkload14/Y
 clkload2/X
 clkload3/Y
 clkload4/X
 clkload5/Y
 clkload6/Y
 clkload7/Y
 clkload8/Y
 clkload9/Y
Found 0 partially unannotated drivers.

===========================================================================
max slew violation count 12
max fanout violation count 14
max cap violation count 1
============================================================================

===========================================================================
check_setup -verbose -unconstrained_endpoints -multiple_clock -no_clock -no_input_delay -loops -generated_clocks
===========================================================================
