Clock: clk
Sources: clk 
Generated: no
Virtual: yes
Propagated: no
Period: 15.000000

===========================================================================
report_clock_properties
============================================================================
Clock                   Period          Waveform
----------------------------------------------------
clk                  15.000000    0.000000  7.500000

===========================================================================
report_clock_latency
============================================================================
Clock clk
rise -> rise
    min     max
0.000000 0.000000 source latency
1.202646         network latency _6276_/CLK
        1.253393 network latency _6262_/CLK
---------------
1.202646 1.253393 latency
        0.050746 skew

fall -> fall
    min     max
0.000000 0.000000 source latency
0.996706         network latency _6276_/CLK
        1.034066 network latency _6262_/CLK
---------------
0.996706 1.034066 latency
        0.037360 skew



===========================================================================
report_clock_min_period
============================================================================
clk period_min = 17.16 fmax = 58.26
