
===========================================================================
 report_power
============================================================================
======================= max_ss_100C_1v60 Corner ===================================

Group                    Internal    Switching      Leakage        Total
                            Power        Power        Power        Power (Watts)
------------------------------------------------------------------------
Sequential           2.594807e-04 0.000000e+00 2.363232e-06 2.618439e-04  46.7%
Combinational        1.938950e-06 7.649272e-06 1.550362e-05 2.509184e-05   4.5%
Clock                1.243098e-04 1.496645e-04 3.192372e-07 2.742936e-04  48.9%
Macro                0.000000e+00 0.000000e+00 0.000000e+00 0.000000e+00   0.0%
Pad                  0.000000e+00 0.000000e+00 0.000000e+00 0.000000e+00   0.0%
------------------------------------------------------------------------
Total                3.857294e-04 1.573138e-04 1.818609e-05 5.612293e-04 100.0%
                            68.7%        28.0%         3.2%

