
===========================================================================
Violator List
============================================================================
[setup reg-out] _6283_/Q -> monitor_out[31] : -6.615402
[setup reg-out] _6283_/Q -> monitor_out[30] : -6.526816
[setup reg-out] _6283_/Q -> monitor_out[29] : -6.293018
[setup reg-out] _6283_/Q -> monitor_out[28] : -6.153213
[setup reg-out] _6283_/Q -> monitor_out[27] : -5.636137
[setup reg-out] _6283_/Q -> monitor_out[26] : -5.409207
[setup reg-out] _6283_/Q -> monitor_out[25] : -4.831499
[setup reg-out] _6283_/Q -> monitor_out[24] : -4.830499
[setup reg-out] _6283_/Q -> monitor_out[23] : -4.714966
[setup reg-out] _6283_/Q -> monitor_out[22] : -4.231763
[setup reg-out] _6283_/Q -> monitor_out[21] : -4.061658
[setup reg-out] _6283_/Q -> monitor_out[20] : -3.881343
[setup reg-out] _6219_/Q -> monitor_out[19] : -3.363773
[setup reg-out] _6219_/Q -> monitor_out[18] : -2.895803
[setup reg-out] _6219_/Q -> monitor_out[17] : -2.774732
[setup reg-out] _6219_/Q -> monitor_out[16] : -2.295922
[setup reg-reg] _6283_/Q -> _6343_/D : -2.163869
[setup reg-reg] _6283_/Q -> _6342_/D : -1.944322
[setup reg-out] _6219_/Q -> monitor_out[15] : -1.942110
[setup reg-out] _6219_/Q -> monitor_out[14] : -1.690231
[setup reg-reg] _6283_/Q -> _6341_/D : -1.641604
[setup reg-reg] _6283_/Q -> _6340_/D : -1.585388
[setup reg-out] _6219_/Q -> monitor_out[13] : -1.296284
[setup reg-out] _6219_/Q -> monitor_out[12] : -1.067631
[setup reg-reg] _6283_/Q -> _6339_/D : -0.962123
[setup reg-reg] _6283_/Q -> _6338_/D : -0.775833
[setup reg-out] _6253_/Q -> monitor_out[11] : -0.580585
[setup reg-reg] _6283_/Q -> _6337_/D : -0.368770
[setup reg-reg] _6283_/Q -> _6335_/D : -0.184599
[setup reg-reg] _6283_/Q -> _6336_/D : -0.179874
[setup reg-out] _6253_/Q -> monitor_out[10] : -0.081759
