Reading OpenROAD database at '/home/srijitsengupta/rv32i_dsp_soc/openlane/runs/RUN_2026-07-27_08-13-02/41-openroad-repairantennas/1-diodeinsertion/soc_top.odb'…
Reading library file at '/home/srijitsengupta/.volare/volare/sky130/versions/0fe599b2afb6708d281543108caf8310912f54af/sky130A/libs.ref/sky130_fd_sc_hd/lib/sky130_fd_sc_hd__tt_025C_1v80.lib'…
Reading design constraints file at '/nix/store/ss2cw3sxbrwwx9jl0rrppbw4kgcmgi2n-python3-3.11.9-env/lib/python3.11/site-packages/openlane/scripts/base.sdc'…
[INFO] Using clock clk…
[INFO] Setting output delay to: 2.0
[INFO] Setting input delay to: 2.0
[INFO] Setting load to: 0.033442
[INFO] Setting clock uncertainty to: 0.25
[INFO] Setting clock transition to: 0.1499999999999999944488848768742172978818416595458984375
[INFO] Setting timing derate to: 5%
[INFO ORD-0030] Using 12 thread(s).
[INFO DRT-0149] Reading tech and libs.
[WARNING DRT-0349] LEF58_ENCLOSURE with no CUTCLASS is not supported. Skipping for layer mcon
[WARNING DRT-0349] LEF58_ENCLOSURE with no CUTCLASS is not supported. Skipping for layer mcon
[WARNING DRT-0349] LEF58_ENCLOSURE with no CUTCLASS is not supported. Skipping for layer via
[WARNING DRT-0349] LEF58_ENCLOSURE with no CUTCLASS is not supported. Skipping for layer via
[WARNING DRT-0349] LEF58_ENCLOSURE with no CUTCLASS is not supported. Skipping for layer via2
[WARNING DRT-0349] LEF58_ENCLOSURE with no CUTCLASS is not supported. Skipping for layer via2
[WARNING DRT-0349] LEF58_ENCLOSURE with no CUTCLASS is not supported. Skipping for layer via3
[WARNING DRT-0349] LEF58_ENCLOSURE with no CUTCLASS is not supported. Skipping for layer via3
[WARNING DRT-0349] LEF58_ENCLOSURE with no CUTCLASS is not supported. Skipping for layer via4
[WARNING DRT-0349] LEF58_ENCLOSURE with no CUTCLASS is not supported. Skipping for layer via4

Units:                1000
Number of layers:     13
Number of macros:     441
Number of vias:       29
Number of viarulegen: 25

[INFO DRT-0150] Reading design.

Design:                   soc_top
Die area:                 ( 0 0 ) ( 305880 316600 )
Number of track patterns: 12
Number of DEF vias:       0
Number of components:     5114
Number of terminals:      36
Number of snets:          2
Number of nets:           3660

[INFO DRT-0167] List of default vias:
  Layer via
    default via: M1M2_PR
  Layer via2
    default via: M2M3_PR
  Layer via3
    default via: M3M4_PR
  Layer via4
    default via: M4M5_PR
[INFO DRT-0162] Library cell analysis.
[INFO DRT-0163] Instance analysis.
[INFO DRT-0164] Number of unique instances = 330.
[INFO DRT-0168] Init region query.
[INFO DRT-0024]   Complete FR_MASTERSLICE.
[INFO DRT-0024]   Complete licon.
[INFO DRT-0024]   Complete li1.
[INFO DRT-0024]   Complete mcon.
[INFO DRT-0024]   Complete met1.
[INFO DRT-0024]   Complete via.
[INFO DRT-0024]   Complete met2.
[INFO DRT-0024]   Complete via2.
[INFO DRT-0024]   Complete met3.
[INFO DRT-0024]   Complete via3.
[INFO DRT-0024]   Complete met4.
[INFO DRT-0024]   Complete via4.
[INFO DRT-0024]   Complete met5.
[INFO DRT-0033] FR_MASTERSLICE shape region query size = 0.
[INFO DRT-0033] licon shape region query size = 0.
[INFO DRT-0033] li1 shape region query size = 143228.
[INFO DRT-0033] mcon shape region query size = 0.
[INFO DRT-0033] met1 shape region query size = 13503.
[INFO DRT-0033] via shape region query size = 1090.
[INFO DRT-0033] met2 shape region query size = 669.
[INFO DRT-0033] via2 shape region query size = 872.
[INFO DRT-0033] met3 shape region query size = 673.
[INFO DRT-0033] via3 shape region query size = 872.
[INFO DRT-0033] met4 shape region query size = 234.
[INFO DRT-0033] via4 shape region query size = 8.
[INFO DRT-0033] met5 shape region query size = 16.
[INFO DRT-0165] Start pin access.
[INFO DRT-0076]   Complete 1000 pins.
[INFO DRT-0078]   Complete 1198 pins.
[INFO DRT-0079]   Complete 100 unique inst patterns.
[INFO DRT-0079]   Complete 200 unique inst patterns.
[INFO DRT-0079]   Complete 300 unique inst patterns.
[INFO DRT-0081]   Complete 324 unique inst patterns.
[INFO DRT-0084]   Complete 2229 groups.
#scanned instances     = 5114
#unique  instances     = 330
#stdCellGenAp          = 9127
#stdCellValidPlanarAp  = 76
#stdCellValidViaAp     = 6908
#stdCellPinNoAp        = 0
#stdCellPinCnt         = 12140
#instTermValidViaApCnt = 0
#macroGenAp            = 0
#macroValidPlanarAp    = 0
#macroValidViaAp       = 0
#macroNoAp             = 0
[INFO DRT-0166] Complete pin access.
[INFO DRT-0267] cpu time = 00:01:36, elapsed time = 00:00:08, memory = 168.28 (MB), peak = 167.10 (MB)

[INFO DRT-0157] Number of guides:     25011

[INFO DRT-0169] Post process guides.
[INFO DRT-0176] GCELLGRID X 0 DO 44 STEP 6900 ;
[INFO DRT-0177] GCELLGRID Y 0 DO 45 STEP 6900 ;
[INFO DRT-0028]   Complete FR_MASTERSLICE.
[INFO DRT-0028]   Complete licon.
[INFO DRT-0028]   Complete li1.
[INFO DRT-0028]   Complete mcon.
[INFO DRT-0028]   Complete met1.
[INFO DRT-0028]   Complete via.
[INFO DRT-0028]   Complete met2.
[INFO DRT-0028]   Complete via2.
[INFO DRT-0028]   Complete met3.
[INFO DRT-0028]   Complete via3.
[INFO DRT-0028]   Complete met4.
[INFO DRT-0028]   Complete via4.
[INFO DRT-0028]   Complete met5.
[INFO DRT-0178] Init guide query.
[INFO DRT-0035]   Complete FR_MASTERSLICE (guide).
[INFO DRT-0035]   Complete licon (guide).
[INFO DRT-0035]   Complete li1 (guide).
[INFO DRT-0035]   Complete mcon (guide).
[INFO DRT-0035]   Complete met1 (guide).
[INFO DRT-0035]   Complete via (guide).
[INFO DRT-0035]   Complete met2 (guide).
[INFO DRT-0035]   Complete via2 (guide).
[INFO DRT-0035]   Complete met3 (guide).
[INFO DRT-0035]   Complete via3 (guide).
[INFO DRT-0035]   Complete met4 (guide).
[INFO DRT-0035]   Complete via4 (guide).
[INFO DRT-0035]   Complete met5 (guide).
[INFO DRT-0036] FR_MASTERSLICE guide region query size = 0.
[INFO DRT-0036] licon guide region query size = 0.
[INFO DRT-0036] li1 guide region query size = 8917.
[INFO DRT-0036] mcon guide region query size = 0.
[INFO DRT-0036] met1 guide region query size = 7000.
[INFO DRT-0036] via guide region query size = 0.
[INFO DRT-0036] met2 guide region query size = 3519.
[INFO DRT-0036] via2 guide region query size = 0.
[INFO DRT-0036] met3 guide region query size = 162.
[INFO DRT-0036] via3 guide region query size = 0.
[INFO DRT-0036] met4 guide region query size = 51.
[INFO DRT-0036] via4 guide region query size = 0.
[INFO DRT-0036] met5 guide region query size = 0.
[INFO DRT-0179] Init gr pin query.
[INFO DRT-0245] skipped writing guide updates to database.
[INFO DRT-0185] Post process initialize RPin region query.
[INFO DRT-0181] Start track assignment.
[INFO DRT-0184] Done with 12487 vertical wires in 1 frboxes and 7162 horizontal wires in 1 frboxes.
[INFO DRT-0186] Done with 946 vertical wires in 1 frboxes and 1984 horizontal wires in 1 frboxes.
[INFO DRT-0182] Complete track assignment.
[INFO DRT-0267] cpu time = 00:00:06, elapsed time = 00:00:01, memory = 229.72 (MB), peak = 250.87 (MB)
[INFO DRT-0187] Start routing data preparation.
[INFO DRT-0267] cpu time = 00:00:00, elapsed time = 00:00:00, memory = 229.77 (MB), peak = 250.87 (MB)
[INFO DRT-0194] Start detail routing.
[INFO DRT-0195] Start 0th optimization iteration.
    Completing 10% with 0 violations.
    elapsed time = 00:00:00, memory = 399.63 (MB).
    Completing 20% with 0 violations.
    elapsed time = 00:00:00, memory = 412.58 (MB).
    Completing 30% with 0 violations.
    elapsed time = 00:00:02, memory = 342.91 (MB).
    Completing 40% with 292 violations.
    elapsed time = 00:00:03, memory = 476.88 (MB).
    Completing 50% with 292 violations.
    elapsed time = 00:00:05, memory = 500.30 (MB).
    Completing 60% with 549 violations.
    elapsed time = 00:00:06, memory = 541.79 (MB).
    Completing 70% with 549 violations.
    elapsed time = 00:00:07, memory = 562.38 (MB).
    Completing 80% with 549 violations.
    elapsed time = 00:00:10, memory = 566.31 (MB).
    Completing 90% with 951 violations.
    elapsed time = 00:00:12, memory = 644.58 (MB).
    Completing 100% with 1224 violations.
    elapsed time = 00:00:14, memory = 590.25 (MB).
[INFO DRT-0199]   Number of violations = 1360.
Viol/Layer         li1   mcon   met1    via   met2   met3
Cut Spacing          0      2      0      0      0      0
Metal Spacing       42      0    315      0     39      5
Min Hole             0      0      8      0      0      0
Recheck              1      0    100      0     35      0
Short                0      0    745      1     67      0
[INFO DRT-0267] cpu time = 00:01:26, elapsed time = 00:00:14, memory = 932.09 (MB), peak = 930.90 (MB)
Total wire length = 107895 um.
Total wire length on LAYER li1 = 0 um.
Total wire length on LAYER met1 = 51638 um.
Total wire length on LAYER met2 = 49032 um.
Total wire length on LAYER met3 = 4627 um.
Total wire length on LAYER met4 = 2598 um.
Total wire length on LAYER met5 = 0 um.
Total number of vias = 24488.
Up-via summary (total 24488):

------------------------
 FR_MASTERSLICE        0
            li1    11946
           met1    12173
           met2      267
           met3      102
           met4        0
------------------------
                   24488


[INFO DRT-0195] Start 1st optimization iteration.
    Completing 10% with 1360 violations.
    elapsed time = 00:00:00, memory = 1002.64 (MB).
    Completing 20% with 1360 violations.
    elapsed time = 00:00:00, memory = 1003.73 (MB).
    Completing 30% with 1360 violations.
    elapsed time = 00:00:02, memory = 1003.79 (MB).
    Completing 40% with 1114 violations.
    elapsed time = 00:00:03, memory = 1057.66 (MB).
    Completing 50% with 1114 violations.
    elapsed time = 00:00:05, memory = 1057.66 (MB).
    Completing 60% with 941 violations.
    elapsed time = 00:00:06, memory = 1049.89 (MB).
    Completing 70% with 941 violations.
    elapsed time = 00:00:08, memory = 1049.89 (MB).
    Completing 80% with 941 violations.
    elapsed time = 00:00:10, memory = 1049.89 (MB).
    Completing 90% with 746 violations.
    elapsed time = 00:00:13, memory = 1073.13 (MB).
    Completing 100% with 655 violations.
    elapsed time = 00:00:14, memory = 1073.13 (MB).
[INFO DRT-0199]   Number of violations = 655.
Viol/Layer        mcon   met1   met2
Cut Spacing          1      0      0
Metal Spacing        0    157     17
Short                0    469     11
[INFO DRT-0267] cpu time = 00:01:27, elapsed time = 00:00:14, memory = 1076.13 (MB), peak = 1075.03 (MB)
Total wire length = 107346 um.
Total wire length on LAYER li1 = 0 um.
Total wire length on LAYER met1 = 51489 um.
Total wire length on LAYER met2 = 48823 um.
Total wire length on LAYER met3 = 4499 um.
Total wire length on LAYER met4 = 2534 um.
Total wire length on LAYER met5 = 0 um.
Total number of vias = 24332.
Up-via summary (total 24332):

------------------------
 FR_MASTERSLICE        0
            li1    11935
           met1    12052
           met2      256
           met3       89
           met4        0
------------------------
                   24332


[INFO DRT-0195] Start 2nd optimization iteration.
    Completing 10% with 655 violations.
    elapsed time = 00:00:00, memory = 1076.13 (MB).
    Completing 20% with 655 violations.
    elapsed time = 00:00:03, memory = 1113.59 (MB).
    Completing 30% with 743 violations.
    elapsed time = 00:00:04, memory = 1113.59 (MB).
    Completing 40% with 743 violations.
    elapsed time = 00:00:04, memory = 1113.59 (MB).
    Completing 50% with 743 violations.
    elapsed time = 00:00:06, memory = 1128.65 (MB).
    Completing 60% with 733 violations.
    elapsed time = 00:00:08, memory = 1128.65 (MB).
    Completing 70% with 733 violations.
    elapsed time = 00:00:09, memory = 1134.09 (MB).
    Completing 80% with 712 violations.
    elapsed time = 00:00:11, memory = 1134.09 (MB).
    Completing 90% with 712 violations.
    elapsed time = 00:00:12, memory = 1138.36 (MB).
    Completing 100% with 673 violations.
    elapsed time = 00:00:14, memory = 1138.36 (MB).
[INFO DRT-0199]   Number of violations = 675.
Viol/Layer        met1   met2
Metal Spacing      117     13
Min Hole             1      0
Recheck              1      1
Short              530     12
[INFO DRT-0267] cpu time = 00:01:20, elapsed time = 00:00:14, memory = 1138.36 (MB), peak = 1137.15 (MB)
Total wire length = 107143 um.
Total wire length on LAYER li1 = 0 um.
Total wire length on LAYER met1 = 51281 um.
Total wire length on LAYER met2 = 48806 um.
Total wire length on LAYER met3 = 4534 um.
Total wire length on LAYER met4 = 2520 um.
Total wire length on LAYER met5 = 0 um.
Total number of vias = 24202.
Up-via summary (total 24202):

------------------------
 FR_MASTERSLICE        0
            li1    11935
           met1    11927
           met2      252
           met3       88
           met4        0
------------------------
                   24202


[INFO DRT-0195] Start 3rd optimization iteration.
    Completing 10% with 675 violations.
    elapsed time = 00:00:00, memory = 1138.36 (MB).
    Completing 20% with 675 violations.
    elapsed time = 00:00:00, memory = 1168.21 (MB).
    Completing 30% with 675 violations.
    elapsed time = 00:00:01, memory = 1169.91 (MB).
    Completing 40% with 564 violations.
    elapsed time = 00:00:04, memory = 1141.31 (MB).
    Completing 50% with 564 violations.
    elapsed time = 00:00:05, memory = 1141.31 (MB).
    Completing 60% with 457 violations.
    elapsed time = 00:00:07, memory = 1141.32 (MB).
    Completing 70% with 457 violations.
    elapsed time = 00:00:07, memory = 1144.07 (MB).
    Completing 80% with 457 violations.
    elapsed time = 00:00:10, memory = 1144.07 (MB).
    Completing 90% with 277 violations.
    elapsed time = 00:00:11, memory = 1147.97 (MB).
    Completing 100% with 90 violations.
    elapsed time = 00:00:12, memory = 1148.43 (MB).
[INFO DRT-0199]   Number of violations = 90.
Viol/Layer        met1
Metal Spacing       20
Short               70
[INFO DRT-0267] cpu time = 00:00:50, elapsed time = 00:00:12, memory = 1148.43 (MB), peak = 1169.90 (MB)
Total wire length = 106972 um.
Total wire length on LAYER li1 = 0 um.
Total wire length on LAYER met1 = 49582 um.
Total wire length on LAYER met2 = 48836 um.
Total wire length on LAYER met3 = 5966 um.
Total wire length on LAYER met4 = 2587 um.
Total wire length on LAYER met5 = 0 um.
Total number of vias = 24587.
Up-via summary (total 24587):

------------------------
 FR_MASTERSLICE        0
            li1    11935
           met1    12045
           met2      513
           met3       94
           met4        0
------------------------
                   24587


[INFO DRT-0195] Start 4th optimization iteration.
    Completing 10% with 90 violations.
    elapsed time = 00:00:00, memory = 1148.43 (MB).
    Completing 20% with 90 violations.
    elapsed time = 00:00:00, memory = 1148.43 (MB).
    Completing 30% with 90 violations.
    elapsed time = 00:00:00, memory = 1148.43 (MB).
    Completing 40% with 51 violations.
    elapsed time = 00:00:00, memory = 1148.43 (MB).
    Completing 50% with 51 violations.
    elapsed time = 00:00:00, memory = 1148.43 (MB).
    Completing 60% with 1 violations.
    elapsed time = 00:00:01, memory = 1148.43 (MB).
    Completing 70% with 1 violations.
    elapsed time = 00:00:01, memory = 1148.43 (MB).
    Completing 80% with 1 violations.
    elapsed time = 00:00:01, memory = 1148.43 (MB).
    Completing 90% with 1 violations.
    elapsed time = 00:00:01, memory = 1148.43 (MB).
    Completing 100% with 0 violations.
    elapsed time = 00:00:02, memory = 1148.43 (MB).
[INFO DRT-0199]   Number of violations = 0.
[INFO DRT-0267] cpu time = 00:00:11, elapsed time = 00:00:02, memory = 1148.43 (MB), peak = 1177.38 (MB)
Total wire length = 106953 um.
Total wire length on LAYER li1 = 0 um.
Total wire length on LAYER met1 = 49387 um.
Total wire length on LAYER met2 = 48843 um.
Total wire length on LAYER met3 = 6129 um.
Total wire length on LAYER met4 = 2593 um.
Total wire length on LAYER met5 = 0 um.
Total number of vias = 24634.
Up-via summary (total 24634):

------------------------
 FR_MASTERSLICE        0
            li1    11935
           met1    12065
           met2      538
           met3       96
           met4        0
------------------------
                   24634


[INFO DRT-0198] Complete detail routing.
Total wire length = 106953 um.
Total wire length on LAYER li1 = 0 um.
Total wire length on LAYER met1 = 49387 um.
Total wire length on LAYER met2 = 48843 um.
Total wire length on LAYER met3 = 6129 um.
Total wire length on LAYER met4 = 2593 um.
Total wire length on LAYER met5 = 0 um.
Total number of vias = 24634.
Up-via summary (total 24634):

------------------------
 FR_MASTERSLICE        0
            li1    11935
           met1    12065
           met2      538
           met3       96
           met4        0
------------------------
                   24634


[INFO DRT-0267] cpu time = 00:05:18, elapsed time = 00:00:57, memory = 1148.43 (MB), peak = 1177.38 (MB)

[INFO DRT-0180] Post processing.
Setting global connections for newly added cells…
[INFO] Setting global connections...
Updating metrics…
Cell type report:                       Count       Area
  Fill cell                               216     810.78
  Tap cell                               1210    1513.95
  Antenna cell                             15      37.54
  Clock buffer                             21     287.78
  Timing Repair Buffer                    359    2848.98
  Inverter                                 26      97.59
  Clock inverter                           11     105.10
  Sequential cell                         126    3260.63
  Multi-Input combinational cell         3130   23947.97
  Total                                  5114   32910.31
Writing OpenROAD database to '/home/srijitsengupta/rv32i_dsp_soc/openlane/runs/RUN_2026-07-27_08-13-02/43-openroad-detailedrouting/soc_top.odb'…
Writing netlist to '/home/srijitsengupta/rv32i_dsp_soc/openlane/runs/RUN_2026-07-27_08-13-02/43-openroad-detailedrouting/soc_top.nl.v'…
Writing powered netlist to '/home/srijitsengupta/rv32i_dsp_soc/openlane/runs/RUN_2026-07-27_08-13-02/43-openroad-detailedrouting/soc_top.pnl.v'…
Writing layout to '/home/srijitsengupta/rv32i_dsp_soc/openlane/runs/RUN_2026-07-27_08-13-02/43-openroad-detailedrouting/soc_top.def'…
Writing timing constraints to '/home/srijitsengupta/rv32i_dsp_soc/openlane/runs/RUN_2026-07-27_08-13-02/43-openroad-detailedrouting/soc_top.sdc'…
