┏━━━━━━━┳━━━━━━━━━┳━━━━━━━━━━┳━━━━━━━━━━━━━━━━━━━━━━━━━━━━━━━━━━━┳━━━━━━━━━━━━━┳━━━━━━━┓
┃ P / R ┃ Partial ┃ Required ┃ Net                               ┃ Pin         ┃ Layer ┃
┡━━━━━━━╇━━━━━━━━━╇━━━━━━━━━━╇━━━━━━━━━━━━━━━━━━━━━━━━━━━━━━━━━━━╇━━━━━━━━━━━━━╇━━━━━━━┩
│ 1.30  │ 520.39  │ 400.00   │ net202                            │ _3081_/B    │ met1  │
│ 1.29  │ 517.89  │ 400.00   │ net189                            │ _5055_/B    │ met1  │
│ 1.26  │ 503.32  │ 400.00   │ net126                            │ _3993_/C    │ met1  │
│ 1.22  │ 486.38  │ 400.00   │ net164                            │ _3613_/B    │ met3  │
│ 1.22  │ 486.38  │ 400.00   │ net164                            │ _3689_/C    │ met3  │
│ 1.14  │ 457.63  │ 400.00   │ net56                             │ _4998_/B    │ met1  │
│ 1.12  │ 447.37  │ 400.00   │ net142                            │ _3450_/C    │ met3  │
│ 1.11  │ 443.61  │ 400.00   │ net198                            │ _3405_/B    │ met1  │
│ 1.10  │ 440.06  │ 400.00   │ core.u_regfile.registers[1\][10\] │ _3387_/B    │ met1  │
│ 1.10  │ 439.67  │ 400.00   │ core.u_regfile.registers[1\][16\] │ _4392_/B    │ met1  │
│ 1.02  │ 406.01  │ 400.00   │ net279                            │ _3312_/A1   │ met3  │
│ 1.00  │ 400.42  │ 400.00   │ net150                            │ fanout149/A │ met1  │
└───────┴─────────┴──────────┴───────────────────────────────────┴─────────────┴───────┘
