
===========================================================================
 report_power
============================================================================
======================= nom_tt_025C_1v80 Corner ===================================

Group                    Internal    Switching      Leakage        Total
                            Power        Power        Power        Power (Watts)
------------------------------------------------------------------------
Sequential           3.394603e-04 0.000000e+00 1.664333e-09 3.394619e-04  52.8%
Combinational        2.369512e-06 7.694111e-06 1.118934e-08 1.007481e-05   1.6%
Clock                1.517307e-04 1.413895e-04 9.076181e-10 2.931211e-04  45.6%
Macro                0.000000e+00 0.000000e+00 0.000000e+00 0.000000e+00   0.0%
Pad                  0.000000e+00 0.000000e+00 0.000000e+00 0.000000e+00   0.0%
------------------------------------------------------------------------
Total                4.935605e-04 1.490836e-04 1.376130e-08 6.426578e-04 100.0%
                            76.8%        23.2%         0.0%
Writing metric power__internal__total: 0.0004935604520142078
Writing metric power__switching__total: 0.0001490836002631113
Writing metric power__leakage__total: 1.3761296990821847e-8
Writing metric power__total: 0.0006426578038372099

