
===========================================================================
report_checks -unconstrained
===========================================================================
======================= min_tt_025C_1v80 Corner ===================================

Startpoint: rst_n (input port clocked by clk)
Endpoint: _6341_ (recovery check against rising-edge clock clk)
Path Group: asynchronous
Path Type: max

Fanout         Cap        Slew       Delay        Time   Description
---------------------------------------------------------------------------------------------
                                  0.000000    0.000000   clock clk (rise edge)
                                  0.000000    0.000000   clock network delay (propagated)
                                  2.000000    2.000000 ^ input external delay
     1    0.002575    0.018775    0.009510    2.009510 ^ rst_n (in)
                                                         rst_n (net)
                      0.018775    0.000000    2.009510 ^ input1/A (sky130_fd_sc_hd__clkbuf_1)
     1    0.004070    0.058000    0.081684    2.091194 ^ input1/X (sky130_fd_sc_hd__clkbuf_1)
                                                         net1 (net)
                      0.058000    0.000068    2.091262 ^ fanout255/A (sky130_fd_sc_hd__clkbuf_4)
     5    0.069663    0.211887    0.261293    2.352555 ^ fanout255/X (sky130_fd_sc_hd__clkbuf_4)
                                                         net255 (net)
                      0.211915    0.002015    2.354570 ^ fanout254/A (sky130_fd_sc_hd__buf_4)
    10    0.083396    0.232310    0.294828    2.649397 ^ fanout254/X (sky130_fd_sc_hd__buf_4)
                                                         net254 (net)
                      0.232311    0.000233    2.649630 ^ fanout253/A (sky130_fd_sc_hd__buf_4)
    10    0.064351    0.180474    0.269286    2.918917 ^ fanout253/X (sky130_fd_sc_hd__buf_4)
                                                         net253 (net)
                      0.180653    0.003541    2.922458 ^ fanout252/A (sky130_fd_sc_hd__clkbuf_4)
    10    0.051547    0.159999    0.268711    3.191169 ^ fanout252/X (sky130_fd_sc_hd__clkbuf_4)
                                                         net252 (net)
                      0.160005    0.001215    3.192384 ^ fanout250/A (sky130_fd_sc_hd__clkbuf_4)
    10    0.048850    0.153588    0.256079    3.448463 ^ fanout250/X (sky130_fd_sc_hd__clkbuf_4)
                                                         net250 (net)
                      0.153614    0.002013    3.450476 ^ _6341_/RESET_B (sky130_fd_sc_hd__dfrtp_1)
                                              3.450476   data arrival time

                                 10.000000   10.000000   clock clk (rise edge)
                                  0.000000   10.000000   clock source latency
     1    0.044703    0.204687    0.145481   10.145481 ^ clk (in)
                                                         clk (net)
                      0.205021    0.000000   10.145481 ^ clkbuf_0_clk/A (sky130_fd_sc_hd__clkbuf_16)
    16    0.187036    0.198532    0.296770   10.442251 ^ clkbuf_0_clk/X (sky130_fd_sc_hd__clkbuf_16)
                                                         clknet_0_clk (net)
                      0.199066    0.008334   10.450584 ^ clkbuf_4_11_0_clk/A (sky130_fd_sc_hd__clkbuf_8)
     8    0.032306    0.071230    0.200134   10.650719 ^ clkbuf_4_11_0_clk/X (sky130_fd_sc_hd__clkbuf_8)
                                                         clknet_4_11_0_clk (net)
                      0.071233    0.000524   10.651243 ^ _6341_/CLK (sky130_fd_sc_hd__dfrtp_1)
                                 -0.250000   10.401243   clock uncertainty
                                  0.000000   10.401243   clock reconvergence pessimism
                                  0.210371   10.611614   library recovery time
                                             10.611614   data required time
---------------------------------------------------------------------------------------------
                                             10.611614   data required time
                                             -3.450476   data arrival time
---------------------------------------------------------------------------------------------
                                              7.161138   slack (MET)


Startpoint: _6219_ (rising edge-triggered flip-flop clocked by clk)
Endpoint: monitor_out[31] (output port clocked by clk)
Path Group: clk
Path Type: max

Fanout         Cap        Slew       Delay        Time   Description
---------------------------------------------------------------------------------------------
                                  0.000000    0.000000   clock clk (rise edge)
                                  0.000000    0.000000   clock source latency
     1    0.044703    0.204687    0.145481    0.145481 ^ clk (in)
                                                         clk (net)
                      0.205021    0.000000    0.145481 ^ clkbuf_0_clk/A (sky130_fd_sc_hd__clkbuf_16)
    16    0.187036    0.198532    0.296770    0.442251 ^ clkbuf_0_clk/X (sky130_fd_sc_hd__clkbuf_16)
                                                         clknet_0_clk (net)
                      0.198593    0.002899    0.445150 ^ clkbuf_4_1_0_clk/A (sky130_fd_sc_hd__clkbuf_8)
    12    0.038070    0.079988    0.206664    0.651814 ^ clkbuf_4_1_0_clk/X (sky130_fd_sc_hd__clkbuf_8)
                                                         clknet_4_1_0_clk (net)
                      0.080011    0.001302    0.653116 ^ _6219_/CLK (sky130_fd_sc_hd__dfrtp_1)
     1    0.006364    0.072380    0.352134    1.005249 ^ _6219_/Q (sky130_fd_sc_hd__dfrtp_1)
                                                         core.dsp_valid_out (net)
                      0.072380    0.000093    1.005343 ^ fanout238/A (sky130_fd_sc_hd__buf_6)
     5    0.057541    0.120251    0.166191    1.171534 ^ fanout238/X (sky130_fd_sc_hd__buf_6)
                                                         net238 (net)
                      0.120251    0.000426    1.171960 ^ fanout214/A (sky130_fd_sc_hd__buf_8)
     7    0.051792    0.091219    0.157496    1.329456 ^ fanout214/X (sky130_fd_sc_hd__buf_8)
                                                         net214 (net)
                      0.091272    0.000249    1.329705 ^ fanout209/A (sky130_fd_sc_hd__buf_8)
     6    0.033428    0.064552    0.129768    1.459473 ^ fanout209/X (sky130_fd_sc_hd__buf_8)
                                                         net209 (net)
                      0.064556    0.000581    1.460053 ^ fanout208/A (sky130_fd_sc_hd__buf_8)
     5    0.015096    0.037845    0.100711    1.560764 ^ fanout208/X (sky130_fd_sc_hd__buf_8)
                                                         net208 (net)
                      0.037845    0.000165    1.560930 ^ _3067_/A (sky130_fd_sc_hd__and2_1)
     1    0.011502    0.123798    0.166922    1.727852 ^ _3067_/X (sky130_fd_sc_hd__and2_1)
                                                         _1954_ (net)
                      0.123798    0.000205    1.728056 ^ fanout102/A (sky130_fd_sc_hd__buf_2)
     5    0.050325    0.245588    0.279388    2.007444 ^ fanout102/X (sky130_fd_sc_hd__buf_2)
                                                         net102 (net)
                      0.245589    0.000306    2.007751 ^ fanout100/A (sky130_fd_sc_hd__clkbuf_4)
    10    0.062716    0.192279    0.310711    2.318461 ^ fanout100/X (sky130_fd_sc_hd__clkbuf_4)
                                                         net100 (net)
                      0.192280    0.000391    2.318852 ^ _3998_/C (sky130_fd_sc_hd__nand4_2)
     4    0.013742    0.141571    0.172635    2.491488 v _3998_/Y (sky130_fd_sc_hd__nand4_2)
                                                         _0283_ (net)
                      0.141571    0.000162    2.491649 v _4106_/A (sky130_fd_sc_hd__xor2_1)
     1    0.005002    0.099085    0.202196    2.693845 v _4106_/X (sky130_fd_sc_hd__xor2_1)
                                                         _0390_ (net)
                      0.099085    0.000047    2.693892 v _4107_/B (sky130_fd_sc_hd__xnor2_1)
     3    0.014295    0.342447    0.320693    3.014585 ^ _4107_/Y (sky130_fd_sc_hd__xnor2_1)
                                                         _0391_ (net)
                      0.342448    0.000433    3.015018 ^ _4110_/B (sky130_fd_sc_hd__xor2_1)
     1    0.010326    0.244890    0.276740    3.291758 ^ _4110_/X (sky130_fd_sc_hd__xor2_1)
                                                         _0394_ (net)
                      0.244890    0.000171    3.291929 ^ _4111_/B (sky130_fd_sc_hd__xnor2_2)
     2    0.013216    0.212784    0.173962    3.465891 ^ _4111_/Y (sky130_fd_sc_hd__xnor2_2)
                                                         _0395_ (net)
                      0.212784    0.000212    3.466104 ^ _4112_/A_N (sky130_fd_sc_hd__and2b_1)
     1    0.003378    0.036326    0.210487    3.676590 v _4112_/X (sky130_fd_sc_hd__and2b_1)
                                                         _0396_ (net)
                      0.036326    0.000045    3.676635 v _4191_/B1 (sky130_fd_sc_hd__a21o_2)
     2    0.023773    0.081692    0.235774    3.912410 v _4191_/X (sky130_fd_sc_hd__a21o_2)
                                                         _0474_ (net)
                      0.081701    0.000879    3.913288 v _4227_/A (sky130_fd_sc_hd__xor2_2)
     2    0.017215    0.115261    0.215479    4.128767 v _4227_/X (sky130_fd_sc_hd__xor2_2)
                                                         _0510_ (net)
                      0.115261    0.000132    4.128899 v _4228_/B (sky130_fd_sc_hd__xnor2_2)
     2    0.016932    0.254421    0.253517    4.382416 ^ _4228_/Y (sky130_fd_sc_hd__xnor2_2)
                                                         _0511_ (net)
                      0.254423    0.000446    4.382862 ^ _4230_/B (sky130_fd_sc_hd__xor2_2)
     2    0.021672    0.290340    0.298406    4.681268 ^ _4230_/X (sky130_fd_sc_hd__xor2_2)
                                                         _0513_ (net)
                      0.290346    0.001104    4.682372 ^ _4255_/A2 (sky130_fd_sc_hd__a21oi_1)
     2    0.007468    0.110804    0.148841    4.831213 v _4255_/Y (sky130_fd_sc_hd__a21oi_1)
                                                         _0537_ (net)
                      0.110804    0.000121    4.831334 v _4350_/A (sky130_fd_sc_hd__xnor2_1)
     2    0.007556    0.214952    0.242826    5.074161 ^ _4350_/Y (sky130_fd_sc_hd__xnor2_1)
                                                         _0632_ (net)
                      0.214952    0.000063    5.074223 ^ _4351_/B (sky130_fd_sc_hd__xnor2_1)
     2    0.007095    0.205556    0.177268    5.251491 ^ _4351_/Y (sky130_fd_sc_hd__xnor2_1)
                                                         _0633_ (net)
                      0.205556    0.000040    5.251531 ^ _4353_/B (sky130_fd_sc_hd__xor2_1)
     2    0.007277    0.189837    0.223183    5.474714 ^ _4353_/X (sky130_fd_sc_hd__xor2_1)
                                                         _0635_ (net)
                      0.189837    0.000095    5.474809 ^ _4355_/B (sky130_fd_sc_hd__xnor2_1)
     3    0.011514    0.295149    0.206323    5.681131 ^ _4355_/Y (sky130_fd_sc_hd__xnor2_1)
                                                         _0637_ (net)
                      0.295149    0.000081    5.681212 ^ _4356_/B (sky130_fd_sc_hd__xor2_1)
     3    0.014006    0.321448    0.323873    6.005086 ^ _4356_/X (sky130_fd_sc_hd__xor2_1)
                                                         _0638_ (net)
                      0.321448    0.000076    6.005162 ^ _4609_/C1 (sky130_fd_sc_hd__o2111a_4)
     2    0.024865    0.098741    0.323867    6.329030 ^ _4609_/X (sky130_fd_sc_hd__o2111a_4)
                                                         _0889_ (net)
                      0.098742    0.000471    6.329500 ^ _4611_/B (sky130_fd_sc_hd__nor2_8)
     2    0.011094    0.053698    0.040282    6.369782 v _4611_/Y (sky130_fd_sc_hd__nor2_8)
                                                         _0891_ (net)
                      0.053698    0.000073    6.369855 v _4745_/A1 (sky130_fd_sc_hd__o21a_1)
     1    0.009291    0.063726    0.214774    6.584630 v _4745_/X (sky130_fd_sc_hd__o21a_1)
                                                         _1024_ (net)
                      0.063726    0.000101    6.584731 v _4746_/A (sky130_fd_sc_hd__xor2_2)
     3    0.017262    0.242815    0.258634    6.843365 ^ _4746_/X (sky130_fd_sc_hd__xor2_2)
                                                         _1025_ (net)
                      0.242815    0.000194    6.843558 ^ _4747_/A (sky130_fd_sc_hd__xor2_2)
     3    0.016221    0.231438    0.253004    7.096562 ^ _4747_/X (sky130_fd_sc_hd__xor2_2)
                                                         _1026_ (net)
                      0.231438    0.000150    7.096712 ^ _4752_/B (sky130_fd_sc_hd__nand2b_4)
     2    0.006856    0.048291    0.073237    7.169949 v _4752_/Y (sky130_fd_sc_hd__nand2b_4)
                                                         _1030_ (net)
                      0.048291    0.000052    7.170001 v _4754_/A3 (sky130_fd_sc_hd__o41a_4)
     3    0.020066    0.088065    0.461484    7.631485 v _4754_/X (sky130_fd_sc_hd__o41a_4)
                                                         _1032_ (net)
                      0.088065    0.000445    7.631930 v _5204_/A1 (sky130_fd_sc_hd__a211o_1)
     3    0.010612    0.082050    0.310298    7.942227 v _5204_/X (sky130_fd_sc_hd__a211o_1)
                                                         _1480_ (net)
                      0.082050    0.000240    7.942467 v _5719_/A1 (sky130_fd_sc_hd__a2111o_1)
     2    0.017665    0.129290    0.453479    8.395947 v _5719_/X (sky130_fd_sc_hd__a2111o_1)
                                                         _2000_ (net)
                      0.129290    0.000462    8.396408 v _5887_/A2 (sky130_fd_sc_hd__a21oi_4)
     3    0.019341    0.179775    0.236376    8.632785 ^ _5887_/Y (sky130_fd_sc_hd__a21oi_4)
                                                         _2185_ (net)
                      0.179775    0.000248    8.633032 ^ _6005_/A1 (sky130_fd_sc_hd__o21ai_2)
     1    0.005729    0.076306    0.090637    8.723669 v _6005_/Y (sky130_fd_sc_hd__o21ai_2)
                                                         _2313_ (net)
                      0.076306    0.000079    8.723748 v _6006_/C1 (sky130_fd_sc_hd__o311a_4)
     2    0.013139    0.064522    0.140566    8.864314 v _6006_/X (sky130_fd_sc_hd__o311a_4)
                                                         core.dsp_result_in[31] (net)
                      0.064522    0.000289    8.864603 v _6086_/B (sky130_fd_sc_hd__xnor2_2)
     1    0.005842    0.132407    0.140853    9.005455 ^ _6086_/Y (sky130_fd_sc_hd__xnor2_2)
                                                         net26 (net)
                      0.132407    0.000072    9.005527 ^ output26/A (sky130_fd_sc_hd__buf_6)
     1    0.034580    0.077779    0.153847    9.159374 ^ output26/X (sky130_fd_sc_hd__buf_6)
                                                         monitor_out[31] (net)
                      0.077780    0.000446    9.159820 ^ monitor_out[31] (out)
                                              9.159820   data arrival time

                                 10.000000   10.000000   clock clk (rise edge)
                                  0.000000   10.000000   clock network delay (propagated)
                                 -0.250000    9.750000   clock uncertainty
                                  0.000000    9.750000   clock reconvergence pessimism
                                 -2.000000    7.750000   output external delay
                                              7.750000   data required time
---------------------------------------------------------------------------------------------
                                              7.750000   data required time
                                             -9.159820   data arrival time
---------------------------------------------------------------------------------------------
                                             -1.409820   slack (VIOLATED)




===========================================================================
report_checks --slack_max -0.01
============================================================================
======================= min_tt_025C_1v80 Corner ===================================

Startpoint: _6219_ (rising edge-triggered flip-flop clocked by clk)
Endpoint: monitor_out[31] (output port clocked by clk)
Path Group: clk
Path Type: max

Fanout         Cap        Slew       Delay        Time   Description
---------------------------------------------------------------------------------------------
                                  0.000000    0.000000   clock clk (rise edge)
                                  0.000000    0.000000   clock source latency
     1    0.044703    0.204687    0.145481    0.145481 ^ clk (in)
                                                         clk (net)
                      0.205021    0.000000    0.145481 ^ clkbuf_0_clk/A (sky130_fd_sc_hd__clkbuf_16)
    16    0.187036    0.198532    0.296770    0.442251 ^ clkbuf_0_clk/X (sky130_fd_sc_hd__clkbuf_16)
                                                         clknet_0_clk (net)
                      0.198593    0.002899    0.445150 ^ clkbuf_4_1_0_clk/A (sky130_fd_sc_hd__clkbuf_8)
    12    0.038070    0.079988    0.206664    0.651814 ^ clkbuf_4_1_0_clk/X (sky130_fd_sc_hd__clkbuf_8)
                                                         clknet_4_1_0_clk (net)
                      0.080011    0.001302    0.653116 ^ _6219_/CLK (sky130_fd_sc_hd__dfrtp_1)
     1    0.006364    0.072380    0.352134    1.005249 ^ _6219_/Q (sky130_fd_sc_hd__dfrtp_1)
                                                         core.dsp_valid_out (net)
                      0.072380    0.000093    1.005343 ^ fanout238/A (sky130_fd_sc_hd__buf_6)
     5    0.057541    0.120251    0.166191    1.171534 ^ fanout238/X (sky130_fd_sc_hd__buf_6)
                                                         net238 (net)
                      0.120251    0.000426    1.171960 ^ fanout214/A (sky130_fd_sc_hd__buf_8)
     7    0.051792    0.091219    0.157496    1.329456 ^ fanout214/X (sky130_fd_sc_hd__buf_8)
                                                         net214 (net)
                      0.091272    0.000249    1.329705 ^ fanout209/A (sky130_fd_sc_hd__buf_8)
     6    0.033428    0.064552    0.129768    1.459473 ^ fanout209/X (sky130_fd_sc_hd__buf_8)
                                                         net209 (net)
                      0.064556    0.000581    1.460053 ^ fanout208/A (sky130_fd_sc_hd__buf_8)
     5    0.015096    0.037845    0.100711    1.560764 ^ fanout208/X (sky130_fd_sc_hd__buf_8)
                                                         net208 (net)
                      0.037845    0.000165    1.560930 ^ _3067_/A (sky130_fd_sc_hd__and2_1)
     1    0.011502    0.123798    0.166922    1.727852 ^ _3067_/X (sky130_fd_sc_hd__and2_1)
                                                         _1954_ (net)
                      0.123798    0.000205    1.728056 ^ fanout102/A (sky130_fd_sc_hd__buf_2)
     5    0.050325    0.245588    0.279388    2.007444 ^ fanout102/X (sky130_fd_sc_hd__buf_2)
                                                         net102 (net)
                      0.245589    0.000306    2.007751 ^ fanout100/A (sky130_fd_sc_hd__clkbuf_4)
    10    0.062716    0.192279    0.310711    2.318461 ^ fanout100/X (sky130_fd_sc_hd__clkbuf_4)
                                                         net100 (net)
                      0.192280    0.000391    2.318852 ^ _3998_/C (sky130_fd_sc_hd__nand4_2)
     4    0.013742    0.141571    0.172635    2.491488 v _3998_/Y (sky130_fd_sc_hd__nand4_2)
                                                         _0283_ (net)
                      0.141571    0.000162    2.491649 v _4106_/A (sky130_fd_sc_hd__xor2_1)
     1    0.005002    0.099085    0.202196    2.693845 v _4106_/X (sky130_fd_sc_hd__xor2_1)
                                                         _0390_ (net)
                      0.099085    0.000047    2.693892 v _4107_/B (sky130_fd_sc_hd__xnor2_1)
     3    0.014295    0.342447    0.320693    3.014585 ^ _4107_/Y (sky130_fd_sc_hd__xnor2_1)
                                                         _0391_ (net)
                      0.342448    0.000433    3.015018 ^ _4110_/B (sky130_fd_sc_hd__xor2_1)
     1    0.010326    0.244890    0.276740    3.291758 ^ _4110_/X (sky130_fd_sc_hd__xor2_1)
                                                         _0394_ (net)
                      0.244890    0.000171    3.291929 ^ _4111_/B (sky130_fd_sc_hd__xnor2_2)
     2    0.013216    0.212784    0.173962    3.465891 ^ _4111_/Y (sky130_fd_sc_hd__xnor2_2)
                                                         _0395_ (net)
                      0.212784    0.000212    3.466104 ^ _4112_/A_N (sky130_fd_sc_hd__and2b_1)
     1    0.003378    0.036326    0.210487    3.676590 v _4112_/X (sky130_fd_sc_hd__and2b_1)
                                                         _0396_ (net)
                      0.036326    0.000045    3.676635 v _4191_/B1 (sky130_fd_sc_hd__a21o_2)
     2    0.023773    0.081692    0.235774    3.912410 v _4191_/X (sky130_fd_sc_hd__a21o_2)
                                                         _0474_ (net)
                      0.081701    0.000879    3.913288 v _4227_/A (sky130_fd_sc_hd__xor2_2)
     2    0.017215    0.115261    0.215479    4.128767 v _4227_/X (sky130_fd_sc_hd__xor2_2)
                                                         _0510_ (net)
                      0.115261    0.000132    4.128899 v _4228_/B (sky130_fd_sc_hd__xnor2_2)
     2    0.016932    0.254421    0.253517    4.382416 ^ _4228_/Y (sky130_fd_sc_hd__xnor2_2)
                                                         _0511_ (net)
                      0.254423    0.000446    4.382862 ^ _4230_/B (sky130_fd_sc_hd__xor2_2)
     2    0.021672    0.290340    0.298406    4.681268 ^ _4230_/X (sky130_fd_sc_hd__xor2_2)
                                                         _0513_ (net)
                      0.290346    0.001104    4.682372 ^ _4255_/A2 (sky130_fd_sc_hd__a21oi_1)
     2    0.007468    0.110804    0.148841    4.831213 v _4255_/Y (sky130_fd_sc_hd__a21oi_1)
                                                         _0537_ (net)
                      0.110804    0.000121    4.831334 v _4350_/A (sky130_fd_sc_hd__xnor2_1)
     2    0.007556    0.214952    0.242826    5.074161 ^ _4350_/Y (sky130_fd_sc_hd__xnor2_1)
                                                         _0632_ (net)
                      0.214952    0.000063    5.074223 ^ _4351_/B (sky130_fd_sc_hd__xnor2_1)
     2    0.007095    0.205556    0.177268    5.251491 ^ _4351_/Y (sky130_fd_sc_hd__xnor2_1)
                                                         _0633_ (net)
                      0.205556    0.000040    5.251531 ^ _4353_/B (sky130_fd_sc_hd__xor2_1)
     2    0.007277    0.189837    0.223183    5.474714 ^ _4353_/X (sky130_fd_sc_hd__xor2_1)
                                                         _0635_ (net)
                      0.189837    0.000095    5.474809 ^ _4355_/B (sky130_fd_sc_hd__xnor2_1)
     3    0.011514    0.295149    0.206323    5.681131 ^ _4355_/Y (sky130_fd_sc_hd__xnor2_1)
                                                         _0637_ (net)
                      0.295149    0.000081    5.681212 ^ _4356_/B (sky130_fd_sc_hd__xor2_1)
     3    0.014006    0.321448    0.323873    6.005086 ^ _4356_/X (sky130_fd_sc_hd__xor2_1)
                                                         _0638_ (net)
                      0.321448    0.000076    6.005162 ^ _4609_/C1 (sky130_fd_sc_hd__o2111a_4)
     2    0.024865    0.098741    0.323867    6.329030 ^ _4609_/X (sky130_fd_sc_hd__o2111a_4)
                                                         _0889_ (net)
                      0.098742    0.000471    6.329500 ^ _4611_/B (sky130_fd_sc_hd__nor2_8)
     2    0.011094    0.053698    0.040282    6.369782 v _4611_/Y (sky130_fd_sc_hd__nor2_8)
                                                         _0891_ (net)
                      0.053698    0.000073    6.369855 v _4745_/A1 (sky130_fd_sc_hd__o21a_1)
     1    0.009291    0.063726    0.214774    6.584630 v _4745_/X (sky130_fd_sc_hd__o21a_1)
                                                         _1024_ (net)
                      0.063726    0.000101    6.584731 v _4746_/A (sky130_fd_sc_hd__xor2_2)
     3    0.017262    0.242815    0.258634    6.843365 ^ _4746_/X (sky130_fd_sc_hd__xor2_2)
                                                         _1025_ (net)
                      0.242815    0.000194    6.843558 ^ _4747_/A (sky130_fd_sc_hd__xor2_2)
     3    0.016221    0.231438    0.253004    7.096562 ^ _4747_/X (sky130_fd_sc_hd__xor2_2)
                                                         _1026_ (net)
                      0.231438    0.000150    7.096712 ^ _4752_/B (sky130_fd_sc_hd__nand2b_4)
     2    0.006856    0.048291    0.073237    7.169949 v _4752_/Y (sky130_fd_sc_hd__nand2b_4)
                                                         _1030_ (net)
                      0.048291    0.000052    7.170001 v _4754_/A3 (sky130_fd_sc_hd__o41a_4)
     3    0.020066    0.088065    0.461484    7.631485 v _4754_/X (sky130_fd_sc_hd__o41a_4)
                                                         _1032_ (net)
                      0.088065    0.000445    7.631930 v _5204_/A1 (sky130_fd_sc_hd__a211o_1)
     3    0.010612    0.082050    0.310298    7.942227 v _5204_/X (sky130_fd_sc_hd__a211o_1)
                                                         _1480_ (net)
                      0.082050    0.000240    7.942467 v _5719_/A1 (sky130_fd_sc_hd__a2111o_1)
     2    0.017665    0.129290    0.453479    8.395947 v _5719_/X (sky130_fd_sc_hd__a2111o_1)
                                                         _2000_ (net)
                      0.129290    0.000462    8.396408 v _5887_/A2 (sky130_fd_sc_hd__a21oi_4)
     3    0.019341    0.179775    0.236376    8.632785 ^ _5887_/Y (sky130_fd_sc_hd__a21oi_4)
                                                         _2185_ (net)
                      0.179775    0.000248    8.633032 ^ _6005_/A1 (sky130_fd_sc_hd__o21ai_2)
     1    0.005729    0.076306    0.090637    8.723669 v _6005_/Y (sky130_fd_sc_hd__o21ai_2)
                                                         _2313_ (net)
                      0.076306    0.000079    8.723748 v _6006_/C1 (sky130_fd_sc_hd__o311a_4)
     2    0.013139    0.064522    0.140566    8.864314 v _6006_/X (sky130_fd_sc_hd__o311a_4)
                                                         core.dsp_result_in[31] (net)
                      0.064522    0.000289    8.864603 v _6086_/B (sky130_fd_sc_hd__xnor2_2)
     1    0.005842    0.132407    0.140853    9.005455 ^ _6086_/Y (sky130_fd_sc_hd__xnor2_2)
                                                         net26 (net)
                      0.132407    0.000072    9.005527 ^ output26/A (sky130_fd_sc_hd__buf_6)
     1    0.034580    0.077779    0.153847    9.159374 ^ output26/X (sky130_fd_sc_hd__buf_6)
                                                         monitor_out[31] (net)
                      0.077780    0.000446    9.159820 ^ monitor_out[31] (out)
                                              9.159820   data arrival time

                                 10.000000   10.000000   clock clk (rise edge)
                                  0.000000   10.000000   clock network delay (propagated)
                                 -0.250000    9.750000   clock uncertainty
                                  0.000000    9.750000   clock reconvergence pessimism
                                 -2.000000    7.750000   output external delay
                                              7.750000   data required time
---------------------------------------------------------------------------------------------
                                              7.750000   data required time
                                             -9.159820   data arrival time
---------------------------------------------------------------------------------------------
                                             -1.409820   slack (VIOLATED)




===========================================================================
 report_check_types -max_slew -max_cap -max_fanout -violators
============================================================================
======================= min_tt_025C_1v80 Corner ===================================

max slew

Pin                                        Limit        Slew       Slack
------------------------------------------------------------------------
_5383_/C                                0.750000    0.761423   -0.011423 (VIOLATED)
_4912_/A1                               0.750000    0.761423   -0.011423 (VIOLATED)
ANTENNA_15/DIODE                        0.750000    0.761419   -0.011419 (VIOLATED)
_3312_/A1                               0.750000    0.761419   -0.011419 (VIOLATED)
_3762_/C                                0.750000    0.761419   -0.011419 (VIOLATED)
_3943_/A1                               0.750000    0.761419   -0.011419 (VIOLATED)
clone24/X                               0.750000    0.761419   -0.011419 (VIOLATED)

max fanout

Pin                                   Limit Fanout  Slack
---------------------------------------------------------
clkbuf_0_clk/X                           10     16     -6 (VIOLATED)
clkbuf_4_0_0_clk/X                       10     12     -2 (VIOLATED)
clkbuf_4_1_0_clk/X                       10     12     -2 (VIOLATED)
clkbuf_4_2_0_clk/X                       10     12     -2 (VIOLATED)
fanout34/X                               10     12     -2 (VIOLATED)
_6258_/Q                                 10     11        (VIOLATED)
clkbuf_4_3_0_clk/X                       10     11        (VIOLATED)
clkbuf_4_5_0_clk/X                       10     11        (VIOLATED)
fanout126/X                              10     11        (VIOLATED)
fanout189/X                              10     11        (VIOLATED)
fanout198/X                              10     11        (VIOLATED)
fanout201/X                              10     11        (VIOLATED)
fanout202/X                              10     11        (VIOLATED)
fanout56/X                               10     11        (VIOLATED)



===========================================================================
report_parasitic_annotation -report_unannotated
============================================================================
Found 15 unannotated drivers.
 clkload0/X
 clkload1/X
 clkload10/Y
 clkload11/Y
 clkload12/Y
 clkload13/Y
 clkload14/Y
 clkload2/X
 clkload3/Y
 clkload4/X
 clkload5/Y
 clkload6/Y
 clkload7/Y
 clkload8/Y
 clkload9/Y
Found 0 partially unannotated drivers.

===========================================================================
max slew violation count 7
max fanout violation count 14
max cap violation count 0
============================================================================

===========================================================================
check_setup -verbose -unconstrained_endpoints -multiple_clock -no_clock -no_input_delay -loops -generated_clocks
===========================================================================
