Clock: clk
Sources: clk 
Generated: no
Virtual: yes
Propagated: no
Period: 10.000000

===========================================================================
report_clock_properties
============================================================================
Clock                   Period          Waveform
----------------------------------------------------
clk                  10.000000    0.000000  5.000000

===========================================================================
report_clock_latency
============================================================================
Clock clk
rise -> rise
    min     max
0.000000 0.000000 source latency
0.650962         network latency _6276_/CLK
        0.677472 network latency _6262_/CLK
---------------
0.650962 0.677472 latency
        0.026510 skew

fall -> fall
    min     max
0.000000 0.000000 source latency
0.522081         network latency _6250_/CLK
        0.540507 network latency _6262_/CLK
---------------
0.522081 0.540507 latency
        0.018425 skew



===========================================================================
report_clock_min_period
============================================================================
clk period_min = 8.58 fmax = 116.55
