
===========================================================================
report_checks -unconstrained
===========================================================================
======================= nom_ff_n40C_1v95 Corner ===================================

Startpoint: rst_n (input port clocked by clk)
Endpoint: _6341_ (recovery check against rising-edge clock clk)
Path Group: asynchronous
Path Type: max

Fanout         Cap        Slew       Delay        Time   Description
---------------------------------------------------------------------------------------------
                                  0.000000    0.000000   clock clk (rise edge)
                                  0.000000    0.000000   clock network delay (propagated)
                                  3.000000    3.000000 ^ input external delay
     1    0.002664    0.013433    0.006880    3.006880 ^ rst_n (in)
                                                         rst_n (net)
                      0.013433    0.000000    3.006880 ^ input1/A (sky130_fd_sc_hd__clkbuf_1)
     1    0.004136    0.043138    0.055473    3.062353 ^ input1/X (sky130_fd_sc_hd__clkbuf_1)
                                                         net1 (net)
                      0.043138    0.000143    3.062496 ^ fanout255/A (sky130_fd_sc_hd__clkbuf_4)
     5    0.075561    0.173337    0.190795    3.253291 ^ fanout255/X (sky130_fd_sc_hd__clkbuf_4)
                                                         net255 (net)
                      0.173427    0.003245    3.256536 ^ fanout254/A (sky130_fd_sc_hd__buf_4)
    10    0.090654    0.190108    0.200618    3.457155 ^ fanout254/X (sky130_fd_sc_hd__buf_4)
                                                         net254 (net)
                      0.190115    0.001014    3.458168 ^ fanout253/A (sky130_fd_sc_hd__buf_4)
    10    0.066980    0.141796    0.175881    3.634050 ^ fanout253/X (sky130_fd_sc_hd__buf_4)
                                                         net253 (net)
                      0.142138    0.005691    3.639741 ^ fanout252/A (sky130_fd_sc_hd__clkbuf_4)
    10    0.053375    0.125321    0.183082    3.822823 ^ fanout252/X (sky130_fd_sc_hd__clkbuf_4)
                                                         net252 (net)
                      0.125369    0.002017    3.824841 ^ fanout250/A (sky130_fd_sc_hd__clkbuf_4)
    10    0.050127    0.118207    0.175012    3.999852 ^ fanout250/X (sky130_fd_sc_hd__clkbuf_4)
                                                         net250 (net)
                      0.118363    0.003498    4.003350 ^ _6341_/RESET_B (sky130_fd_sc_hd__dfrtp_1)
                                              4.003350   data arrival time

                                 15.000000   15.000000   clock clk (rise edge)
                                  0.000000   15.000000   clock source latency
     1    0.047055    0.161856    0.115577   15.115577 ^ clk (in)
                                                         clk (net)
                      0.162548    0.000000   15.115577 ^ clkbuf_0_clk/A (sky130_fd_sc_hd__clkbuf_16)
    16    0.200616    0.164692    0.206404   15.321980 ^ clkbuf_0_clk/X (sky130_fd_sc_hd__clkbuf_16)
                                                         clknet_0_clk (net)
                      0.166163    0.012484   15.334465 ^ clkbuf_4_11_0_clk/A (sky130_fd_sc_hd__clkbuf_8)
     8    0.033569    0.055265    0.132125   15.466590 ^ clkbuf_4_11_0_clk/X (sky130_fd_sc_hd__clkbuf_8)
                                                         clknet_4_11_0_clk (net)
                      0.055287    0.001000   15.467590 ^ _6341_/CLK (sky130_fd_sc_hd__dfrtp_1)
                                 -0.250000   15.217591   clock uncertainty
                                  0.000000   15.217591   clock reconvergence pessimism
                                  0.131041   15.348633   library recovery time
                                             15.348633   data required time
---------------------------------------------------------------------------------------------
                                             15.348633   data required time
                                             -4.003350   data arrival time
---------------------------------------------------------------------------------------------
                                             11.345283   slack (MET)


Startpoint: _6283_ (rising edge-triggered flip-flop clocked by clk)
Endpoint: monitor_out[31] (output port clocked by clk)
Path Group: clk
Path Type: max

Fanout         Cap        Slew       Delay        Time   Description
---------------------------------------------------------------------------------------------
                                  0.000000    0.000000   clock clk (rise edge)
                                  0.000000    0.000000   clock source latency
     1    0.047055    0.161856    0.115577    0.115577 ^ clk (in)
                                                         clk (net)
                      0.162548    0.000000    0.115577 ^ clkbuf_0_clk/A (sky130_fd_sc_hd__clkbuf_16)
    16    0.200616    0.164692    0.206404    0.321981 ^ clkbuf_0_clk/X (sky130_fd_sc_hd__clkbuf_16)
                                                         clknet_0_clk (net)
                      0.165673    0.010280    0.332261 ^ clkbuf_4_1_0_clk/A (sky130_fd_sc_hd__clkbuf_8)
    12    0.039630    0.062552    0.136841    0.469102 ^ clkbuf_4_1_0_clk/X (sky130_fd_sc_hd__clkbuf_8)
                                                         clknet_4_1_0_clk (net)
                      0.062677    0.001825    0.470927 ^ _6283_/CLK (sky130_fd_sc_hd__dfrtp_4)
     2    0.013455    0.050111    0.269765    0.740692 ^ _6283_/Q (sky130_fd_sc_hd__dfrtp_4)
                                                         core.u_regfile.registers[2][3] (net)
                      0.050111    0.000314    0.741006 ^ rebuffer62/A (sky130_fd_sc_hd__dlymetal6s2s_1)
     2    0.042594    0.324610    0.266550    1.007556 ^ rebuffer62/X (sky130_fd_sc_hd__dlymetal6s2s_1)
                                                         net317 (net)
                      0.324642    0.002648    1.010204 ^ clone61/A (sky130_fd_sc_hd__clkbuf_1)
     6    0.069211    0.595920    0.445169    1.455373 ^ clone61/X (sky130_fd_sc_hd__clkbuf_1)
                                                         net316 (net)
                      0.595937    0.002711    1.458084 ^ _3069_/B (sky130_fd_sc_hd__and2_1)
     1    0.004533    0.053054    0.105671    1.563755 ^ _3069_/X (sky130_fd_sc_hd__and2_1)
                                                         _1976_ (net)
                      0.053054    0.000171    1.563926 ^ fanout99/A (sky130_fd_sc_hd__clkbuf_2)
     6    0.024135    0.104166    0.124364    1.688290 ^ fanout99/X (sky130_fd_sc_hd__clkbuf_2)
                                                         net99 (net)
                      0.104170    0.000566    1.688856 ^ fanout98/A (sky130_fd_sc_hd__clkbuf_4)
    10    0.046947    0.111869    0.164113    1.852969 ^ fanout98/X (sky130_fd_sc_hd__clkbuf_4)
                                                         net98 (net)
                      0.112090    0.004044    1.857013 ^ fanout97/A (sky130_fd_sc_hd__buf_2)
    10    0.041162    0.152533    0.173752    2.030765 ^ fanout97/X (sky130_fd_sc_hd__buf_2)
                                                         net97 (net)
                      0.152536    0.000623    2.031388 ^ _4497_/B (sky130_fd_sc_hd__and3_1)
     2    0.005935    0.056730    0.123799    2.155186 ^ _4497_/X (sky130_fd_sc_hd__and3_1)
                                                         _0777_ (net)
                      0.056730    0.000093    2.155279 ^ _4498_/B (sky130_fd_sc_hd__nor2_1)
     2    0.007359    0.039351    0.038803    2.194083 v _4498_/Y (sky130_fd_sc_hd__nor2_1)
                                                         _0778_ (net)
                      0.039351    0.000180    2.194263 v _4626_/A3 (sky130_fd_sc_hd__a31o_1)
     2    0.008833    0.046217    0.158848    2.353111 v _4626_/X (sky130_fd_sc_hd__a31o_1)
                                                         _0905_ (net)
                      0.046218    0.000270    2.353381 v _4635_/A (sky130_fd_sc_hd__xnor2_1)
     2    0.005662    0.120971    0.133189    2.486570 ^ _4635_/Y (sky130_fd_sc_hd__xnor2_1)
                                                         _0914_ (net)
                      0.120971    0.000121    2.486690 ^ _4636_/B (sky130_fd_sc_hd__or2_1)
     1    0.002849    0.030577    0.074099    2.560789 ^ _4636_/X (sky130_fd_sc_hd__or2_1)
                                                         _0915_ (net)
                      0.030577    0.000058    2.560847 ^ _4638_/A (sky130_fd_sc_hd__nand2_1)
     2    0.004814    0.031402    0.031331    2.592178 v _4638_/Y (sky130_fd_sc_hd__nand2_1)
                                                         _0917_ (net)
                      0.031402    0.000073    2.592251 v _4639_/C (sky130_fd_sc_hd__and3_1)
     1    0.002727    0.027028    0.109815    2.702067 v _4639_/X (sky130_fd_sc_hd__and3_1)
                                                         _0918_ (net)
                      0.027030    0.000080    2.702146 v _4641_/A (sky130_fd_sc_hd__nor2_1)
     2    0.009879    0.136513    0.125386    2.827533 ^ _4641_/Y (sky130_fd_sc_hd__nor2_1)
                                                         _0920_ (net)
                      0.136514    0.000283    2.827816 ^ _4642_/B (sky130_fd_sc_hd__xor2_1)
     2    0.014364    0.230364    0.204472    3.032288 ^ _4642_/X (sky130_fd_sc_hd__xor2_1)
                                                         _0921_ (net)
                      0.230367    0.000679    3.032967 ^ _4663_/A (sky130_fd_sc_hd__xor2_1)
     2    0.004805    0.061860    0.060616    3.093583 v _4663_/X (sky130_fd_sc_hd__xor2_1)
                                                         _0942_ (net)
                      0.061860    0.000099    3.093683 v _4664_/B (sky130_fd_sc_hd__and2_1)
     3    0.010639    0.047231    0.132189    3.225872 v _4664_/X (sky130_fd_sc_hd__and2_1)
                                                         _0943_ (net)
                      0.047231    0.000131    3.226003 v _4666_/A (sky130_fd_sc_hd__or2_1)
     2    0.007029    0.046082    0.152866    3.378869 v _4666_/X (sky130_fd_sc_hd__or2_1)
                                                         _0945_ (net)
                      0.046082    0.000195    3.379064 v _4734_/A (sky130_fd_sc_hd__xnor2_1)
     2    0.008033    0.154119    0.158006    3.537070 ^ _4734_/Y (sky130_fd_sc_hd__xnor2_1)
                                                         _1013_ (net)
                      0.154120    0.000250    3.537320 ^ _4736_/B (sky130_fd_sc_hd__xor2_1)
     2    0.008058    0.147210    0.143320    3.680641 ^ _4736_/X (sky130_fd_sc_hd__xor2_1)
                                                         _1015_ (net)
                      0.147210    0.000239    3.680880 ^ _4737_/B (sky130_fd_sc_hd__xor2_1)
     2    0.006553    0.127725    0.128946    3.809826 ^ _4737_/X (sky130_fd_sc_hd__xor2_1)
                                                         _1016_ (net)
                      0.127725    0.000195    3.810021 ^ _4739_/B (sky130_fd_sc_hd__nand2_1)
     2    0.005481    0.043637    0.050488    3.860509 v _4739_/Y (sky130_fd_sc_hd__nand2_1)
                                                         _1018_ (net)
                      0.043652    0.000140    3.860649 v _4740_/B (sky130_fd_sc_hd__and2b_1)
     2    0.007467    0.038175    0.114894    3.975543 v _4740_/X (sky130_fd_sc_hd__and2b_1)
                                                         _1019_ (net)
                      0.038175    0.000195    3.975738 v _4741_/B (sky130_fd_sc_hd__xnor2_1)
     2    0.012649    0.219438    0.190975    4.166713 ^ _4741_/Y (sky130_fd_sc_hd__xnor2_1)
                                                         _1020_ (net)
                      0.219440    0.000575    4.167287 ^ _4742_/C (sky130_fd_sc_hd__nand3_1)
     3    0.012820    0.097866    0.107199    4.274487 v _4742_/Y (sky130_fd_sc_hd__nand3_1)
                                                         _1021_ (net)
                      0.097868    0.000421    4.274908 v _4744_/A (sky130_fd_sc_hd__nand2_1)
     1    0.009904    0.077626    0.097952    4.372860 ^ _4744_/Y (sky130_fd_sc_hd__nand2_1)
                                                         _1023_ (net)
                      0.077626    0.000261    4.373121 ^ _4746_/B (sky130_fd_sc_hd__xor2_2)
     3    0.017865    0.186908    0.168510    4.541631 ^ _4746_/X (sky130_fd_sc_hd__xor2_2)
                                                         _1025_ (net)
                      0.186910    0.000492    4.542122 ^ _4747_/A (sky130_fd_sc_hd__xor2_2)
     3    0.016038    0.172196    0.156279    4.698401 ^ _4747_/X (sky130_fd_sc_hd__xor2_2)
                                                         _1026_ (net)
                      0.172252    0.000421    4.698823 ^ _4752_/B (sky130_fd_sc_hd__nand2b_4)
     2    0.007030    0.037093    0.030572    4.729395 v _4752_/Y (sky130_fd_sc_hd__nand2b_4)
                                                         _1030_ (net)
                      0.037093    0.000167    4.729561 v _4754_/A3 (sky130_fd_sc_hd__o41a_4)
     3    0.019972    0.066153    0.288770    5.018331 v _4754_/X (sky130_fd_sc_hd__o41a_4)
                                                         _1032_ (net)
                      0.066153    0.000813    5.019145 v _5204_/A1 (sky130_fd_sc_hd__a211o_1)
     3    0.011221    0.060244    0.198072    5.217216 v _5204_/X (sky130_fd_sc_hd__a211o_1)
                                                         _1480_ (net)
                      0.060246    0.000457    5.217674 v _5719_/A1 (sky130_fd_sc_hd__a2111o_1)
     2    0.017893    0.090181    0.279989    5.497663 v _5719_/X (sky130_fd_sc_hd__a2111o_1)
                                                         _2000_ (net)
                      0.090185    0.000671    5.498334 v _5887_/A2 (sky130_fd_sc_hd__a21oi_4)
     3    0.019791    0.136937    0.165928    5.664262 ^ _5887_/Y (sky130_fd_sc_hd__a21oi_4)
                                                         _2185_ (net)
                      0.136938    0.000549    5.664812 ^ _6005_/A1 (sky130_fd_sc_hd__o21ai_2)
     1    0.005974    0.048597    0.048505    5.713316 v _6005_/Y (sky130_fd_sc_hd__o21ai_2)
                                                         _2313_ (net)
                      0.048599    0.000204    5.713521 v _6006_/C1 (sky130_fd_sc_hd__o311a_4)
     2    0.013482    0.049204    0.087008    5.800529 v _6006_/X (sky130_fd_sc_hd__o311a_4)
                                                         core.dsp_result_in[31] (net)
                      0.049238    0.000565    5.801095 v _6086_/B (sky130_fd_sc_hd__xnor2_2)
     1    0.006004    0.101230    0.100879    5.901973 ^ _6086_/Y (sky130_fd_sc_hd__xnor2_2)
                                                         net26 (net)
                      0.101230    0.000194    5.902167 ^ output26/A (sky130_fd_sc_hd__buf_6)
     1    0.034662    0.058432    0.098469    6.000637 ^ output26/X (sky130_fd_sc_hd__buf_6)
                                                         monitor_out[31] (net)
                      0.058445    0.000855    6.001492 ^ monitor_out[31] (out)
                                              6.001492   data arrival time

                                 15.000000   15.000000   clock clk (rise edge)
                                  0.000000   15.000000   clock network delay (propagated)
                                 -0.250000   14.750000   clock uncertainty
                                  0.000000   14.750000   clock reconvergence pessimism
                                 -3.000000   11.750000   output external delay
                                             11.750000   data required time
---------------------------------------------------------------------------------------------
                                             11.750000   data required time
                                             -6.001492   data arrival time
---------------------------------------------------------------------------------------------
                                              5.748509   slack (MET)




===========================================================================
report_checks --slack_max -0.01
============================================================================
======================= nom_ff_n40C_1v95 Corner ===================================

No paths found.


===========================================================================
 report_check_types -max_slew -max_cap -max_fanout -violators
============================================================================
======================= nom_ff_n40C_1v95 Corner ===================================

max fanout

Pin                                   Limit Fanout  Slack
---------------------------------------------------------
clkbuf_0_clk/X                           10     16     -6 (VIOLATED)
clkbuf_4_0_0_clk/X                       10     12     -2 (VIOLATED)
clkbuf_4_1_0_clk/X                       10     12     -2 (VIOLATED)
clkbuf_4_2_0_clk/X                       10     12     -2 (VIOLATED)
fanout34/X                               10     12     -2 (VIOLATED)
_6258_/Q                                 10     11        (VIOLATED)
clkbuf_4_3_0_clk/X                       10     11        (VIOLATED)
clkbuf_4_5_0_clk/X                       10     11        (VIOLATED)
fanout126/X                              10     11        (VIOLATED)
fanout189/X                              10     11        (VIOLATED)
fanout198/X                              10     11        (VIOLATED)
fanout202/X                              10     11        (VIOLATED)
fanout205/X                              10     11        (VIOLATED)
fanout56/X                               10     11        (VIOLATED)

max capacitance

Pin                                        Limit         Cap       Slack
------------------------------------------------------------------------
clkbuf_0_clk/X                          0.200000    0.200616   -0.000616 (VIOLATED)



===========================================================================
report_parasitic_annotation -report_unannotated
============================================================================
Found 15 unannotated drivers.
 clkload0/X
 clkload1/X
 clkload10/Y
 clkload11/Y
 clkload12/Y
 clkload13/Y
 clkload14/Y
 clkload2/X
 clkload3/Y
 clkload4/X
 clkload5/Y
 clkload6/Y
 clkload7/Y
 clkload8/Y
 clkload9/Y
Found 0 partially unannotated drivers.

===========================================================================
max slew violation count 0
max fanout violation count 14
max cap violation count 1
============================================================================

===========================================================================
check_setup -verbose -unconstrained_endpoints -multiple_clock -no_clock -no_input_delay -loops -generated_clocks
===========================================================================
