Reading OpenROAD database at '/home/srijitsengupta/rv32i_dsp_soc/openlane/runs/RUN_2026-07-27_08-21-11/41-openroad-repairantennas/1-diodeinsertion/soc_top.odb'…
Reading library file at '/home/srijitsengupta/.volare/volare/sky130/versions/0fe599b2afb6708d281543108caf8310912f54af/sky130A/libs.ref/sky130_fd_sc_hd/lib/sky130_fd_sc_hd__tt_025C_1v80.lib'…
Reading design constraints file at '/nix/store/ss2cw3sxbrwwx9jl0rrppbw4kgcmgi2n-python3-3.11.9-env/lib/python3.11/site-packages/openlane/scripts/base.sdc'…
[INFO] Using clock clk…
[INFO] Setting output delay to: 3.0
[INFO] Setting input delay to: 3.0
[INFO] Setting load to: 0.033442
[INFO] Setting clock uncertainty to: 0.25
[INFO] Setting clock transition to: 0.1499999999999999944488848768742172978818416595458984375
[INFO] Setting timing derate to: 5%
[INFO ORD-0030] Using 12 thread(s).
[INFO DRT-0149] Reading tech and libs.
[WARNING DRT-0349] LEF58_ENCLOSURE with no CUTCLASS is not supported. Skipping for layer mcon
[WARNING DRT-0349] LEF58_ENCLOSURE with no CUTCLASS is not supported. Skipping for layer mcon
[WARNING DRT-0349] LEF58_ENCLOSURE with no CUTCLASS is not supported. Skipping for layer via
[WARNING DRT-0349] LEF58_ENCLOSURE with no CUTCLASS is not supported. Skipping for layer via
[WARNING DRT-0349] LEF58_ENCLOSURE with no CUTCLASS is not supported. Skipping for layer via2
[WARNING DRT-0349] LEF58_ENCLOSURE with no CUTCLASS is not supported. Skipping for layer via2
[WARNING DRT-0349] LEF58_ENCLOSURE with no CUTCLASS is not supported. Skipping for layer via3
[WARNING DRT-0349] LEF58_ENCLOSURE with no CUTCLASS is not supported. Skipping for layer via3
[WARNING DRT-0349] LEF58_ENCLOSURE with no CUTCLASS is not supported. Skipping for layer via4
[WARNING DRT-0349] LEF58_ENCLOSURE with no CUTCLASS is not supported. Skipping for layer via4

Units:                1000
Number of layers:     13
Number of macros:     441
Number of vias:       29
Number of viarulegen: 25

[INFO DRT-0150] Reading design.

Design:                   soc_top
Die area:                 ( 0 0 ) ( 305880 316600 )
Number of track patterns: 12
Number of DEF vias:       0
Number of components:     5120
Number of terminals:      36
Number of snets:          2
Number of nets:           3663

[INFO DRT-0167] List of default vias:
  Layer via
    default via: M1M2_PR
  Layer via2
    default via: M2M3_PR
  Layer via3
    default via: M3M4_PR
  Layer via4
    default via: M4M5_PR
[INFO DRT-0162] Library cell analysis.
[INFO DRT-0163] Instance analysis.
[INFO DRT-0164] Number of unique instances = 333.
[INFO DRT-0168] Init region query.
[INFO DRT-0024]   Complete FR_MASTERSLICE.
[INFO DRT-0024]   Complete licon.
[INFO DRT-0024]   Complete li1.
[INFO DRT-0024]   Complete mcon.
[INFO DRT-0024]   Complete met1.
[INFO DRT-0024]   Complete via.
[INFO DRT-0024]   Complete met2.
[INFO DRT-0024]   Complete via2.
[INFO DRT-0024]   Complete met3.
[INFO DRT-0024]   Complete via3.
[INFO DRT-0024]   Complete met4.
[INFO DRT-0024]   Complete via4.
[INFO DRT-0024]   Complete met5.
[INFO DRT-0033] FR_MASTERSLICE shape region query size = 0.
[INFO DRT-0033] licon shape region query size = 0.
[INFO DRT-0033] li1 shape region query size = 142696.
[INFO DRT-0033] mcon shape region query size = 0.
[INFO DRT-0033] met1 shape region query size = 13483.
[INFO DRT-0033] via shape region query size = 1090.
[INFO DRT-0033] met2 shape region query size = 669.
[INFO DRT-0033] via2 shape region query size = 872.
[INFO DRT-0033] met3 shape region query size = 673.
[INFO DRT-0033] via3 shape region query size = 872.
[INFO DRT-0033] met4 shape region query size = 234.
[INFO DRT-0033] via4 shape region query size = 8.
[INFO DRT-0033] met5 shape region query size = 16.
[INFO DRT-0165] Start pin access.
[INFO DRT-0076]   Complete 1000 pins.
[INFO DRT-0078]   Complete 1210 pins.
[INFO DRT-0079]   Complete 100 unique inst patterns.
[INFO DRT-0079]   Complete 200 unique inst patterns.
[INFO DRT-0079]   Complete 300 unique inst patterns.
[INFO DRT-0081]   Complete 327 unique inst patterns.
[INFO DRT-0084]   Complete 2226 groups.
#scanned instances     = 5120
#unique  instances     = 333
#stdCellGenAp          = 9203
#stdCellValidPlanarAp  = 74
#stdCellValidViaAp     = 6969
#stdCellPinNoAp        = 0
#stdCellPinCnt         = 12146
#instTermValidViaApCnt = 0
#macroGenAp            = 0
#macroValidPlanarAp    = 0
#macroValidViaAp       = 0
#macroNoAp             = 0
[INFO DRT-0166] Complete pin access.
[INFO DRT-0267] cpu time = 00:01:35, elapsed time = 00:00:08, memory = 168.40 (MB), peak = 167.44 (MB)

[INFO DRT-0157] Number of guides:     24857

[INFO DRT-0169] Post process guides.
[INFO DRT-0176] GCELLGRID X 0 DO 44 STEP 6900 ;
[INFO DRT-0177] GCELLGRID Y 0 DO 45 STEP 6900 ;
[INFO DRT-0028]   Complete FR_MASTERSLICE.
[INFO DRT-0028]   Complete licon.
[INFO DRT-0028]   Complete li1.
[INFO DRT-0028]   Complete mcon.
[INFO DRT-0028]   Complete met1.
[INFO DRT-0028]   Complete via.
[INFO DRT-0028]   Complete met2.
[INFO DRT-0028]   Complete via2.
[INFO DRT-0028]   Complete met3.
[INFO DRT-0028]   Complete via3.
[INFO DRT-0028]   Complete met4.
[INFO DRT-0028]   Complete via4.
[INFO DRT-0028]   Complete met5.
[INFO DRT-0178] Init guide query.
[INFO DRT-0035]   Complete FR_MASTERSLICE (guide).
[INFO DRT-0035]   Complete licon (guide).
[INFO DRT-0035]   Complete li1 (guide).
[INFO DRT-0035]   Complete mcon (guide).
[INFO DRT-0035]   Complete met1 (guide).
[INFO DRT-0035]   Complete via (guide).
[INFO DRT-0035]   Complete met2 (guide).
[INFO DRT-0035]   Complete via2 (guide).
[INFO DRT-0035]   Complete met3 (guide).
[INFO DRT-0035]   Complete via3 (guide).
[INFO DRT-0035]   Complete met4 (guide).
[INFO DRT-0035]   Complete via4 (guide).
[INFO DRT-0035]   Complete met5 (guide).
[INFO DRT-0036] FR_MASTERSLICE guide region query size = 0.
[INFO DRT-0036] licon guide region query size = 0.
[INFO DRT-0036] li1 guide region query size = 8915.
[INFO DRT-0036] mcon guide region query size = 0.
[INFO DRT-0036] met1 guide region query size = 6975.
[INFO DRT-0036] via guide region query size = 0.
[INFO DRT-0036] met2 guide region query size = 3496.
[INFO DRT-0036] via2 guide region query size = 0.
[INFO DRT-0036] met3 guide region query size = 150.
[INFO DRT-0036] via3 guide region query size = 0.
[INFO DRT-0036] met4 guide region query size = 48.
[INFO DRT-0036] via4 guide region query size = 0.
[INFO DRT-0036] met5 guide region query size = 0.
[INFO DRT-0179] Init gr pin query.
[INFO DRT-0245] skipped writing guide updates to database.
[INFO DRT-0185] Post process initialize RPin region query.
[INFO DRT-0181] Start track assignment.
[INFO DRT-0184] Done with 12459 vertical wires in 1 frboxes and 7125 horizontal wires in 1 frboxes.
[INFO DRT-0186] Done with 958 vertical wires in 1 frboxes and 1985 horizontal wires in 1 frboxes.
[INFO DRT-0182] Complete track assignment.
[INFO DRT-0267] cpu time = 00:00:06, elapsed time = 00:00:01, memory = 252.28 (MB), peak = 251.20 (MB)
[INFO DRT-0187] Start routing data preparation.
[INFO DRT-0267] cpu time = 00:00:00, elapsed time = 00:00:00, memory = 252.33 (MB), peak = 251.20 (MB)
[INFO DRT-0194] Start detail routing.
[INFO DRT-0195] Start 0th optimization iteration.
    Completing 10% with 0 violations.
    elapsed time = 00:00:00, memory = 401.84 (MB).
    Completing 20% with 0 violations.
    elapsed time = 00:00:01, memory = 413.52 (MB).
    Completing 30% with 0 violations.
    elapsed time = 00:00:02, memory = 350.47 (MB).
    Completing 40% with 233 violations.
    elapsed time = 00:00:03, memory = 477.80 (MB).
    Completing 50% with 233 violations.
    elapsed time = 00:00:05, memory = 501.12 (MB).
    Completing 60% with 511 violations.
    elapsed time = 00:00:06, memory = 561.75 (MB).
    Completing 70% with 511 violations.
    elapsed time = 00:00:08, memory = 580.07 (MB).
    Completing 80% with 511 violations.
    elapsed time = 00:00:10, memory = 580.36 (MB).
    Completing 90% with 942 violations.
    elapsed time = 00:00:13, memory = 694.15 (MB).
    Completing 100% with 1227 violations.
    elapsed time = 00:00:14, memory = 666.32 (MB).
[INFO DRT-0199]   Number of violations = 1385.
Viol/Layer         li1   mcon   met1    via   met2   met3
Cut Spacing          0      2      0      0      0      0
Metal Spacing       43      0    293      0     29      3
Min Hole             0      0      9      0      0      0
Recheck              0      0    114      0     43      1
Short                0      0    793      2     53      0
[INFO DRT-0267] cpu time = 00:01:27, elapsed time = 00:00:15, memory = 983.66 (MB), peak = 982.77 (MB)
Total wire length = 107675 um.
Total wire length on LAYER li1 = 0 um.
Total wire length on LAYER met1 = 52323 um.
Total wire length on LAYER met2 = 48512 um.
Total wire length on LAYER met3 = 4118 um.
Total wire length on LAYER met4 = 2720 um.
Total wire length on LAYER met5 = 0 um.
Total number of vias = 24428.
Up-via summary (total 24428):

------------------------
 FR_MASTERSLICE        0
            li1    11954
           met1    12128
           met2      256
           met3       90
           met4        0
------------------------
                   24428


[INFO DRT-0195] Start 1st optimization iteration.
    Completing 10% with 1385 violations.
    elapsed time = 00:00:00, memory = 1018.46 (MB).
    Completing 20% with 1385 violations.
    elapsed time = 00:00:00, memory = 1019.91 (MB).
    Completing 30% with 1385 violations.
    elapsed time = 00:00:03, memory = 1020.07 (MB).
    Completing 40% with 1133 violations.
    elapsed time = 00:00:04, memory = 1074.95 (MB).
    Completing 50% with 1133 violations.
    elapsed time = 00:00:06, memory = 1074.95 (MB).
    Completing 60% with 958 violations.
    elapsed time = 00:00:07, memory = 1048.86 (MB).
    Completing 70% with 958 violations.
    elapsed time = 00:00:09, memory = 1048.86 (MB).
    Completing 80% with 958 violations.
    elapsed time = 00:00:12, memory = 1048.86 (MB).
    Completing 90% with 786 violations.
    elapsed time = 00:00:14, memory = 1054.54 (MB).
    Completing 100% with 703 violations.
    elapsed time = 00:00:15, memory = 1054.54 (MB).
[INFO DRT-0199]   Number of violations = 705.
Viol/Layer        mcon   met1   met2
Cut Spacing          3      0      0
Metal Spacing        0    142     14
Min Hole             0      1      0
Recheck              0      1      1
Short                0    536      7
[INFO DRT-0267] cpu time = 00:01:31, elapsed time = 00:00:15, memory = 1057.54 (MB), peak = 1073.89 (MB)
Total wire length = 107213 um.
Total wire length on LAYER li1 = 0 um.
Total wire length on LAYER met1 = 52152 um.
Total wire length on LAYER met2 = 48322 um.
Total wire length on LAYER met3 = 4033 um.
Total wire length on LAYER met4 = 2705 um.
Total wire length on LAYER met5 = 0 um.
Total number of vias = 24272.
Up-via summary (total 24272):

------------------------
 FR_MASTERSLICE        0
            li1    11945
           met1    11996
           met2      245
           met3       86
           met4        0
------------------------
                   24272


[INFO DRT-0195] Start 2nd optimization iteration.
    Completing 10% with 705 violations.
    elapsed time = 00:00:00, memory = 1057.54 (MB).
    Completing 20% with 705 violations.
    elapsed time = 00:00:03, memory = 1064.52 (MB).
    Completing 30% with 729 violations.
    elapsed time = 00:00:04, memory = 1064.52 (MB).
    Completing 40% with 729 violations.
    elapsed time = 00:00:04, memory = 1064.52 (MB).
    Completing 50% with 729 violations.
    elapsed time = 00:00:06, memory = 1074.30 (MB).
    Completing 60% with 757 violations.
    elapsed time = 00:00:07, memory = 1074.30 (MB).
    Completing 70% with 757 violations.
    elapsed time = 00:00:09, memory = 1096.84 (MB).
    Completing 80% with 736 violations.
    elapsed time = 00:00:11, memory = 1096.84 (MB).
    Completing 90% with 736 violations.
    elapsed time = 00:00:12, memory = 1100.32 (MB).
    Completing 100% with 692 violations.
    elapsed time = 00:00:14, memory = 1100.32 (MB).
[INFO DRT-0199]   Number of violations = 694.
Viol/Layer        mcon   met1   met2
Cut Spacing          1      0      0
Metal Spacing        0    143     19
Recheck              0      1      1
Short                0    518     11
[INFO DRT-0267] cpu time = 00:01:21, elapsed time = 00:00:14, memory = 1100.32 (MB), peak = 1099.32 (MB)
Total wire length = 106891 um.
Total wire length on LAYER li1 = 0 um.
Total wire length on LAYER met1 = 51952 um.
Total wire length on LAYER met2 = 48154 um.
Total wire length on LAYER met3 = 4078 um.
Total wire length on LAYER met4 = 2705 um.
Total wire length on LAYER met5 = 0 um.
Total number of vias = 24202.
Up-via summary (total 24202):

------------------------
 FR_MASTERSLICE        0
            li1    11945
           met1    11932
           met2      239
           met3       86
           met4        0
------------------------
                   24202


[INFO DRT-0195] Start 3rd optimization iteration.
    Completing 10% with 694 violations.
    elapsed time = 00:00:00, memory = 1100.32 (MB).
    Completing 20% with 694 violations.
    elapsed time = 00:00:00, memory = 1105.69 (MB).
    Completing 30% with 694 violations.
    elapsed time = 00:00:02, memory = 1105.69 (MB).
    Completing 40% with 601 violations.
    elapsed time = 00:00:02, memory = 1105.70 (MB).
    Completing 50% with 601 violations.
    elapsed time = 00:00:04, memory = 1152.18 (MB).
    Completing 60% with 457 violations.
    elapsed time = 00:00:05, memory = 1152.18 (MB).
    Completing 70% with 457 violations.
    elapsed time = 00:00:06, memory = 1152.68 (MB).
    Completing 80% with 457 violations.
    elapsed time = 00:00:10, memory = 1152.68 (MB).
    Completing 90% with 232 violations.
    elapsed time = 00:00:12, memory = 1157.46 (MB).
    Completing 100% with 42 violations.
    elapsed time = 00:00:15, memory = 1157.52 (MB).
[INFO DRT-0199]   Number of violations = 42.
Viol/Layer        met1   met2
Metal Spacing       15      5
Short               22      0
[INFO DRT-0267] cpu time = 00:01:08, elapsed time = 00:00:15, memory = 1157.52 (MB), peak = 1156.32 (MB)
Total wire length = 106943 um.
Total wire length on LAYER li1 = 0 um.
Total wire length on LAYER met1 = 50268 um.
Total wire length on LAYER met2 = 48319 um.
Total wire length on LAYER met3 = 5708 um.
Total wire length on LAYER met4 = 2646 um.
Total wire length on LAYER met5 = 0 um.
Total number of vias = 24645.
Up-via summary (total 24645):

------------------------
 FR_MASTERSLICE        0
            li1    11945
           met1    12074
           met2      543
           met3       83
           met4        0
------------------------
                   24645


[INFO DRT-0195] Start 4th optimization iteration.
    Completing 10% with 42 violations.
    elapsed time = 00:00:00, memory = 1157.52 (MB).
    Completing 20% with 42 violations.
    elapsed time = 00:00:00, memory = 1157.52 (MB).
    Completing 30% with 42 violations.
    elapsed time = 00:00:00, memory = 1157.52 (MB).
    Completing 40% with 38 violations.
    elapsed time = 00:00:00, memory = 1157.52 (MB).
    Completing 50% with 38 violations.
    elapsed time = 00:00:00, memory = 1157.52 (MB).
    Completing 60% with 21 violations.
    elapsed time = 00:00:01, memory = 1157.52 (MB).
    Completing 70% with 21 violations.
    elapsed time = 00:00:01, memory = 1157.52 (MB).
    Completing 80% with 21 violations.
    elapsed time = 00:00:01, memory = 1157.52 (MB).
    Completing 90% with 5 violations.
    elapsed time = 00:00:01, memory = 1157.52 (MB).
    Completing 100% with 0 violations.
    elapsed time = 00:00:02, memory = 1157.66 (MB).
[INFO DRT-0199]   Number of violations = 0.
[INFO DRT-0267] cpu time = 00:00:12, elapsed time = 00:00:02, memory = 1157.66 (MB), peak = 1156.45 (MB)
Total wire length = 106936 um.
Total wire length on LAYER li1 = 0 um.
Total wire length on LAYER met1 = 50249 um.
Total wire length on LAYER met2 = 48297 um.
Total wire length on LAYER met3 = 5742 um.
Total wire length on LAYER met4 = 2646 um.
Total wire length on LAYER met5 = 0 um.
Total number of vias = 24640.
Up-via summary (total 24640):

------------------------
 FR_MASTERSLICE        0
            li1    11945
           met1    12066
           met2      546
           met3       83
           met4        0
------------------------
                   24640


[INFO DRT-0198] Complete detail routing.
Total wire length = 106936 um.
Total wire length on LAYER li1 = 0 um.
Total wire length on LAYER met1 = 50249 um.
Total wire length on LAYER met2 = 48297 um.
Total wire length on LAYER met3 = 5742 um.
Total wire length on LAYER met4 = 2646 um.
Total wire length on LAYER met5 = 0 um.
Total number of vias = 24640.
Up-via summary (total 24640):

------------------------
 FR_MASTERSLICE        0
            li1    11945
           met1    12066
           met2      546
           met3       83
           met4        0
------------------------
                   24640


[INFO DRT-0267] cpu time = 00:05:42, elapsed time = 00:01:03, memory = 1157.66 (MB), peak = 1156.45 (MB)

[INFO DRT-0180] Post processing.
Setting global connections for newly added cells…
[INFO] Setting global connections...
Updating metrics…
Cell type report:                       Count       Area
  Fill cell                               216     810.78
  Tap cell                               1210    1513.95
  Antenna cell                             18      45.04
  Clock buffer                             21     287.78
  Timing Repair Buffer                    362    2862.75
  Inverter                                 26      97.59
  Clock inverter                           11     105.10
  Sequential cell                         126    3260.63
  Multi-Input combinational cell         3130   23800.33
  Total                                  5120   32783.94
Writing OpenROAD database to '/home/srijitsengupta/rv32i_dsp_soc/openlane/runs/RUN_2026-07-27_08-21-11/43-openroad-detailedrouting/soc_top.odb'…
Writing netlist to '/home/srijitsengupta/rv32i_dsp_soc/openlane/runs/RUN_2026-07-27_08-21-11/43-openroad-detailedrouting/soc_top.nl.v'…
Writing powered netlist to '/home/srijitsengupta/rv32i_dsp_soc/openlane/runs/RUN_2026-07-27_08-21-11/43-openroad-detailedrouting/soc_top.pnl.v'…
Writing layout to '/home/srijitsengupta/rv32i_dsp_soc/openlane/runs/RUN_2026-07-27_08-21-11/43-openroad-detailedrouting/soc_top.def'…
Writing timing constraints to '/home/srijitsengupta/rv32i_dsp_soc/openlane/runs/RUN_2026-07-27_08-21-11/43-openroad-detailedrouting/soc_top.sdc'…
