
===========================================================================
report_checks -unconstrained
===========================================================================
======================= max_ff_n40C_1v95 Corner ===================================

Startpoint: rst_n (input port clocked by clk)
Endpoint: _6341_ (recovery check against rising-edge clock clk)
Path Group: asynchronous
Path Type: max

Fanout         Cap        Slew       Delay        Time   Description
---------------------------------------------------------------------------------------------
                                  0.000000    0.000000   clock clk (rise edge)
                                  0.000000    0.000000   clock network delay (propagated)
                                  3.000000    3.000000 ^ input external delay
     1    0.002684    0.013501    0.006973    3.006973 ^ rst_n (in)
                                                         rst_n (net)
                      0.013507    0.000000    3.006973 ^ input1/A (sky130_fd_sc_hd__clkbuf_1)
     1    0.004325    0.044663    0.056513    3.063486 ^ input1/X (sky130_fd_sc_hd__clkbuf_1)
                                                         net1 (net)
                      0.044683    0.000329    3.063815 ^ fanout255/A (sky130_fd_sc_hd__clkbuf_4)
     5    0.079451    0.182110    0.195576    3.259391 ^ fanout255/X (sky130_fd_sc_hd__clkbuf_4)
                                                         net255 (net)
                      0.182345    0.005367    3.264758 ^ fanout254/A (sky130_fd_sc_hd__buf_4)
    10    0.095611    0.200053    0.203474    3.468232 ^ fanout254/X (sky130_fd_sc_hd__buf_4)
                                                         net254 (net)
                      0.200093    0.002493    3.470725 ^ fanout253/A (sky130_fd_sc_hd__buf_4)
    10    0.070033    0.148418    0.177022    3.647747 ^ fanout253/X (sky130_fd_sc_hd__buf_4)
                                                         net253 (net)
                      0.149866    0.011816    3.659563 ^ fanout252/A (sky130_fd_sc_hd__clkbuf_4)
    10    0.054945    0.129354    0.185377    3.844940 ^ fanout252/X (sky130_fd_sc_hd__clkbuf_4)
                                                         net252 (net)
                      0.129503    0.003616    3.848556 ^ fanout250/A (sky130_fd_sc_hd__clkbuf_4)
    10    0.051283    0.121240    0.175007    4.023563 ^ fanout250/X (sky130_fd_sc_hd__clkbuf_4)
                                                         net250 (net)
                      0.122029    0.007892    4.031456 ^ _6341_/RESET_B (sky130_fd_sc_hd__dfrtp_1)
                                              4.031456   data arrival time

                                 15.000000   15.000000   clock clk (rise edge)
                                  0.000000   15.000000   clock source latency
     1    0.049169    0.169062    0.121540   15.121540 ^ clk (in)
                                                         clk (net)
                      0.170151    0.000000   15.121540 ^ clkbuf_0_clk/A (sky130_fd_sc_hd__clkbuf_16)
    16    0.212939    0.174660    0.208219   15.329760 ^ clkbuf_0_clk/X (sky130_fd_sc_hd__clkbuf_16)
                                                         clknet_0_clk (net)
                      0.178554    0.020684   15.350443 ^ clkbuf_4_11_0_clk/A (sky130_fd_sc_hd__clkbuf_8)
     8    0.034427    0.056688    0.134234   15.484677 ^ clkbuf_4_11_0_clk/X (sky130_fd_sc_hd__clkbuf_8)
                                                         clknet_4_11_0_clk (net)
                      0.056787    0.002025   15.486702 ^ _6341_/CLK (sky130_fd_sc_hd__dfrtp_1)
                                 -0.250000   15.236703   clock uncertainty
                                  0.000000   15.236703   clock reconvergence pessimism
                                  0.130589   15.367291   library recovery time
                                             15.367291   data required time
---------------------------------------------------------------------------------------------
                                             15.367291   data required time
                                             -4.031456   data arrival time
---------------------------------------------------------------------------------------------
                                             11.335836   slack (MET)


Startpoint: _6283_ (rising edge-triggered flip-flop clocked by clk)
Endpoint: monitor_out[31] (output port clocked by clk)
Path Group: clk
Path Type: max

Fanout         Cap        Slew       Delay        Time   Description
---------------------------------------------------------------------------------------------
                                  0.000000    0.000000   clock clk (rise edge)
                                  0.000000    0.000000   clock source latency
     1    0.049169    0.169062    0.121540    0.121540 ^ clk (in)
                                                         clk (net)
                      0.170151    0.000000    0.121540 ^ clkbuf_0_clk/A (sky130_fd_sc_hd__clkbuf_16)
    16    0.212939    0.174660    0.208219    0.329759 ^ clkbuf_0_clk/X (sky130_fd_sc_hd__clkbuf_16)
                                                         clknet_0_clk (net)
                      0.177647    0.018217    0.347976 ^ clkbuf_4_1_0_clk/A (sky130_fd_sc_hd__clkbuf_8)
    12    0.041225    0.064709    0.138600    0.486576 ^ clkbuf_4_1_0_clk/X (sky130_fd_sc_hd__clkbuf_8)
                                                         clknet_4_1_0_clk (net)
                      0.065140    0.004143    0.490719 ^ _6283_/CLK (sky130_fd_sc_hd__dfrtp_4)
     2    0.013603    0.050474    0.270415    0.761134 ^ _6283_/Q (sky130_fd_sc_hd__dfrtp_4)
                                                         core.u_regfile.registers[2][3] (net)
                      0.050517    0.000805    0.761940 ^ rebuffer62/A (sky130_fd_sc_hd__dlymetal6s2s_1)
     2    0.043170    0.328898    0.268463    1.030403 ^ rebuffer62/X (sky130_fd_sc_hd__dlymetal6s2s_1)
                                                         net317 (net)
                      0.328987    0.004440    1.034843 ^ clone61/A (sky130_fd_sc_hd__clkbuf_1)
     6    0.074574    0.642130    0.475048    1.509891 ^ clone61/X (sky130_fd_sc_hd__clkbuf_1)
                                                         net316 (net)
                      0.642186    0.005048    1.514939 ^ _3069_/B (sky130_fd_sc_hd__and2_1)
     1    0.004831    0.055518    0.106734    1.621672 ^ _3069_/X (sky130_fd_sc_hd__and2_1)
                                                         _1976_ (net)
                      0.055519    0.000371    1.622043 ^ fanout99/A (sky130_fd_sc_hd__clkbuf_2)
     6    0.025481    0.109694    0.127788    1.749831 ^ fanout99/X (sky130_fd_sc_hd__clkbuf_2)
                                                         net99 (net)
                      0.109725    0.001515    1.751346 ^ fanout98/A (sky130_fd_sc_hd__clkbuf_4)
    10    0.049370    0.116900    0.166539    1.917885 ^ fanout98/X (sky130_fd_sc_hd__clkbuf_4)
                                                         net98 (net)
                      0.118019    0.009183    1.927068 ^ fanout97/A (sky130_fd_sc_hd__buf_2)
    10    0.043181    0.159906    0.178481    2.105549 ^ fanout97/X (sky130_fd_sc_hd__buf_2)
                                                         net97 (net)
                      0.159933    0.001752    2.107301 ^ _4497_/B (sky130_fd_sc_hd__and3_1)
     2    0.006033    0.057503    0.124944    2.232245 ^ _4497_/X (sky130_fd_sc_hd__and3_1)
                                                         _0777_ (net)
                      0.057503    0.000216    2.232461 ^ _4498_/B (sky130_fd_sc_hd__nor2_1)
     2    0.007487    0.039976    0.039089    2.271549 v _4498_/Y (sky130_fd_sc_hd__nor2_1)
                                                         _0778_ (net)
                      0.040000    0.000473    2.272022 v _4626_/A3 (sky130_fd_sc_hd__a31o_1)
     2    0.009073    0.047164    0.159712    2.431734 v _4626_/X (sky130_fd_sc_hd__a31o_1)
                                                         _0905_ (net)
                      0.047172    0.000628    2.432362 v _4635_/A (sky130_fd_sc_hd__xnor2_1)
     2    0.005766    0.122417    0.134577    2.566939 ^ _4635_/Y (sky130_fd_sc_hd__xnor2_1)
                                                         _0914_ (net)
                      0.122417    0.000299    2.567238 ^ _4636_/B (sky130_fd_sc_hd__or2_1)
     1    0.002879    0.030771    0.074438    2.641676 ^ _4636_/X (sky130_fd_sc_hd__or2_1)
                                                         _0915_ (net)
                      0.030772    0.000134    2.641809 ^ _4638_/A (sky130_fd_sc_hd__nand2_1)
     2    0.004861    0.031735    0.031477    2.673286 v _4638_/Y (sky130_fd_sc_hd__nand2_1)
                                                         _0917_ (net)
                      0.031735    0.000159    2.673445 v _4639_/C (sky130_fd_sc_hd__and3_1)
     1    0.002769    0.027172    0.110093    2.783539 v _4639_/X (sky130_fd_sc_hd__and3_1)
                                                         _0918_ (net)
                      0.027188    0.000202    2.783741 v _4641_/A (sky130_fd_sc_hd__nor2_1)
     2    0.010152    0.139820    0.127590    2.911331 ^ _4641_/Y (sky130_fd_sc_hd__nor2_1)
                                                         _0920_ (net)
                      0.139825    0.000677    2.912008 ^ _4642_/B (sky130_fd_sc_hd__xor2_1)
     2    0.015025    0.239205    0.210431    3.122439 ^ _4642_/X (sky130_fd_sc_hd__xor2_1)
                                                         _0921_ (net)
                      0.239216    0.001297    3.123736 ^ _4663_/A (sky130_fd_sc_hd__xor2_1)
     2    0.004897    0.063503    0.061392    3.185127 v _4663_/X (sky130_fd_sc_hd__xor2_1)
                                                         _0942_ (net)
                      0.063504    0.000228    3.185355 v _4664_/B (sky130_fd_sc_hd__and2_1)
     3    0.010897    0.047934    0.133353    3.318708 v _4664_/X (sky130_fd_sc_hd__and2_1)
                                                         _0943_ (net)
                      0.047935    0.000316    3.319024 v _4666_/A (sky130_fd_sc_hd__or2_1)
     2    0.007141    0.046547    0.153366    3.472389 v _4666_/X (sky130_fd_sc_hd__or2_1)
                                                         _0945_ (net)
                      0.046552    0.000489    3.472878 v _4734_/A (sky130_fd_sc_hd__xnor2_1)
     2    0.008190    0.156326    0.159650    3.632528 ^ _4734_/Y (sky130_fd_sc_hd__xnor2_1)
                                                         _1013_ (net)
                      0.156330    0.000605    3.633133 ^ _4736_/B (sky130_fd_sc_hd__xor2_1)
     2    0.008148    0.148389    0.143971    3.777104 ^ _4736_/X (sky130_fd_sc_hd__xor2_1)
                                                         _1015_ (net)
                      0.148439    0.000596    3.777700 ^ _4737_/B (sky130_fd_sc_hd__xor2_1)
     2    0.006698    0.129595    0.130219    3.907919 ^ _4737_/X (sky130_fd_sc_hd__xor2_1)
                                                         _1016_ (net)
                      0.129595    0.000449    3.908368 ^ _4739_/B (sky130_fd_sc_hd__nand2_1)
     2    0.005694    0.044759    0.051414    3.959781 v _4739_/Y (sky130_fd_sc_hd__nand2_1)
                                                         _1018_ (net)
                      0.044763    0.000331    3.960112 v _4740_/B (sky130_fd_sc_hd__and2b_1)
     2    0.007515    0.038430    0.115289    4.075401 v _4740_/X (sky130_fd_sc_hd__and2b_1)
                                                         _1019_ (net)
                      0.038437    0.000512    4.075913 v _4741_/B (sky130_fd_sc_hd__xnor2_1)
     2    0.013086    0.225706    0.195489    4.271402 ^ _4741_/Y (sky130_fd_sc_hd__xnor2_1)
                                                         _1020_ (net)
                      0.225711    0.000865    4.272267 ^ _4742_/C (sky130_fd_sc_hd__nand3_1)
     3    0.013052    0.100012    0.108603    4.380870 v _4742_/Y (sky130_fd_sc_hd__nand3_1)
                                                         _1021_ (net)
                      0.100028    0.001019    4.381889 v _4744_/A (sky130_fd_sc_hd__nand2_1)
     1    0.010004    0.078411    0.099124    4.481013 ^ _4744_/Y (sky130_fd_sc_hd__nand2_1)
                                                         _1023_ (net)
                      0.078446    0.000620    4.481633 ^ _4746_/B (sky130_fd_sc_hd__xor2_2)
     3    0.018223    0.189812    0.170289    4.651922 ^ _4746_/X (sky130_fd_sc_hd__xor2_2)
                                                         _1025_ (net)
                      0.189823    0.001175    4.653097 ^ _4747_/A (sky130_fd_sc_hd__xor2_2)
     3    0.016274    0.174153    0.157292    4.810389 ^ _4747_/X (sky130_fd_sc_hd__xor2_2)
                                                         _1026_ (net)
                      0.174163    0.001063    4.811452 ^ _4752_/B (sky130_fd_sc_hd__nand2b_4)
     2    0.007159    0.037501    0.030636    4.842088 v _4752_/Y (sky130_fd_sc_hd__nand2b_4)
                                                         _1030_ (net)
                      0.037502    0.000438    4.842526 v _4754_/A3 (sky130_fd_sc_hd__o41a_4)
     3    0.020360    0.066546    0.289103    5.131629 v _4754_/X (sky130_fd_sc_hd__o41a_4)
                                                         _1032_ (net)
                      0.066547    0.001720    5.133349 v _5204_/A1 (sky130_fd_sc_hd__a211o_1)
     3    0.011701    0.061612    0.199348    5.332697 v _5204_/X (sky130_fd_sc_hd__a211o_1)
                                                         _1480_ (net)
                      0.061630    0.000994    5.333692 v _5719_/A1 (sky130_fd_sc_hd__a2111o_1)
     2    0.018259    0.091548    0.281275    5.614967 v _5719_/X (sky130_fd_sc_hd__a2111o_1)
                                                         _2000_ (net)
                      0.091568    0.001307    5.616274 v _5887_/A2 (sky130_fd_sc_hd__a21oi_4)
     3    0.020166    0.138571    0.167366    5.783640 ^ _5887_/Y (sky130_fd_sc_hd__a21oi_4)
                                                         _2185_ (net)
                      0.138584    0.001312    5.784952 ^ _6005_/A1 (sky130_fd_sc_hd__o21ai_2)
     1    0.006147    0.049502    0.048913    5.833865 v _6005_/Y (sky130_fd_sc_hd__o21ai_2)
                                                         _2313_ (net)
                      0.049509    0.000443    5.834308 v _6006_/C1 (sky130_fd_sc_hd__o311a_4)
     2    0.013948    0.049919    0.087564    5.921872 v _6006_/X (sky130_fd_sc_hd__o311a_4)
                                                         core.dsp_result_in[31] (net)
                      0.049978    0.001147    5.923018 v _6086_/B (sky130_fd_sc_hd__xnor2_2)
     1    0.006088    0.101906    0.101585    6.024603 ^ _6086_/Y (sky130_fd_sc_hd__xnor2_2)
                                                         net26 (net)
                      0.101906    0.000448    6.025051 ^ output26/A (sky130_fd_sc_hd__buf_6)
     1    0.034745    0.058735    0.098106    6.123157 ^ output26/X (sky130_fd_sc_hd__buf_6)
                                                         monitor_out[31] (net)
                      0.058846    0.001758    6.124915 ^ monitor_out[31] (out)
                                              6.124915   data arrival time

                                 15.000000   15.000000   clock clk (rise edge)
                                  0.000000   15.000000   clock network delay (propagated)
                                 -0.250000   14.750000   clock uncertainty
                                  0.000000   14.750000   clock reconvergence pessimism
                                 -3.000000   11.750000   output external delay
                                             11.750000   data required time
---------------------------------------------------------------------------------------------
                                             11.750000   data required time
                                             -6.124915   data arrival time
---------------------------------------------------------------------------------------------
                                              5.625086   slack (MET)




===========================================================================
report_checks --slack_max -0.01
============================================================================
======================= max_ff_n40C_1v95 Corner ===================================

No paths found.


===========================================================================
 report_check_types -max_slew -max_cap -max_fanout -violators
============================================================================
======================= max_ff_n40C_1v95 Corner ===================================

max fanout

Pin                                   Limit Fanout  Slack
---------------------------------------------------------
clkbuf_0_clk/X                           10     16     -6 (VIOLATED)
clkbuf_4_0_0_clk/X                       10     12     -2 (VIOLATED)
clkbuf_4_1_0_clk/X                       10     12     -2 (VIOLATED)
clkbuf_4_2_0_clk/X                       10     12     -2 (VIOLATED)
fanout34/X                               10     12     -2 (VIOLATED)
_6258_/Q                                 10     11        (VIOLATED)
clkbuf_4_3_0_clk/X                       10     11        (VIOLATED)
clkbuf_4_5_0_clk/X                       10     11        (VIOLATED)
fanout126/X                              10     11        (VIOLATED)
fanout189/X                              10     11        (VIOLATED)
fanout198/X                              10     11        (VIOLATED)
fanout202/X                              10     11        (VIOLATED)
fanout205/X                              10     11        (VIOLATED)
fanout56/X                               10     11        (VIOLATED)

max capacitance

Pin                                        Limit         Cap       Slack
------------------------------------------------------------------------
clkbuf_0_clk/X                          0.200000    0.212939   -0.012939 (VIOLATED)



===========================================================================
report_parasitic_annotation -report_unannotated
============================================================================
Found 15 unannotated drivers.
 clkload0/X
 clkload1/X
 clkload10/Y
 clkload11/Y
 clkload12/Y
 clkload13/Y
 clkload14/Y
 clkload2/X
 clkload3/Y
 clkload4/X
 clkload5/Y
 clkload6/Y
 clkload7/Y
 clkload8/Y
 clkload9/Y
Found 0 partially unannotated drivers.

===========================================================================
max slew violation count 0
max fanout violation count 14
max cap violation count 1
============================================================================

===========================================================================
check_setup -verbose -unconstrained_endpoints -multiple_clock -no_clock -no_input_delay -loops -generated_clocks
===========================================================================
