Clock: clk
Sources: clk 
Generated: no
Virtual: yes
Propagated: no
Period: 15.000000

===========================================================================
report_clock_properties
============================================================================
Clock                   Period          Waveform
----------------------------------------------------
clk                  15.000000    0.000000  7.500000

===========================================================================
report_clock_latency
============================================================================
Clock clk
rise -> rise
    min     max
0.000000 0.000000 source latency
0.486115         network latency _6276_/CLK
        0.510919 network latency _6262_/CLK
---------------
0.486115 0.510919 latency
        0.024804 skew

fall -> fall
    min     max
0.000000 0.000000 source latency
0.390641         network latency _6267_/CLK
        0.408158 network latency _6262_/CLK
---------------
0.390641 0.408158 latency
        0.017517 skew



===========================================================================
report_clock_min_period
============================================================================
clk period_min = 5.76 fmax = 173.54
