┏━━━━━━━━━━━━━━━━━━━━━━┳━━━━━━━━━━┳━━━━━━━━━━┳━━━━━━━━━━┳━━━━━━━━━━┳━━━━━━━━━━━┳━━━━━━━━━━┳━━━━━━━━━━━┳━━━━━━━━━━┳━━━━━━━━━━━┳━━━━━━━━━━┳━━━━━━━━━━━┳━━━━━━━━━━┓
┃                      ┃ Hold     ┃ Reg to   ┃          ┃          ┃ of which  ┃ Setup    ┃           ┃          ┃           ┃ of which ┃           ┃          ┃
┃                      ┃ Worst    ┃ Reg      ┃          ┃ Hold Vio ┃ reg to    ┃ Worst    ┃ Reg to    ┃ Setup    ┃ Setup Vio ┃ reg to   ┃ Max Cap   ┃ Max Slew ┃
┃ Corner/Group         ┃ Slack    ┃ Paths    ┃ Hold TNS ┃ Count    ┃ reg       ┃ Slack    ┃ Reg Paths ┃ TNS      ┃ Count     ┃ reg      ┃ Violatio… ┃ Violati… ┃
┡━━━━━━━━━━━━━━━━━━━━━━╇━━━━━━━━━━╇━━━━━━━━━━╇━━━━━━━━━━╇━━━━━━━━━━╇━━━━━━━━━━━╇━━━━━━━━━━╇━━━━━━━━━━━╇━━━━━━━━━━╇━━━━━━━━━━━╇━━━━━━━━━━╇━━━━━━━━━━━╇━━━━━━━━━━┩
│ Overall              │ 0.1134   │ 0.1134   │ 0.0000   │ 0        │ 0         │ -10.2446 │ -6.7793   │ -278.41… │ 217       │ 80       │ 1         │ 15       │
│ nom_tt_025C_1v80     │ 0.3304   │ 0.3304   │ 0.0000   │ 0        │ 0         │ -1.5789  │ 1.2876    │ -11.6259 │ 13        │ 0        │ 0         │ 7        │
│ nom_ss_100C_1v60     │ 0.8954   │ 0.8954   │ 0.0000   │ 0        │ 0         │ -9.9438  │ -6.5229   │ -266.12… │ 59        │ 27       │ 0         │ 13       │
│ nom_ff_n40C_1v95     │ 0.1162   │ 0.1162   │ 0.0000   │ 0        │ 0         │ 1.8145   │ 4.4126    │ 0.0000   │ 0         │ 0        │ 1         │ 0        │
│ min_tt_025C_1v80     │ 0.3265   │ 0.3265   │ 0.0000   │ 0        │ 0         │ -1.4098  │ 1.4199    │ -9.6729  │ 13        │ 0        │ 0         │ 7        │
│ min_ss_100C_1v60     │ 0.8884   │ 0.8884   │ 0.0000   │ 0        │ 0         │ -9.6211  │ -6.2591   │ -254.04… │ 57        │ 25       │ 0         │ 13       │
│ min_ff_n40C_1v95     │ 0.1134   │ 0.1134   │ 0.0000   │ 0        │ 0         │ 1.9294   │ 4.5032    │ 0.0000   │ 0         │ 0        │ 0         │ 0        │
│ max_tt_025C_1v80     │ 0.3347   │ 0.3347   │ 0.0000   │ 0        │ 0         │ -1.7478  │ 1.1477    │ -13.7822 │ 15        │ 0        │ 1         │ 7        │
│ max_ss_100C_1v60     │ 0.9030   │ 0.9030   │ 0.0000   │ 0        │ 0         │ -10.2446 │ -6.7793   │ -278.41… │ 60        │ 28       │ 1         │ 15       │
│ max_ff_n40C_1v95     │ 0.1193   │ 0.1193   │ 0.0000   │ 0        │ 0         │ 1.6984   │ 4.3165    │ 0.0000   │ 0         │ 0        │ 1         │ 0        │
└──────────────────────┴──────────┴──────────┴──────────┴──────────┴───────────┴──────────┴───────────┴──────────┴───────────┴──────────┴───────────┴──────────┘
