
===========================================================================
report_checks -unconstrained
===========================================================================
======================= nom_tt_025C_1v80 Corner ===================================

Startpoint: rst_n (input port clocked by clk)
Endpoint: _6340_ (recovery check against rising-edge clock clk)
Path Group: asynchronous
Path Type: max

Fanout         Cap        Slew       Delay        Time   Description
---------------------------------------------------------------------------------------------
                                  0.000000    0.000000   clock clk (rise edge)
                                  0.000000    0.000000   clock network delay (propagated)
                                  3.000000    3.000000 ^ input external delay
     1    0.002511    0.018500    0.009315    3.009315 ^ rst_n (in)
                                                         rst_n (net)
                      0.018501    0.000000    3.009315 ^ input1/A (sky130_fd_sc_hd__clkbuf_1)
     1    0.004260    0.060114    0.083057    3.092372 ^ input1/X (sky130_fd_sc_hd__clkbuf_1)
                                                         net1 (net)
                      0.060114    0.000163    3.092535 ^ fanout255/A (sky130_fd_sc_hd__clkbuf_4)
     5    0.044620    0.141481    0.211224    3.303759 ^ fanout255/X (sky130_fd_sc_hd__clkbuf_4)
                                                         net255 (net)
                      0.141502    0.001743    3.305501 ^ fanout254/A (sky130_fd_sc_hd__buf_4)
    10    0.066583    0.187663    0.243616    3.549117 ^ fanout254/X (sky130_fd_sc_hd__buf_4)
                                                         net254 (net)
                      0.187668    0.000884    3.550001 ^ fanout253/A (sky130_fd_sc_hd__buf_4)
    10    0.054510    0.154418    0.238714    3.788715 ^ fanout253/X (sky130_fd_sc_hd__buf_4)
                                                         net253 (net)
                      0.154622    0.003781    3.792497 ^ fanout252/A (sky130_fd_sc_hd__clkbuf_4)
    10    0.045805    0.145149    0.247653    4.040149 ^ fanout252/X (sky130_fd_sc_hd__clkbuf_4)
                                                         net252 (net)
                      0.145169    0.001730    4.041879 ^ fanout250/A (sky130_fd_sc_hd__clkbuf_4)
    10    0.046313    0.146522    0.245523    4.287402 ^ fanout250/X (sky130_fd_sc_hd__clkbuf_4)
                                                         net250 (net)
                      0.146561    0.002315    4.289717 ^ _6340_/RESET_B (sky130_fd_sc_hd__dfrtp_1)
                                              4.289717   data arrival time

                                 15.000000   15.000000   clock clk (rise edge)
                                  0.000000   15.000000   clock source latency
     1    0.032469    0.151647    0.107283   15.107283 ^ clk (in)
                                                         clk (net)
                      0.151954    0.000000   15.107283 ^ clkbuf_0_clk/A (sky130_fd_sc_hd__clkbuf_16)
    16    0.140140    0.152990    0.246514   15.353797 ^ clkbuf_0_clk/X (sky130_fd_sc_hd__clkbuf_16)
                                                         clknet_0_clk (net)
                      0.154039    0.010154   15.363951 ^ clkbuf_4_11_0_clk/A (sky130_fd_sc_hd__clkbuf_8)
     8    0.030485    0.067622    0.183567   15.547518 ^ clkbuf_4_11_0_clk/X (sky130_fd_sc_hd__clkbuf_8)
                                                         clknet_4_11_0_clk (net)
                      0.067633    0.000862   15.548379 ^ _6340_/CLK (sky130_fd_sc_hd__dfrtp_1)
                                 -0.250000   15.298380   clock uncertainty
                                  0.000000   15.298380   clock reconvergence pessimism
                                  0.211071   15.509450   library recovery time
                                             15.509450   data required time
---------------------------------------------------------------------------------------------
                                             15.509450   data required time
                                             -4.289717   data arrival time
---------------------------------------------------------------------------------------------
                                             11.219733   slack (MET)


Startpoint: _6219_ (rising edge-triggered flip-flop clocked by clk)
Endpoint: monitor_out[31] (output port clocked by clk)
Path Group: clk
Path Type: max

Fanout         Cap        Slew       Delay        Time   Description
---------------------------------------------------------------------------------------------
                                  0.000000    0.000000   clock clk (rise edge)
                                  0.000000    0.000000   clock source latency
     1    0.032469    0.151647    0.107283    0.107283 ^ clk (in)
                                                         clk (net)
                      0.151954    0.000000    0.107283 ^ clkbuf_0_clk/A (sky130_fd_sc_hd__clkbuf_16)
    16    0.140140    0.152990    0.246514    0.353797 ^ clkbuf_0_clk/X (sky130_fd_sc_hd__clkbuf_16)
                                                         clknet_0_clk (net)
                      0.153558    0.007556    0.361354 ^ clkbuf_4_1_0_clk/A (sky130_fd_sc_hd__clkbuf_8)
    12    0.034261    0.073407    0.187623    0.548977 ^ clkbuf_4_1_0_clk/X (sky130_fd_sc_hd__clkbuf_8)
                                                         clknet_4_1_0_clk (net)
                      0.073454    0.001672    0.550648 ^ _6219_/CLK (sky130_fd_sc_hd__dfrtp_1)
     1    0.006656    0.056845    0.385028    0.935676 v _6219_/Q (sky130_fd_sc_hd__dfrtp_1)
                                                         core.dsp_valid_out (net)
                      0.056845    0.000290    0.935966 v fanout238/A (sky130_fd_sc_hd__buf_6)
     3    0.022274    0.034850    0.132831    1.068797 v fanout238/X (sky130_fd_sc_hd__buf_6)
                                                         net238 (net)
                      0.034882    0.000686    1.069484 v fanout214/A (sky130_fd_sc_hd__buf_8)
     6    0.038910    0.043264    0.132200    1.201684 v fanout214/X (sky130_fd_sc_hd__buf_8)
                                                         net214 (net)
                      0.043328    0.001481    1.203165 v fanout206/A (sky130_fd_sc_hd__buf_6)
    10    0.029217    0.039903    0.131838    1.335003 v fanout206/X (sky130_fd_sc_hd__buf_6)
                                                         net206 (net)
                      0.039932    0.000991    1.335994 v _3065_/A (sky130_fd_sc_hd__and2_4)
     1    0.014741    0.042702    0.147683    1.483677 v _3065_/X (sky130_fd_sc_hd__and2_4)
                                                         _1932_ (net)
                      0.042738    0.001123    1.484800 v fanout105/A (sky130_fd_sc_hd__buf_12)
     5    0.039495    0.038093    0.134630    1.619430 v fanout105/X (sky130_fd_sc_hd__buf_12)
                                                         net105 (net)
                      0.038370    0.002744    1.622174 v fanout104/A (sky130_fd_sc_hd__buf_12)
    10    0.049152    0.042917    0.137918    1.760092 v fanout104/X (sky130_fd_sc_hd__buf_12)
                                                         net104 (net)
                      0.043111    0.001982    1.762074 v _3272_/B (sky130_fd_sc_hd__nand2_1)
     2    0.013211    0.131286    0.124313    1.886387 ^ _3272_/Y (sky130_fd_sc_hd__nand2_1)
                                                         _2564_ (net)
                      0.131288    0.000490    1.886876 ^ _3277_/A (sky130_fd_sc_hd__xnor2_2)
     2    0.011871    0.076807    0.110184    1.997060 v _3277_/Y (sky130_fd_sc_hd__xnor2_2)
                                                         _2569_ (net)
                      0.076809    0.000500    1.997560 v _3279_/A (sky130_fd_sc_hd__xnor2_2)
     3    0.016641    0.251144    0.262603    2.260163 ^ _3279_/Y (sky130_fd_sc_hd__xnor2_2)
                                                         _2571_ (net)
                      0.251147    0.000728    2.260891 ^ _3280_/A (sky130_fd_sc_hd__xnor2_2)
     2    0.012483    0.204526    0.178029    2.438920 ^ _3280_/Y (sky130_fd_sc_hd__xnor2_2)
                                                         _2572_ (net)
                      0.204526    0.000260    2.439181 ^ _3282_/A (sky130_fd_sc_hd__xor2_2)
     2    0.015137    0.219793    0.238255    2.677436 ^ _3282_/X (sky130_fd_sc_hd__xor2_2)
                                                         _2574_ (net)
                      0.219793    0.000389    2.677825 ^ rebuffer8/A (sky130_fd_sc_hd__buf_6)
     1    0.009973    0.036062    0.136489    2.814315 ^ rebuffer8/X (sky130_fd_sc_hd__buf_6)
                                                         net263 (net)
                      0.036073    0.000371    2.814686 ^ _3321_/A1 (sky130_fd_sc_hd__a21oi_4)
     2    0.010919    0.061605    0.049687    2.864373 v _3321_/Y (sky130_fd_sc_hd__a21oi_4)
                                                         _2612_ (net)
                      0.061605    0.000379    2.864752 v _3353_/B (sky130_fd_sc_hd__xnor2_2)
     2    0.011256    0.190977    0.185581    3.050333 ^ _3353_/Y (sky130_fd_sc_hd__xnor2_2)
                                                         _2644_ (net)
                      0.190977    0.000256    3.050589 ^ _3361_/B (sky130_fd_sc_hd__xor2_2)
     2    0.020538    0.278056    0.282699    3.333288 ^ _3361_/X (sky130_fd_sc_hd__xor2_2)
                                                         _2652_ (net)
                      0.278057    0.000480    3.333768 ^ _3362_/A (sky130_fd_sc_hd__xnor2_4)
     1    0.018196    0.091099    0.136682    3.470451 v _3362_/Y (sky130_fd_sc_hd__xnor2_4)
                                                         _2653_ (net)
                      0.091104    0.000863    3.471314 v _3363_/A (sky130_fd_sc_hd__xnor2_4)
     2    0.011473    0.069737    0.165270    3.636584 v _3363_/Y (sky130_fd_sc_hd__xnor2_4)
                                                         _2654_ (net)
                      0.069738    0.000256    3.636840 v _3365_/A (sky130_fd_sc_hd__xnor2_2)
     2    0.012131    0.080239    0.167030    3.803869 v _3365_/Y (sky130_fd_sc_hd__xnor2_2)
                                                         _2656_ (net)
                      0.080240    0.000311    3.804180 v _3366_/A (sky130_fd_sc_hd__xor2_2)
     3    0.010349    0.078748    0.197897    4.002077 v _3366_/X (sky130_fd_sc_hd__xor2_2)
                                                         _2657_ (net)
                      0.078748    0.000316    4.002393 v _3370_/A1 (sky130_fd_sc_hd__o211a_1)
     2    0.005728    0.051639    0.245195    4.247589 v _3370_/X (sky130_fd_sc_hd__o211a_1)
                                                         _2661_ (net)
                      0.051639    0.000096    4.247684 v _3377_/B1 (sky130_fd_sc_hd__a311o_1)
     3    0.011406    0.093827    0.364703    4.612388 v _3377_/X (sky130_fd_sc_hd__a311o_1)
                                                         _2667_ (net)
                      0.093827    0.000421    4.612809 v _3580_/A2 (sky130_fd_sc_hd__a221o_2)
     4    0.018494    0.093281    0.455353    5.068162 v _3580_/X (sky130_fd_sc_hd__a221o_2)
                                                         _2868_ (net)
                      0.093288    0.000891    5.069053 v _3743_/A1 (sky130_fd_sc_hd__a41oi_4)
     3    0.016829    0.227485    0.204721    5.273774 ^ _3743_/Y (sky130_fd_sc_hd__a41oi_4)
                                                         _3029_ (net)
                      0.227486    0.000933    5.274707 ^ _3838_/A2 (sky130_fd_sc_hd__o21ai_4)
     3    0.015372    0.064376    0.093709    5.368417 v _3838_/Y (sky130_fd_sc_hd__o21ai_4)
                                                         _0124_ (net)
                      0.064387    0.000803    5.369220 v _4131_/A3 (sky130_fd_sc_hd__a311o_4)
     4    0.020499    0.079705    0.442304    5.811524 v _4131_/X (sky130_fd_sc_hd__a311o_4)
                                                         _0415_ (net)
                      0.079753    0.001427    5.812951 v _4609_/A2 (sky130_fd_sc_hd__o2111a_4)
     2    0.022876    0.067936    0.318819    6.131770 v _4609_/X (sky130_fd_sc_hd__o2111a_4)
                                                         _0889_ (net)
                      0.067991    0.001113    6.132883 v _4611_/B (sky130_fd_sc_hd__nor2_8)
     2    0.011715    0.081602    0.095267    6.228150 ^ _4611_/Y (sky130_fd_sc_hd__nor2_8)
                                                         _0891_ (net)
                      0.081603    0.000187    6.228337 ^ _4745_/A1 (sky130_fd_sc_hd__o21a_1)
     1    0.010395    0.107060    0.175159    6.403496 ^ _4745_/X (sky130_fd_sc_hd__o21a_1)
                                                         _1024_ (net)
                      0.107060    0.000292    6.403788 ^ _4746_/A (sky130_fd_sc_hd__xor2_2)
     3    0.016631    0.236020    0.233288    6.637076 ^ _4746_/X (sky130_fd_sc_hd__xor2_2)
                                                         _1025_ (net)
                      0.236022    0.000545    6.637621 ^ _4747_/A (sky130_fd_sc_hd__xor2_2)
     3    0.016736    0.237028    0.255857    6.893477 ^ _4747_/X (sky130_fd_sc_hd__xor2_2)
                                                         _1026_ (net)
                      0.237107    0.000585    6.894063 ^ _4752_/B (sky130_fd_sc_hd__nand2b_4)
     2    0.007471    0.050050    0.075357    6.969419 v _4752_/Y (sky130_fd_sc_hd__nand2b_4)
                                                         _1030_ (net)
                      0.050050    0.000247    6.969666 v _4754_/A3 (sky130_fd_sc_hd__o41a_4)
     3    0.019547    0.087567    0.460871    7.430538 v _4754_/X (sky130_fd_sc_hd__o41a_4)
                                                         _1032_ (net)
                      0.087567    0.000793    7.431330 v _5204_/A1 (sky130_fd_sc_hd__a211o_1)
     3    0.009443    0.077338    0.305047    7.736377 v _5204_/X (sky130_fd_sc_hd__a211o_1)
                                                         _1480_ (net)
                      0.077338    0.000375    7.736752 v _5719_/A1 (sky130_fd_sc_hd__a2111o_1)
     2    0.016450    0.123512    0.445705    8.182457 v _5719_/X (sky130_fd_sc_hd__a2111o_1)
                                                         _2000_ (net)
                      0.123513    0.000529    8.182986 v _5887_/A2 (sky130_fd_sc_hd__a21oi_4)
     3    0.017397    0.167843    0.225080    8.408067 ^ _5887_/Y (sky130_fd_sc_hd__a21oi_4)
                                                         _2185_ (net)
                      0.167843    0.000465    8.408531 ^ _6005_/A1 (sky130_fd_sc_hd__o21ai_2)
     1    0.005420    0.075475    0.087399    8.495931 v _6005_/Y (sky130_fd_sc_hd__o21ai_2)
                                                         _2313_ (net)
                      0.075475    0.000192    8.496122 v _6006_/C1 (sky130_fd_sc_hd__o311a_4)
     2    0.013182    0.064683    0.140110    8.636232 v _6006_/X (sky130_fd_sc_hd__o311a_4)
                                                         core.dsp_result_in[31] (net)
                      0.064683    0.000591    8.636823 v _6086_/B (sky130_fd_sc_hd__xnor2_2)
     1    0.006207    0.136321    0.144030    8.780852 ^ _6086_/Y (sky130_fd_sc_hd__xnor2_2)
                                                         net26 (net)
                      0.136321    0.000183    8.781035 ^ output26/A (sky130_fd_sc_hd__buf_6)
     1    0.035564    0.079490    0.155537    8.936573 ^ output26/X (sky130_fd_sc_hd__buf_6)
                                                         monitor_out[31] (net)
                      0.079513    0.001291    8.937864 ^ monitor_out[31] (out)
                                              8.937864   data arrival time

                                 15.000000   15.000000   clock clk (rise edge)
                                  0.000000   15.000000   clock network delay (propagated)
                                 -0.250000   14.750000   clock uncertainty
                                  0.000000   14.750000   clock reconvergence pessimism
                                 -3.000000   11.750000   output external delay
                                             11.750000   data required time
---------------------------------------------------------------------------------------------
                                             11.750000   data required time
                                             -8.937864   data arrival time
---------------------------------------------------------------------------------------------
                                              2.812136   slack (MET)




===========================================================================
report_checks --slack_max -0.01
============================================================================
======================= nom_tt_025C_1v80 Corner ===================================

No paths found.


===========================================================================
 report_check_types -max_slew -max_cap -max_fanout -violators
============================================================================
======================= nom_tt_025C_1v80 Corner ===================================

max fanout

Pin                                   Limit Fanout  Slack
---------------------------------------------------------
clkbuf_0_clk/X                           10     16     -6 (VIOLATED)
clkbuf_4_0_0_clk/X                       10     12     -2 (VIOLATED)
clkbuf_4_1_0_clk/X                       10     12     -2 (VIOLATED)
clkbuf_4_2_0_clk/X                       10     12     -2 (VIOLATED)
fanout34/X                               10     12     -2 (VIOLATED)
_6258_/Q                                 10     11        (VIOLATED)
clkbuf_4_3_0_clk/X                       10     11        (VIOLATED)
clkbuf_4_5_0_clk/X                       10     11        (VIOLATED)
fanout126/X                              10     11        (VIOLATED)
fanout189/X                              10     11        (VIOLATED)
fanout198/X                              10     11        (VIOLATED)
fanout202/X                              10     11        (VIOLATED)
fanout205/X                              10     11        (VIOLATED)
fanout56/X                               10     11        (VIOLATED)



===========================================================================
report_parasitic_annotation -report_unannotated
============================================================================
Found 15 unannotated drivers.
 clkload0/X
 clkload1/X
 clkload10/Y
 clkload11/Y
 clkload12/Y
 clkload13/Y
 clkload14/Y
 clkload2/X
 clkload3/Y
 clkload4/X
 clkload5/Y
 clkload6/Y
 clkload7/Y
 clkload8/Y
 clkload9/Y
Found 0 partially unannotated drivers.

===========================================================================
max slew violation count 0
Writing metric design__max_slew_violation__count__corner:nom_tt_025C_1v80: 0
max fanout violation count 14
Writing metric design__max_fanout_violation__count__corner:nom_tt_025C_1v80: 14
max cap violation count 0
Writing metric design__max_cap_violation__count__corner:nom_tt_025C_1v80: 0
============================================================================

===========================================================================
check_setup -verbose -unconstrained_endpoints -multiple_clock -no_clock -no_input_delay -loops -generated_clocks
===========================================================================
