Clock: clk
Sources: clk 
Generated: no
Virtual: yes
Propagated: no
Period: 15.000000

===========================================================================
report_clock_properties
============================================================================
Clock                   Period          Waveform
----------------------------------------------------
clk                  15.000000    0.000000  7.500000

===========================================================================
report_clock_latency
============================================================================
Clock clk
rise -> rise
    min     max
0.000000 0.000000 source latency
0.544760         network latency _6267_/CLK
        0.563998 network latency _6262_/CLK
---------------
0.544760 0.563998 latency
        0.019238 skew

fall -> fall
    min     max
0.000000 0.000000 source latency
0.454082         network latency _6267_/CLK
        0.468053 network latency _6262_/CLK
---------------
0.454082 0.468053 latency
        0.013971 skew



===========================================================================
report_clock_min_period
============================================================================
clk period_min = 8.46 fmax = 118.26
