
===========================================================================
report_checks -unconstrained
===========================================================================
======================= nom_ss_100C_1v60 Corner ===================================

Startpoint: rst_n (input port clocked by clk)
Endpoint: _6341_ (recovery check against rising-edge clock clk)
Path Group: asynchronous
Path Type: max

Fanout         Cap        Slew       Delay        Time   Description
---------------------------------------------------------------------------------------------
                                  0.000000    0.000000   clock clk (rise edge)
                                  0.000000    0.000000   clock network delay (propagated)
                                  2.000000    2.000000 ^ input external delay
     1    0.002533    0.030494    0.014382    2.014382 ^ rst_n (in)
                                                         rst_n (net)
                      0.030494    0.000000    2.014382 ^ input1/A (sky130_fd_sc_hd__clkbuf_1)
     1    0.004234    0.097259    0.151764    2.166145 ^ input1/X (sky130_fd_sc_hd__clkbuf_1)
                                                         net1 (net)
                      0.097259    0.000147    2.166292 ^ fanout255/A (sky130_fd_sc_hd__clkbuf_4)
     5    0.075210    0.359026    0.472445    2.638737 ^ fanout255/X (sky130_fd_sc_hd__clkbuf_4)
                                                         net255 (net)
                      0.359050    0.003195    2.641932 ^ fanout254/A (sky130_fd_sc_hd__buf_4)
    10    0.085283    0.378825    0.552143    3.194075 ^ fanout254/X (sky130_fd_sc_hd__buf_4)
                                                         net254 (net)
                      0.378828    0.000953    3.195028 ^ fanout253/A (sky130_fd_sc_hd__buf_4)
    10    0.064951    0.292473    0.504304    3.699332 ^ fanout253/X (sky130_fd_sc_hd__buf_4)
                                                         net253 (net)
                      0.292586    0.005455    3.704787 ^ fanout252/A (sky130_fd_sc_hd__clkbuf_4)
    10    0.050574    0.251354    0.481563    4.186349 ^ fanout252/X (sky130_fd_sc_hd__clkbuf_4)
                                                         net252 (net)
                      0.251364    0.001942    4.188292 ^ fanout250/A (sky130_fd_sc_hd__clkbuf_4)
    10    0.046536    0.233509    0.450237    4.638528 ^ fanout250/X (sky130_fd_sc_hd__clkbuf_4)
                                                         net250 (net)
                      0.233554    0.003247    4.641776 ^ _6341_/RESET_B (sky130_fd_sc_hd__dfrtp_1)
                                              4.641776   data arrival time

                                 10.000000   10.000000   clock clk (rise edge)
                                  0.000000   10.000000   clock source latency
     1    0.048581    0.349066    0.247389   10.247389 ^ clk (in)
                                                         clk (net)
                      0.349406    0.000000   10.247389 ^ clkbuf_0_clk/A (sky130_fd_sc_hd__clkbuf_16)
    16    0.199691    0.316139    0.539734   10.787124 ^ clkbuf_0_clk/X (sky130_fd_sc_hd__clkbuf_16)
                                                         clknet_0_clk (net)
                      0.316903    0.012652   10.799776 ^ clkbuf_4_11_0_clk/A (sky130_fd_sc_hd__clkbuf_8)
     8    0.032665    0.113766    0.373911   11.173686 ^ clkbuf_4_11_0_clk/X (sky130_fd_sc_hd__clkbuf_8)
                                                         clknet_4_11_0_clk (net)
                      0.113773    0.000972   11.174658 ^ _6341_/CLK (sky130_fd_sc_hd__dfrtp_1)
                                 -0.250000   10.924658   clock uncertainty
                                  0.000000   10.924658   clock reconvergence pessimism
                                  0.416747   11.341406   library recovery time
                                             11.341406   data required time
---------------------------------------------------------------------------------------------
                                             11.341406   data required time
                                             -4.641776   data arrival time
---------------------------------------------------------------------------------------------
                                              6.699630   slack (MET)


Startpoint: _6219_ (rising edge-triggered flip-flop clocked by clk)
Endpoint: monitor_out[31] (output port clocked by clk)
Path Group: clk
Path Type: max

Fanout         Cap        Slew       Delay        Time   Description
---------------------------------------------------------------------------------------------
                                  0.000000    0.000000   clock clk (rise edge)
                                  0.000000    0.000000   clock source latency
     1    0.048581    0.349066    0.247389    0.247389 ^ clk (in)
                                                         clk (net)
                      0.349406    0.000000    0.247389 ^ clkbuf_0_clk/A (sky130_fd_sc_hd__clkbuf_16)
    16    0.199691    0.316139    0.539734    0.787123 ^ clkbuf_0_clk/X (sky130_fd_sc_hd__clkbuf_16)
                                                         clknet_0_clk (net)
                      0.316349    0.006746    0.793869 ^ clkbuf_4_1_0_clk/A (sky130_fd_sc_hd__clkbuf_8)
    12    0.038718    0.128017    0.384351    1.178221 ^ clkbuf_4_1_0_clk/X (sky130_fd_sc_hd__clkbuf_8)
                                                         clknet_4_1_0_clk (net)
                      0.128061    0.002213    1.180434 ^ _6219_/CLK (sky130_fd_sc_hd__dfrtp_1)
     1    0.006517    0.122613    0.706595    1.887029 ^ _6219_/Q (sky130_fd_sc_hd__dfrtp_1)
                                                         core.dsp_valid_out (net)
                      0.122613    0.000229    1.887257 ^ fanout238/A (sky130_fd_sc_hd__buf_6)
     5    0.059855    0.198385    0.300912    2.188169 ^ fanout238/X (sky130_fd_sc_hd__buf_6)
                                                         net238 (net)
                      0.198419    0.002604    2.190773 ^ fanout237/A (sky130_fd_sc_hd__clkbuf_4)
     7    0.069883    0.335689    0.501550    2.692323 ^ fanout237/X (sky130_fd_sc_hd__clkbuf_4)
                                                         net237 (net)
                      0.335753    0.004525    2.696848 ^ fanout236/A (sky130_fd_sc_hd__clkbuf_2)
     6    0.031648    0.274278    0.451593    3.148441 ^ fanout236/X (sky130_fd_sc_hd__clkbuf_2)
                                                         net236 (net)
                      0.274278    0.000623    3.149064 ^ fanout235/A (sky130_fd_sc_hd__buf_2)
    10    0.037658    0.298041    0.452364    3.601427 ^ fanout235/X (sky130_fd_sc_hd__buf_2)
                                                         net235 (net)
                      0.298041    0.000769    3.602196 ^ _3069_/A (sky130_fd_sc_hd__and2_1)
     1    0.004232    0.099530    0.324081    3.926277 ^ _3069_/X (sky130_fd_sc_hd__and2_1)
                                                         _1976_ (net)
                      0.099530    0.000149    3.926426 ^ fanout99/A (sky130_fd_sc_hd__clkbuf_2)
     6    0.024498    0.215477    0.310506    4.236933 ^ fanout99/X (sky130_fd_sc_hd__clkbuf_2)
                                                         net99 (net)
                      0.215477    0.000568    4.237501 ^ fanout98/A (sky130_fd_sc_hd__buf_2)
    10    0.047286    0.369683    0.479074    4.716575 ^ fanout98/X (sky130_fd_sc_hd__buf_2)
                                                         net98 (net)
                      0.369848    0.003681    4.720256 ^ fanout97/A (sky130_fd_sc_hd__buf_2)
    10    0.041594    0.327500    0.510493    5.230749 ^ fanout97/X (sky130_fd_sc_hd__buf_2)
                                                         net97 (net)
                      0.327500    0.000441    5.231190 ^ _4497_/B (sky130_fd_sc_hd__and3_1)
     2    0.005948    0.129714    0.421228    5.652418 ^ _4497_/X (sky130_fd_sc_hd__and3_1)
                                                         _0777_ (net)
                      0.129714    0.000093    5.652511 ^ _4498_/B (sky130_fd_sc_hd__nor2_1)
     2    0.007712    0.091736    0.127390    5.779901 v _4498_/Y (sky130_fd_sc_hd__nor2_1)
                                                         _0778_ (net)
                      0.091736    0.000192    5.780093 v _4626_/A3 (sky130_fd_sc_hd__a31o_1)
     2    0.008637    0.113923    0.445334    6.225426 v _4626_/X (sky130_fd_sc_hd__a31o_1)
                                                         _0905_ (net)
                      0.113923    0.000264    6.225690 v _4635_/A (sky130_fd_sc_hd__xnor2_1)
     2    0.005396    0.269319    0.324521    6.550211 ^ _4635_/Y (sky130_fd_sc_hd__xnor2_1)
                                                         _0914_ (net)
                      0.269319    0.000129    6.550340 ^ _4636_/B (sky130_fd_sc_hd__or2_1)
     1    0.002848    0.067492    0.242953    6.793293 ^ _4636_/X (sky130_fd_sc_hd__or2_1)
                                                         _0915_ (net)
                      0.067492    0.000058    6.793351 ^ _4638_/A (sky130_fd_sc_hd__nand2_1)
     2    0.004662    0.098560    0.116620    6.909972 v _4638_/Y (sky130_fd_sc_hd__nand2_1)
                                                         _0917_ (net)
                      0.098560    0.000071    6.910042 v _4639_/C (sky130_fd_sc_hd__and3_1)
     1    0.002781    0.070281    0.371322    7.281364 v _4639_/X (sky130_fd_sc_hd__and3_1)
                                                         _0918_ (net)
                      0.070281    0.000082    7.281446 v _4641_/A (sky130_fd_sc_hd__nor2_1)
     2    0.009968    0.325022    0.316485    7.597931 ^ _4641_/Y (sky130_fd_sc_hd__nor2_1)
                                                         _0920_ (net)
                      0.325022    0.000285    7.598217 ^ _4642_/B (sky130_fd_sc_hd__xor2_1)
     2    0.014416    0.521042    0.585907    8.184124 ^ _4642_/X (sky130_fd_sc_hd__xor2_1)
                                                         _0921_ (net)
                      0.521043    0.000694    8.184817 ^ _4663_/A (sky130_fd_sc_hd__xor2_1)
     2    0.004674    0.152673    0.300887    8.485704 v _4663_/X (sky130_fd_sc_hd__xor2_1)
                                                         _0942_ (net)
                      0.152673    0.000095    8.485800 v _4664_/B (sky130_fd_sc_hd__and2_1)
     3    0.010615    0.130819    0.419819    8.905619 v _4664_/X (sky130_fd_sc_hd__and2_1)
                                                         _0943_ (net)
                      0.130819    0.000129    8.905747 v _4666_/A (sky130_fd_sc_hd__or2_1)
     2    0.006884    0.132162    0.566454    9.472201 v _4666_/X (sky130_fd_sc_hd__or2_1)
                                                         _0945_ (net)
                      0.132162    0.000191    9.472392 v _4734_/A (sky130_fd_sc_hd__xnor2_1)
     2    0.007872    0.349218    0.394710    9.867102 ^ _4734_/Y (sky130_fd_sc_hd__xnor2_1)
                                                         _1013_ (net)
                      0.349218    0.000243    9.867346 ^ _4736_/B (sky130_fd_sc_hd__xor2_1)
     2    0.008092    0.333810    0.452577   10.319922 ^ _4736_/X (sky130_fd_sc_hd__xor2_1)
                                                         _1015_ (net)
                      0.333810    0.000241   10.320163 ^ _4737_/B (sky130_fd_sc_hd__xor2_1)
     2    0.006468    0.286603    0.412254   10.732417 ^ _4737_/X (sky130_fd_sc_hd__xor2_1)
                                                         _1016_ (net)
                      0.286603    0.000188   10.732605 ^ _4739_/B (sky130_fd_sc_hd__nand2_1)
     2    0.004727    0.110230    0.206319   10.938925 v _4739_/Y (sky130_fd_sc_hd__nand2_1)
                                                         _1018_ (net)
                      0.110230    0.000119   10.939044 v _4740_/B (sky130_fd_sc_hd__and2b_1)
     2    0.007455    0.103079    0.376640   11.315683 v _4740_/X (sky130_fd_sc_hd__and2b_1)
                                                         _1019_ (net)
                      0.103079    0.000195   11.315878 v _4741_/B (sky130_fd_sc_hd__xnor2_1)
     2    0.012017    0.485590    0.455721   11.771599 ^ _4741_/Y (sky130_fd_sc_hd__xnor2_1)
                                                         _1020_ (net)
                      0.485591    0.000557   11.772156 ^ _4742_/C (sky130_fd_sc_hd__nand3_1)
     3    0.012809    0.349737    0.475940   12.248096 v _4742_/Y (sky130_fd_sc_hd__nand3_1)
                                                         _1021_ (net)
                      0.349737    0.000279   12.248375 v _4756_/B1_N (sky130_fd_sc_hd__a21bo_1)
     2    0.012001    0.174046    0.554043   12.802418 ^ _4756_/X (sky130_fd_sc_hd__a21bo_1)
                                                         _1034_ (net)
                      0.174046    0.000347   12.802766 ^ _4894_/A2 (sky130_fd_sc_hd__a21oi_4)
     4    0.017961    0.143937    0.181776   12.984542 v _4894_/Y (sky130_fd_sc_hd__a21oi_4)
                                                         _1172_ (net)
                      0.143937    0.000428   12.984970 v _5048_/A2 (sky130_fd_sc_hd__o31a_1)
     1    0.002575    0.083206    0.542609   13.527578 v _5048_/X (sky130_fd_sc_hd__o31a_1)
                                                         _1324_ (net)
                      0.083206    0.000077   13.527656 v _5198_/A (sky130_fd_sc_hd__or2_1)
     2    0.004738    0.115522    0.525004   14.052660 v _5198_/X (sky130_fd_sc_hd__or2_1)
                                                         _1474_ (net)
                      0.115522    0.000114   14.052773 v _5200_/B (sky130_fd_sc_hd__and3_1)
     4    0.014545    0.163251    0.453002   14.505775 v _5200_/X (sky130_fd_sc_hd__and3_1)
                                                         _1476_ (net)
                      0.163251    0.000363   14.506139 v _5202_/A (sky130_fd_sc_hd__nor2_1)
     3    0.016529    0.506852    0.486921   14.993060 ^ _5202_/Y (sky130_fd_sc_hd__nor2_1)
                                                         _1478_ (net)
                      0.506852    0.000403   14.993463 ^ _5551_/A1 (sky130_fd_sc_hd__a21oi_1)
     2    0.006738    0.192041    0.335355   15.328817 v _5551_/Y (sky130_fd_sc_hd__a21oi_1)
                                                         _1825_ (net)
                      0.192041    0.000178   15.328996 v _5719_/B1 (sky130_fd_sc_hd__a2111o_1)
     2    0.018422    0.242086    0.948237   16.277233 v _5719_/X (sky130_fd_sc_hd__a2111o_1)
                                                         _2000_ (net)
                      0.242086    0.000924   16.278156 v _5887_/A2 (sky130_fd_sc_hd__a21oi_4)
     3    0.019947    0.290237    0.411269   16.689425 ^ _5887_/Y (sky130_fd_sc_hd__a21oi_4)
                                                         _2185_ (net)
                      0.290237    0.000570   16.689995 ^ _6005_/A1 (sky130_fd_sc_hd__o21ai_2)
     1    0.005972    0.135103    0.207773   16.897770 v _6005_/Y (sky130_fd_sc_hd__o21ai_2)
                                                         _2313_ (net)
                      0.135103    0.000204   16.897974 v _6006_/C1 (sky130_fd_sc_hd__o311a_4)
     2    0.013519    0.109131    0.267987   17.165960 v _6006_/X (sky130_fd_sc_hd__o311a_4)
                                                         core.dsp_result_in[31] (net)
                      0.109131    0.000574   17.166534 v _6086_/B (sky130_fd_sc_hd__xnor2_2)
     1    0.005534    0.116317    0.256714   17.423248 v _6086_/Y (sky130_fd_sc_hd__xnor2_2)
                                                         net26 (net)
                      0.116317    0.000178   17.423426 v output26/A (sky130_fd_sc_hd__buf_6)
     1    0.034662    0.076441    0.269512   17.692938 v output26/X (sky130_fd_sc_hd__buf_6)
                                                         monitor_out[31] (net)
                      0.076450    0.000854   17.693792 v monitor_out[31] (out)
                                             17.693792   data arrival time

                                 10.000000   10.000000   clock clk (rise edge)
                                  0.000000   10.000000   clock network delay (propagated)
                                 -0.250000    9.750000   clock uncertainty
                                  0.000000    9.750000   clock reconvergence pessimism
                                 -2.000000    7.750000   output external delay
                                              7.750000   data required time
---------------------------------------------------------------------------------------------
                                              7.750000   data required time
                                            -17.693792   data arrival time
---------------------------------------------------------------------------------------------
                                             -9.943791   slack (VIOLATED)




===========================================================================
report_checks --slack_max -0.01
============================================================================
======================= nom_ss_100C_1v60 Corner ===================================

Startpoint: _6219_ (rising edge-triggered flip-flop clocked by clk)
Endpoint: monitor_out[31] (output port clocked by clk)
Path Group: clk
Path Type: max

Fanout         Cap        Slew       Delay        Time   Description
---------------------------------------------------------------------------------------------
                                  0.000000    0.000000   clock clk (rise edge)
                                  0.000000    0.000000   clock source latency
     1    0.048581    0.349066    0.247389    0.247389 ^ clk (in)
                                                         clk (net)
                      0.349406    0.000000    0.247389 ^ clkbuf_0_clk/A (sky130_fd_sc_hd__clkbuf_16)
    16    0.199691    0.316139    0.539734    0.787123 ^ clkbuf_0_clk/X (sky130_fd_sc_hd__clkbuf_16)
                                                         clknet_0_clk (net)
                      0.316349    0.006746    0.793869 ^ clkbuf_4_1_0_clk/A (sky130_fd_sc_hd__clkbuf_8)
    12    0.038718    0.128017    0.384351    1.178221 ^ clkbuf_4_1_0_clk/X (sky130_fd_sc_hd__clkbuf_8)
                                                         clknet_4_1_0_clk (net)
                      0.128061    0.002213    1.180434 ^ _6219_/CLK (sky130_fd_sc_hd__dfrtp_1)
     1    0.006517    0.122613    0.706595    1.887029 ^ _6219_/Q (sky130_fd_sc_hd__dfrtp_1)
                                                         core.dsp_valid_out (net)
                      0.122613    0.000229    1.887257 ^ fanout238/A (sky130_fd_sc_hd__buf_6)
     5    0.059855    0.198385    0.300912    2.188169 ^ fanout238/X (sky130_fd_sc_hd__buf_6)
                                                         net238 (net)
                      0.198419    0.002604    2.190773 ^ fanout237/A (sky130_fd_sc_hd__clkbuf_4)
     7    0.069883    0.335689    0.501550    2.692323 ^ fanout237/X (sky130_fd_sc_hd__clkbuf_4)
                                                         net237 (net)
                      0.335753    0.004525    2.696848 ^ fanout236/A (sky130_fd_sc_hd__clkbuf_2)
     6    0.031648    0.274278    0.451593    3.148441 ^ fanout236/X (sky130_fd_sc_hd__clkbuf_2)
                                                         net236 (net)
                      0.274278    0.000623    3.149064 ^ fanout235/A (sky130_fd_sc_hd__buf_2)
    10    0.037658    0.298041    0.452364    3.601427 ^ fanout235/X (sky130_fd_sc_hd__buf_2)
                                                         net235 (net)
                      0.298041    0.000769    3.602196 ^ _3069_/A (sky130_fd_sc_hd__and2_1)
     1    0.004232    0.099530    0.324081    3.926277 ^ _3069_/X (sky130_fd_sc_hd__and2_1)
                                                         _1976_ (net)
                      0.099530    0.000149    3.926426 ^ fanout99/A (sky130_fd_sc_hd__clkbuf_2)
     6    0.024498    0.215477    0.310506    4.236933 ^ fanout99/X (sky130_fd_sc_hd__clkbuf_2)
                                                         net99 (net)
                      0.215477    0.000568    4.237501 ^ fanout98/A (sky130_fd_sc_hd__buf_2)
    10    0.047286    0.369683    0.479074    4.716575 ^ fanout98/X (sky130_fd_sc_hd__buf_2)
                                                         net98 (net)
                      0.369848    0.003681    4.720256 ^ fanout97/A (sky130_fd_sc_hd__buf_2)
    10    0.041594    0.327500    0.510493    5.230749 ^ fanout97/X (sky130_fd_sc_hd__buf_2)
                                                         net97 (net)
                      0.327500    0.000441    5.231190 ^ _4497_/B (sky130_fd_sc_hd__and3_1)
     2    0.005948    0.129714    0.421228    5.652418 ^ _4497_/X (sky130_fd_sc_hd__and3_1)
                                                         _0777_ (net)
                      0.129714    0.000093    5.652511 ^ _4498_/B (sky130_fd_sc_hd__nor2_1)
     2    0.007712    0.091736    0.127390    5.779901 v _4498_/Y (sky130_fd_sc_hd__nor2_1)
                                                         _0778_ (net)
                      0.091736    0.000192    5.780093 v _4626_/A3 (sky130_fd_sc_hd__a31o_1)
     2    0.008637    0.113923    0.445334    6.225426 v _4626_/X (sky130_fd_sc_hd__a31o_1)
                                                         _0905_ (net)
                      0.113923    0.000264    6.225690 v _4635_/A (sky130_fd_sc_hd__xnor2_1)
     2    0.005396    0.269319    0.324521    6.550211 ^ _4635_/Y (sky130_fd_sc_hd__xnor2_1)
                                                         _0914_ (net)
                      0.269319    0.000129    6.550340 ^ _4636_/B (sky130_fd_sc_hd__or2_1)
     1    0.002848    0.067492    0.242953    6.793293 ^ _4636_/X (sky130_fd_sc_hd__or2_1)
                                                         _0915_ (net)
                      0.067492    0.000058    6.793351 ^ _4638_/A (sky130_fd_sc_hd__nand2_1)
     2    0.004662    0.098560    0.116620    6.909972 v _4638_/Y (sky130_fd_sc_hd__nand2_1)
                                                         _0917_ (net)
                      0.098560    0.000071    6.910042 v _4639_/C (sky130_fd_sc_hd__and3_1)
     1    0.002781    0.070281    0.371322    7.281364 v _4639_/X (sky130_fd_sc_hd__and3_1)
                                                         _0918_ (net)
                      0.070281    0.000082    7.281446 v _4641_/A (sky130_fd_sc_hd__nor2_1)
     2    0.009968    0.325022    0.316485    7.597931 ^ _4641_/Y (sky130_fd_sc_hd__nor2_1)
                                                         _0920_ (net)
                      0.325022    0.000285    7.598217 ^ _4642_/B (sky130_fd_sc_hd__xor2_1)
     2    0.014416    0.521042    0.585907    8.184124 ^ _4642_/X (sky130_fd_sc_hd__xor2_1)
                                                         _0921_ (net)
                      0.521043    0.000694    8.184817 ^ _4663_/A (sky130_fd_sc_hd__xor2_1)
     2    0.004674    0.152673    0.300887    8.485704 v _4663_/X (sky130_fd_sc_hd__xor2_1)
                                                         _0942_ (net)
                      0.152673    0.000095    8.485800 v _4664_/B (sky130_fd_sc_hd__and2_1)
     3    0.010615    0.130819    0.419819    8.905619 v _4664_/X (sky130_fd_sc_hd__and2_1)
                                                         _0943_ (net)
                      0.130819    0.000129    8.905747 v _4666_/A (sky130_fd_sc_hd__or2_1)
     2    0.006884    0.132162    0.566454    9.472201 v _4666_/X (sky130_fd_sc_hd__or2_1)
                                                         _0945_ (net)
                      0.132162    0.000191    9.472392 v _4734_/A (sky130_fd_sc_hd__xnor2_1)
     2    0.007872    0.349218    0.394710    9.867102 ^ _4734_/Y (sky130_fd_sc_hd__xnor2_1)
                                                         _1013_ (net)
                      0.349218    0.000243    9.867346 ^ _4736_/B (sky130_fd_sc_hd__xor2_1)
     2    0.008092    0.333810    0.452577   10.319922 ^ _4736_/X (sky130_fd_sc_hd__xor2_1)
                                                         _1015_ (net)
                      0.333810    0.000241   10.320163 ^ _4737_/B (sky130_fd_sc_hd__xor2_1)
     2    0.006468    0.286603    0.412254   10.732417 ^ _4737_/X (sky130_fd_sc_hd__xor2_1)
                                                         _1016_ (net)
                      0.286603    0.000188   10.732605 ^ _4739_/B (sky130_fd_sc_hd__nand2_1)
     2    0.004727    0.110230    0.206319   10.938925 v _4739_/Y (sky130_fd_sc_hd__nand2_1)
                                                         _1018_ (net)
                      0.110230    0.000119   10.939044 v _4740_/B (sky130_fd_sc_hd__and2b_1)
     2    0.007455    0.103079    0.376640   11.315683 v _4740_/X (sky130_fd_sc_hd__and2b_1)
                                                         _1019_ (net)
                      0.103079    0.000195   11.315878 v _4741_/B (sky130_fd_sc_hd__xnor2_1)
     2    0.012017    0.485590    0.455721   11.771599 ^ _4741_/Y (sky130_fd_sc_hd__xnor2_1)
                                                         _1020_ (net)
                      0.485591    0.000557   11.772156 ^ _4742_/C (sky130_fd_sc_hd__nand3_1)
     3    0.012809    0.349737    0.475940   12.248096 v _4742_/Y (sky130_fd_sc_hd__nand3_1)
                                                         _1021_ (net)
                      0.349737    0.000279   12.248375 v _4756_/B1_N (sky130_fd_sc_hd__a21bo_1)
     2    0.012001    0.174046    0.554043   12.802418 ^ _4756_/X (sky130_fd_sc_hd__a21bo_1)
                                                         _1034_ (net)
                      0.174046    0.000347   12.802766 ^ _4894_/A2 (sky130_fd_sc_hd__a21oi_4)
     4    0.017961    0.143937    0.181776   12.984542 v _4894_/Y (sky130_fd_sc_hd__a21oi_4)
                                                         _1172_ (net)
                      0.143937    0.000428   12.984970 v _5048_/A2 (sky130_fd_sc_hd__o31a_1)
     1    0.002575    0.083206    0.542609   13.527578 v _5048_/X (sky130_fd_sc_hd__o31a_1)
                                                         _1324_ (net)
                      0.083206    0.000077   13.527656 v _5198_/A (sky130_fd_sc_hd__or2_1)
     2    0.004738    0.115522    0.525004   14.052660 v _5198_/X (sky130_fd_sc_hd__or2_1)
                                                         _1474_ (net)
                      0.115522    0.000114   14.052773 v _5200_/B (sky130_fd_sc_hd__and3_1)
     4    0.014545    0.163251    0.453002   14.505775 v _5200_/X (sky130_fd_sc_hd__and3_1)
                                                         _1476_ (net)
                      0.163251    0.000363   14.506139 v _5202_/A (sky130_fd_sc_hd__nor2_1)
     3    0.016529    0.506852    0.486921   14.993060 ^ _5202_/Y (sky130_fd_sc_hd__nor2_1)
                                                         _1478_ (net)
                      0.506852    0.000403   14.993463 ^ _5551_/A1 (sky130_fd_sc_hd__a21oi_1)
     2    0.006738    0.192041    0.335355   15.328817 v _5551_/Y (sky130_fd_sc_hd__a21oi_1)
                                                         _1825_ (net)
                      0.192041    0.000178   15.328996 v _5719_/B1 (sky130_fd_sc_hd__a2111o_1)
     2    0.018422    0.242086    0.948237   16.277233 v _5719_/X (sky130_fd_sc_hd__a2111o_1)
                                                         _2000_ (net)
                      0.242086    0.000924   16.278156 v _5887_/A2 (sky130_fd_sc_hd__a21oi_4)
     3    0.019947    0.290237    0.411269   16.689425 ^ _5887_/Y (sky130_fd_sc_hd__a21oi_4)
                                                         _2185_ (net)
                      0.290237    0.000570   16.689995 ^ _6005_/A1 (sky130_fd_sc_hd__o21ai_2)
     1    0.005972    0.135103    0.207773   16.897770 v _6005_/Y (sky130_fd_sc_hd__o21ai_2)
                                                         _2313_ (net)
                      0.135103    0.000204   16.897974 v _6006_/C1 (sky130_fd_sc_hd__o311a_4)
     2    0.013519    0.109131    0.267987   17.165960 v _6006_/X (sky130_fd_sc_hd__o311a_4)
                                                         core.dsp_result_in[31] (net)
                      0.109131    0.000574   17.166534 v _6086_/B (sky130_fd_sc_hd__xnor2_2)
     1    0.005534    0.116317    0.256714   17.423248 v _6086_/Y (sky130_fd_sc_hd__xnor2_2)
                                                         net26 (net)
                      0.116317    0.000178   17.423426 v output26/A (sky130_fd_sc_hd__buf_6)
     1    0.034662    0.076441    0.269512   17.692938 v output26/X (sky130_fd_sc_hd__buf_6)
                                                         monitor_out[31] (net)
                      0.076450    0.000854   17.693792 v monitor_out[31] (out)
                                             17.693792   data arrival time

                                 10.000000   10.000000   clock clk (rise edge)
                                  0.000000   10.000000   clock network delay (propagated)
                                 -0.250000    9.750000   clock uncertainty
                                  0.000000    9.750000   clock reconvergence pessimism
                                 -2.000000    7.750000   output external delay
                                              7.750000   data required time
---------------------------------------------------------------------------------------------
                                              7.750000   data required time
                                            -17.693792   data arrival time
---------------------------------------------------------------------------------------------
                                             -9.943791   slack (VIOLATED)




===========================================================================
 report_check_types -max_slew -max_cap -max_fanout -violators
============================================================================
======================= nom_ss_100C_1v60 Corner ===================================

max slew

Pin                                        Limit        Slew       Slack
------------------------------------------------------------------------
_4912_/A1                               0.750000    1.303320   -0.553320 (VIOLATED)
_5383_/C                                0.750000    1.303320   -0.553320 (VIOLATED)
ANTENNA_15/DIODE                        0.750000    1.303316   -0.553316 (VIOLATED)
_3312_/A1                               0.750000    1.303316   -0.553316 (VIOLATED)
_3943_/A1                               0.750000    1.303316   -0.553316 (VIOLATED)
_3762_/C                                0.750000    1.303314   -0.553314 (VIOLATED)
clone24/X                               0.750000    1.303314   -0.553314 (VIOLATED)
_4419_/B                                0.750000    0.918767   -0.168767 (VIOLATED)
_6017_/B                                0.750000    0.918764   -0.168764 (VIOLATED)
_3212_/A1                               0.750000    0.918763   -0.168763 (VIOLATED)
_3357_/A2                               0.750000    0.918761   -0.168761 (VIOLATED)
_3358_/B                                0.750000    0.918761   -0.168761 (VIOLATED)
clone26/X                               0.750000    0.918759   -0.168759 (VIOLATED)

max fanout

Pin                                   Limit Fanout  Slack
---------------------------------------------------------
clkbuf_0_clk/X                           10     16     -6 (VIOLATED)
clkbuf_4_0_0_clk/X                       10     12     -2 (VIOLATED)
clkbuf_4_1_0_clk/X                       10     12     -2 (VIOLATED)
clkbuf_4_2_0_clk/X                       10     12     -2 (VIOLATED)
fanout34/X                               10     12     -2 (VIOLATED)
_6258_/Q                                 10     11        (VIOLATED)
clkbuf_4_3_0_clk/X                       10     11        (VIOLATED)
clkbuf_4_5_0_clk/X                       10     11        (VIOLATED)
fanout126/X                              10     11        (VIOLATED)
fanout189/X                              10     11        (VIOLATED)
fanout198/X                              10     11        (VIOLATED)
fanout201/X                              10     11        (VIOLATED)
fanout202/X                              10     11        (VIOLATED)
fanout56/X                               10     11        (VIOLATED)



===========================================================================
report_parasitic_annotation -report_unannotated
============================================================================
Found 15 unannotated drivers.
 clkload0/X
 clkload1/X
 clkload10/Y
 clkload11/Y
 clkload12/Y
 clkload13/Y
 clkload14/Y
 clkload2/X
 clkload3/Y
 clkload4/X
 clkload5/Y
 clkload6/Y
 clkload7/Y
 clkload8/Y
 clkload9/Y
Found 0 partially unannotated drivers.

===========================================================================
max slew violation count 13
max fanout violation count 14
max cap violation count 0
============================================================================

===========================================================================
check_setup -verbose -unconstrained_endpoints -multiple_clock -no_clock -no_input_delay -loops -generated_clocks
===========================================================================
