Clock: clk
Sources: clk 
Generated: no
Virtual: yes
Propagated: no
Period: 10.000000

===========================================================================
report_clock_properties
============================================================================
Clock                   Period          Waveform
----------------------------------------------------
clk                  10.000000    0.000000  5.000000

===========================================================================
report_clock_latency
============================================================================
Clock clk
rise -> rise
    min     max
0.000000 0.000000 source latency
1.174288         network latency _6276_/CLK
        1.222010 network latency _6262_/CLK
---------------
1.174288 1.222010 latency
        0.047722 skew

fall -> fall
    min     max
0.000000 0.000000 source latency
0.974802         network latency _6276_/CLK
        1.009220 network latency _6262_/CLK
---------------
0.974802 1.009220 latency
        0.034419 skew



===========================================================================
report_clock_min_period
============================================================================
clk period_min = 16.52 fmax = 60.52
