
===========================================================================
 report_power
============================================================================
======================= nom_ss_100C_1v60 Corner ===================================

Group                    Internal    Switching      Leakage        Total
                            Power        Power        Power        Power (Watts)
------------------------------------------------------------------------
Sequential           3.892424e-04 0.000000e+00 2.363232e-06 3.916056e-04  47.4%
Combinational        2.911389e-06 1.097698e-05 1.545339e-05 2.934176e-05   3.6%
Clock                1.867129e-04 2.180888e-04 3.192197e-07 4.051210e-04  49.0%
Macro                0.000000e+00 0.000000e+00 0.000000e+00 0.000000e+00   0.0%
Pad                  0.000000e+00 0.000000e+00 0.000000e+00 0.000000e+00   0.0%
------------------------------------------------------------------------
Total                5.788669e-04 2.290658e-04 1.813582e-05 8.260685e-04 100.0%
                            70.1%        27.7%         2.2%

