
===========================================================================
Violator List
============================================================================
[setup reg-out] _6219_/Q -> monitor_out[31] : -9.943791
[setup reg-out] _6219_/Q -> monitor_out[30] : -9.854164
[setup reg-out] _6219_/Q -> monitor_out[29] : -9.756532
[setup reg-out] _6219_/Q -> monitor_out[28] : -9.333560
[setup reg-out] _6219_/Q -> monitor_out[27] : -8.935702
[setup reg-out] _6254_/Q -> monitor_out[26] : -8.887544
[setup reg-out] _6254_/Q -> monitor_out[25] : -8.318864
[setup reg-out] _6254_/Q -> monitor_out[24] : -8.287560
[setup reg-out] _6254_/Q -> monitor_out[23] : -8.193391
[setup reg-out] _6254_/Q -> monitor_out[22] : -7.757509
[setup reg-out] _6254_/Q -> monitor_out[21] : -7.507550
[setup reg-out] _6254_/Q -> monitor_out[20] : -7.364493
[setup reg-out] _6254_/Q -> monitor_out[19] : -7.113721
[setup reg-out] _6254_/Q -> monitor_out[18] : -6.742869
[setup reg-out] _6254_/Q -> monitor_out[17] : -6.653705
[setup reg-reg] _6219_/Q -> _6343_/D : -6.522943
[setup reg-reg] _6219_/Q -> _6342_/D : -6.301833
[setup reg-out] _6254_/Q -> monitor_out[16] : -6.204835
[setup reg-reg] _6219_/Q -> _6341_/D : -6.160718
[setup reg-out] _6254_/Q -> monitor_out[15] : -5.900966
[setup reg-reg] _6219_/Q -> _6340_/D : -5.811392
[setup reg-out] _6254_/Q -> monitor_out[14] : -5.617541
[setup reg-out] _6254_/Q -> monitor_out[13] : -5.304174
[setup reg-reg] _6219_/Q -> _6339_/D : -5.301449
[setup reg-reg] _6254_/Q -> _6338_/D : -5.290740
[setup reg-out] _6280_/Q -> monitor_out[6] : -5.257141
[setup reg-out] _6254_/Q -> monitor_out[12] : -5.141877
[setup reg-reg] _6254_/Q -> _6337_/D : -4.889385
[setup reg-reg] _6254_/Q -> _6335_/D : -4.701045
[setup reg-reg] _6254_/Q -> _6336_/D : -4.694617
[setup reg-out] _6254_/Q -> monitor_out[11] : -4.376891
[setup reg-reg] _6254_/Q -> _6334_/D : -4.289557
[setup reg-reg] _6254_/Q -> _6333_/D : -3.922937
[setup reg-out] _6254_/Q -> monitor_out[10] : -3.802061
[setup reg-reg] _6254_/Q -> _6332_/D : -3.750306
[setup reg-reg] _6254_/Q -> _6331_/D : -3.550742
[setup reg-out] _6254_/Q -> monitor_out[9] : -3.478900
[setup reg-reg] _6254_/Q -> _6330_/D : -3.232413
[setup reg-out] _6254_/Q -> monitor_out[8] : -3.221097
[setup reg-reg] _6254_/Q -> _6329_/D : -3.195511
[setup reg-reg] _6254_/Q -> _6328_/D : -2.649009
[setup reg-out] _6280_/Q -> monitor_out[7] : -2.517789
[setup reg-reg] _6254_/Q -> _6327_/D : -2.296337
[setup reg-reg] _6254_/Q -> _6326_/D : -2.035238
[setup reg-out] _6280_/Q -> monitor_out[5] : -1.843359
[setup reg-reg] _6280_/Q -> _6318_/D : -1.810601
[setup reg-reg] _6254_/Q -> _6325_/D : -1.732945
[setup reg-reg] _6254_/Q -> _6324_/D : -1.582853
[setup reg-reg] _6254_/Q -> _6323_/D : -0.807219
[setup reg-out] _6283_/Q -> monitor_out[0] : -0.677454
[setup reg-out] _6280_/Q -> monitor_out[4] : -0.636405
[setup reg-out] _6283_/Q -> monitor_out[3] : -0.598039
[setup reg-out] _6283_/Q -> monitor_out[1] : -0.552899
[setup reg-reg] _6219_/Q -> _6246_/D : -0.505318
[setup reg-out] _6283_/Q -> monitor_out[2] : -0.452610
[setup reg-reg] _6219_/Q -> _6247_/D : -0.449425
[setup reg-reg] _6254_/Q -> _6322_/D : -0.346995
[setup reg-reg] _6219_/Q -> _6245_/D : -0.031946
[setup reg-reg] _6254_/Q -> _6321_/D : -0.027211
