
===========================================================================
report_checks -unconstrained
===========================================================================
======================= nom_ss_100C_1v60 Corner ===================================

Startpoint: rst_n (input port clocked by clk)
Endpoint: _6341_ (recovery check against rising-edge clock clk)
Path Group: asynchronous
Path Type: max

Fanout         Cap        Slew       Delay        Time   Description
---------------------------------------------------------------------------------------------
                                  0.000000    0.000000   clock clk (rise edge)
                                  0.000000    0.000000   clock network delay (propagated)
                                  3.000000    3.000000 ^ input external delay
     1    0.002533    0.030494    0.014382    3.014381 ^ rst_n (in)
                                                         rst_n (net)
                      0.030494    0.000000    3.014381 ^ input1/A (sky130_fd_sc_hd__clkbuf_1)
     1    0.004098    0.094845    0.150006    3.164388 ^ input1/X (sky130_fd_sc_hd__clkbuf_1)
                                                         net1 (net)
                      0.094845    0.000141    3.164529 ^ fanout255/A (sky130_fd_sc_hd__clkbuf_4)
     5    0.075237    0.359141    0.471447    3.635977 ^ fanout255/X (sky130_fd_sc_hd__clkbuf_4)
                                                         net255 (net)
                      0.359166    0.003238    3.639215 ^ fanout254/A (sky130_fd_sc_hd__buf_4)
    10    0.087417    0.387862    0.557732    4.196947 ^ fanout254/X (sky130_fd_sc_hd__buf_4)
                                                         net254 (net)
                      0.387865    0.000980    4.197926 ^ fanout253/A (sky130_fd_sc_hd__buf_4)
    10    0.064056    0.288844    0.505272    4.703198 ^ fanout253/X (sky130_fd_sc_hd__buf_4)
                                                         net253 (net)
                      0.288961    0.005509    4.708707 ^ fanout252/A (sky130_fd_sc_hd__clkbuf_4)
    10    0.050430    0.250698    0.479539    5.188246 ^ fanout252/X (sky130_fd_sc_hd__clkbuf_4)
                                                         net252 (net)
                      0.250707    0.001919    5.190166 ^ fanout250/A (sky130_fd_sc_hd__clkbuf_4)
    10    0.046567    0.233638    0.450041    5.640207 ^ fanout250/X (sky130_fd_sc_hd__clkbuf_4)
                                                         net250 (net)
                      0.233684    0.003256    5.643462 ^ _6341_/RESET_B (sky130_fd_sc_hd__dfrtp_1)
                                              5.643462   data arrival time

                                 15.000000   15.000000   clock clk (rise edge)
                                  0.000000   15.000000   clock source latency
     1    0.046986    0.337931    0.239362   15.239362 ^ clk (in)
                                                         clk (net)
                      0.338251    0.000000   15.239362 ^ clkbuf_0_clk/A (sky130_fd_sc_hd__clkbuf_16)
    16    0.199992    0.316429    0.534271   15.773634 ^ clkbuf_0_clk/X (sky130_fd_sc_hd__clkbuf_16)
                                                         clknet_0_clk (net)
                      0.317323    0.012507   15.786140 ^ clkbuf_4_11_0_clk/A (sky130_fd_sc_hd__clkbuf_8)
     8    0.032139    0.112539    0.373118   16.159260 ^ clkbuf_4_11_0_clk/X (sky130_fd_sc_hd__clkbuf_8)
                                                         clknet_4_11_0_clk (net)
                      0.112546    0.000950   16.160210 ^ _6341_/CLK (sky130_fd_sc_hd__dfrtp_1)
                                 -0.250000   15.910211   clock uncertainty
                                  0.000000   15.910211   clock reconvergence pessimism
                                  0.416286   16.326496   library recovery time
                                             16.326496   data required time
---------------------------------------------------------------------------------------------
                                             16.326496   data required time
                                             -5.643462   data arrival time
---------------------------------------------------------------------------------------------
                                             10.683033   slack (MET)


Startpoint: _6283_ (rising edge-triggered flip-flop clocked by clk)
Endpoint: monitor_out[31] (output port clocked by clk)
Path Group: clk
Path Type: max

Fanout         Cap        Slew       Delay        Time   Description
---------------------------------------------------------------------------------------------
                                  0.000000    0.000000   clock clk (rise edge)
                                  0.000000    0.000000   clock source latency
     1    0.046986    0.337931    0.239362    0.239362 ^ clk (in)
                                                         clk (net)
                      0.338251    0.000000    0.239362 ^ clkbuf_0_clk/A (sky130_fd_sc_hd__clkbuf_16)
    16    0.199992    0.316429    0.534272    0.773634 ^ clkbuf_0_clk/X (sky130_fd_sc_hd__clkbuf_16)
                                                         clknet_0_clk (net)
                      0.317077    0.010293    0.783926 ^ clkbuf_4_1_0_clk/A (sky130_fd_sc_hd__clkbuf_8)
    12    0.037697    0.125594    0.382756    1.166682 ^ clkbuf_4_1_0_clk/X (sky130_fd_sc_hd__clkbuf_8)
                                                         clknet_4_1_0_clk (net)
                      0.125618    0.001734    1.168417 ^ _6283_/CLK (sky130_fd_sc_hd__dfrtp_4)
     2    0.012946    0.128993    0.864778    2.033194 ^ _6283_/Q (sky130_fd_sc_hd__dfrtp_4)
                                                         core.u_regfile.registers[2][3] (net)
                      0.128993    0.000301    2.033495 ^ rebuffer62/A (sky130_fd_sc_hd__dlymetal6s2s_1)
     2    0.042233    0.647318    0.599351    2.632846 ^ rebuffer62/X (sky130_fd_sc_hd__dlymetal6s2s_1)
                                                         net317 (net)
                      0.647333    0.002634    2.635480 ^ clone61/A (sky130_fd_sc_hd__clkbuf_1)
     6    0.068990    1.269300    1.182148    3.817628 ^ clone61/X (sky130_fd_sc_hd__clkbuf_1)
                                                         net316 (net)
                      1.269308    0.002678    3.820306 ^ _3069_/B (sky130_fd_sc_hd__and2_1)
     1    0.004474    0.117534    0.568646    4.388952 ^ _3069_/X (sky130_fd_sc_hd__and2_1)
                                                         _1976_ (net)
                      0.117534    0.000168    4.389121 ^ fanout99/A (sky130_fd_sc_hd__clkbuf_2)
     6    0.023998    0.211462    0.316026    4.705147 ^ fanout99/X (sky130_fd_sc_hd__clkbuf_2)
                                                         net99 (net)
                      0.211462    0.000563    4.705709 ^ fanout98/A (sky130_fd_sc_hd__clkbuf_4)
    10    0.046576    0.232818    0.432146    5.137855 ^ fanout98/X (sky130_fd_sc_hd__clkbuf_4)
                                                         net98 (net)
                      0.232892    0.004015    5.141870 ^ fanout97/A (sky130_fd_sc_hd__buf_2)
    10    0.040894    0.321902    0.453628    5.595498 ^ fanout97/X (sky130_fd_sc_hd__buf_2)
                                                         net97 (net)
                      0.321902    0.000617    5.596115 ^ _4497_/B (sky130_fd_sc_hd__and3_1)
     2    0.005827    0.127997    0.417947    6.014062 ^ _4497_/X (sky130_fd_sc_hd__and3_1)
                                                         _0777_ (net)
                      0.127997    0.000091    6.014153 ^ _4498_/B (sky130_fd_sc_hd__nor2_1)
     2    0.007478    0.089935    0.125036    6.139189 v _4498_/Y (sky130_fd_sc_hd__nor2_1)
                                                         _0778_ (net)
                      0.089935    0.000183    6.139372 v _4626_/A3 (sky130_fd_sc_hd__a31o_1)
     2    0.008828    0.115526    0.446108    6.585479 v _4626_/X (sky130_fd_sc_hd__a31o_1)
                                                         _0905_ (net)
                      0.115526    0.000270    6.585750 v _4635_/A (sky130_fd_sc_hd__xnor2_1)
     2    0.005481    0.272005    0.327351    6.913100 ^ _4635_/Y (sky130_fd_sc_hd__xnor2_1)
                                                         _0914_ (net)
                      0.272005    0.000115    6.913215 ^ _4636_/B (sky130_fd_sc_hd__or2_1)
     1    0.002829    0.067306    0.243602    7.156816 ^ _4636_/X (sky130_fd_sc_hd__or2_1)
                                                         _0915_ (net)
                      0.067306    0.000058    7.156874 ^ _4638_/A (sky130_fd_sc_hd__nand2_1)
     2    0.004644    0.098343    0.116330    7.273204 v _4638_/Y (sky130_fd_sc_hd__nand2_1)
                                                         _0917_ (net)
                      0.098343    0.000069    7.273274 v _4639_/C (sky130_fd_sc_hd__and3_1)
     1    0.002753    0.070050    0.370881    7.644155 v _4639_/X (sky130_fd_sc_hd__and3_1)
                                                         _0918_ (net)
                      0.070050    0.000081    7.644236 v _4641_/A (sky130_fd_sc_hd__nor2_1)
     2    0.009891    0.322887    0.314795    7.959031 ^ _4641_/Y (sky130_fd_sc_hd__nor2_1)
                                                         _0920_ (net)
                      0.322887    0.000284    7.959315 ^ _4642_/B (sky130_fd_sc_hd__xor2_1)
     2    0.014395    0.520433    0.584912    8.544227 ^ _4642_/X (sky130_fd_sc_hd__xor2_1)
                                                         _0921_ (net)
                      0.520435    0.000681    8.544909 ^ _4663_/A (sky130_fd_sc_hd__xor2_1)
     2    0.004674    0.152606    0.300695    8.845603 v _4663_/X (sky130_fd_sc_hd__xor2_1)
                                                         _0942_ (net)
                      0.152606    0.000095    8.845697 v _4664_/B (sky130_fd_sc_hd__and2_1)
     3    0.010597    0.130671    0.419646    9.265344 v _4664_/X (sky130_fd_sc_hd__and2_1)
                                                         _0943_ (net)
                      0.130671    0.000129    9.265472 v _4666_/A (sky130_fd_sc_hd__or2_1)
     2    0.006864    0.131995    0.566191    9.831663 v _4666_/X (sky130_fd_sc_hd__or2_1)
                                                         _0945_ (net)
                      0.131995    0.000191    9.831854 v _4734_/A (sky130_fd_sc_hd__xnor2_1)
     2    0.007891    0.349848    0.395123   10.226977 ^ _4734_/Y (sky130_fd_sc_hd__xnor2_1)
                                                         _1013_ (net)
                      0.349848    0.000247   10.227223 ^ _4736_/B (sky130_fd_sc_hd__xor2_1)
     2    0.008092    0.333809    0.452741   10.679965 ^ _4736_/X (sky130_fd_sc_hd__xor2_1)
                                                         _1015_ (net)
                      0.333809    0.000241   10.680205 ^ _4737_/B (sky130_fd_sc_hd__xor2_1)
     2    0.006517    0.288008    0.413345   11.093551 ^ _4737_/X (sky130_fd_sc_hd__xor2_1)
                                                         _1016_ (net)
                      0.288008    0.000194   11.093744 ^ _4739_/B (sky130_fd_sc_hd__nand2_1)
     2    0.005157    0.116464    0.212119   11.305863 v _4739_/Y (sky130_fd_sc_hd__nand2_1)
                                                         _1018_ (net)
                      0.116464    0.000131   11.305995 v _4740_/B (sky130_fd_sc_hd__and2b_1)
     2    0.007451    0.103054    0.379758   11.685752 v _4740_/X (sky130_fd_sc_hd__and2b_1)
                                                         _1019_ (net)
                      0.103054    0.000194   11.685946 v _4741_/B (sky130_fd_sc_hd__xnor2_1)
     2    0.012559    0.503513    0.469150   12.155096 ^ _4741_/Y (sky130_fd_sc_hd__xnor2_1)
                                                         _1020_ (net)
                      0.503514    0.000570   12.155666 ^ _4742_/C (sky130_fd_sc_hd__nand3_1)
     3    0.012670    0.347388    0.479418   12.635084 v _4742_/Y (sky130_fd_sc_hd__nand3_1)
                                                         _1021_ (net)
                      0.347388    0.000259   12.635344 v _4756_/B1_N (sky130_fd_sc_hd__a21bo_1)
     2    0.011974    0.173699    0.552681   13.188025 ^ _4756_/X (sky130_fd_sc_hd__a21bo_1)
                                                         _1034_ (net)
                      0.173699    0.000347   13.188373 ^ _4894_/A2 (sky130_fd_sc_hd__a21oi_4)
     4    0.018074    0.144389    0.181974   13.370347 v _4894_/Y (sky130_fd_sc_hd__a21oi_4)
                                                         _1172_ (net)
                      0.144390    0.000664   13.371012 v _5199_/A2 (sky130_fd_sc_hd__o311ai_4)
     4    0.011674    0.418811    0.521289   13.892301 ^ _5199_/Y (sky130_fd_sc_hd__o311ai_4)
                                                         _1475_ (net)
                      0.418811    0.000367   13.892667 ^ _5368_/A2 (sky130_fd_sc_hd__a21o_1)
     4    0.014279    0.206699    0.449221   14.341888 ^ _5368_/X (sky130_fd_sc_hd__a21o_1)
                                                         _1643_ (net)
                      0.206699    0.000456   14.342343 ^ _5543_/A2 (sky130_fd_sc_hd__a21oi_2)
     3    0.010444    0.116581    0.198338   14.540682 v _5543_/Y (sky130_fd_sc_hd__a21oi_2)
                                                         _1817_ (net)
                      0.116581    0.000238   14.540920 v _5711_/C1 (sky130_fd_sc_hd__a211o_1)
     2    0.005347    0.109175    0.474019   15.014939 v _5711_/X (sky130_fd_sc_hd__a211o_1)
                                                         _1992_ (net)
                      0.109175    0.000080   15.015019 v _5714_/B (sky130_fd_sc_hd__and3_1)
     2    0.003658    0.078179    0.358339   15.373358 v _5714_/X (sky130_fd_sc_hd__and3_1)
                                                         _1995_ (net)
                      0.078179    0.000068   15.373425 v _5715_/B (sky130_fd_sc_hd__or2_1)
     3    0.007075    0.133799    0.509036   15.882462 v _5715_/X (sky130_fd_sc_hd__or2_1)
                                                         _1996_ (net)
                      0.133799    0.000117   15.882579 v _5719_/D1 (sky130_fd_sc_hd__a2111o_1)
     2    0.018054    0.239277    0.751754   16.634333 v _5719_/X (sky130_fd_sc_hd__a2111o_1)
                                                         _2000_ (net)
                      0.239277    0.000679   16.635012 v _5887_/A2 (sky130_fd_sc_hd__a21oi_4)
     3    0.019734    0.288199    0.408573   17.043585 ^ _5887_/Y (sky130_fd_sc_hd__a21oi_4)
                                                         _2185_ (net)
                      0.288199    0.000547   17.044132 ^ _6005_/A1 (sky130_fd_sc_hd__o21ai_2)
     1    0.005959    0.136342    0.207088   17.251219 v _6005_/Y (sky130_fd_sc_hd__o21ai_2)
                                                         _2313_ (net)
                      0.136342    0.000204   17.251425 v _6006_/C1 (sky130_fd_sc_hd__o311a_4)
     2    0.013478    0.109033    0.268468   17.519892 v _6006_/X (sky130_fd_sc_hd__o311a_4)
                                                         core.dsp_result_in[31] (net)
                      0.109033    0.000574   17.520466 v _6086_/B (sky130_fd_sc_hd__xnor2_2)
     1    0.005534    0.116317    0.256669   17.777136 v _6086_/Y (sky130_fd_sc_hd__xnor2_2)
                                                         net26 (net)
                      0.116317    0.000178   17.777313 v output26/A (sky130_fd_sc_hd__buf_6)
     1    0.034662    0.076441    0.269512   18.046825 v output26/X (sky130_fd_sc_hd__buf_6)
                                                         monitor_out[31] (net)
                      0.076450    0.000854   18.047680 v monitor_out[31] (out)
                                             18.047680   data arrival time

                                 15.000000   15.000000   clock clk (rise edge)
                                  0.000000   15.000000   clock network delay (propagated)
                                 -0.250000   14.750000   clock uncertainty
                                  0.000000   14.750000   clock reconvergence pessimism
                                 -3.000000   11.750000   output external delay
                                             11.750000   data required time
---------------------------------------------------------------------------------------------
                                             11.750000   data required time
                                            -18.047680   data arrival time
---------------------------------------------------------------------------------------------
                                             -6.297679   slack (VIOLATED)




===========================================================================
report_checks --slack_max -0.01
============================================================================
======================= nom_ss_100C_1v60 Corner ===================================

Startpoint: _6283_ (rising edge-triggered flip-flop clocked by clk)
Endpoint: monitor_out[31] (output port clocked by clk)
Path Group: clk
Path Type: max

Fanout         Cap        Slew       Delay        Time   Description
---------------------------------------------------------------------------------------------
                                  0.000000    0.000000   clock clk (rise edge)
                                  0.000000    0.000000   clock source latency
     1    0.046986    0.337931    0.239362    0.239362 ^ clk (in)
                                                         clk (net)
                      0.338251    0.000000    0.239362 ^ clkbuf_0_clk/A (sky130_fd_sc_hd__clkbuf_16)
    16    0.199992    0.316429    0.534272    0.773634 ^ clkbuf_0_clk/X (sky130_fd_sc_hd__clkbuf_16)
                                                         clknet_0_clk (net)
                      0.317077    0.010293    0.783926 ^ clkbuf_4_1_0_clk/A (sky130_fd_sc_hd__clkbuf_8)
    12    0.037697    0.125594    0.382756    1.166682 ^ clkbuf_4_1_0_clk/X (sky130_fd_sc_hd__clkbuf_8)
                                                         clknet_4_1_0_clk (net)
                      0.125618    0.001734    1.168417 ^ _6283_/CLK (sky130_fd_sc_hd__dfrtp_4)
     2    0.012946    0.128993    0.864778    2.033194 ^ _6283_/Q (sky130_fd_sc_hd__dfrtp_4)
                                                         core.u_regfile.registers[2][3] (net)
                      0.128993    0.000301    2.033495 ^ rebuffer62/A (sky130_fd_sc_hd__dlymetal6s2s_1)
     2    0.042233    0.647318    0.599351    2.632846 ^ rebuffer62/X (sky130_fd_sc_hd__dlymetal6s2s_1)
                                                         net317 (net)
                      0.647333    0.002634    2.635480 ^ clone61/A (sky130_fd_sc_hd__clkbuf_1)
     6    0.068990    1.269300    1.182148    3.817628 ^ clone61/X (sky130_fd_sc_hd__clkbuf_1)
                                                         net316 (net)
                      1.269308    0.002678    3.820306 ^ _3069_/B (sky130_fd_sc_hd__and2_1)
     1    0.004474    0.117534    0.568646    4.388952 ^ _3069_/X (sky130_fd_sc_hd__and2_1)
                                                         _1976_ (net)
                      0.117534    0.000168    4.389121 ^ fanout99/A (sky130_fd_sc_hd__clkbuf_2)
     6    0.023998    0.211462    0.316026    4.705147 ^ fanout99/X (sky130_fd_sc_hd__clkbuf_2)
                                                         net99 (net)
                      0.211462    0.000563    4.705709 ^ fanout98/A (sky130_fd_sc_hd__clkbuf_4)
    10    0.046576    0.232818    0.432146    5.137855 ^ fanout98/X (sky130_fd_sc_hd__clkbuf_4)
                                                         net98 (net)
                      0.232892    0.004015    5.141870 ^ fanout97/A (sky130_fd_sc_hd__buf_2)
    10    0.040894    0.321902    0.453628    5.595498 ^ fanout97/X (sky130_fd_sc_hd__buf_2)
                                                         net97 (net)
                      0.321902    0.000617    5.596115 ^ _4497_/B (sky130_fd_sc_hd__and3_1)
     2    0.005827    0.127997    0.417947    6.014062 ^ _4497_/X (sky130_fd_sc_hd__and3_1)
                                                         _0777_ (net)
                      0.127997    0.000091    6.014153 ^ _4498_/B (sky130_fd_sc_hd__nor2_1)
     2    0.007478    0.089935    0.125036    6.139189 v _4498_/Y (sky130_fd_sc_hd__nor2_1)
                                                         _0778_ (net)
                      0.089935    0.000183    6.139372 v _4626_/A3 (sky130_fd_sc_hd__a31o_1)
     2    0.008828    0.115526    0.446108    6.585479 v _4626_/X (sky130_fd_sc_hd__a31o_1)
                                                         _0905_ (net)
                      0.115526    0.000270    6.585750 v _4635_/A (sky130_fd_sc_hd__xnor2_1)
     2    0.005481    0.272005    0.327351    6.913100 ^ _4635_/Y (sky130_fd_sc_hd__xnor2_1)
                                                         _0914_ (net)
                      0.272005    0.000115    6.913215 ^ _4636_/B (sky130_fd_sc_hd__or2_1)
     1    0.002829    0.067306    0.243602    7.156816 ^ _4636_/X (sky130_fd_sc_hd__or2_1)
                                                         _0915_ (net)
                      0.067306    0.000058    7.156874 ^ _4638_/A (sky130_fd_sc_hd__nand2_1)
     2    0.004644    0.098343    0.116330    7.273204 v _4638_/Y (sky130_fd_sc_hd__nand2_1)
                                                         _0917_ (net)
                      0.098343    0.000069    7.273274 v _4639_/C (sky130_fd_sc_hd__and3_1)
     1    0.002753    0.070050    0.370881    7.644155 v _4639_/X (sky130_fd_sc_hd__and3_1)
                                                         _0918_ (net)
                      0.070050    0.000081    7.644236 v _4641_/A (sky130_fd_sc_hd__nor2_1)
     2    0.009891    0.322887    0.314795    7.959031 ^ _4641_/Y (sky130_fd_sc_hd__nor2_1)
                                                         _0920_ (net)
                      0.322887    0.000284    7.959315 ^ _4642_/B (sky130_fd_sc_hd__xor2_1)
     2    0.014395    0.520433    0.584912    8.544227 ^ _4642_/X (sky130_fd_sc_hd__xor2_1)
                                                         _0921_ (net)
                      0.520435    0.000681    8.544909 ^ _4663_/A (sky130_fd_sc_hd__xor2_1)
     2    0.004674    0.152606    0.300695    8.845603 v _4663_/X (sky130_fd_sc_hd__xor2_1)
                                                         _0942_ (net)
                      0.152606    0.000095    8.845697 v _4664_/B (sky130_fd_sc_hd__and2_1)
     3    0.010597    0.130671    0.419646    9.265344 v _4664_/X (sky130_fd_sc_hd__and2_1)
                                                         _0943_ (net)
                      0.130671    0.000129    9.265472 v _4666_/A (sky130_fd_sc_hd__or2_1)
     2    0.006864    0.131995    0.566191    9.831663 v _4666_/X (sky130_fd_sc_hd__or2_1)
                                                         _0945_ (net)
                      0.131995    0.000191    9.831854 v _4734_/A (sky130_fd_sc_hd__xnor2_1)
     2    0.007891    0.349848    0.395123   10.226977 ^ _4734_/Y (sky130_fd_sc_hd__xnor2_1)
                                                         _1013_ (net)
                      0.349848    0.000247   10.227223 ^ _4736_/B (sky130_fd_sc_hd__xor2_1)
     2    0.008092    0.333809    0.452741   10.679965 ^ _4736_/X (sky130_fd_sc_hd__xor2_1)
                                                         _1015_ (net)
                      0.333809    0.000241   10.680205 ^ _4737_/B (sky130_fd_sc_hd__xor2_1)
     2    0.006517    0.288008    0.413345   11.093551 ^ _4737_/X (sky130_fd_sc_hd__xor2_1)
                                                         _1016_ (net)
                      0.288008    0.000194   11.093744 ^ _4739_/B (sky130_fd_sc_hd__nand2_1)
     2    0.005157    0.116464    0.212119   11.305863 v _4739_/Y (sky130_fd_sc_hd__nand2_1)
                                                         _1018_ (net)
                      0.116464    0.000131   11.305995 v _4740_/B (sky130_fd_sc_hd__and2b_1)
     2    0.007451    0.103054    0.379758   11.685752 v _4740_/X (sky130_fd_sc_hd__and2b_1)
                                                         _1019_ (net)
                      0.103054    0.000194   11.685946 v _4741_/B (sky130_fd_sc_hd__xnor2_1)
     2    0.012559    0.503513    0.469150   12.155096 ^ _4741_/Y (sky130_fd_sc_hd__xnor2_1)
                                                         _1020_ (net)
                      0.503514    0.000570   12.155666 ^ _4742_/C (sky130_fd_sc_hd__nand3_1)
     3    0.012670    0.347388    0.479418   12.635084 v _4742_/Y (sky130_fd_sc_hd__nand3_1)
                                                         _1021_ (net)
                      0.347388    0.000259   12.635344 v _4756_/B1_N (sky130_fd_sc_hd__a21bo_1)
     2    0.011974    0.173699    0.552681   13.188025 ^ _4756_/X (sky130_fd_sc_hd__a21bo_1)
                                                         _1034_ (net)
                      0.173699    0.000347   13.188373 ^ _4894_/A2 (sky130_fd_sc_hd__a21oi_4)
     4    0.018074    0.144389    0.181974   13.370347 v _4894_/Y (sky130_fd_sc_hd__a21oi_4)
                                                         _1172_ (net)
                      0.144390    0.000664   13.371012 v _5199_/A2 (sky130_fd_sc_hd__o311ai_4)
     4    0.011674    0.418811    0.521289   13.892301 ^ _5199_/Y (sky130_fd_sc_hd__o311ai_4)
                                                         _1475_ (net)
                      0.418811    0.000367   13.892667 ^ _5368_/A2 (sky130_fd_sc_hd__a21o_1)
     4    0.014279    0.206699    0.449221   14.341888 ^ _5368_/X (sky130_fd_sc_hd__a21o_1)
                                                         _1643_ (net)
                      0.206699    0.000456   14.342343 ^ _5543_/A2 (sky130_fd_sc_hd__a21oi_2)
     3    0.010444    0.116581    0.198338   14.540682 v _5543_/Y (sky130_fd_sc_hd__a21oi_2)
                                                         _1817_ (net)
                      0.116581    0.000238   14.540920 v _5711_/C1 (sky130_fd_sc_hd__a211o_1)
     2    0.005347    0.109175    0.474019   15.014939 v _5711_/X (sky130_fd_sc_hd__a211o_1)
                                                         _1992_ (net)
                      0.109175    0.000080   15.015019 v _5714_/B (sky130_fd_sc_hd__and3_1)
     2    0.003658    0.078179    0.358339   15.373358 v _5714_/X (sky130_fd_sc_hd__and3_1)
                                                         _1995_ (net)
                      0.078179    0.000068   15.373425 v _5715_/B (sky130_fd_sc_hd__or2_1)
     3    0.007075    0.133799    0.509036   15.882462 v _5715_/X (sky130_fd_sc_hd__or2_1)
                                                         _1996_ (net)
                      0.133799    0.000117   15.882579 v _5719_/D1 (sky130_fd_sc_hd__a2111o_1)
     2    0.018054    0.239277    0.751754   16.634333 v _5719_/X (sky130_fd_sc_hd__a2111o_1)
                                                         _2000_ (net)
                      0.239277    0.000679   16.635012 v _5887_/A2 (sky130_fd_sc_hd__a21oi_4)
     3    0.019734    0.288199    0.408573   17.043585 ^ _5887_/Y (sky130_fd_sc_hd__a21oi_4)
                                                         _2185_ (net)
                      0.288199    0.000547   17.044132 ^ _6005_/A1 (sky130_fd_sc_hd__o21ai_2)
     1    0.005959    0.136342    0.207088   17.251219 v _6005_/Y (sky130_fd_sc_hd__o21ai_2)
                                                         _2313_ (net)
                      0.136342    0.000204   17.251425 v _6006_/C1 (sky130_fd_sc_hd__o311a_4)
     2    0.013478    0.109033    0.268468   17.519892 v _6006_/X (sky130_fd_sc_hd__o311a_4)
                                                         core.dsp_result_in[31] (net)
                      0.109033    0.000574   17.520466 v _6086_/B (sky130_fd_sc_hd__xnor2_2)
     1    0.005534    0.116317    0.256669   17.777136 v _6086_/Y (sky130_fd_sc_hd__xnor2_2)
                                                         net26 (net)
                      0.116317    0.000178   17.777313 v output26/A (sky130_fd_sc_hd__buf_6)
     1    0.034662    0.076441    0.269512   18.046825 v output26/X (sky130_fd_sc_hd__buf_6)
                                                         monitor_out[31] (net)
                      0.076450    0.000854   18.047680 v monitor_out[31] (out)
                                             18.047680   data arrival time

                                 15.000000   15.000000   clock clk (rise edge)
                                  0.000000   15.000000   clock network delay (propagated)
                                 -0.250000   14.750000   clock uncertainty
                                  0.000000   14.750000   clock reconvergence pessimism
                                 -3.000000   11.750000   output external delay
                                             11.750000   data required time
---------------------------------------------------------------------------------------------
                                             11.750000   data required time
                                            -18.047680   data arrival time
---------------------------------------------------------------------------------------------
                                             -6.297679   slack (VIOLATED)




===========================================================================
 report_check_types -max_slew -max_cap -max_fanout -violators
============================================================================
======================= nom_ss_100C_1v60 Corner ===================================

max slew

Pin                                        Limit        Slew       Slack
------------------------------------------------------------------------
ANTENNA_14/DIODE                        0.750000    1.269309   -0.519309 (VIOLATED)
_3312_/A1                               0.750000    1.269309   -0.519309 (VIOLATED)
_3069_/B                                0.750000    1.269308   -0.519308 (VIOLATED)
_5383_/C                                0.750000    1.269307   -0.519307 (VIOLATED)
_3943_/A1                               0.750000    1.269306   -0.519306 (VIOLATED)
_4912_/A1                               0.750000    1.269306   -0.519306 (VIOLATED)
clone61/X                               0.750000    1.269300   -0.519301 (VIOLATED)
_5563_/C                                0.750000    0.828123   -0.078123 (VIOLATED)
rebuffer34/A                            0.750000    0.828123   -0.078123 (VIOLATED)
rebuffer33/X                            0.750000    0.828116   -0.078116 (VIOLATED)

max fanout

Pin                                   Limit Fanout  Slack
---------------------------------------------------------
clkbuf_0_clk/X                           10     16     -6 (VIOLATED)
clkbuf_4_0_0_clk/X                       10     12     -2 (VIOLATED)
clkbuf_4_1_0_clk/X                       10     12     -2 (VIOLATED)
clkbuf_4_2_0_clk/X                       10     12     -2 (VIOLATED)
fanout34/X                               10     12     -2 (VIOLATED)
_6258_/Q                                 10     11        (VIOLATED)
clkbuf_4_3_0_clk/X                       10     11        (VIOLATED)
clkbuf_4_5_0_clk/X                       10     11        (VIOLATED)
fanout126/X                              10     11        (VIOLATED)
fanout189/X                              10     11        (VIOLATED)
fanout198/X                              10     11        (VIOLATED)
fanout202/X                              10     11        (VIOLATED)
fanout205/X                              10     11        (VIOLATED)
fanout56/X                               10     11        (VIOLATED)



===========================================================================
report_parasitic_annotation -report_unannotated
============================================================================
Found 15 unannotated drivers.
 clkload0/X
 clkload1/X
 clkload10/Y
 clkload11/Y
 clkload12/Y
 clkload13/Y
 clkload14/Y
 clkload2/X
 clkload3/Y
 clkload4/X
 clkload5/Y
 clkload6/Y
 clkload7/Y
 clkload8/Y
 clkload9/Y
Found 0 partially unannotated drivers.

===========================================================================
max slew violation count 10
max fanout violation count 14
max cap violation count 0
============================================================================

===========================================================================
check_setup -verbose -unconstrained_endpoints -multiple_clock -no_clock -no_input_delay -loops -generated_clocks
===========================================================================
