Clock: clk
Sources: clk 
Generated: no
Virtual: yes
Propagated: no
Period: 15.000000

===========================================================================
report_clock_properties
============================================================================
Clock                   Period          Waveform
----------------------------------------------------
clk                  15.000000    0.000000  7.500000

===========================================================================
report_clock_latency
============================================================================
Clock clk
rise -> rise
    min     max
0.000000 0.000000 source latency
1.159848         network latency _6276_/CLK
        1.205380 network latency _6262_/CLK
---------------
1.159848 1.205380 latency
        0.045532 skew

fall -> fall
    min     max
0.000000 0.000000 source latency
0.964515         network latency _6276_/CLK
        0.998369 network latency _6262_/CLK
---------------
0.964515 0.998369 latency
        0.033854 skew



===========================================================================
report_clock_min_period
============================================================================
clk period_min = 16.89 fmax = 59.20
