
===========================================================================
Violator List
============================================================================
[setup reg-out] _6283_/Q -> monitor_out[31] : -6.297679
[setup reg-out] _6283_/Q -> monitor_out[30] : -6.191721
[setup reg-out] _6283_/Q -> monitor_out[29] : -5.962733
[setup reg-out] _6283_/Q -> monitor_out[28] : -5.837416
[setup reg-out] _6283_/Q -> monitor_out[27] : -5.313952
[setup reg-out] _6283_/Q -> monitor_out[26] : -5.097256
[setup reg-out] _6283_/Q -> monitor_out[25] : -4.532156
[setup reg-out] _6283_/Q -> monitor_out[24] : -4.525168
[setup reg-out] _6283_/Q -> monitor_out[23] : -4.470181
[setup reg-out] _6283_/Q -> monitor_out[22] : -3.994458
[setup reg-out] _6283_/Q -> monitor_out[21] : -3.827394
[setup reg-out] _6283_/Q -> monitor_out[20] : -3.644280
[setup reg-out] _6219_/Q -> monitor_out[19] : -3.132926
[setup reg-out] _6219_/Q -> monitor_out[18] : -2.666789
[setup reg-out] _6219_/Q -> monitor_out[17] : -2.548667
[setup reg-out] _6219_/Q -> monitor_out[16] : -2.078824
[setup reg-reg] _6283_/Q -> _6343_/D : -1.891600
[setup reg-out] _6219_/Q -> monitor_out[15] : -1.734262
[setup reg-reg] _6283_/Q -> _6342_/D : -1.671245
[setup reg-out] _6219_/Q -> monitor_out[14] : -1.479857
[setup reg-reg] _6283_/Q -> _6341_/D : -1.357988
[setup reg-reg] _6283_/Q -> _6340_/D : -1.315049
[setup reg-out] _6219_/Q -> monitor_out[13] : -1.099665
[setup reg-out] _6219_/Q -> monitor_out[12] : -0.880446
[setup reg-reg] _6283_/Q -> _6339_/D : -0.689960
[setup reg-reg] _6283_/Q -> _6338_/D : -0.513484
[setup reg-out] _6253_/Q -> monitor_out[11] : -0.383948
[setup reg-reg] _6283_/Q -> _6337_/D : -0.119629
