Clock: clk
Sources: clk 
Generated: no
Virtual: yes
Propagated: no
Period: 15.000000

===========================================================================
report_clock_properties
============================================================================
Clock                   Period          Waveform
----------------------------------------------------
clk                  15.000000    0.000000  7.500000

===========================================================================
report_clock_latency
============================================================================
Clock clk
rise -> rise
    min     max
0.000000 0.000000 source latency
0.642696         network latency _6276_/CLK
        0.669495 network latency _6262_/CLK
---------------
0.642696 0.669495 latency
        0.026799 skew

fall -> fall
    min     max
0.000000 0.000000 source latency
0.517057         network latency _6276_/CLK
        0.536061 network latency _6262_/CLK
---------------
0.517057 0.536061 latency
        0.019004 skew



===========================================================================
report_clock_min_period
============================================================================
clk period_min = 8.63 fmax = 115.94
