
===========================================================================
 report_power
============================================================================
======================= min_tt_025C_1v80 Corner ===================================

Group                    Internal    Switching      Leakage        Total
                            Power        Power        Power        Power (Watts)
------------------------------------------------------------------------
Sequential           3.392270e-04 0.000000e+00 1.664333e-09 3.392286e-04  50.1%
Combinational        2.354564e-06 9.339699e-06 1.272436e-08 1.170699e-05   1.7%
Clock                1.514759e-04 1.746350e-04 7.501261e-09 3.261184e-04  48.2%
Macro                0.000000e+00 0.000000e+00 0.000000e+00 0.000000e+00   0.0%
Pad                  0.000000e+00 0.000000e+00 0.000000e+00 0.000000e+00   0.0%
------------------------------------------------------------------------
Total                4.930574e-04 1.839747e-04 2.189013e-08 6.770540e-04 100.0%
                            72.8%        27.2%         0.0%

