
===========================================================================
report_checks -unconstrained
===========================================================================
======================= nom_ff_n40C_1v95 Corner ===================================

Startpoint: rst_n (input port clocked by clk)
Endpoint: _6341_ (recovery check against rising-edge clock clk)
Path Group: asynchronous
Path Type: max

Fanout         Cap        Slew       Delay        Time   Description
---------------------------------------------------------------------------------------------
                                  0.000000    0.000000   clock clk (rise edge)
                                  0.000000    0.000000   clock network delay (propagated)
                                  2.000000    2.000000 ^ input external delay
     1    0.002664    0.013433    0.006880    2.006881 ^ rst_n (in)
                                                         rst_n (net)
                      0.013433    0.000000    2.006881 ^ input1/A (sky130_fd_sc_hd__clkbuf_1)
     1    0.004272    0.044275    0.056266    2.063146 ^ input1/X (sky130_fd_sc_hd__clkbuf_1)
                                                         net1 (net)
                      0.044275    0.000149    2.063295 ^ fanout255/A (sky130_fd_sc_hd__clkbuf_4)
     5    0.075534    0.173279    0.191057    2.254351 ^ fanout255/X (sky130_fd_sc_hd__clkbuf_4)
                                                         net255 (net)
                      0.173367    0.003202    2.257553 ^ fanout254/A (sky130_fd_sc_hd__buf_4)
    10    0.088520    0.185705    0.198568    2.456121 ^ fanout254/X (sky130_fd_sc_hd__buf_4)
                                                         net254 (net)
                      0.185712    0.000987    2.457108 ^ fanout253/A (sky130_fd_sc_hd__buf_4)
    10    0.067875    0.143547    0.176712    2.633820 ^ fanout253/X (sky130_fd_sc_hd__buf_4)
                                                         net253 (net)
                      0.143878    0.005633    2.639454 ^ fanout252/A (sky130_fd_sc_hd__clkbuf_4)
    10    0.053519    0.125643    0.183560    2.823014 ^ fanout252/X (sky130_fd_sc_hd__clkbuf_4)
                                                         net252 (net)
                      0.125691    0.002042    2.825056 ^ fanout250/A (sky130_fd_sc_hd__clkbuf_4)
    10    0.050096    0.118146    0.175026    3.000082 ^ fanout250/X (sky130_fd_sc_hd__clkbuf_4)
                                                         net250 (net)
                      0.118301    0.003489    3.003571 ^ _6341_/RESET_B (sky130_fd_sc_hd__dfrtp_1)
                                              3.003571   data arrival time

                                 10.000000   10.000000   clock clk (rise edge)
                                  0.000000   10.000000   clock source latency
     1    0.048650    0.167195    0.119408   10.119408 ^ clk (in)
                                                         clk (net)
                      0.167931    0.000000   10.119408 ^ clkbuf_0_clk/A (sky130_fd_sc_hd__clkbuf_16)
    16    0.200315    0.164299    0.208247   10.327655 ^ clkbuf_0_clk/X (sky130_fd_sc_hd__clkbuf_16)
                                                         clknet_0_clk (net)
                      0.165818    0.012631   10.340285 ^ clkbuf_4_11_0_clk/A (sky130_fd_sc_hd__clkbuf_8)
     8    0.034095    0.055873    0.132537   10.472822 ^ clkbuf_4_11_0_clk/X (sky130_fd_sc_hd__clkbuf_8)
                                                         clknet_4_11_0_clk (net)
                      0.055896    0.001023   10.473845 ^ _6341_/CLK (sky130_fd_sc_hd__dfrtp_1)
                                 -0.250000   10.223845   clock uncertainty
                                  0.000000   10.223845   clock reconvergence pessimism
                                  0.131146   10.354991   library recovery time
                                             10.354991   data required time
---------------------------------------------------------------------------------------------
                                             10.354991   data required time
                                             -3.003571   data arrival time
---------------------------------------------------------------------------------------------
                                              7.351420   slack (MET)


Startpoint: _6219_ (rising edge-triggered flip-flop clocked by clk)
Endpoint: monitor_out[31] (output port clocked by clk)
Path Group: clk
Path Type: max

Fanout         Cap        Slew       Delay        Time   Description
---------------------------------------------------------------------------------------------
                                  0.000000    0.000000   clock clk (rise edge)
                                  0.000000    0.000000   clock source latency
     1    0.048650    0.167195    0.119407    0.119407 ^ clk (in)
                                                         clk (net)
                      0.167931    0.000000    0.119407 ^ clkbuf_0_clk/A (sky130_fd_sc_hd__clkbuf_16)
    16    0.200315    0.164299    0.208247    0.327655 ^ clkbuf_0_clk/X (sky130_fd_sc_hd__clkbuf_16)
                                                         clknet_0_clk (net)
                      0.164711    0.006751    0.334405 ^ clkbuf_4_1_0_clk/A (sky130_fd_sc_hd__clkbuf_8)
    12    0.040651    0.063754    0.137622    0.472028 ^ clkbuf_4_1_0_clk/X (sky130_fd_sc_hd__clkbuf_8)
                                                         clknet_4_1_0_clk (net)
                      0.063929    0.002326    0.474354 ^ _6219_/CLK (sky130_fd_sc_hd__dfrtp_1)
     1    0.006608    0.053931    0.225290    0.699644 ^ _6219_/Q (sky130_fd_sc_hd__dfrtp_1)
                                                         core.dsp_valid_out (net)
                      0.053931    0.000232    0.699876 ^ fanout238/A (sky130_fd_sc_hd__buf_6)
     5    0.060591    0.095012    0.116738    0.816615 ^ fanout238/X (sky130_fd_sc_hd__buf_6)
                                                         net238 (net)
                      0.095028    0.001033    0.817647 ^ fanout214/A (sky130_fd_sc_hd__buf_8)
     7    0.055467    0.073369    0.106890    0.924537 ^ fanout214/X (sky130_fd_sc_hd__buf_8)
                                                         net214 (net)
                      0.073385    0.000914    0.925451 ^ fanout209/A (sky130_fd_sc_hd__buf_8)
     6    0.036019    0.051542    0.089162    1.014613 ^ fanout209/X (sky130_fd_sc_hd__buf_8)
                                                         net209 (net)
                      0.051607    0.001161    1.015773 ^ fanout208/A (sky130_fd_sc_hd__buf_8)
     5    0.016081    0.029384    0.067795    1.083568 ^ fanout208/X (sky130_fd_sc_hd__buf_8)
                                                         net208 (net)
                      0.029393    0.000359    1.083927 ^ _3067_/A (sky130_fd_sc_hd__and2_1)
     1    0.012360    0.097846    0.115454    1.199381 ^ _3067_/X (sky130_fd_sc_hd__and2_1)
                                                         _1954_ (net)
                      0.097846    0.000409    1.199791 ^ fanout102/A (sky130_fd_sc_hd__buf_2)
     5    0.054722    0.201195    0.203789    1.403580 ^ fanout102/X (sky130_fd_sc_hd__buf_2)
                                                         net102 (net)
                      0.201201    0.000935    1.404515 ^ fanout100/A (sky130_fd_sc_hd__clkbuf_4)
    10    0.067273    0.156194    0.210998    1.615513 ^ fanout100/X (sky130_fd_sc_hd__clkbuf_4)
                                                         net100 (net)
                      0.156207    0.001180    1.616693 ^ _3998_/C (sky130_fd_sc_hd__nand4_2)
     4    0.014196    0.094971    0.097487    1.714179 v _3998_/Y (sky130_fd_sc_hd__nand4_2)
                                                         _0283_ (net)
                      0.094972    0.000375    1.714554 v _4106_/A (sky130_fd_sc_hd__xor2_1)
     1    0.005036    0.070357    0.127525    1.842079 v _4106_/X (sky130_fd_sc_hd__xor2_1)
                                                         _0390_ (net)
                      0.070357    0.000151    1.842230 v _4107_/B (sky130_fd_sc_hd__xnor2_1)
     3    0.015242    0.256647    0.229796    2.072026 ^ _4107_/Y (sky130_fd_sc_hd__xnor2_1)
                                                         _0391_ (net)
                      0.256650    0.000716    2.072742 ^ _4110_/B (sky130_fd_sc_hd__xor2_1)
     1    0.010499    0.179351    0.164057    2.236799 ^ _4110_/X (sky130_fd_sc_hd__xor2_1)
                                                         _0394_ (net)
                      0.179352    0.000394    2.237193 ^ _4111_/B (sky130_fd_sc_hd__xnor2_2)
     2    0.013102    0.070261    0.065913    2.303106 v _4111_/Y (sky130_fd_sc_hd__xnor2_2)
                                                         _0395_ (net)
                      0.070264    0.000497    2.303602 v _4113_/B (sky130_fd_sc_hd__xnor2_2)
     2    0.012512    0.154114    0.148754    2.452357 ^ _4113_/Y (sky130_fd_sc_hd__xnor2_2)
                                                         _0397_ (net)
                      0.154114    0.000256    2.452612 ^ _4114_/B (sky130_fd_sc_hd__xor2_2)
     2    0.027417    0.264040    0.223275    2.675888 ^ _4114_/X (sky130_fd_sc_hd__xor2_2)
                                                         _0398_ (net)
                      0.264056    0.001687    2.677575 ^ _4116_/A (sky130_fd_sc_hd__xnor2_4)
     2    0.017559    0.075599    0.072750    2.750324 v _4116_/Y (sky130_fd_sc_hd__xnor2_4)
                                                         _0400_ (net)
                      0.075601    0.000782    2.751107 v _4117_/A (sky130_fd_sc_hd__xor2_2)
     2    0.021149    0.213377    0.217772    2.968879 ^ _4117_/X (sky130_fd_sc_hd__xor2_2)
                                                         _0401_ (net)
                      0.213390    0.001366    2.970245 ^ _4119_/A (sky130_fd_sc_hd__xnor2_2)
     2    0.011635    0.067629    0.071851    3.042096 v _4119_/Y (sky130_fd_sc_hd__xnor2_2)
                                                         _0403_ (net)
                      0.067630    0.000284    3.042379 v _4142_/A2 (sky130_fd_sc_hd__a21boi_1)
     2    0.009550    0.164234    0.171474    3.213853 ^ _4142_/Y (sky130_fd_sc_hd__a21boi_1)
                                                         _0425_ (net)
                      0.164235    0.000328    3.214181 ^ _4233_/B (sky130_fd_sc_hd__xor2_1)
     2    0.007546    0.140603    0.138186    3.352367 ^ _4233_/X (sky130_fd_sc_hd__xor2_1)
                                                         _0516_ (net)
                      0.140603    0.000121    3.352488 ^ _4234_/A (sky130_fd_sc_hd__xor2_1)
     2    0.007414    0.138948    0.138869    3.491358 ^ _4234_/X (sky130_fd_sc_hd__xor2_1)
                                                         _0517_ (net)
                      0.138948    0.000186    3.491544 ^ rebuffer11/A (sky130_fd_sc_hd__dlymetal6s2s_1)
     1    0.002966    0.046641    0.082619    3.574163 ^ rebuffer11/X (sky130_fd_sc_hd__dlymetal6s2s_1)
                                                         net266 (net)
                      0.046641    0.000088    3.574251 ^ _4235_/B (sky130_fd_sc_hd__nand2b_1)
     1    0.002477    0.026052    0.030688    3.604939 v _4235_/Y (sky130_fd_sc_hd__nand2b_1)
                                                         _0518_ (net)
                      0.026052    0.000072    3.605011 v _4252_/B1_N (sky130_fd_sc_hd__a21bo_1)
     3    0.012949    0.086885    0.148430    3.753441 ^ _4252_/X (sky130_fd_sc_hd__a21bo_1)
                                                         _0534_ (net)
                      0.086886    0.000468    3.753909 ^ _4356_/A (sky130_fd_sc_hd__xor2_1)
     3    0.014360    0.230270    0.204893    3.958803 ^ _4356_/X (sky130_fd_sc_hd__xor2_1)
                                                         _0638_ (net)
                      0.230270    0.000238    3.959040 ^ _4609_/C1 (sky130_fd_sc_hd__o2111a_4)
     2    0.025222    0.070853    0.161946    4.120986 ^ _4609_/X (sky130_fd_sc_hd__o2111a_4)
                                                         _0889_ (net)
                      0.070868    0.000993    4.121979 ^ _4611_/B (sky130_fd_sc_hd__nor2_8)
     2    0.011118    0.041368    0.020582    4.142561 v _4611_/Y (sky130_fd_sc_hd__nor2_8)
                                                         _0891_ (net)
                      0.041368    0.000214    4.142775 v _4745_/A1 (sky130_fd_sc_hd__o21a_1)
     1    0.009350    0.045722    0.139183    4.281958 v _4745_/X (sky130_fd_sc_hd__o21a_1)
                                                         _1024_ (net)
                      0.045723    0.000296    4.282254 v _4746_/A (sky130_fd_sc_hd__xor2_2)
     3    0.017605    0.184820    0.186672    4.468925 ^ _4746_/X (sky130_fd_sc_hd__xor2_2)
                                                         _1025_ (net)
                      0.184822    0.000486    4.469412 ^ _4747_/A (sky130_fd_sc_hd__xor2_2)
     3    0.016598    0.176722    0.159585    4.628996 ^ _4747_/X (sky130_fd_sc_hd__xor2_2)
                                                         _1026_ (net)
                      0.176724    0.000426    4.629422 ^ _4752_/B (sky130_fd_sc_hd__nand2b_4)
     2    0.006997    0.037572    0.030262    4.659685 v _4752_/Y (sky130_fd_sc_hd__nand2b_4)
                                                         _1030_ (net)
                      0.037572    0.000166    4.659851 v _4754_/A3 (sky130_fd_sc_hd__o41a_4)
     3    0.020686    0.066686    0.289797    4.949647 v _4754_/X (sky130_fd_sc_hd__o41a_4)
                                                         _1032_ (net)
                      0.066686    0.000845    4.950492 v _5204_/A1 (sky130_fd_sc_hd__a211o_1)
     3    0.011255    0.060336    0.198354    5.148846 v _5204_/X (sky130_fd_sc_hd__a211o_1)
                                                         _1480_ (net)
                      0.060338    0.000455    5.149300 v _5719_/A1 (sky130_fd_sc_hd__a2111o_1)
     2    0.018261    0.091445    0.281010    5.430311 v _5719_/X (sky130_fd_sc_hd__a2111o_1)
                                                         _2000_ (net)
                      0.091453    0.000915    5.431225 v _5887_/A2 (sky130_fd_sc_hd__a21oi_4)
     3    0.020004    0.137902    0.167095    5.598320 ^ _5887_/Y (sky130_fd_sc_hd__a21oi_4)
                                                         _2185_ (net)
                      0.137903    0.000573    5.598894 ^ _6005_/A1 (sky130_fd_sc_hd__o21ai_2)
     1    0.005987    0.048168    0.048543    5.647436 v _6005_/Y (sky130_fd_sc_hd__o21ai_2)
                                                         _2313_ (net)
                      0.048170    0.000205    5.647641 v _6006_/C1 (sky130_fd_sc_hd__o311a_4)
     2    0.013523    0.049257    0.086872    5.734513 v _6006_/X (sky130_fd_sc_hd__o311a_4)
                                                         core.dsp_result_in[31] (net)
                      0.049291    0.000566    5.735078 v _6086_/B (sky130_fd_sc_hd__xnor2_2)
     1    0.006004    0.101230    0.100896    5.835975 ^ _6086_/Y (sky130_fd_sc_hd__xnor2_2)
                                                         net26 (net)
                      0.101230    0.000194    5.836169 ^ output26/A (sky130_fd_sc_hd__buf_6)
     1    0.034662    0.058432    0.098469    5.934638 ^ output26/X (sky130_fd_sc_hd__buf_6)
                                                         monitor_out[31] (net)
                      0.058445    0.000855    5.935493 ^ monitor_out[31] (out)
                                              5.935493   data arrival time

                                 10.000000   10.000000   clock clk (rise edge)
                                  0.000000   10.000000   clock network delay (propagated)
                                 -0.250000    9.750000   clock uncertainty
                                  0.000000    9.750000   clock reconvergence pessimism
                                 -2.000000    7.750000   output external delay
                                              7.750000   data required time
---------------------------------------------------------------------------------------------
                                              7.750000   data required time
                                             -5.935493   data arrival time
---------------------------------------------------------------------------------------------
                                              1.814507   slack (MET)




===========================================================================
report_checks --slack_max -0.01
============================================================================
======================= nom_ff_n40C_1v95 Corner ===================================

No paths found.


===========================================================================
 report_check_types -max_slew -max_cap -max_fanout -violators
============================================================================
======================= nom_ff_n40C_1v95 Corner ===================================

max fanout

Pin                                   Limit Fanout  Slack
---------------------------------------------------------
clkbuf_0_clk/X                           10     16     -6 (VIOLATED)
clkbuf_4_0_0_clk/X                       10     12     -2 (VIOLATED)
clkbuf_4_1_0_clk/X                       10     12     -2 (VIOLATED)
clkbuf_4_2_0_clk/X                       10     12     -2 (VIOLATED)
fanout34/X                               10     12     -2 (VIOLATED)
_6258_/Q                                 10     11        (VIOLATED)
clkbuf_4_3_0_clk/X                       10     11        (VIOLATED)
clkbuf_4_5_0_clk/X                       10     11        (VIOLATED)
fanout126/X                              10     11        (VIOLATED)
fanout189/X                              10     11        (VIOLATED)
fanout198/X                              10     11        (VIOLATED)
fanout201/X                              10     11        (VIOLATED)
fanout202/X                              10     11        (VIOLATED)
fanout56/X                               10     11        (VIOLATED)

max capacitance

Pin                                        Limit         Cap       Slack
------------------------------------------------------------------------
clkbuf_0_clk/X                          0.200000    0.200315   -0.000315 (VIOLATED)



===========================================================================
report_parasitic_annotation -report_unannotated
============================================================================
Found 15 unannotated drivers.
 clkload0/X
 clkload1/X
 clkload10/Y
 clkload11/Y
 clkload12/Y
 clkload13/Y
 clkload14/Y
 clkload2/X
 clkload3/Y
 clkload4/X
 clkload5/Y
 clkload6/Y
 clkload7/Y
 clkload8/Y
 clkload9/Y
Found 0 partially unannotated drivers.

===========================================================================
max slew violation count 0
max fanout violation count 14
max cap violation count 1
============================================================================

===========================================================================
check_setup -verbose -unconstrained_endpoints -multiple_clock -no_clock -no_input_delay -loops -generated_clocks
===========================================================================
