Clock: clk
Sources: clk 
Generated: no
Virtual: yes
Propagated: no
Period: 10.000000

===========================================================================
report_clock_properties
============================================================================
Clock                   Period          Waveform
----------------------------------------------------
clk                  10.000000    0.000000  5.000000

===========================================================================
report_clock_latency
============================================================================
Clock clk
rise -> rise
    min     max
0.000000 0.000000 source latency
0.473199         network latency _6267_/CLK
        0.495082 network latency _6262_/CLK
---------------
0.473199 0.495082 latency
        0.021883 skew

fall -> fall
    min     max
0.000000 0.000000 source latency
0.377955         network latency _6250_/CLK
        0.393471 network latency _6262_/CLK
---------------
0.377955 0.393471 latency
        0.015515 skew



===========================================================================
report_clock_min_period
============================================================================
clk period_min = 5.59 fmax = 178.97
