
===========================================================================
 report_power
============================================================================
======================= nom_ff_n40C_1v95 Corner ===================================

Group                    Internal    Switching      Leakage        Total
                            Power        Power        Power        Power (Watts)
------------------------------------------------------------------------
Sequential           5.920242e-04 0.000000e+00 2.577301e-09 5.920268e-04  49.1%
Combinational        3.979283e-06 1.711662e-05 2.725379e-08 2.112316e-05   1.8%
Clock                2.603014e-04 3.329893e-04 9.446165e-09 5.933001e-04  49.2%
Macro                0.000000e+00 0.000000e+00 0.000000e+00 0.000000e+00   0.0%
Pad                  0.000000e+00 0.000000e+00 0.000000e+00 0.000000e+00   0.0%
------------------------------------------------------------------------
Total                8.563049e-04 3.501060e-04 3.927782e-08 1.206450e-03 100.0%
                            71.0%        29.0%         0.0%

