
===========================================================================
Violator List
============================================================================
[setup reg-out] _6219_/Q -> monitor_out[29] : -7.930524
[setup reg-out] _6219_/Q -> monitor_out[31] : -7.865740
[setup reg-out] _6219_/Q -> monitor_out[28] : -7.767824
[setup reg-out] _6219_/Q -> monitor_out[30] : -7.688519
[setup reg-out] _6219_/Q -> monitor_out[27] : -6.878325
[setup reg-out] _6219_/Q -> monitor_out[26] : -6.782358
[setup reg-out] _6219_/Q -> monitor_out[25] : -6.381569
[setup reg-out] _6219_/Q -> monitor_out[23] : -6.348927
[setup reg-out] _6219_/Q -> monitor_out[24] : -6.213979
[setup reg-out] _6219_/Q -> monitor_out[22] : -5.865289
[setup reg-out] _6219_/Q -> monitor_out[21] : -5.628307
[setup reg-out] _6219_/Q -> monitor_out[20] : -5.263067
[setup reg-out] _6219_/Q -> monitor_out[19] : -4.833922
[setup reg-reg] _6219_/Q -> _6341_/D : -4.661346
[setup reg-reg] _6219_/Q -> _6343_/D : -4.489487
[setup reg-reg] _6219_/Q -> _6340_/D : -4.391748
[setup reg-reg] _6219_/Q -> _6342_/D : -4.313799
[setup reg-out] _6219_/Q -> monitor_out[18] : -4.309619
[setup reg-out] _6219_/Q -> monitor_out[17] : -4.234229
[setup reg-out] _6219_/Q -> monitor_out[16] : -3.805473
[setup reg-out] _6219_/Q -> monitor_out[15] : -3.557974
[setup reg-reg] _6219_/Q -> _6338_/D : -3.513180
[setup reg-reg] _6219_/Q -> _6339_/D : -3.502072
[setup reg-out] _6219_/Q -> monitor_out[14] : -3.203145
[setup reg-out] _6219_/Q -> monitor_out[13] : -3.097266
[setup reg-reg] _6219_/Q -> _6337_/D : -3.005315
[setup reg-reg] _6219_/Q -> _6335_/D : -2.972675
[setup reg-reg] _6219_/Q -> _6336_/D : -2.839260
[setup reg-out] _6219_/Q -> monitor_out[12] : -2.639912
[setup reg-reg] _6219_/Q -> _6334_/D : -2.489227
[setup reg-reg] _6219_/Q -> _6333_/D : -2.260036
[setup reg-reg] _6219_/Q -> _6332_/D : -2.002233
[setup reg-out] _6219_/Q -> monitor_out[11] : -1.797786
[setup reg-out] _6219_/Q -> monitor_out[10] : -1.579815
[setup reg-reg] _6219_/Q -> _6331_/D : -1.457773
[setup reg-reg] _6219_/Q -> _6330_/D : -0.933624
[setup reg-reg] _6219_/Q -> _6329_/D : -0.858242
[setup reg-out] _6219_/Q -> monitor_out[9] : -0.782988
[setup reg-reg] _6219_/Q -> _6328_/D : -0.484291
[setup reg-out] _6219_/Q -> monitor_out[8] : -0.438714
[setup reg-reg] _6219_/Q -> _6327_/D : -0.181719
[setup reg-out] _6219_/Q -> monitor_out[7] : -0.113978
