
===========================================================================
 report_power
============================================================================
======================= nom_tt_025C_1v80 Corner ===================================

Group                    Internal    Switching      Leakage        Total
                            Power        Power        Power        Power (Watts)
------------------------------------------------------------------------
Sequential           3.400815e-04 0.000000e+00 1.525625e-09 3.400831e-04 100.0%
Combinational        0.000000e+00 0.000000e+00 1.305453e-08 1.305453e-08   0.0%
Clock                0.000000e+00 0.000000e+00 0.000000e+00 0.000000e+00   0.0%
Macro                0.000000e+00 0.000000e+00 0.000000e+00 0.000000e+00   0.0%
Pad                  0.000000e+00 0.000000e+00 0.000000e+00 0.000000e+00   0.0%
------------------------------------------------------------------------
Total                3.400815e-04 0.000000e+00 1.458019e-08 3.400961e-04 100.0%
                           100.0%         0.0%         0.0%

