Reading OpenROAD database at '/home/srijitsengupta/rv32i_dsp_soc/openlane/runs/RUN_2026-07-27_08-13-02/20-openroad-generatepdn/soc_top.odb'…
Reading library file at '/home/srijitsengupta/.volare/volare/sky130/versions/0fe599b2afb6708d281543108caf8310912f54af/sky130A/libs.ref/sky130_fd_sc_hd/lib/sky130_fd_sc_hd__tt_025C_1v80.lib'…
Reading design constraints file at '/nix/store/ss2cw3sxbrwwx9jl0rrppbw4kgcmgi2n-python3-3.11.9-env/lib/python3.11/site-packages/openlane/scripts/base.sdc'…
[INFO] Using clock clk…
[INFO] Setting output delay to: 2.0
[INFO] Setting input delay to: 2.0
[INFO] Setting load to: 0.033442
[INFO] Setting clock uncertainty to: 0.25
[INFO] Setting clock transition to: 0.1499999999999999944488848768742172978818416595458984375
[INFO] Setting timing derate to: 5%
+ global_placement -density 0.45 -skip_io -pad_right 0 -pad_left 0 -init_wirelength_coef 0.25
[INFO GPL-0002] DBU: 1000
[INFO GPL-0003] SiteSize: (  0.460  2.720 ) um
[INFO GPL-0004] CoreBBox: (  5.520 10.880 ) ( 299.920 304.640 ) um
[INFO GPL-0006] NumInstances:              4708
[INFO GPL-0007] NumPlaceInstances:         3282
[INFO GPL-0008] NumFixedInstances:         1426
[INFO GPL-0009] NumDummyInstances:            0
[INFO GPL-0010] NumNets:                   3284
[INFO GPL-0011] NumPins:                  11373
[INFO GPL-0012] DieBBox:  (  0.000  0.000 ) ( 305.880 316.600 ) um
[INFO GPL-0013] CoreBBox: (  5.520 10.880 ) ( 299.920 304.640 ) um
[INFO GPL-0016] CoreArea:             86482.944 um^2
[INFO GPL-0017] NonPlaceInstsArea:     2324.730 um^2
[INFO GPL-0018] PlaceInstsArea:       34772.099 um^2
[INFO GPL-0019] Util:                    41.318 %
[INFO GPL-0020] StdInstsArea:         34772.099 um^2
[INFO GPL-0021] MacroInstsArea:           0.000 um^2
[INFO GPL-0031] FillerInit:NumGCells:      3588
[INFO GPL-0032] FillerInit:NumGNets:       3284
[INFO GPL-0033] FillerInit:NumGPins:      11373
[INFO GPL-0023] TargetDensity:            0.450
[INFO GPL-0024] AvrgPlaceInstArea:       10.595 um^2
[INFO GPL-0025] IdealBinArea:            23.544 um^2
[INFO GPL-0026] IdealBinCnt:               3673
[INFO GPL-0027] TotalBinArea:         86482.944 um^2
[INFO GPL-0028] BinCnt:        32     32
[INFO GPL-0029] BinSize: (  9.200  9.180 )
[INFO GPL-0030] NumBins: 1024
[NesterovSolve] Iter:    1 overflow: 0.996 HPWL: 9229392
[NesterovSolve] Iter:   10 overflow: 0.995 HPWL: 5883406
[NesterovSolve] Iter:   20 overflow: 0.991 HPWL: 5721368
[NesterovSolve] Iter:   30 overflow: 0.991 HPWL: 5683201
[NesterovSolve] Iter:   40 overflow: 0.991 HPWL: 5671574
[NesterovSolve] Iter:   50 overflow: 0.991 HPWL: 5670031
[NesterovSolve] Iter:   60 overflow: 0.991 HPWL: 5671549
[NesterovSolve] Iter:   70 overflow: 0.991 HPWL: 5676325
[NesterovSolve] Iter:   80 overflow: 0.991 HPWL: 5683933
[NesterovSolve] Iter:   90 overflow: 0.991 HPWL: 5702982
[NesterovSolve] Iter:  100 overflow: 0.991 HPWL: 5749954
[NesterovSolve] Iter:  110 overflow: 0.991 HPWL: 5889382
[NesterovSolve] Iter:  120 overflow: 0.991 HPWL: 6366015
[NesterovSolve] Iter:  130 overflow: 0.983 HPWL: 7732514
[NesterovSolve] Iter:  140 overflow: 0.971 HPWL: 10502946
[NesterovSolve] Iter:  150 overflow: 0.953 HPWL: 14677903
[NesterovSolve] Iter:  160 overflow: 0.926 HPWL: 18932678
[NesterovSolve] Iter:  170 overflow: 0.905 HPWL: 22148637
[NesterovSolve] Iter:  180 overflow: 0.885 HPWL: 24526609
[NesterovSolve] Iter:  190 overflow: 0.851 HPWL: 28470672
[NesterovSolve] Iter:  200 overflow: 0.809 HPWL: 33177960
[NesterovSolve] Iter:  210 overflow: 0.767 HPWL: 36826202
[NesterovSolve] Iter:  220 overflow: 0.728 HPWL: 40245770
[NesterovSolve] Iter:  230 overflow: 0.677 HPWL: 44536380
[NesterovSolve] Iter:  240 overflow: 0.625 HPWL: 48105631
[NesterovSolve] Iter:  250 overflow: 0.580 HPWL: 51160585
[NesterovSolve] Iter:  260 overflow: 0.520 HPWL: 54582319
[NesterovSolve] Iter:  270 overflow: 0.464 HPWL: 56898967
[NesterovSolve] Iter:  280 overflow: 0.402 HPWL: 59298344
[NesterovSolve] Iter:  290 overflow: 0.346 HPWL: 60526301
[NesterovSolve] Iter:  300 overflow: 0.311 HPWL: 61380617
[NesterovSolve] Iter:  310 overflow: 0.274 HPWL: 61789427
[NesterovSolve] Iter:  320 overflow: 0.248 HPWL: 62687828
[NesterovSolve] Iter:  330 overflow: 0.222 HPWL: 63048286
[NesterovSolve] Iter:  340 overflow: 0.196 HPWL: 63372732
[NesterovSolve] Iter:  350 overflow: 0.174 HPWL: 63619381
[NesterovSolve] Iter:  360 overflow: 0.152 HPWL: 63763396
[NesterovSolve] Iter:  370 overflow: 0.134 HPWL: 63769860
[NesterovSolve] Iter:  380 overflow: 0.113 HPWL: 63795679
[NesterovSolve] Finished with Overflow: 0.099290
[INFO] Setting RC values…
Setting global connections for newly added cells…
[INFO] Setting global connections...
Updating metrics…
Cell type report:                       Count       Area
  Fill cell                               216     810.78
  Tap cell                               1210    1513.95
  Inverter                                 26      97.59
  Sequential cell                         126    3310.68
  Multi-Input combinational cell         3130   31363.83
  Total                                  4708   37096.83
Writing OpenROAD database to '/home/srijitsengupta/rv32i_dsp_soc/openlane/runs/RUN_2026-07-27_08-13-02/23-openroad-globalplacementskipio/soc_top.odb'…
Writing netlist to '/home/srijitsengupta/rv32i_dsp_soc/openlane/runs/RUN_2026-07-27_08-13-02/23-openroad-globalplacementskipio/soc_top.nl.v'…
Writing powered netlist to '/home/srijitsengupta/rv32i_dsp_soc/openlane/runs/RUN_2026-07-27_08-13-02/23-openroad-globalplacementskipio/soc_top.pnl.v'…
Writing layout to '/home/srijitsengupta/rv32i_dsp_soc/openlane/runs/RUN_2026-07-27_08-13-02/23-openroad-globalplacementskipio/soc_top.def'…
Writing timing constraints to '/home/srijitsengupta/rv32i_dsp_soc/openlane/runs/RUN_2026-07-27_08-13-02/23-openroad-globalplacementskipio/soc_top.sdc'…
