
===========================================================================
report_checks -unconstrained
===========================================================================
======================= nom_tt_025C_1v80 Corner ===================================

Startpoint: rst_n (input port clocked by clk)
Endpoint: _6271_ (recovery check against rising-edge clock clk)
Path Group: asynchronous
Path Type: max

Fanout         Cap        Slew       Delay        Time   Description
---------------------------------------------------------------------------------------------
                                  0.000000    0.000000   clock clk (rise edge)
                                  0.000000    0.000000   clock network delay (propagated)
                                  2.000000    2.000000 ^ input external delay
   126    0.591738    2.633019    1.833414    3.833414 ^ rst_n (in)
                                                         rst_n (net)
                      2.633928    0.000000    3.833414 ^ _6271_/RESET_B (sky130_fd_sc_hd__dfrtp_2)
                                              3.833414   data arrival time

                                 10.000000   10.000000   clock clk (rise edge)
                                  0.000000   10.000000   clock source latency
   126    0.383491    1.702850    1.164803   11.164804 ^ clk (in)
                                                         clk (net)
                      1.702950    0.000000   11.164804 ^ _6271_/CLK (sky130_fd_sc_hd__dfrtp_2)
                                 -0.250000   10.914804   clock uncertainty
                                  0.000000   10.914804   clock reconvergence pessimism
                                 -0.204637   10.710166   library recovery time
                                             10.710166   data required time
---------------------------------------------------------------------------------------------
                                             10.710166   data required time
                                             -3.833414   data arrival time
---------------------------------------------------------------------------------------------
                                              6.876753   slack (MET)


Startpoint: _6219_ (rising edge-triggered flip-flop clocked by clk)
Endpoint: monitor_out[31] (output port clocked by clk)
Path Group: clk
Path Type: max

Fanout         Cap        Slew       Delay        Time   Description
---------------------------------------------------------------------------------------------
                                  0.000000    0.000000   clock clk (rise edge)
                                  0.000000    0.000000   clock source latency
   126    0.383491    1.702850    1.191432    1.191432 ^ clk (in)
                                                         clk (net)
                      1.704060    0.000000    1.191432 ^ _6219_/CLK (sky130_fd_sc_hd__dfrtp_2)
   248    0.613558    2.824699    2.548705    3.740137 ^ _6219_/Q (sky130_fd_sc_hd__dfrtp_2)
                                                         core.dsp_valid_out (net)
                      2.824699    0.002122    3.742259 ^ _3080_/A (sky130_fd_sc_hd__and2_2)
    34    0.173979    0.863663    1.057117    4.799376 ^ _3080_/X (sky130_fd_sc_hd__and2_2)
                                                         _2096_ (net)
                      0.863666    0.001327    4.800704 ^ _3130_/B (sky130_fd_sc_hd__nand2_2)
     2    0.010654    0.151149    0.154902    4.955606 v _3130_/Y (sky130_fd_sc_hd__nand2_2)
                                                         _2422_ (net)
                      0.151149    0.000020    4.955625 v _3132_/A (sky130_fd_sc_hd__or2_2)
     2    0.007531    0.067323    0.349028    5.304653 v _3132_/X (sky130_fd_sc_hd__or2_2)
                                                         _2424_ (net)
                      0.067323    0.000029    5.304682 v _3134_/A2 (sky130_fd_sc_hd__a21o_2)
     3    0.008660    0.047954    0.232786    5.537468 v _3134_/X (sky130_fd_sc_hd__a21o_2)
                                                         _2426_ (net)
                      0.047954    0.000029    5.537498 v _3138_/B1_N (sky130_fd_sc_hd__a21bo_2)
     2    0.011868    0.075223    0.216788    5.754286 ^ _3138_/X (sky130_fd_sc_hd__a21bo_2)
                                                         _2430_ (net)
                      0.075223    0.000037    5.754323 ^ _3141_/A (sky130_fd_sc_hd__xor2_2)
     3    0.012074    0.193994    0.188329    5.942651 ^ _3141_/X (sky130_fd_sc_hd__xor2_2)
                                                         _2433_ (net)
                      0.193994    0.000037    5.942688 ^ _3145_/A (sky130_fd_sc_hd__nand2_2)
     2    0.006097    0.061905    0.075714    6.018402 v _3145_/Y (sky130_fd_sc_hd__nand2_2)
                                                         _2437_ (net)
                      0.061905    0.000007    6.018409 v _3146_/B (sky130_fd_sc_hd__and2b_2)
     3    0.010378    0.055529    0.219179    6.237588 v _3146_/X (sky130_fd_sc_hd__and2b_2)
                                                         _2438_ (net)
                      0.055529    0.000012    6.237600 v _3218_/A (sky130_fd_sc_hd__or3_2)
     1    0.001706    0.070810    0.457852    6.695452 v _3218_/X (sky130_fd_sc_hd__or3_2)
                                                         _2510_ (net)
                      0.070810    0.000002    6.695454 v _3219_/C (sky130_fd_sc_hd__and3_2)
     2    0.012924    0.061223    0.248610    6.944064 v _3219_/X (sky130_fd_sc_hd__and3_2)
                                                         _2511_ (net)
                      0.061223    0.000019    6.944082 v _3220_/A2 (sky130_fd_sc_hd__a21boi_2)
     2    0.011871    0.175165    0.198869    7.142952 ^ _3220_/Y (sky130_fd_sc_hd__a21boi_2)
                                                         _2512_ (net)
                      0.175165    0.000032    7.142983 ^ _3221_/A2 (sky130_fd_sc_hd__o21a_2)
     2    0.013061    0.079721    0.178946    7.321929 ^ _3221_/X (sky130_fd_sc_hd__o21a_2)
                                                         _2513_ (net)
                      0.079721    0.000151    7.322081 ^ _3222_/A_N (sky130_fd_sc_hd__and2b_2)
     4    0.019321    0.072199    0.262129    7.584210 v _3222_/X (sky130_fd_sc_hd__and2b_2)
                                                         _2514_ (net)
                      0.072199    0.000172    7.584382 v _3377_/A1 (sky130_fd_sc_hd__a311o_2)
     3    0.017021    0.089559    0.371546    7.955929 v _3377_/X (sky130_fd_sc_hd__a311o_2)
                                                         _2667_ (net)
                      0.089559    0.000158    7.956087 v _3580_/A1 (sky130_fd_sc_hd__a221o_2)
     4    0.014681    0.084289    0.409317    8.365404 v _3580_/X (sky130_fd_sc_hd__a221o_2)
                                                         _2868_ (net)
                      0.084289    0.000142    8.365546 v _3743_/A3 (sky130_fd_sc_hd__a41oi_2)
     3    0.018727    0.295809    0.308423    8.673968 ^ _3743_/Y (sky130_fd_sc_hd__a41oi_2)
                                                         _3029_ (net)
                      0.295810    0.000381    8.674350 ^ _3838_/A1 (sky130_fd_sc_hd__o21ai_2)
     3    0.017912    0.103819    0.156731    8.831080 v _3838_/Y (sky130_fd_sc_hd__o21ai_2)
                                                         _0124_ (net)
                      0.103819    0.000283    8.831364 v _4131_/A1 (sky130_fd_sc_hd__a311o_2)
     4    0.020750    0.098058    0.394130    9.225493 v _4131_/X (sky130_fd_sc_hd__a311o_2)
                                                         _0415_ (net)
                      0.098059    0.000584    9.226078 v _4609_/A1 (sky130_fd_sc_hd__o2111a_2)
     2    0.009792    0.056883    0.302327    9.528405 v _4609_/X (sky130_fd_sc_hd__o2111a_2)
                                                         _0889_ (net)
                      0.056883    0.000074    9.528479 v _4755_/A1 (sky130_fd_sc_hd__o2111ai_2)
     2    0.006971    0.186334    0.211866    9.740345 ^ _4755_/Y (sky130_fd_sc_hd__o2111ai_2)
                                                         _1033_ (net)
                      0.186334    0.000029    9.740375 ^ _4894_/A1 (sky130_fd_sc_hd__a21oi_2)
     4    0.016129    0.087902    0.118390    9.858764 v _4894_/Y (sky130_fd_sc_hd__a21oi_2)
                                                         _1172_ (net)
                      0.087902    0.000075    9.858838 v _5199_/A2 (sky130_fd_sc_hd__o311ai_2)
     4    0.015028    0.400355    0.403114   10.261952 ^ _5199_/Y (sky130_fd_sc_hd__o311ai_2)
                                                         _1475_ (net)
                      0.400355    0.000089   10.262041 ^ _5368_/A2 (sky130_fd_sc_hd__a21o_2)
     4    0.015236    0.087757    0.240322   10.502363 ^ _5368_/X (sky130_fd_sc_hd__a21o_2)
                                                         _1643_ (net)
                      0.087757    0.000086   10.502449 ^ _5543_/A2 (sky130_fd_sc_hd__a21oi_2)
     3    0.011533    0.057144    0.082339   10.584787 v _5543_/Y (sky130_fd_sc_hd__a21oi_2)
                                                         _1817_ (net)
                      0.057144    0.000048   10.584836 v _5711_/C1 (sky130_fd_sc_hd__a211o_2)
     2    0.006476    0.057219    0.279821   10.864656 v _5711_/X (sky130_fd_sc_hd__a211o_2)
                                                         _1992_ (net)
                      0.057219    0.000020   10.864676 v _5714_/B (sky130_fd_sc_hd__and3_2)
     2    0.002988    0.038436    0.193442   11.058118 v _5714_/X (sky130_fd_sc_hd__and3_2)
                                                         _1995_ (net)
                      0.038436    0.000003   11.058121 v _5715_/B (sky130_fd_sc_hd__or2_2)
     3    0.008806    0.073775    0.293358   11.351480 v _5715_/X (sky130_fd_sc_hd__or2_2)
                                                         _1996_ (net)
                      0.073775    0.000025   11.351504 v _5719_/C1 (sky130_fd_sc_hd__a2111o_2)
     2    0.010180    0.083899    0.438081   11.789585 v _5719_/X (sky130_fd_sc_hd__a2111o_2)
                                                         _2000_ (net)
                      0.083899    0.000062   11.789647 v _5887_/A1 (sky130_fd_sc_hd__a21oi_2)
     3    0.013480    0.193597    0.210765   12.000412 ^ _5887_/Y (sky130_fd_sc_hd__a21oi_2)
                                                         _2185_ (net)
                      0.193597    0.000045   12.000457 ^ _6005_/A2 (sky130_fd_sc_hd__o21ai_2)
     1    0.002922    0.047494    0.066083   12.066540 v _6005_/Y (sky130_fd_sc_hd__o21ai_2)
                                                         _2313_ (net)
                      0.047494    0.000010   12.066550 v _6006_/B1 (sky130_fd_sc_hd__o311a_2)
     2    0.012698    0.080577    0.155949   12.222499 v _6006_/X (sky130_fd_sc_hd__o311a_2)
                                                         core.dsp_result_in[31] (net)
                      0.080577    0.000145   12.222644 v _6086_/A (sky130_fd_sc_hd__xnor2_2)
     1    0.034951    0.459495    0.416154   12.638798 ^ _6086_/Y (sky130_fd_sc_hd__xnor2_2)
                                                         monitor_out[31] (net)
                      0.459495    0.000329   12.639127 ^ monitor_out[31] (out)
                                             12.639127   data arrival time

                                 10.000000   10.000000   clock clk (rise edge)
                                  0.000000   10.000000   clock network delay (propagated)
                                 -0.250000    9.750000   clock uncertainty
                                  0.000000    9.750000   clock reconvergence pessimism
                                 -2.000000    7.750000   output external delay
                                              7.750000   data required time
---------------------------------------------------------------------------------------------
                                              7.750000   data required time
                                            -12.639127   data arrival time
---------------------------------------------------------------------------------------------
                                             -4.889127   slack (VIOLATED)




===========================================================================
report_checks --slack_max -0.01
============================================================================
======================= nom_tt_025C_1v80 Corner ===================================

Startpoint: _6219_ (rising edge-triggered flip-flop clocked by clk)
Endpoint: monitor_out[31] (output port clocked by clk)
Path Group: clk
Path Type: max

Fanout         Cap        Slew       Delay        Time   Description
---------------------------------------------------------------------------------------------
                                  0.000000    0.000000   clock clk (rise edge)
                                  0.000000    0.000000   clock source latency
   126    0.383491    1.702850    1.191432    1.191432 ^ clk (in)
                                                         clk (net)
                      1.704060    0.000000    1.191432 ^ _6219_/CLK (sky130_fd_sc_hd__dfrtp_2)
   248    0.613558    2.824699    2.548705    3.740137 ^ _6219_/Q (sky130_fd_sc_hd__dfrtp_2)
                                                         core.dsp_valid_out (net)
                      2.824699    0.002122    3.742259 ^ _3080_/A (sky130_fd_sc_hd__and2_2)
    34    0.173979    0.863663    1.057117    4.799376 ^ _3080_/X (sky130_fd_sc_hd__and2_2)
                                                         _2096_ (net)
                      0.863666    0.001327    4.800704 ^ _3130_/B (sky130_fd_sc_hd__nand2_2)
     2    0.010654    0.151149    0.154902    4.955606 v _3130_/Y (sky130_fd_sc_hd__nand2_2)
                                                         _2422_ (net)
                      0.151149    0.000020    4.955625 v _3132_/A (sky130_fd_sc_hd__or2_2)
     2    0.007531    0.067323    0.349028    5.304653 v _3132_/X (sky130_fd_sc_hd__or2_2)
                                                         _2424_ (net)
                      0.067323    0.000029    5.304682 v _3134_/A2 (sky130_fd_sc_hd__a21o_2)
     3    0.008660    0.047954    0.232786    5.537468 v _3134_/X (sky130_fd_sc_hd__a21o_2)
                                                         _2426_ (net)
                      0.047954    0.000029    5.537498 v _3138_/B1_N (sky130_fd_sc_hd__a21bo_2)
     2    0.011868    0.075223    0.216788    5.754286 ^ _3138_/X (sky130_fd_sc_hd__a21bo_2)
                                                         _2430_ (net)
                      0.075223    0.000037    5.754323 ^ _3141_/A (sky130_fd_sc_hd__xor2_2)
     3    0.012074    0.193994    0.188329    5.942651 ^ _3141_/X (sky130_fd_sc_hd__xor2_2)
                                                         _2433_ (net)
                      0.193994    0.000037    5.942688 ^ _3145_/A (sky130_fd_sc_hd__nand2_2)
     2    0.006097    0.061905    0.075714    6.018402 v _3145_/Y (sky130_fd_sc_hd__nand2_2)
                                                         _2437_ (net)
                      0.061905    0.000007    6.018409 v _3146_/B (sky130_fd_sc_hd__and2b_2)
     3    0.010378    0.055529    0.219179    6.237588 v _3146_/X (sky130_fd_sc_hd__and2b_2)
                                                         _2438_ (net)
                      0.055529    0.000012    6.237600 v _3218_/A (sky130_fd_sc_hd__or3_2)
     1    0.001706    0.070810    0.457852    6.695452 v _3218_/X (sky130_fd_sc_hd__or3_2)
                                                         _2510_ (net)
                      0.070810    0.000002    6.695454 v _3219_/C (sky130_fd_sc_hd__and3_2)
     2    0.012924    0.061223    0.248610    6.944064 v _3219_/X (sky130_fd_sc_hd__and3_2)
                                                         _2511_ (net)
                      0.061223    0.000019    6.944082 v _3220_/A2 (sky130_fd_sc_hd__a21boi_2)
     2    0.011871    0.175165    0.198869    7.142952 ^ _3220_/Y (sky130_fd_sc_hd__a21boi_2)
                                                         _2512_ (net)
                      0.175165    0.000032    7.142983 ^ _3221_/A2 (sky130_fd_sc_hd__o21a_2)
     2    0.013061    0.079721    0.178946    7.321929 ^ _3221_/X (sky130_fd_sc_hd__o21a_2)
                                                         _2513_ (net)
                      0.079721    0.000151    7.322081 ^ _3222_/A_N (sky130_fd_sc_hd__and2b_2)
     4    0.019321    0.072199    0.262129    7.584210 v _3222_/X (sky130_fd_sc_hd__and2b_2)
                                                         _2514_ (net)
                      0.072199    0.000172    7.584382 v _3377_/A1 (sky130_fd_sc_hd__a311o_2)
     3    0.017021    0.089559    0.371546    7.955929 v _3377_/X (sky130_fd_sc_hd__a311o_2)
                                                         _2667_ (net)
                      0.089559    0.000158    7.956087 v _3580_/A1 (sky130_fd_sc_hd__a221o_2)
     4    0.014681    0.084289    0.409317    8.365404 v _3580_/X (sky130_fd_sc_hd__a221o_2)
                                                         _2868_ (net)
                      0.084289    0.000142    8.365546 v _3743_/A3 (sky130_fd_sc_hd__a41oi_2)
     3    0.018727    0.295809    0.308423    8.673968 ^ _3743_/Y (sky130_fd_sc_hd__a41oi_2)
                                                         _3029_ (net)
                      0.295810    0.000381    8.674350 ^ _3838_/A1 (sky130_fd_sc_hd__o21ai_2)
     3    0.017912    0.103819    0.156731    8.831080 v _3838_/Y (sky130_fd_sc_hd__o21ai_2)
                                                         _0124_ (net)
                      0.103819    0.000283    8.831364 v _4131_/A1 (sky130_fd_sc_hd__a311o_2)
     4    0.020750    0.098058    0.394130    9.225493 v _4131_/X (sky130_fd_sc_hd__a311o_2)
                                                         _0415_ (net)
                      0.098059    0.000584    9.226078 v _4609_/A1 (sky130_fd_sc_hd__o2111a_2)
     2    0.009792    0.056883    0.302327    9.528405 v _4609_/X (sky130_fd_sc_hd__o2111a_2)
                                                         _0889_ (net)
                      0.056883    0.000074    9.528479 v _4755_/A1 (sky130_fd_sc_hd__o2111ai_2)
     2    0.006971    0.186334    0.211866    9.740345 ^ _4755_/Y (sky130_fd_sc_hd__o2111ai_2)
                                                         _1033_ (net)
                      0.186334    0.000029    9.740375 ^ _4894_/A1 (sky130_fd_sc_hd__a21oi_2)
     4    0.016129    0.087902    0.118390    9.858764 v _4894_/Y (sky130_fd_sc_hd__a21oi_2)
                                                         _1172_ (net)
                      0.087902    0.000075    9.858838 v _5199_/A2 (sky130_fd_sc_hd__o311ai_2)
     4    0.015028    0.400355    0.403114   10.261952 ^ _5199_/Y (sky130_fd_sc_hd__o311ai_2)
                                                         _1475_ (net)
                      0.400355    0.000089   10.262041 ^ _5368_/A2 (sky130_fd_sc_hd__a21o_2)
     4    0.015236    0.087757    0.240322   10.502363 ^ _5368_/X (sky130_fd_sc_hd__a21o_2)
                                                         _1643_ (net)
                      0.087757    0.000086   10.502449 ^ _5543_/A2 (sky130_fd_sc_hd__a21oi_2)
     3    0.011533    0.057144    0.082339   10.584787 v _5543_/Y (sky130_fd_sc_hd__a21oi_2)
                                                         _1817_ (net)
                      0.057144    0.000048   10.584836 v _5711_/C1 (sky130_fd_sc_hd__a211o_2)
     2    0.006476    0.057219    0.279821   10.864656 v _5711_/X (sky130_fd_sc_hd__a211o_2)
                                                         _1992_ (net)
                      0.057219    0.000020   10.864676 v _5714_/B (sky130_fd_sc_hd__and3_2)
     2    0.002988    0.038436    0.193442   11.058118 v _5714_/X (sky130_fd_sc_hd__and3_2)
                                                         _1995_ (net)
                      0.038436    0.000003   11.058121 v _5715_/B (sky130_fd_sc_hd__or2_2)
     3    0.008806    0.073775    0.293358   11.351480 v _5715_/X (sky130_fd_sc_hd__or2_2)
                                                         _1996_ (net)
                      0.073775    0.000025   11.351504 v _5719_/C1 (sky130_fd_sc_hd__a2111o_2)
     2    0.010180    0.083899    0.438081   11.789585 v _5719_/X (sky130_fd_sc_hd__a2111o_2)
                                                         _2000_ (net)
                      0.083899    0.000062   11.789647 v _5887_/A1 (sky130_fd_sc_hd__a21oi_2)
     3    0.013480    0.193597    0.210765   12.000412 ^ _5887_/Y (sky130_fd_sc_hd__a21oi_2)
                                                         _2185_ (net)
                      0.193597    0.000045   12.000457 ^ _6005_/A2 (sky130_fd_sc_hd__o21ai_2)
     1    0.002922    0.047494    0.066083   12.066540 v _6005_/Y (sky130_fd_sc_hd__o21ai_2)
                                                         _2313_ (net)
                      0.047494    0.000010   12.066550 v _6006_/B1 (sky130_fd_sc_hd__o311a_2)
     2    0.012698    0.080577    0.155949   12.222499 v _6006_/X (sky130_fd_sc_hd__o311a_2)
                                                         core.dsp_result_in[31] (net)
                      0.080577    0.000145   12.222644 v _6086_/A (sky130_fd_sc_hd__xnor2_2)
     1    0.034951    0.459495    0.416154   12.638798 ^ _6086_/Y (sky130_fd_sc_hd__xnor2_2)
                                                         monitor_out[31] (net)
                      0.459495    0.000329   12.639127 ^ monitor_out[31] (out)
                                             12.639127   data arrival time

                                 10.000000   10.000000   clock clk (rise edge)
                                  0.000000   10.000000   clock network delay (propagated)
                                 -0.250000    9.750000   clock uncertainty
                                  0.000000    9.750000   clock reconvergence pessimism
                                 -2.000000    7.750000   output external delay
                                              7.750000   data required time
---------------------------------------------------------------------------------------------
                                              7.750000   data required time
                                            -12.639127   data arrival time
---------------------------------------------------------------------------------------------
                                             -4.889127   slack (VIOLATED)




===========================================================================
 report_check_types -max_slew -max_cap -max_fanout -violators
============================================================================
======================= nom_tt_025C_1v80 Corner ===================================

max slew

Pin                                        Limit        Slew       Slack
------------------------------------------------------------------------
_5381_/A                                0.750000    2.825000   -2.075000 (VIOLATED)
_5561_/A                                0.750000    2.825000   -2.075000 (VIOLATED)
_5731_/A                                0.750000    2.824999   -2.074999 (VIOLATED)
_5902_/A                                0.750000    2.824998   -2.074998 (VIOLATED)
_5732_/A                                0.750000    2.824994   -2.074995 (VIOLATED)
_5903_/A                                0.750000    2.824996   -2.074996 (VIOLATED)
_5218_/A                                0.750000    2.824991   -2.074991 (VIOLATED)
_5562_/A                                0.750000    2.824991   -2.074991 (VIOLATED)
_5733_/A                                0.750000    2.824992   -2.074992 (VIOLATED)
_5060_/A                                0.750000    2.824988   -2.074988 (VIOLATED)
_5061_/A                                0.750000    2.824989   -2.074989 (VIOLATED)
_5219_/A                                0.750000    2.824989   -2.074989 (VIOLATED)
_5382_/A1                               0.750000    2.824989   -2.074989 (VIOLATED)
_5383_/A                                0.750000    2.824990   -2.074990 (VIOLATED)
_5563_/A                                0.750000    2.824988   -2.074988 (VIOLATED)
_4910_/A                                0.750000    2.824984   -2.074984 (VIOLATED)
_4911_/A                                0.750000    2.824981   -2.074982 (VIOLATED)
_3088_/A                                0.750000    2.824970   -2.074970 (VIOLATED)
_3108_/A                                0.750000    2.824971   -2.074971 (VIOLATED)
_4628_/A                                0.750000    2.824972   -2.074972 (VIOLATED)
_4625_/A                                0.750000    2.824949   -2.074949 (VIOLATED)
_5405_/A                                0.750000    2.824944   -2.074944 (VIOLATED)
_3114_/A                                0.750000    2.824942   -2.074942 (VIOLATED)
_5582_/A                                0.750000    2.824944   -2.074944 (VIOLATED)
_5750_/A1                               0.750000    2.824944   -2.074943 (VIOLATED)
_5752_/A                                0.750000    2.824944   -2.074944 (VIOLATED)
_4494_/A                                0.750000    2.824940   -2.074940 (VIOLATED)
_4495_/A                                0.750000    2.824941   -2.074941 (VIOLATED)
_4629_/A                                0.750000    2.824941   -2.074941 (VIOLATED)
_4763_/A                                0.750000    2.824941   -2.074941 (VIOLATED)
_4765_/A                                0.750000    2.824941   -2.074942 (VIOLATED)
_5913_/A                                0.750000    2.824944   -2.074943 (VIOLATED)
_5057_/A                                0.750000    2.824941   -2.074941 (VIOLATED)
_5380_/A                                0.750000    2.824940   -2.074940 (VIOLATED)
_5558_/A                                0.750000    2.824941   -2.074941 (VIOLATED)
_4375_/A                                0.750000    2.824938   -2.074938 (VIOLATED)
_5775_/A1                               0.750000    2.824939   -2.074939 (VIOLATED)
_5055_/A                                0.750000    2.824935   -2.074935 (VIOLATED)
_5081_/A                                0.750000    2.824936   -2.074936 (VIOLATED)
_5239_/A                                0.750000    2.824936   -2.074936 (VIOLATED)
_5604_/A                                0.750000    2.824935   -2.074935 (VIOLATED)
_5776_/A                                0.750000    2.824936   -2.074936 (VIOLATED)
_5943_/A                                0.750000    2.824936   -2.074936 (VIOLATED)
_4146_/A                                0.750000    2.824926   -2.074927 (VIOLATED)
_5103_/A                                0.750000    2.824924   -2.074924 (VIOLATED)
_5261_/A                                0.750000    2.824924   -2.074924 (VIOLATED)
_4259_/A                                0.750000    2.824916   -2.074916 (VIOLATED)
_4929_/A                                0.750000    2.824917   -2.074917 (VIOLATED)
_4785_/A                                0.750000    2.824903   -2.074903 (VIOLATED)
_4392_/A                                0.750000    2.824898   -2.074898 (VIOLATED)
_4393_/A                                0.750000    2.824898   -2.074898 (VIOLATED)
_4512_/A                                0.750000    2.824899   -2.074899 (VIOLATED)
_4647_/A                                0.750000    2.824898   -2.074898 (VIOLATED)
_4276_/A                                0.750000    2.824893   -2.074894 (VIOLATED)
_4277_/A                                0.750000    2.824892   -2.074892 (VIOLATED)
_5311_/A                                0.750000    2.824886   -2.074886 (VIOLATED)
_5484_/A                                0.750000    2.824886   -2.074886 (VIOLATED)
_5656_/A                                0.750000    2.824886   -2.074886 (VIOLATED)
_5832_/A                                0.750000    2.824885   -2.074885 (VIOLATED)
_5834_/A1                               0.750000    2.824886   -2.074886 (VIOLATED)
_4296_/A                                0.750000    2.824881   -2.074881 (VIOLATED)
_4183_/A                                0.750000    2.824875   -2.074875 (VIOLATED)
_3110_/A                                0.750000    2.824862   -2.074862 (VIOLATED)
_3598_/A                                0.750000    2.824858   -2.074858 (VIOLATED)
_3458_/A                                0.750000    2.824855   -2.074855 (VIOLATED)
_4551_/A                                0.750000    2.824851   -2.074851 (VIOLATED)
_4685_/A                                0.750000    2.824843   -2.074843 (VIOLATED)
_5299_/A                                0.750000    2.824843   -2.074843 (VIOLATED)
_5300_/A                                0.750000    2.824843   -2.074843 (VIOLATED)
_5111_/A                                0.750000    2.824839   -2.074839 (VIOLATED)
_5268_/A                                0.750000    2.824839   -2.074839 (VIOLATED)
_5269_/A                                0.750000    2.824836   -2.074836 (VIOLATED)
_5440_/A                                0.750000    2.824834   -2.074834 (VIOLATED)
_3711_/A                                0.750000    2.824831   -2.074831 (VIOLATED)
_3799_/A                                0.750000    2.824828   -2.074827 (VIOLATED)
_3305_/A                                0.750000    2.824825   -2.074825 (VIOLATED)
_4674_/A1                               0.750000    2.824825   -2.074825 (VIOLATED)
_4675_/A                                0.750000    2.824825   -2.074824 (VIOLATED)
_4813_/A                                0.750000    2.824824   -2.074824 (VIOLATED)
_4814_/A                                0.750000    2.824825   -2.074824 (VIOLATED)
_5611_/A                                0.750000    2.824821   -2.074821 (VIOLATED)
_5783_/A                                0.750000    2.824819   -2.074819 (VIOLATED)
_3639_/A                                0.750000    2.824813   -2.074813 (VIOLATED)
_3072_/A                                0.750000    2.824809   -2.074809 (VIOLATED)
_3311_/B1                               0.750000    2.824809   -2.074809 (VIOLATED)
_3312_/B1                               0.750000    2.824808   -2.074808 (VIOLATED)
_3313_/B1                               0.750000    2.824809   -2.074809 (VIOLATED)
_3314_/B1                               0.750000    2.824809   -2.074809 (VIOLATED)
_4420_/A                                0.750000    2.824810   -2.074810 (VIOLATED)
_4421_/A                                0.750000    2.824810   -2.074810 (VIOLATED)
_3326_/A                                0.750000    2.824796   -2.074796 (VIOLATED)
_3316_/A1                               0.750000    2.824793   -2.074793 (VIOLATED)
_3317_/A1                               0.750000    2.824793   -2.074793 (VIOLATED)
_3719_/A                                0.750000    2.824795   -2.074795 (VIOLATED)
_3192_/A                                0.750000    2.824789   -2.074789 (VIOLATED)
_3898_/A                                0.750000    2.824790   -2.074790 (VIOLATED)
_3897_/A                                0.750000    2.824779   -2.074780 (VIOLATED)
_3899_/A                                0.750000    2.824779   -2.074779 (VIOLATED)
_4843_/A                                0.750000    2.824770   -2.074771 (VIOLATED)
_4987_/A                                0.750000    2.824771   -2.074771 (VIOLATED)
_4989_/A                                0.750000    2.824771   -2.074771 (VIOLATED)
_5146_/A                                0.750000    2.824771   -2.074771 (VIOLATED)
_5148_/A                                0.750000    2.824771   -2.074771 (VIOLATED)
_5320_/A                                0.750000    2.824770   -2.074770 (VIOLATED)
_5494_/A                                0.750000    2.824770   -2.074770 (VIOLATED)
_5664_/A                                0.750000    2.824770   -2.074770 (VIOLATED)
_5842_/A1                               0.750000    2.824770   -2.074770 (VIOLATED)
_5843_/A                                0.750000    2.824770   -2.074770 (VIOLATED)
_3993_/A                                0.750000    2.824765   -2.074765 (VIOLATED)
_4852_/A                                0.750000    2.824766   -2.074766 (VIOLATED)
_4999_/A                                0.750000    2.824767   -2.074767 (VIOLATED)
_5000_/A                                0.750000    2.824767   -2.074767 (VIOLATED)
_5158_/A                                0.750000    2.824767   -2.074767 (VIOLATED)
_5502_/A                                0.750000    2.824766   -2.074766 (VIOLATED)
_5672_/A                                0.750000    2.824766   -2.074766 (VIOLATED)
_5850_/A                                0.750000    2.824768   -2.074768 (VIOLATED)
_3992_/A                                0.750000    2.824763   -2.074763 (VIOLATED)
_4712_/A                                0.750000    2.824758   -2.074758 (VIOLATED)
_4713_/A                                0.750000    2.824758   -2.074758 (VIOLATED)
_4860_/A                                0.750000    2.824759   -2.074759 (VIOLATED)
_5280_/A                                0.750000    2.824758   -2.074758 (VIOLATED)
_5451_/A                                0.750000    2.824758   -2.074758 (VIOLATED)
_5622_/A                                0.750000    2.824758   -2.074758 (VIOLATED)
_3069_/A                                0.750000    2.824749   -2.074749 (VIOLATED)
_3760_/A                                0.750000    2.824748   -2.074748 (VIOLATED)
_3941_/A                                0.750000    2.824749   -2.074749 (VIOLATED)
_4038_/A                                0.750000    2.824748   -2.074749 (VIOLATED)
_3674_/A                                0.750000    2.824746   -2.074746 (VIOLATED)
_4159_/A                                0.750000    2.824747   -2.074747 (VIOLATED)
_4272_/A                                0.750000    2.824748   -2.074748 (VIOLATED)
_4387_/A                                0.750000    2.824748   -2.074748 (VIOLATED)
_5641_/A                                0.750000    2.824749   -2.074749 (VIOLATED)
_3761_/A                                0.750000    2.824744   -2.074744 (VIOLATED)
_3762_/A                                0.750000    2.824743   -2.074743 (VIOLATED)
_3847_/A                                0.750000    2.824744   -2.074744 (VIOLATED)
_5817_/A1                               0.750000    2.824745   -2.074745 (VIOLATED)
_5819_/A                                0.750000    2.824745   -2.074745 (VIOLATED)
_3675_/A                                0.750000    2.824741   -2.074741 (VIOLATED)
_3776_/A                                0.750000    2.824739   -2.074739 (VIOLATED)
_3777_/A                                0.750000    2.824739   -2.074739 (VIOLATED)
_4558_/A                                0.750000    2.824740   -2.074740 (VIOLATED)
_4432_/A                                0.750000    2.824737   -2.074737 (VIOLATED)
_3689_/A                                0.750000    2.824735   -2.074735 (VIOLATED)
_3690_/A                                0.750000    2.824734   -2.074734 (VIOLATED)
_3706_/A                                0.750000    2.824735   -2.074735 (VIOLATED)
_3613_/A                                0.750000    2.824731   -2.074732 (VIOLATED)
_3614_/A                                0.750000    2.824731   -2.074732 (VIOLATED)
_4310_/A                                0.750000    2.824733   -2.074733 (VIOLATED)
_3472_/A                                0.750000    2.824728   -2.074728 (VIOLATED)
_3473_/A                                0.750000    2.824728   -2.074728 (VIOLATED)
_3593_/A                                0.750000    2.824729   -2.074729 (VIOLATED)
_3489_/A                                0.750000    2.824726   -2.074726 (VIOLATED)
_3539_/A                                0.750000    2.824728   -2.074728 (VIOLATED)
_3540_/A                                0.750000    2.824728   -2.074728 (VIOLATED)
_3556_/A                                0.750000    2.824728   -2.074728 (VIOLATED)
_3629_/A                                0.750000    2.824728   -2.074728 (VIOLATED)
_4093_/A                                0.750000    2.824727   -2.074727 (VIOLATED)
_4204_/A                                0.750000    2.824726   -2.074726 (VIOLATED)
_3287_/A                                0.750000    2.824723   -2.074723 (VIOLATED)
_3404_/A                                0.750000    2.824722   -2.074722 (VIOLATED)
_3405_/A                                0.750000    2.824722   -2.074722 (VIOLATED)
_3421_/A                                0.750000    2.824724   -2.074724 (VIOLATED)
_3423_/A                                0.750000    2.824724   -2.074724 (VIOLATED)
_3487_/A                                0.750000    2.824724   -2.074724 (VIOLATED)
_3488_/A                                0.750000    2.824725   -2.074725 (VIOLATED)
_3288_/A                                0.750000    2.824719   -2.074719 (VIOLATED)
_3450_/A                                0.750000    2.824720   -2.074720 (VIOLATED)
_3383_/A                                0.750000    2.824718   -2.074717 (VIOLATED)
_3323_/A                                0.750000    2.824714   -2.074714 (VIOLATED)
_3258_/A                                0.750000    2.824712   -2.074712 (VIOLATED)
_3070_/A                                0.750000    2.824708   -2.074708 (VIOLATED)
_3162_/A                                0.750000    2.824709   -2.074709 (VIOLATED)
_3166_/A                                0.750000    2.824709   -2.074709 (VIOLATED)
_3262_/A                                0.750000    2.824709   -2.074709 (VIOLATED)
_3327_/A                                0.750000    2.824709   -2.074709 (VIOLATED)
_3328_/A                                0.750000    2.824709   -2.074709 (VIOLATED)
_3329_/A                                0.750000    2.824710   -2.074710 (VIOLATED)
_3387_/A                                0.750000    2.824709   -2.074709 (VIOLATED)
_3388_/A                                0.750000    2.824709   -2.074709 (VIOLATED)
_3389_/A                                0.750000    2.824711   -2.074711 (VIOLATED)
_3452_/A                                0.750000    2.824709   -2.074709 (VIOLATED)
_3456_/A                                0.750000    2.824710   -2.074710 (VIOLATED)
_3457_/A                                0.750000    2.824710   -2.074710 (VIOLATED)
_3520_/A                                0.750000    2.824710   -2.074710 (VIOLATED)
_3524_/A                                0.750000    2.824710   -2.074710 (VIOLATED)
_3562_/A                                0.750000    2.824711   -2.074711 (VIOLATED)
_3563_/A                                0.750000    2.824711   -2.074711 (VIOLATED)
_3595_/A                                0.750000    2.824711   -2.074711 (VIOLATED)
_3599_/A                                0.750000    2.824711   -2.074711 (VIOLATED)
_3073_/A                                0.750000    2.824706   -2.074706 (VIOLATED)
_3097_/A                                0.750000    2.824708   -2.074708 (VIOLATED)
_3079_/A                                0.750000    2.824705   -2.074705 (VIOLATED)
_3065_/A                                0.750000    2.824703   -2.074703 (VIOLATED)
_3066_/A                                0.750000    2.824704   -2.074704 (VIOLATED)
_3068_/A                                0.750000    2.824704   -2.074704 (VIOLATED)
_3078_/A                                0.750000    2.824703   -2.074703 (VIOLATED)
_3081_/A                                0.750000    2.824705   -2.074705 (VIOLATED)
_3082_/A                                0.750000    2.824707   -2.074707 (VIOLATED)
_3107_/A                                0.750000    2.824706   -2.074706 (VIOLATED)
_3083_/A                                0.750000    2.824703   -2.074704 (VIOLATED)
_3089_/A                                0.750000    2.824704   -2.074704 (VIOLATED)
_3095_/A                                0.750000    2.824703   -2.074703 (VIOLATED)
_3096_/A                                0.750000    2.824704   -2.074704 (VIOLATED)
_3113_/A                                0.750000    2.824705   -2.074704 (VIOLATED)
_3115_/A                                0.750000    2.824705   -2.074704 (VIOLATED)
_3116_/A                                0.750000    2.824705   -2.074705 (VIOLATED)
_3126_/A                                0.750000    2.824704   -2.074704 (VIOLATED)
_3127_/A                                0.750000    2.824703   -2.074704 (VIOLATED)
_3135_/A                                0.750000    2.824704   -2.074704 (VIOLATED)
_3165_/A                                0.750000    2.824704   -2.074704 (VIOLATED)
_3177_/A                                0.750000    2.824705   -2.074705 (VIOLATED)
_3179_/A                                0.750000    2.824705   -2.074705 (VIOLATED)
_3261_/A                                0.750000    2.824704   -2.074704 (VIOLATED)
_3273_/A                                0.750000    2.824705   -2.074705 (VIOLATED)
_3274_/A                                0.750000    2.824705   -2.074705 (VIOLATED)
_3339_/A                                0.750000    2.824705   -2.074705 (VIOLATED)
_3340_/A                                0.750000    2.824705   -2.074705 (VIOLATED)
_3386_/A                                0.750000    2.824704   -2.074704 (VIOLATED)
_3455_/A                                0.750000    2.824704   -2.074704 (VIOLATED)
_3523_/A                                0.750000    2.824704   -2.074704 (VIOLATED)
_4330_/A                                0.750000    2.824703   -2.074703 (VIOLATED)
_4447_/A                                0.750000    2.824703   -2.074703 (VIOLATED)
_4448_/A                                0.750000    2.824703   -2.074703 (VIOLATED)
_4568_/A                                0.750000    2.824704   -2.074704 (VIOLATED)
_4569_/A                                0.750000    2.824704   -2.074704 (VIOLATED)
_4577_/A                                0.750000    2.824703   -2.074703 (VIOLATED)
_4578_/A                                0.750000    2.824703   -2.074703 (VIOLATED)
_6021_/B                                0.750000    2.824704   -2.074704 (VIOLATED)
_6089_/A                                0.750000    2.824705   -2.074705 (VIOLATED)
_6090_/A1                               0.750000    2.824705   -2.074705 (VIOLATED)
_3067_/A                                0.750000    2.824699   -2.074700 (VIOLATED)
_3080_/A                                0.750000    2.824699   -2.074700 (VIOLATED)
_3109_/A                                0.750000    2.824699   -2.074700 (VIOLATED)
_3128_/A                                0.750000    2.824699   -2.074700 (VIOLATED)
_3147_/A                                0.750000    2.824699   -2.074700 (VIOLATED)
_4098_/A                                0.750000    2.824699   -2.074700 (VIOLATED)
_4099_/A                                0.750000    2.824699   -2.074700 (VIOLATED)
_4100_/A                                0.750000    2.824699   -2.074700 (VIOLATED)
_4211_/A                                0.750000    2.824699   -2.074700 (VIOLATED)
_4212_/A                                0.750000    2.824699   -2.074700 (VIOLATED)
_4214_/A                                0.750000    2.824699   -2.074700 (VIOLATED)
_4320_/A                                0.750000    2.824699   -2.074700 (VIOLATED)
_4321_/A                                0.750000    2.824699   -2.074700 (VIOLATED)
_4327_/A                                0.750000    2.824699   -2.074700 (VIOLATED)
_4328_/A                                0.750000    2.824699   -2.074700 (VIOLATED)
_6016_/A                                0.750000    2.824699   -2.074700 (VIOLATED)
_6087_/A                                0.750000    2.824699   -2.074700 (VIOLATED)
_6153_/A                                0.750000    2.824699   -2.074700 (VIOLATED)
_6219_/Q                                0.750000    2.824699   -2.074700 (VIOLATED)
_6271_/RESET_B                          0.750000    2.633928   -1.883928 (VIOLATED)
_6273_/RESET_B                          0.750000    2.633926   -1.883926 (VIOLATED)
_6274_/RESET_B                          0.750000    2.633923   -1.883923 (VIOLATED)
_6272_/RESET_B                          0.750000    2.633920   -1.883920 (VIOLATED)
_6275_/RESET_B                          0.750000    2.633921   -1.883921 (VIOLATED)
_6270_/RESET_B                          0.750000    2.633897   -1.883898 (VIOLATED)
_6268_/RESET_B                          0.750000    2.633894   -1.883893 (VIOLATED)
_6269_/RESET_B                          0.750000    2.633895   -1.883895 (VIOLATED)
_6267_/RESET_B                          0.750000    2.633854   -1.883854 (VIOLATED)
_6266_/RESET_B                          0.750000    2.633844   -1.883844 (VIOLATED)
_6343_/RESET_B                          0.750000    2.633828   -1.883828 (VIOLATED)
_6279_/RESET_B                          0.750000    2.633821   -1.883822 (VIOLATED)
_6276_/RESET_B                          0.750000    2.633819   -1.883819 (VIOLATED)
_6277_/RESET_B                          0.750000    2.633820   -1.883820 (VIOLATED)
_6278_/RESET_B                          0.750000    2.633821   -1.883821 (VIOLATED)
_6342_/RESET_B                          0.750000    2.633811   -1.883811 (VIOLATED)
_6340_/RESET_B                          0.750000    2.633796   -1.883796 (VIOLATED)
_6341_/RESET_B                          0.750000    2.633796   -1.883796 (VIOLATED)
_6263_/RESET_B                          0.750000    2.633760   -1.883760 (VIOLATED)
_6339_/RESET_B                          0.750000    2.633761   -1.883761 (VIOLATED)
_6264_/RESET_B                          0.750000    2.633757   -1.883757 (VIOLATED)
_6265_/RESET_B                          0.750000    2.633756   -1.883756 (VIOLATED)
_6338_/RESET_B                          0.750000    2.633738   -1.883738 (VIOLATED)
_6336_/RESET_B                          0.750000    2.633710   -1.883710 (VIOLATED)
_6337_/RESET_B                          0.750000    2.633711   -1.883711 (VIOLATED)
_6245_/RESET_B                          0.750000    2.633698   -1.883698 (VIOLATED)
_6246_/RESET_B                          0.750000    2.633698   -1.883699 (VIOLATED)
_6247_/RESET_B                          0.750000    2.633698   -1.883699 (VIOLATED)
_6242_/RESET_B                          0.750000    2.633696   -1.883695 (VIOLATED)
_6243_/RESET_B                          0.750000    2.633696   -1.883696 (VIOLATED)
_6244_/RESET_B                          0.750000    2.633696   -1.883696 (VIOLATED)
_6334_/RESET_B                          0.750000    2.633697   -1.883697 (VIOLATED)
_6241_/RESET_B                          0.750000    2.633691   -1.883691 (VIOLATED)
_6240_/RESET_B                          0.750000    2.633688   -1.883688 (VIOLATED)
_6239_/RESET_B                          0.750000    2.633684   -1.883684 (VIOLATED)
_6335_/RESET_B                          0.750000    2.633686   -1.883686 (VIOLATED)
_6236_/RESET_B                          0.750000    2.633676   -1.883676 (VIOLATED)
_6237_/RESET_B                          0.750000    2.633677   -1.883677 (VIOLATED)
_6238_/RESET_B                          0.750000    2.633677   -1.883677 (VIOLATED)
_6333_/RESET_B                          0.750000    2.633657   -1.883657 (VIOLATED)
_6332_/RESET_B                          0.750000    2.633622   -1.883622 (VIOLATED)
_6235_/RESET_B                          0.750000    2.633585   -1.883585 (VIOLATED)
_6234_/RESET_B                          0.750000    2.633560   -1.883560 (VIOLATED)
_6330_/RESET_B                          0.750000    2.633518   -1.883518 (VIOLATED)
_6331_/RESET_B                          0.750000    2.633477   -1.883477 (VIOLATED)
_6233_/RESET_B                          0.750000    2.633420   -1.883420 (VIOLATED)
_6329_/RESET_B                          0.750000    2.633405   -1.883405 (VIOLATED)
_6231_/RESET_B                          0.750000    2.633365   -1.883366 (VIOLATED)
_6232_/RESET_B                          0.750000    2.633366   -1.883366 (VIOLATED)
_6328_/RESET_B                          0.750000    2.633343   -1.883343 (VIOLATED)
_6302_/RESET_B                          0.750000    2.633300   -1.883300 (VIOLATED)
_6303_/RESET_B                          0.750000    2.633299   -1.883299 (VIOLATED)
_6304_/RESET_B                          0.750000    2.633300   -1.883300 (VIOLATED)
_6260_/RESET_B                          0.750000    2.633297   -1.883297 (VIOLATED)
_6305_/RESET_B                          0.750000    2.633299   -1.883299 (VIOLATED)
_6306_/RESET_B                          0.750000    2.633299   -1.883299 (VIOLATED)
_6259_/RESET_B                          0.750000    2.633295   -1.883294 (VIOLATED)
_6230_/RESET_B                          0.750000    2.633292   -1.883292 (VIOLATED)
_6255_/RESET_B                          0.750000    2.633290   -1.883290 (VIOLATED)
_6258_/RESET_B                          0.750000    2.633292   -1.883292 (VIOLATED)
_6254_/RESET_B                          0.750000    2.633284   -1.883284 (VIOLATED)
_6294_/RESET_B                          0.750000    2.633282   -1.883282 (VIOLATED)
_6295_/RESET_B                          0.750000    2.633281   -1.883281 (VIOLATED)
_6291_/RESET_B                          0.750000    2.633278   -1.883278 (VIOLATED)
_6292_/RESET_B                          0.750000    2.633278   -1.883278 (VIOLATED)
_6293_/RESET_B                          0.750000    2.633274   -1.883274 (VIOLATED)
_6256_/RESET_B                          0.750000    2.633267   -1.883267 (VIOLATED)
_6253_/RESET_B                          0.750000    2.633259   -1.883258 (VIOLATED)
_6296_/RESET_B                          0.750000    2.633260   -1.883260 (VIOLATED)
_6262_/RESET_B                          0.750000    2.633257   -1.883258 (VIOLATED)
_6297_/RESET_B                          0.750000    2.633260   -1.883259 (VIOLATED)
_6298_/RESET_B                          0.750000    2.633260   -1.883260 (VIOLATED)
_6261_/RESET_B                          0.750000    2.633253   -1.883253 (VIOLATED)
_6307_/RESET_B                          0.750000    2.633254   -1.883254 (VIOLATED)
_6309_/RESET_B                          0.750000    2.633254   -1.883254 (VIOLATED)
_6252_/RESET_B                          0.750000    2.633250   -1.883250 (VIOLATED)
_6300_/RESET_B                          0.750000    2.633251   -1.883251 (VIOLATED)
_6311_/RESET_B                          0.750000    2.633253   -1.883253 (VIOLATED)
_6299_/RESET_B                          0.750000    2.633249   -1.883249 (VIOLATED)
_6301_/RESET_B                          0.750000    2.633250   -1.883250 (VIOLATED)
_6308_/RESET_B                          0.750000    2.633250   -1.883250 (VIOLATED)
_6310_/RESET_B                          0.750000    2.633248   -1.883248 (VIOLATED)
_6327_/RESET_B                          0.750000    2.633250   -1.883250 (VIOLATED)
_6289_/RESET_B                          0.750000    2.633246   -1.883246 (VIOLATED)
_6257_/RESET_B                          0.750000    2.633240   -1.883239 (VIOLATED)
_6251_/RESET_B                          0.750000    2.633236   -1.883236 (VIOLATED)
_6326_/RESET_B                          0.750000    2.633236   -1.883236 (VIOLATED)
_6248_/RESET_B                          0.750000    2.633227   -1.883227 (VIOLATED)
_6249_/RESET_B                          0.750000    2.633226   -1.883226 (VIOLATED)
_6290_/RESET_B                          0.750000    2.633216   -1.883216 (VIOLATED)
_6250_/RESET_B                          0.750000    2.633214   -1.883214 (VIOLATED)
_6285_/RESET_B                          0.750000    2.633206   -1.883206 (VIOLATED)
_6283_/RESET_B                          0.750000    2.633202   -1.883202 (VIOLATED)
_6282_/RESET_B                          0.750000    2.633197   -1.883197 (VIOLATED)
_6219_/RESET_B                          0.750000    2.633192   -1.883191 (VIOLATED)
_6229_/RESET_B                          0.750000    2.633191   -1.883191 (VIOLATED)
_6218_/RESET_B                          0.750000    2.633189   -1.883189 (VIOLATED)
_6284_/RESET_B                          0.750000    2.633190   -1.883191 (VIOLATED)
_6280_/RESET_B                          0.750000    2.633186   -1.883186 (VIOLATED)
_6286_/RESET_B                          0.750000    2.633188   -1.883187 (VIOLATED)
_6287_/RESET_B                          0.750000    2.633187   -1.883187 (VIOLATED)
_6288_/RESET_B                          0.750000    2.633187   -1.883187 (VIOLATED)
_6281_/RESET_B                          0.750000    2.633184   -1.883184 (VIOLATED)
_6228_/RESET_B                          0.750000    2.633173   -1.883173 (VIOLATED)
_6312_/RESET_B                          0.750000    2.633173   -1.883173 (VIOLATED)
_6313_/RESET_B                          0.750000    2.633168   -1.883168 (VIOLATED)
_6227_/RESET_B                          0.750000    2.633146   -1.883146 (VIOLATED)
_6314_/RESET_B                          0.750000    2.633145   -1.883145 (VIOLATED)
_6325_/RESET_B                          0.750000    2.633145   -1.883145 (VIOLATED)
_6315_/RESET_B                          0.750000    2.633123   -1.883123 (VIOLATED)
_6324_/RESET_B                          0.750000    2.633120   -1.883120 (VIOLATED)
_6323_/RESET_B                          0.750000    2.633100   -1.883100 (VIOLATED)
_6322_/RESET_B                          0.750000    2.633074   -1.883074 (VIOLATED)
_6220_/RESET_B                          0.750000    2.633055   -1.883055 (VIOLATED)
_6321_/RESET_B                          0.750000    2.633053   -1.883053 (VIOLATED)
_6316_/RESET_B                          0.750000    2.633047   -1.883047 (VIOLATED)
_6320_/RESET_B                          0.750000    2.633042   -1.883042 (VIOLATED)
_6221_/RESET_B                          0.750000    2.633034   -1.883034 (VIOLATED)
_6317_/RESET_B                          0.750000    2.633036   -1.883036 (VIOLATED)
_6222_/RESET_B                          0.750000    2.633034   -1.883033 (VIOLATED)
_6223_/RESET_B                          0.750000    2.633034   -1.883034 (VIOLATED)
_6224_/RESET_B                          0.750000    2.633034   -1.883034 (VIOLATED)
_6225_/RESET_B                          0.750000    2.633034   -1.883035 (VIOLATED)
_6226_/RESET_B                          0.750000    2.633034   -1.883035 (VIOLATED)
_6318_/RESET_B                          0.750000    2.633028   -1.883028 (VIOLATED)
_6319_/RESET_B                          0.750000    2.633029   -1.883029 (VIOLATED)
rst_n                                   0.750000    2.633019   -1.883019 (VIOLATED)
_6248_/CLK                              0.750000    1.704091   -0.954091 (VIOLATED)
_6249_/CLK                              0.750000    1.704091   -0.954091 (VIOLATED)
_6251_/CLK                              0.750000    1.704090   -0.954090 (VIOLATED)
_6252_/CLK                              0.750000    1.704087   -0.954087 (VIOLATED)
_6296_/CLK                              0.750000    1.704082   -0.954082 (VIOLATED)
_6297_/CLK                              0.750000    1.704082   -0.954082 (VIOLATED)
_6298_/CLK                              0.750000    1.704082   -0.954082 (VIOLATED)
_6253_/CLK                              0.750000    1.704081   -0.954081 (VIOLATED)
_6256_/CLK                              0.750000    1.704079   -0.954079 (VIOLATED)
_6293_/CLK                              0.750000    1.704076   -0.954076 (VIOLATED)
_6291_/CLK                              0.750000    1.704067   -0.954067 (VIOLATED)
_6292_/CLK                              0.750000    1.704065   -0.954065 (VIOLATED)
_6250_/CLK                              0.750000    1.704064   -0.954064 (VIOLATED)
_6283_/CLK                              0.750000    1.704062   -0.954063 (VIOLATED)
_6285_/CLK                              0.750000    1.704063   -0.954063 (VIOLATED)
_6218_/CLK                              0.750000    1.704060   -0.954060 (VIOLATED)
_6219_/CLK                              0.750000    1.704060   -0.954060 (VIOLATED)
_6254_/CLK                              0.750000    1.704059   -0.954059 (VIOLATED)
_6294_/CLK                              0.750000    1.704060   -0.954060 (VIOLATED)
_6295_/CLK                              0.750000    1.704060   -0.954060 (VIOLATED)
_6315_/CLK                              0.750000    1.704059   -0.954059 (VIOLATED)
_6314_/CLK                              0.750000    1.704058   -0.954058 (VIOLATED)
_6255_/CLK                              0.750000    1.704056   -0.954056 (VIOLATED)
_6312_/CLK                              0.750000    1.704057   -0.954057 (VIOLATED)
_6258_/CLK                              0.750000    1.704055   -0.954055 (VIOLATED)
_6286_/CLK                              0.750000    1.704056   -0.954056 (VIOLATED)
_6287_/CLK                              0.750000    1.704054   -0.954054 (VIOLATED)
_6313_/CLK                              0.750000    1.704055   -0.954055 (VIOLATED)
_6259_/CLK                              0.750000    1.704052   -0.954052 (VIOLATED)
_6288_/CLK                              0.750000    1.704051   -0.954051 (VIOLATED)
_6304_/CLK                              0.750000    1.704050   -0.954050 (VIOLATED)
_6260_/CLK                              0.750000    1.704048   -0.954048 (VIOLATED)
_6281_/CLK                              0.750000    1.704048   -0.954048 (VIOLATED)
_6302_/CLK                              0.750000    1.704049   -0.954049 (VIOLATED)
_6303_/CLK                              0.750000    1.704048   -0.954048 (VIOLATED)
_6280_/CLK                              0.750000    1.704047   -0.954047 (VIOLATED)
_6284_/CLK                              0.750000    1.704043   -0.954043 (VIOLATED)
_6305_/CLK                              0.750000    1.704043   -0.954043 (VIOLATED)
_6306_/CLK                              0.750000    1.704038   -0.954038 (VIOLATED)
_6282_/CLK                              0.750000    1.704031   -0.954031 (VIOLATED)
_6220_/CLK                              0.750000    1.704006   -0.954006 (VIOLATED)
_6307_/CLK                              0.750000    1.704004   -0.954004 (VIOLATED)
_6316_/CLK                              0.750000    1.704004   -0.954004 (VIOLATED)
_6317_/CLK                              0.750000    1.704002   -0.954002 (VIOLATED)
_6221_/CLK                              0.750000    1.703998   -0.953998 (VIOLATED)
_6318_/CLK                              0.750000    1.703996   -0.953996 (VIOLATED)
_6222_/CLK                              0.750000    1.703994   -0.953994 (VIOLATED)
_6290_/CLK                              0.750000    1.703991   -0.953991 (VIOLATED)
_6223_/CLK                              0.750000    1.703990   -0.953990 (VIOLATED)
_6309_/CLK                              0.750000    1.703989   -0.953989 (VIOLATED)
_6224_/CLK                              0.750000    1.703978   -0.953978 (VIOLATED)
_6225_/CLK                              0.750000    1.703971   -0.953971 (VIOLATED)
_6226_/CLK                              0.750000    1.703963   -0.953963 (VIOLATED)
_6319_/CLK                              0.750000    1.703964   -0.953964 (VIOLATED)
_6320_/CLK                              0.750000    1.703963   -0.953963 (VIOLATED)
_6321_/CLK                              0.750000    1.703961   -0.953961 (VIOLATED)
_6322_/CLK                              0.750000    1.703957   -0.953957 (VIOLATED)
_6323_/CLK                              0.750000    1.703941   -0.953941 (VIOLATED)
_6257_/CLK                              0.750000    1.703934   -0.953934 (VIOLATED)
_6311_/CLK                              0.750000    1.703934   -0.953934 (VIOLATED)
_6324_/CLK                              0.750000    1.703926   -0.953926 (VIOLATED)
_6308_/CLK                              0.750000    1.703922   -0.953922 (VIOLATED)
_6310_/CLK                              0.750000    1.703921   -0.953921 (VIOLATED)
_6289_/CLK                              0.750000    1.703920   -0.953920 (VIOLATED)
_6227_/CLK                              0.750000    1.703910   -0.953910 (VIOLATED)
_6325_/CLK                              0.750000    1.703909   -0.953909 (VIOLATED)
_6299_/CLK                              0.750000    1.703895   -0.953895 (VIOLATED)
_6228_/CLK                              0.750000    1.703889   -0.953890 (VIOLATED)
_6301_/CLK                              0.750000    1.703888   -0.953888 (VIOLATED)
_6229_/CLK                              0.750000    1.703877   -0.953877 (VIOLATED)
_6300_/CLK                              0.750000    1.703870   -0.953870 (VIOLATED)
_6326_/CLK                              0.750000    1.703847   -0.953847 (VIOLATED)
_6327_/CLK                              0.750000    1.703838   -0.953838 (VIOLATED)
_6261_/CLK                              0.750000    1.703816   -0.953816 (VIOLATED)
_6230_/CLK                              0.750000    1.703810   -0.953810 (VIOLATED)
_6328_/CLK                              0.750000    1.703778   -0.953778 (VIOLATED)
_6329_/CLK                              0.750000    1.703739   -0.953739 (VIOLATED)
_6231_/CLK                              0.750000    1.703733   -0.953733 (VIOLATED)
_6232_/CLK                              0.750000    1.703733   -0.953733 (VIOLATED)
_6233_/CLK                              0.750000    1.703731   -0.953731 (VIOLATED)
_6331_/CLK                              0.750000    1.703690   -0.953690 (VIOLATED)
_6330_/CLK                              0.750000    1.703664   -0.953664 (VIOLATED)
_6234_/CLK                              0.750000    1.703636   -0.953636 (VIOLATED)
_6235_/CLK                              0.750000    1.703619   -0.953619 (VIOLATED)
_6332_/CLK                              0.750000    1.703593   -0.953593 (VIOLATED)
_6262_/CLK                              0.750000    1.703570   -0.953570 (VIOLATED)
_6333_/CLK                              0.750000    1.703560   -0.953560 (VIOLATED)
_6236_/CLK                              0.750000    1.703514   -0.953514 (VIOLATED)
_6237_/CLK                              0.750000    1.703512   -0.953512 (VIOLATED)
_6238_/CLK                              0.750000    1.703512   -0.953512 (VIOLATED)
_6239_/CLK                              0.750000    1.703485   -0.953485 (VIOLATED)
_6240_/CLK                              0.750000    1.703468   -0.953468 (VIOLATED)
_6241_/CLK                              0.750000    1.703456   -0.953456 (VIOLATED)
_6242_/CLK                              0.750000    1.703432   -0.953432 (VIOLATED)
_6243_/CLK                              0.750000    1.703432   -0.953432 (VIOLATED)
_6244_/CLK                              0.750000    1.703432   -0.953432 (VIOLATED)
_6245_/CLK                              0.750000    1.703400   -0.953400 (VIOLATED)
_6246_/CLK                              0.750000    1.703396   -0.953396 (VIOLATED)
_6247_/CLK                              0.750000    1.703394   -0.953394 (VIOLATED)
_6334_/CLK                              0.750000    1.703359   -0.953359 (VIOLATED)
_6335_/CLK                              0.750000    1.703359   -0.953359 (VIOLATED)
_6336_/CLK                              0.750000    1.703358   -0.953358 (VIOLATED)
_6337_/CLK                              0.750000    1.703355   -0.953355 (VIOLATED)
_6263_/CLK                              0.750000    1.703352   -0.953352 (VIOLATED)
_6338_/CLK                              0.750000    1.703353   -0.953353 (VIOLATED)
_6339_/CLK                              0.750000    1.703352   -0.953352 (VIOLATED)
_6264_/CLK                              0.750000    1.703350   -0.953350 (VIOLATED)
_6265_/CLK                              0.750000    1.703350   -0.953350 (VIOLATED)
_6340_/CLK                              0.750000    1.703350   -0.953350 (VIOLATED)
_6341_/CLK                              0.750000    1.703351   -0.953351 (VIOLATED)
_6342_/CLK                              0.750000    1.703346   -0.953346 (VIOLATED)
_6276_/CLK                              0.750000    1.703336   -0.953336 (VIOLATED)
_6277_/CLK                              0.750000    1.703334   -0.953334 (VIOLATED)
_6269_/CLK                              0.750000    1.703321   -0.953321 (VIOLATED)
_6278_/CLK                              0.750000    1.703316   -0.953316 (VIOLATED)
_6266_/CLK                              0.750000    1.703297   -0.953297 (VIOLATED)
_6267_/CLK                              0.750000    1.703298   -0.953298 (VIOLATED)
_6343_/CLK                              0.750000    1.703296   -0.953296 (VIOLATED)
_6279_/CLK                              0.750000    1.703293   -0.953293 (VIOLATED)
_6268_/CLK                              0.750000    1.703270   -0.953270 (VIOLATED)
_6270_/CLK                              0.750000    1.703233   -0.953233 (VIOLATED)
_6272_/CLK                              0.750000    1.703104   -0.953104 (VIOLATED)
_6275_/CLK                              0.750000    1.703092   -0.953092 (VIOLATED)
_6274_/CLK                              0.750000    1.703059   -0.953059 (VIOLATED)
_6273_/CLK                              0.750000    1.702996   -0.952996 (VIOLATED)
_6271_/CLK                              0.750000    1.702950   -0.952950 (VIOLATED)
clk                                     0.750000    1.702850   -0.952850 (VIOLATED)
_5718_/A                                0.750000    1.389409   -0.639409 (VIOLATED)
_5888_/C1                               0.750000    1.389410   -0.639410 (VIOLATED)
_5208_/A                                0.750000    1.389405   -0.639405 (VIOLATED)
_4901_/C1                               0.750000    1.389400   -0.639400 (VIOLATED)
_4486_/A                                0.750000    1.389390   -0.639390 (VIOLATED)
_4139_/A                                0.750000    1.389364   -0.639364 (VIOLATED)
_4030_/B1                               0.750000    1.389343   -0.639343 (VIOLATED)
_3933_/C1                               0.750000    1.389326   -0.639326 (VIOLATED)
_3750_/C1                               0.750000    1.389297   -0.639297 (VIOLATED)
_3588_/C1                               0.750000    1.389255   -0.639255 (VIOLATED)
_3318_/C1                               0.750000    1.389207   -0.639207 (VIOLATED)
_6036_/A                                0.750000    1.389195   -0.639195 (VIOLATED)
_6031_/B1                               0.750000    1.389179   -0.639179 (VIOLATED)
_6027_/B1                               0.750000    1.389167   -0.639167 (VIOLATED)
_6024_/A                                0.750000    1.389158   -0.639158 (VIOLATED)
_6019_/B1                               0.750000    1.389114   -0.639114 (VIOLATED)
_6014_/B1                               0.750000    1.389104   -0.639104 (VIOLATED)
_3316_/Y                                0.750000    1.388720   -0.638720 (VIOLATED)
_3634_/B                                0.750000    0.863795   -0.113795 (VIOLATED)
_3636_/B1                               0.750000    0.863795   -0.113795 (VIOLATED)
_3712_/B                                0.750000    0.863794   -0.113794 (VIOLATED)
_3805_/B                                0.750000    0.863790   -0.113790 (VIOLATED)
_4419_/B                                0.750000    0.863788   -0.113788 (VIOLATED)
_4541_/B1                               0.750000    0.863788   -0.113788 (VIOLATED)
_4542_/B                                0.750000    0.863788   -0.113788 (VIOLATED)
_3715_/A2                               0.750000    0.863787   -0.113787 (VIOLATED)
_4674_/B2                               0.750000    0.863782   -0.113782 (VIOLATED)
_4676_/B                                0.750000    0.863781   -0.113781 (VIOLATED)
_4828_/A2                               0.750000    0.863762   -0.113762 (VIOLATED)
_4829_/B                                0.750000    0.863762   -0.113762 (VIOLATED)
_4969_/B                                0.750000    0.863762   -0.113762 (VIOLATED)
_4968_/B1                               0.750000    0.863761   -0.113761 (VIOLATED)
_5121_/B1                               0.750000    0.863754   -0.113754 (VIOLATED)
_5122_/D                                0.750000    0.863754   -0.113754 (VIOLATED)
_5304_/B                                0.750000    0.863747   -0.113747 (VIOLATED)
_5457_/A2                               0.750000    0.863746   -0.113746 (VIOLATED)
_5471_/B1                               0.750000    0.863743   -0.113743 (VIOLATED)
_5472_/B                                0.750000    0.863742   -0.113742 (VIOLATED)
_5642_/B                                0.750000    0.863724   -0.113724 (VIOLATED)
_5640_/B1                               0.750000    0.863724   -0.113724 (VIOLATED)
_5822_/B                                0.750000    0.863720   -0.113720 (VIOLATED)
_5980_/A2                               0.750000    0.863712   -0.113712 (VIOLATED)
_5961_/B                                0.750000    0.863706   -0.113706 (VIOLATED)
_3518_/B                                0.750000    0.863671   -0.113671 (VIOLATED)
_3409_/A2                               0.750000    0.863670   -0.113670 (VIOLATED)
_3357_/A2                               0.750000    0.863670   -0.113670 (VIOLATED)
_3358_/B                                0.750000    0.863670   -0.113670 (VIOLATED)
_3112_/B                                0.750000    0.863668   -0.113668 (VIOLATED)
_3130_/B                                0.750000    0.863666   -0.113666 (VIOLATED)
_3212_/A1                               0.750000    0.863665   -0.113665 (VIOLATED)
_4097_/B                                0.750000    0.863665   -0.113665 (VIOLATED)
_6017_/B                                0.750000    0.863664   -0.113664 (VIOLATED)
_3080_/X                                0.750000    0.863663   -0.113663 (VIOLATED)
_3561_/D                                0.750000    0.850219   -0.100219 (VIOLATED)
_3903_/B                                0.750000    0.850217   -0.100217 (VIOLATED)
_3806_/A2                               0.750000    0.850216   -0.100216 (VIOLATED)
_3807_/B                                0.750000    0.850215   -0.100215 (VIOLATED)
_3718_/B1                               0.750000    0.850214   -0.100214 (VIOLATED)
_4301_/B1                               0.750000    0.850212   -0.100212 (VIOLATED)
_4302_/D                                0.750000    0.850212   -0.100212 (VIOLATED)
_3493_/B                                0.750000    0.850209   -0.100209 (VIOLATED)
_3494_/A2                               0.750000    0.850209   -0.100209 (VIOLATED)
_3381_/B                                0.750000    0.850207   -0.100207 (VIOLATED)
_4684_/B1                               0.750000    0.850206   -0.100206 (VIOLATED)
_3354_/A2                               0.750000    0.850205   -0.100205 (VIOLATED)
_3286_/B1                               0.750000    0.850202   -0.100202 (VIOLATED)
_5139_/B1                               0.750000    0.850201   -0.100202 (VIOLATED)
_5140_/D                                0.750000    0.850202   -0.100202 (VIOLATED)
_4983_/B                                0.750000    0.850201   -0.100201 (VIOLATED)
_4826_/B                                0.750000    0.850200   -0.100200 (VIOLATED)
_4825_/A2                               0.750000    0.850200   -0.100200 (VIOLATED)
_3194_/B                                0.750000    0.850199   -0.100199 (VIOLATED)
_3193_/B                                0.750000    0.850199   -0.100199 (VIOLATED)
_3111_/D                                0.750000    0.850196   -0.100196 (VIOLATED)
_3142_/B1                               0.750000    0.850195   -0.100195 (VIOLATED)
_3157_/D                                0.750000    0.850193   -0.100193 (VIOLATED)
_3215_/A2_N                             0.750000    0.850193   -0.100193 (VIOLATED)
_5978_/B                                0.750000    0.850189   -0.100189 (VIOLATED)
_5477_/B                                0.750000    0.850183   -0.100183 (VIOLATED)
_5648_/D                                0.750000    0.850183   -0.100183 (VIOLATED)
_5647_/B1                               0.750000    0.850182   -0.100182 (VIOLATED)
_3211_/B                                0.750000    0.850180   -0.100180 (VIOLATED)
_5820_/B                                0.750000    0.850178   -0.100178 (VIOLATED)
_3242_/B1                               0.750000    0.850175   -0.100175 (VIOLATED)
_6009_/A                                0.750000    0.850172   -0.100172 (VIOLATED)
_6010_/A1                               0.750000    0.850172   -0.100172 (VIOLATED)
_3997_/B1                               0.750000    0.850164   -0.100164 (VIOLATED)
_3998_/D                                0.750000    0.850163   -0.100163 (VIOLATED)
_3109_/X                                0.750000    0.850152   -0.100152 (VIOLATED)
_5775_/B2                               0.750000    0.848899   -0.098899 (VIOLATED)
_5943_/C                                0.750000    0.848898   -0.098898 (VIOLATED)
_5604_/C                                0.750000    0.848898   -0.098898 (VIOLATED)
_5434_/B2                               0.750000    0.848896   -0.098896 (VIOLATED)
_5261_/C                                0.750000    0.848893   -0.098894 (VIOLATED)
_5104_/A                                0.750000    0.848892   -0.098892 (VIOLATED)
_5105_/B2                               0.750000    0.848891   -0.098891 (VIOLATED)
_4952_/B2                               0.750000    0.848881   -0.098881 (VIOLATED)
_4951_/A                                0.750000    0.848880   -0.098880 (VIOLATED)
_4077_/A                                0.750000    0.848873   -0.098873 (VIOLATED)
_4078_/B2                               0.750000    0.848872   -0.098873 (VIOLATED)
_4184_/A                                0.750000    0.848872   -0.098872 (VIOLATED)
_4185_/B2                               0.750000    0.848872   -0.098872 (VIOLATED)
_4297_/A                                0.750000    0.848870   -0.098870 (VIOLATED)
_4298_/B2                               0.750000    0.848869   -0.098869 (VIOLATED)
_4808_/B2                               0.750000    0.848869   -0.098869 (VIOLATED)
_4807_/A                                0.750000    0.848867   -0.098867 (VIOLATED)
_4414_/A                                0.750000    0.848865   -0.098865 (VIOLATED)
_4415_/B2                               0.750000    0.848864   -0.098864 (VIOLATED)
_4535_/A                                0.750000    0.848857   -0.098857 (VIOLATED)
_4669_/B2                               0.750000    0.848857   -0.098857 (VIOLATED)
_4536_/B2                               0.750000    0.848855   -0.098856 (VIOLATED)
_4668_/A                                0.750000    0.848855   -0.098855 (VIOLATED)
_3978_/B2                               0.750000    0.848818   -0.098818 (VIOLATED)
_3977_/A                                0.750000    0.848818   -0.098818 (VIOLATED)
_3884_/B2                               0.750000    0.848818   -0.098818 (VIOLATED)
_3883_/A                                0.750000    0.848817   -0.098817 (VIOLATED)
_3795_/B2                               0.750000    0.848816   -0.098816 (VIOLATED)
_3796_/A                                0.750000    0.848816   -0.098816 (VIOLATED)
_3707_/B2                               0.750000    0.848815   -0.098815 (VIOLATED)
_3708_/A                                0.750000    0.848815   -0.098815 (VIOLATED)
_3630_/A                                0.750000    0.848812   -0.098812 (VIOLATED)
_3631_/B2                               0.750000    0.848812   -0.098812 (VIOLATED)
_3557_/A1                               0.750000    0.848807   -0.098807 (VIOLATED)
_3558_/A                                0.750000    0.848807   -0.098807 (VIOLATED)
_3308_/B                                0.750000    0.848806   -0.098806 (VIOLATED)
_3488_/C                                0.750000    0.848803   -0.098803 (VIOLATED)
_3421_/C                                0.750000    0.848802   -0.098802 (VIOLATED)
_3287_/C                                0.750000    0.848801   -0.098801 (VIOLATED)
_3286_/B2                               0.750000    0.848800   -0.098800 (VIOLATED)
_3288_/D                                0.750000    0.848800   -0.098800 (VIOLATED)
_6194_/A                                0.750000    0.848800   -0.098800 (VIOLATED)
_6288_/Q                                0.750000    0.848800   -0.098800 (VIOLATED)
_5775_/A3                               0.750000    0.820412   -0.070412 (VIOLATED)
_5776_/C                                0.750000    0.820411   -0.070411 (VIOLATED)
_5606_/A1                               0.750000    0.820411   -0.070411 (VIOLATED)
_5605_/A                                0.750000    0.820411   -0.070411 (VIOLATED)
_3883_/B                                0.750000    0.820410   -0.070410 (VIOLATED)
_3884_/A1                               0.750000    0.820410   -0.070410 (VIOLATED)
_3977_/B                                0.750000    0.820409   -0.070409 (VIOLATED)
_5434_/A1                               0.750000    0.820409   -0.070409 (VIOLATED)
_3978_/A1                               0.750000    0.820409   -0.070409 (VIOLATED)
_5262_/A                                0.750000    0.820407   -0.070407 (VIOLATED)
_4077_/B                                0.750000    0.820407   -0.070407 (VIOLATED)
_5103_/C                                0.750000    0.820407   -0.070407 (VIOLATED)
_4078_/A1                               0.750000    0.820406   -0.070406 (VIOLATED)
_5105_/A1                               0.750000    0.820405   -0.070405 (VIOLATED)
_4184_/B                                0.750000    0.820405   -0.070405 (VIOLATED)
_4185_/A1                               0.750000    0.820404   -0.070404 (VIOLATED)
_4297_/B                                0.750000    0.820401   -0.070401 (VIOLATED)
_4298_/A1                               0.750000    0.820401   -0.070401 (VIOLATED)
_4952_/A1                               0.750000    0.820399   -0.070399 (VIOLATED)
_4951_/B                                0.750000    0.820398   -0.070398 (VIOLATED)
_4414_/B                                0.750000    0.820396   -0.070396 (VIOLATED)
_4415_/A1                               0.750000    0.820395   -0.070395 (VIOLATED)
_4808_/A1                               0.750000    0.820391   -0.070391 (VIOLATED)
_4807_/B                                0.750000    0.820390   -0.070390 (VIOLATED)
_4535_/B                                0.750000    0.820388   -0.070388 (VIOLATED)
_4536_/A1                               0.750000    0.820387   -0.070387 (VIOLATED)
_4668_/B                                0.750000    0.820384   -0.070384 (VIOLATED)
_4669_/A1                               0.750000    0.820383   -0.070383 (VIOLATED)
_3308_/C                                0.750000    0.820369   -0.070369 (VIOLATED)
_3354_/A1                               0.750000    0.820369   -0.070369 (VIOLATED)
_3355_/A                                0.750000    0.820369   -0.070369 (VIOLATED)
_3356_/A                                0.750000    0.820369   -0.070369 (VIOLATED)
_3422_/A1                               0.750000    0.820369   -0.070369 (VIOLATED)
_3423_/C                                0.750000    0.820369   -0.070369 (VIOLATED)
_3489_/C                                0.750000    0.820369   -0.070369 (VIOLATED)
_3630_/B                                0.750000    0.820369   -0.070369 (VIOLATED)
_3631_/A1                               0.750000    0.820369   -0.070369 (VIOLATED)
_3707_/A1                               0.750000    0.820369   -0.070369 (VIOLATED)
_3708_/B                                0.750000    0.820369   -0.070369 (VIOLATED)
_3795_/A1                               0.750000    0.820369   -0.070369 (VIOLATED)
_3796_/B                                0.750000    0.820369   -0.070369 (VIOLATED)
_6195_/A                                0.750000    0.820369   -0.070369 (VIOLATED)
_6289_/Q                                0.750000    0.820369   -0.070369 (VIOLATED)
_4051_/B                                0.750000    0.800198   -0.050198 (VIOLATED)
_3883_/D                                0.750000    0.800195   -0.050195 (VIOLATED)
_3884_/B1                               0.750000    0.800195   -0.050195 (VIOLATED)
_3978_/A2                               0.750000    0.800194   -0.050194 (VIOLATED)
_3977_/C                                0.750000    0.800194   -0.050194 (VIOLATED)
_3794_/B                                0.750000    0.800189   -0.050189 (VIOLATED)
_3538_/B                                0.750000    0.800182   -0.050182 (VIOLATED)
_6039_/B                                0.750000    0.800166   -0.050166 (VIOLATED)
_3384_/A2                               0.750000    0.800157   -0.050157 (VIOLATED)
_3325_/B                                0.750000    0.800155   -0.050155 (VIOLATED)
_4195_/B1                               0.750000    0.800146   -0.050146 (VIOLATED)
_4194_/D                                0.750000    0.800143   -0.050143 (VIOLATED)
_4312_/A2                               0.750000    0.800137   -0.050137 (VIOLATED)
_4311_/B                                0.750000    0.800136   -0.050136 (VIOLATED)
_5439_/B1                               0.750000    0.800134   -0.050134 (VIOLATED)
_5941_/B                                0.750000    0.800133   -0.050133 (VIOLATED)
_5163_/C                                0.750000    0.800133   -0.050133 (VIOLATED)
_5164_/A2                               0.750000    0.800133   -0.050133 (VIOLATED)
_5006_/B1                               0.750000    0.800133   -0.050133 (VIOLATED)
_5007_/B                                0.750000    0.800132   -0.050132 (VIOLATED)
_4859_/B                                0.750000    0.800132   -0.050132 (VIOLATED)
_5935_/A2                               0.750000    0.800130   -0.050130 (VIOLATED)
_5797_/B                                0.750000    0.800130   -0.050130 (VIOLATED)
_4443_/B                                0.750000    0.800128   -0.050128 (VIOLATED)
_3261_/X                                0.750000    0.800127   -0.050127 (VIOLATED)
_4444_/A2                               0.750000    0.800127   -0.050127 (VIOLATED)
_4704_/A2                               0.750000    0.800127   -0.050127 (VIOLATED)
_4705_/C                                0.750000    0.800127   -0.050127 (VIOLATED)
_5560_/B                                0.750000    0.795928   -0.045928 (VIOLATED)
_5386_/B                                0.750000    0.795927   -0.045927 (VIOLATED)
_5385_/A2                               0.750000    0.795927   -0.045927 (VIOLATED)
_5059_/B                                0.750000    0.795926   -0.045926 (VIOLATED)
_5224_/B                                0.750000    0.795925   -0.045925 (VIOLATED)
_5223_/A2                               0.750000    0.795924   -0.045924 (VIOLATED)
_4914_/B                                0.750000    0.795905   -0.045905 (VIOLATED)
_4769_/B                                0.750000    0.795885   -0.045885 (VIOLATED)
_4768_/A2                               0.750000    0.795884   -0.045884 (VIOLATED)
_4627_/B                                0.750000    0.795870   -0.045870 (VIOLATED)
_4626_/A2                               0.750000    0.795867   -0.045867 (VIOLATED)
_4493_/B                                0.750000    0.795865   -0.045865 (VIOLATED)
_4374_/B                                0.750000    0.795851   -0.045851 (VIOLATED)
_5730_/B                                0.750000    0.795846   -0.045846 (VIOLATED)
_5901_/B                                0.750000    0.795845   -0.045845 (VIOLATED)
_4258_/B                                0.750000    0.795829   -0.045829 (VIOLATED)
_4149_/B                                0.750000    0.795772   -0.045772 (VIOLATED)
_4150_/A2                               0.750000    0.795770   -0.045770 (VIOLATED)
_4041_/B                                0.750000    0.795713   -0.045713 (VIOLATED)
_4042_/A2                               0.750000    0.795712   -0.045712 (VIOLATED)
_3944_/B                                0.750000    0.795656   -0.045656 (VIOLATED)
_3945_/A2                               0.750000    0.795653   -0.045653 (VIOLATED)
_3850_/B                                0.750000    0.795598   -0.045598 (VIOLATED)
_3851_/A2                               0.750000    0.795596   -0.045596 (VIOLATED)
_3759_/B                                0.750000    0.795545   -0.045545 (VIOLATED)
_3673_/B                                0.750000    0.795490   -0.045490 (VIOLATED)
_3597_/B                                0.750000    0.795322   -0.045322 (VIOLATED)
_3596_/A2                               0.750000    0.795273   -0.045273 (VIOLATED)
_3522_/B                                0.750000    0.795273   -0.045273 (VIOLATED)
_3073_/X                                0.750000    0.795232   -0.045232 (VIOLATED)
_3074_/B                                0.750000    0.795232   -0.045232 (VIOLATED)
_3938_/B                                0.750000    0.773103   -0.023103 (VIOLATED)
_3883_/C                                0.750000    0.773099   -0.023099 (VIOLATED)
_3884_/A2                               0.750000    0.773098   -0.023098 (VIOLATED)
_3796_/D                                0.750000    0.773092   -0.023092 (VIOLATED)
_3795_/B1                               0.750000    0.773091   -0.023092 (VIOLATED)
_3471_/B                                0.750000    0.773076   -0.023076 (VIOLATED)
_6037_/B                                0.750000    0.773070   -0.023070 (VIOLATED)
_3260_/B                                0.750000    0.773040   -0.023040 (VIOLATED)
_4085_/B1                               0.750000    0.773025   -0.023025 (VIOLATED)
_4084_/D                                0.750000    0.773024   -0.023024 (VIOLATED)
_4195_/A2                               0.750000    0.773023   -0.023023 (VIOLATED)
_4194_/C                                0.750000    0.773019   -0.023019 (VIOLATED)
_4319_/B                                0.750000    0.773003   -0.023003 (VIOLATED)
_4441_/D                                0.750000    0.772998   -0.022998 (VIOLATED)
_4442_/B1                               0.750000    0.772997   -0.022998 (VIOLATED)
_5439_/A2                               0.750000    0.772993   -0.022993 (VIOLATED)
_5109_/B                                0.750000    0.772993   -0.022993 (VIOLATED)
_5794_/B                                0.750000    0.772992   -0.022992 (VIOLATED)
_5006_/A2                               0.750000    0.772990   -0.022990 (VIOLATED)
_4862_/B                                0.750000    0.772990   -0.022990 (VIOLATED)
_5624_/A2                               0.750000    0.772990   -0.022990 (VIOLATED)
_4858_/A2                               0.750000    0.772990   -0.022990 (VIOLATED)
_5625_/B                                0.750000    0.772990   -0.022990 (VIOLATED)
_5795_/B                                0.750000    0.772990   -0.022990 (VIOLATED)
_5793_/A2                               0.750000    0.772990   -0.022990 (VIOLATED)
_3165_/X                                0.750000    0.772988   -0.022988 (VIOLATED)
_4716_/B                                0.750000    0.772988   -0.022988 (VIOLATED)
_3669_/B                                0.750000    0.768232   -0.018232 (VIOLATED)
_3752_/A2                               0.750000    0.768232   -0.018232 (VIOLATED)
_3631_/A2                               0.750000    0.768231   -0.018231 (VIOLATED)
_3630_/C                                0.750000    0.768231   -0.018231 (VIOLATED)
_3557_/A2                               0.750000    0.768227   -0.018227 (VIOLATED)
_3558_/B                                0.750000    0.768227   -0.018227 (VIOLATED)
_3272_/B                                0.750000    0.768212   -0.018212 (VIOLATED)
_4678_/B                                0.750000    0.768212   -0.018212 (VIOLATED)
_4677_/A2                               0.750000    0.768212   -0.018212 (VIOLATED)
_4957_/A2                               0.750000    0.768211   -0.018211 (VIOLATED)
_4958_/C                                0.750000    0.768211   -0.018211 (VIOLATED)
_6025_/B                                0.750000    0.768209   -0.018209 (VIOLATED)
_5124_/B                                0.750000    0.768208   -0.018208 (VIOLATED)
_3889_/A2                               0.750000    0.768208   -0.018208 (VIOLATED)
_3890_/C                                0.750000    0.768208   -0.018208 (VIOLATED)
_4092_/A2                               0.750000    0.768207   -0.018207 (VIOLATED)
_3991_/B                                0.750000    0.768207   -0.018207 (VIOLATED)
_3161_/A2                               0.750000    0.768206   -0.018206 (VIOLATED)
_5279_/A2                               0.750000    0.768206   -0.018206 (VIOLATED)
_3092_/B                                0.750000    0.768205   -0.018205 (VIOLATED)
_3077_/B                                0.750000    0.768203   -0.018203 (VIOLATED)
_5644_/B                                0.750000    0.768202   -0.018202 (VIOLATED)
_5812_/B                                0.750000    0.768202   -0.018202 (VIOLATED)
_5813_/B                                0.750000    0.768201   -0.018201 (VIOLATED)
_5811_/A2                               0.750000    0.768200   -0.018200 (VIOLATED)
_3065_/X                                0.750000    0.768189   -0.018189 (VIOLATED)
_3934_/A2                               0.750000    0.754595   -0.004595 (VIOLATED)
_3843_/B                                0.750000    0.754595   -0.004595 (VIOLATED)
_3707_/B1                               0.750000    0.754590   -0.004590 (VIOLATED)
_3708_/D                                0.750000    0.754589   -0.004589 (VIOLATED)
_3796_/C                                0.750000    0.754585   -0.004585 (VIOLATED)
_3795_/A2                               0.750000    0.754585   -0.004585 (VIOLATED)
_3403_/B                                0.750000    0.754561   -0.004561 (VIOLATED)
_6033_/B                                0.750000    0.754556   -0.004556 (VIOLATED)
_3164_/B                                0.750000    0.754525   -0.004525 (VIOLATED)
_3984_/B1                               0.750000    0.754521   -0.004521 (VIOLATED)
_3985_/D                                0.750000    0.754521   -0.004521 (VIOLATED)
_4085_/A2                               0.750000    0.754519   -0.004519 (VIOLATED)
_4084_/C                                0.750000    0.754518   -0.004518 (VIOLATED)
_4203_/B                                0.750000    0.754505   -0.004505 (VIOLATED)
_4959_/A2                               0.750000    0.754499   -0.004499 (VIOLATED)
_4960_/B                                0.750000    0.754499   -0.004499 (VIOLATED)
_5110_/B1                               0.750000    0.754498   -0.004498 (VIOLATED)
_5960_/B                                0.750000    0.754494   -0.004494 (VIOLATED)
_4441_/C                                0.750000    0.754486   -0.004486 (VIOLATED)
_4442_/A2                               0.750000    0.754485   -0.004485 (VIOLATED)
_4576_/B                                0.750000    0.754478   -0.004478 (VIOLATED)
_4861_/A2                               0.750000    0.754475   -0.004475 (VIOLATED)
_5455_/B                                0.750000    0.754475   -0.004475 (VIOLATED)
_5621_/B1                               0.750000    0.754475   -0.004475 (VIOLATED)
_3096_/X                                0.750000    0.754473   -0.004473 (VIOLATED)

max fanout

Pin                                   Limit Fanout  Slack
---------------------------------------------------------
_6219_/Q                                 10    248   -238 (VIOLATED)
clk                                      10    126   -116 (VIOLATED)
rst_n                                    10    126   -116 (VIOLATED)
_6288_/Q                                 10     42    -32 (VIOLATED)
_6289_/Q                                 10     42    -32 (VIOLATED)
_6280_/Q                                 10     41    -31 (VIOLATED)
_3109_/X                                 10     35    -25 (VIOLATED)
_3080_/X                                 10     34    -24 (VIOLATED)
_6087_/X                                 10     33    -23 (VIOLATED)
_6153_/X                                 10     32    -22 (VIOLATED)
_6290_/Q                                 10     32    -22 (VIOLATED)
_6292_/Q                                 10     32    -22 (VIOLATED)
_6285_/Q                                 10     31    -21 (VIOLATED)
_3073_/X                                 10     30    -20 (VIOLATED)
_6291_/Q                                 10     29    -19 (VIOLATED)
_6287_/Q                                 10     28    -18 (VIOLATED)
_3261_/X                                 10     27    -17 (VIOLATED)
_3165_/X                                 10     26    -16 (VIOLATED)
_3065_/X                                 10     25    -15 (VIOLATED)
_6251_/Q                                 10     25    -15 (VIOLATED)
_6286_/Q                                 10     25    -15 (VIOLATED)
_6293_/Q                                 10     25    -15 (VIOLATED)
_3069_/X                                 10     24    -14 (VIOLATED)
_3096_/X                                 10     24    -14 (VIOLATED)
_3326_/X                                 10     24    -14 (VIOLATED)
_3386_/X                                 10     24    -14 (VIOLATED)
_6294_/Q                                 10     24    -14 (VIOLATED)
_3067_/X                                 10     23    -13 (VIOLATED)
_6296_/Q                                 10     23    -13 (VIOLATED)
_3078_/X                                 10     22    -12 (VIOLATED)
_6295_/Q                                 10     22    -12 (VIOLATED)
_3523_/X                                 10     21    -11 (VIOLATED)
_6283_/Q                                 10     21    -11 (VIOLATED)
_6284_/Q                                 10     21    -11 (VIOLATED)
_6297_/Q                                 10     21    -11 (VIOLATED)
_6282_/Q                                 10     20    -10 (VIOLATED)
_6298_/Q                                 10     20    -10 (VIOLATED)
_6299_/Q                                 10     20    -10 (VIOLATED)
_3674_/X                                 10     18     -8 (VIOLATED)
_6249_/Q                                 10     18     -8 (VIOLATED)
_6300_/Q                                 10     18     -8 (VIOLATED)
_3107_/X                                 10     17     -7 (VIOLATED)
_3316_/Y                                 10     17     -7 (VIOLATED)
_3455_/X                                 10     17     -7 (VIOLATED)
_3598_/X                                 10     16     -6 (VIOLATED)
_6253_/Q                                 10     16     -6 (VIOLATED)
_6266_/Q                                 10     16     -6 (VIOLATED)
_6281_/Q                                 10     16     -6 (VIOLATED)
_6302_/Q                                 10     16     -6 (VIOLATED)
_3088_/X                                 10     15     -5 (VIOLATED)
_3192_/X                                 10     15     -5 (VIOLATED)
_3317_/X                                 10     15     -5 (VIOLATED)
_6263_/Q                                 10     15     -5 (VIOLATED)
_6267_/Q                                 10     15     -5 (VIOLATED)
_6301_/Q                                 10     15     -5 (VIOLATED)
_3072_/X                                 10     14     -4 (VIOLATED)
_6248_/Q                                 10     14     -4 (VIOLATED)
_6252_/Q                                 10     14     -4 (VIOLATED)
_6259_/Q                                 10     14     -4 (VIOLATED)
_6261_/Q                                 10     14     -4 (VIOLATED)
_6264_/Q                                 10     14     -4 (VIOLATED)
_6265_/Q                                 10     14     -4 (VIOLATED)
_6269_/Q                                 10     14     -4 (VIOLATED)
_6303_/Q                                 10     14     -4 (VIOLATED)
_3760_/X                                 10     13     -3 (VIOLATED)
_3847_/X                                 10     13     -3 (VIOLATED)
_6250_/Q                                 10     13     -3 (VIOLATED)
_6271_/Q                                 10     13     -3 (VIOLATED)
_6304_/Q                                 10     13     -3 (VIOLATED)
_6305_/Q                                 10     13     -3 (VIOLATED)
_3941_/X                                 10     12     -2 (VIOLATED)
_6254_/Q                                 10     12     -2 (VIOLATED)
_4259_/X                                 10     11        (VIOLATED)
_6255_/Q                                 10     11        (VIOLATED)
_6268_/Q                                 10     11        (VIOLATED)
_6270_/Q                                 10     11        (VIOLATED)
_6272_/Q                                 10     11        (VIOLATED)
_6306_/Q                                 10     11        (VIOLATED)

max capacitance

Pin                                        Limit         Cap       Slack
------------------------------------------------------------------------
_6219_/Q                                0.200000    0.613558   -0.413558 (VIOLATED)
rst_n                                   0.200000    0.591738   -0.391738 (VIOLATED)
clk                                     0.200000    0.383491   -0.183491 (VIOLATED)



===========================================================================
report_parasitic_annotation -report_unannotated
============================================================================
Found 0 unannotated drivers.
Found 0 partially unannotated drivers.

===========================================================================
max slew violation count 815
Writing metric design__max_slew_violation__count__corner:nom_tt_025C_1v80: 815
max fanout violation count 78
Writing metric design__max_fanout_violation__count__corner:nom_tt_025C_1v80: 78
max cap violation count 3
Writing metric design__max_cap_violation__count__corner:nom_tt_025C_1v80: 3
============================================================================

===========================================================================
check_setup -verbose -unconstrained_endpoints -multiple_clock -no_clock -no_input_delay -loops -generated_clocks
===========================================================================
