Clock: clk
Sources: clk 
Generated: no
Virtual: yes
Propagated: no
Period: 10.000000

===========================================================================
report_clock_properties
============================================================================
Clock                   Period          Waveform
----------------------------------------------------
clk                  10.000000    0.000000  5.000000

===========================================================================
report_clock_latency
============================================================================
Clock clk
rise -> rise
    min     max
0.000000 0.000000 source latency
1.164803         network latency _6271_/CLK
        1.191903 network latency _6248_/CLK
---------------
1.164803 1.191903 latency
        0.027100 skew

fall -> fall
    min     max
0.000000 0.000000 source latency
0.575267         network latency _6271_/CLK
        0.600847 network latency _6249_/CLK
---------------
0.575267 0.600847 latency
        0.025580 skew



===========================================================================
report_clock_min_period
============================================================================
clk period_min = 11.32 fmax = 88.32
