
===========================================================================
 report_power
============================================================================
======================= nom_tt_025C_1v80 Corner ===================================

Group                    Internal    Switching      Leakage        Total
                            Power        Power        Power        Power (Watts)
------------------------------------------------------------------------
Sequential           5.232352e-04 0.000000e+00 1.525625e-09 5.232367e-04 100.0%
Combinational        0.000000e+00 0.000000e+00 1.305453e-08 1.305453e-08   0.0%
Clock                0.000000e+00 0.000000e+00 6.998473e-10 6.998473e-10   0.0%
Macro                0.000000e+00 0.000000e+00 0.000000e+00 0.000000e+00   0.0%
Pad                  0.000000e+00 0.000000e+00 0.000000e+00 0.000000e+00   0.0%
------------------------------------------------------------------------
Total                5.232352e-04 0.000000e+00 1.528004e-08 5.232505e-04 100.0%
                           100.0%         0.0%         0.0%
Writing metric power__internal__total: 0.0005232351832091808
Writing metric power__switching__total: 0.0
Writing metric power__leakage__total: 1.5280040344123336e-8
Writing metric power__total: 0.0005232504918240011

