
===========================================================================
Violator List
============================================================================
[setup reg-out] _6219_/Q -> monitor_out[31] : -4.889127
[setup reg-out] _6219_/Q -> monitor_out[30] : -4.824242
[setup reg-out] _6219_/Q -> monitor_out[29] : -4.759265
[setup reg-out] _6219_/Q -> monitor_out[28] : -4.696043
[setup reg-out] _6219_/Q -> monitor_out[27] : -4.332313
[setup reg-out] _6219_/Q -> monitor_out[26] : -4.253327
[setup reg-out] _6219_/Q -> monitor_out[23] : -4.122957
[setup reg-out] _6219_/Q -> monitor_out[25] : -4.084861
[setup reg-out] _6219_/Q -> monitor_out[24] : -4.032596
[setup reg-out] _6219_/Q -> monitor_out[22] : -3.859063
[setup reg-out] _6219_/Q -> monitor_out[21] : -3.779763
[setup reg-out] _6219_/Q -> monitor_out[20] : -3.532392
[setup reg-out] _6219_/Q -> monitor_out[19] : -3.200033
[setup reg-out] _6219_/Q -> monitor_out[18] : -3.003339
[setup reg-out] _6219_/Q -> monitor_out[17] : -2.966780
[setup reg-out] _6219_/Q -> monitor_out[16] : -2.742914
[setup reg-out] _6219_/Q -> monitor_out[15] : -2.536955
[setup reg-out] _6219_/Q -> monitor_out[14] : -2.385835
[setup reg-out] _6219_/Q -> monitor_out[13] : -2.258191
[setup reg-out] _6219_/Q -> monitor_out[12] : -2.069590
[setup reg-out] _6219_/Q -> monitor_out[11] : -1.660885
[setup reg-out] _6219_/Q -> monitor_out[10] : -1.446585
[setup reg-reg] _6219_/Q -> _6341_/D : -1.322782
[setup reg-reg] _6219_/Q -> _6343_/D : -1.279058
[setup reg-reg] _6219_/Q -> _6342_/D : -1.211886
[setup reg-out] _6219_/Q -> monitor_out[9] : -1.132204
[setup reg-reg] _6219_/Q -> _6340_/D : -1.023083
[setup reg-out] _6219_/Q -> monitor_out[8] : -0.999344
[setup reg-out] _6219_/Q -> monitor_out[7] : -0.817211
[setup reg-reg] _6219_/Q -> _6338_/D : -0.811509
[setup reg-reg] _6219_/Q -> _6339_/D : -0.692586
[setup reg-out] _6219_/Q -> monitor_out[6] : -0.569173
[setup reg-reg] _6219_/Q -> _6337_/D : -0.458693
[setup reg-reg] _6219_/Q -> _6335_/D : -0.442633
[setup reg-reg] _6219_/Q -> _6336_/D : -0.399733
[setup reg-out] _6219_/Q -> monitor_out[5] : -0.353980
[setup reg-reg] _6219_/Q -> _6334_/D : -0.256405
[setup reg-reg] _6219_/Q -> _6333_/D : -0.212125
[setup reg-reg] _6219_/Q -> _6332_/D : -0.088723
Writing metric timing__hold_vio__count__corner:nom_tt_025C_1v80: 0
Writing metric timing__hold_r2r__ws__corner:nom_tt_025C_1v80: 0.336689
Writing metric timing__hold_r2r_vio__count__corner:nom_tt_025C_1v80: 0
Writing metric timing__setup_vio__count__corner:nom_tt_025C_1v80: 39
Writing metric timing__setup_r2r__ws__corner:nom_tt_025C_1v80: -1.322782
Writing metric timing__setup_r2r_vio__count__corner:nom_tt_025C_1v80: 12
