Starting…
Running 'Verilator.Lint' at 'rv32i_dsp_soc/openlane/runs/RUN_2026-07-27_08-07-51/01-verilator-lint'…
Logging subprocess to [repr.filename]'rv32i_dsp_soc/openlane/runs/RUN_2026-07-27_08-07-51/01-verilator-lint/verilator-lint.log'[/repr.filename]…
Running 'Checker.LintTimingConstructs' at 'rv32i_dsp_soc/openlane/runs/RUN_2026-07-27_08-07-51/02-checker-linttimingconstructs'…
Check for Lint Timing Errors clear.
Running 'Checker.LintErrors' at 'rv32i_dsp_soc/openlane/runs/RUN_2026-07-27_08-07-51/03-checker-linterrors'…
Check for Lint errors clear.
Running 'Checker.LintWarnings' at 'rv32i_dsp_soc/openlane/runs/RUN_2026-07-27_08-07-51/04-checker-lintwarnings'…
445 Lint warnings found.
Running 'Yosys.JsonHeader' at 'rv32i_dsp_soc/openlane/runs/RUN_2026-07-27_08-07-51/05-yosys-jsonheader'…
Logging subprocess to [repr.filename]'rv32i_dsp_soc/openlane/runs/RUN_2026-07-27_08-07-51/05-yosys-jsonheader/yosys-jsonheader.log'[/repr.filename]…
Running 'Yosys.Synthesis' at 'rv32i_dsp_soc/openlane/runs/RUN_2026-07-27_08-07-51/06-yosys-synthesis'…
Logging subprocess to [repr.filename]'rv32i_dsp_soc/openlane/runs/RUN_2026-07-27_08-07-51/06-yosys-synthesis/yosys-synthesis.log'[/repr.filename]…
Parsing synthesis checks…
Running 'Checker.YosysUnmappedCells' at 'rv32i_dsp_soc/openlane/runs/RUN_2026-07-27_08-07-51/07-checker-yosysunmappedcells'…
Check for Unmapped Yosys instances clear.
Running 'Checker.YosysSynthChecks' at 'rv32i_dsp_soc/openlane/runs/RUN_2026-07-27_08-07-51/08-checker-yosyssynthchecks'…
Check for Yosys check errors clear.
Running 'Checker.NetlistAssignStatements' at 'rv32i_dsp_soc/openlane/runs/RUN_2026-07-27_08-07-51/09-checker-netlistassignstatements'…
Running 'OpenROAD.CheckSDCFiles' at 'rv32i_dsp_soc/openlane/runs/RUN_2026-07-27_08-07-51/10-openroad-checksdcfiles'…
'PNR_SDC_FILE' is not defined. Using generic fallback SDC for OpenROAD PnR steps.
'SIGNOFF_SDC_FILE' is not defined. Using generic fallback SDC for OpenROAD PnR steps.
Running 'OpenROAD.CheckMacroInstances' at 'rv32i_dsp_soc/openlane/runs/RUN_2026-07-27_08-07-51/11-openroad-checkmacroinstances'…
No macros found, skipping instance check…
Running 'OpenROAD.STAPrePNR' at 'rv32i_dsp_soc/openlane/runs/RUN_2026-07-27_08-07-51/12-openroad-staprepnr'…
Starting STA for the nom_tt_025C_1v80 timing corner…
Starting STA for the nom_ss_100C_1v60 timing corner…
Starting STA for the nom_ff_n40C_1v95 timing corner…
Skipping corner min_tt_025C_1v80 for STA (identical to nom_tt_025C_1v80 at this stage)…
Skipping corner min_ss_100C_1v60 for STA (identical to nom_ss_100C_1v60 at this stage)…
Skipping corner min_ff_n40C_1v95 for STA (identical to nom_ff_n40C_1v95 at this stage)…
Logging subprocess to [repr.filename]'rv32i_dsp_soc/openlane/runs/RUN_2026-07-27_08-07-51/12-openroad-staprepnr/nom_tt_025C_1v80/sta.log'[/repr.filename]…
Skipping corner max_tt_025C_1v80 for STA (identical to nom_tt_025C_1v80 at this stage)…
Logging subprocess to [repr.filename]'rv32i_dsp_soc/openlane/runs/RUN_2026-07-27_08-07-51/12-openroad-staprepnr/nom_ss_100C_1v60/sta.log'[/repr.filename]…
Logging subprocess to [repr.filename]'rv32i_dsp_soc/openlane/runs/RUN_2026-07-27_08-07-51/12-openroad-staprepnr/nom_ff_n40C_1v95/sta.log'[/repr.filename]…
Skipping corner max_ss_100C_1v60 for STA (identical to nom_ss_100C_1v60 at this stage)…
Skipping corner max_ff_n40C_1v95 for STA (identical to nom_ff_n40C_1v95 at this stage)…
Finished STA for the nom_ss_100C_1v60 timing corner.
Finished STA for the nom_ff_n40C_1v95 timing corner.
Finished STA for the nom_tt_025C_1v80 timing corner.
Running 'OpenROAD.Floorplan' at 'rv32i_dsp_soc/openlane/runs/RUN_2026-07-27_08-07-51/13-openroad-floorplan'…
Logging subprocess to [repr.filename]'rv32i_dsp_soc/openlane/runs/RUN_2026-07-27_08-07-51/13-openroad-floorplan/openroad-floorplan.log'[/repr.filename]…
Running 'Odb.CheckMacroAntennaProperties' at 'rv32i_dsp_soc/openlane/runs/RUN_2026-07-27_08-07-51/14-odb-checkmacroantennaproperties'…
No cells provided, skipping…
Running 'Odb.SetPowerConnections' at 'rv32i_dsp_soc/openlane/runs/RUN_2026-07-27_08-07-51/15-odb-setpowerconnections'…
Logging subprocess to [repr.filename]'rv32i_dsp_soc/openlane/runs/RUN_2026-07-27_08-07-51/15-odb-setpowerconnections/odb-setpowerconnections.log'[/repr.filename]…
Running 'Odb.ManualMacroPlacement' at 'rv32i_dsp_soc/openlane/runs/RUN_2026-07-27_08-07-51/16-odb-manualmacroplacement'…
No instances found, skipping 'Odb.ManualMacroPlacement'…
Running 'OpenROAD.CutRows' at 'rv32i_dsp_soc/openlane/runs/RUN_2026-07-27_08-07-51/17-openroad-cutrows'…
Logging subprocess to [repr.filename]'rv32i_dsp_soc/openlane/runs/RUN_2026-07-27_08-07-51/17-openroad-cutrows/openroad-cutrows.log'[/repr.filename]…
Running 'OpenROAD.TapEndcapInsertion' at 'rv32i_dsp_soc/openlane/runs/RUN_2026-07-27_08-07-51/18-openroad-tapendcapinsertion'…
Logging subprocess to [repr.filename]'rv32i_dsp_soc/openlane/runs/RUN_2026-07-27_08-07-51/18-openroad-tapendcapinsertion/openroad-tapendcapinsertion.log'[/repr.filename]…
Running 'Odb.AddPDNObstructions' at 'rv32i_dsp_soc/openlane/runs/RUN_2026-07-27_08-07-51/19-odb-addpdnobstructions'…
'PDN_OBSTRUCTIONS' is not defined. Skipping 'Odb.AddPDNObstructions'…
Running 'OpenROAD.GeneratePDN' at 'rv32i_dsp_soc/openlane/runs/RUN_2026-07-27_08-07-51/20-openroad-generatepdn'…
'FP_PDN_CFG' not explicitly set, setting it to /nix/store/ss2cw3sxbrwwx9jl0rrppbw4kgcmgi2n-python3-3.11.9-env/lib/python3.11/site-packages/openlane/scripts/openroad/common/pdn_cfg.tcl…
Logging subprocess to [repr.filename]'rv32i_dsp_soc/openlane/runs/RUN_2026-07-27_08-07-51/20-openroad-generatepdn/openroad-generatepdn.log'[/repr.filename]…
Running 'Odb.RemovePDNObstructions' at 'rv32i_dsp_soc/openlane/runs/RUN_2026-07-27_08-07-51/21-odb-removepdnobstructions'…
'PDN_OBSTRUCTIONS' is not defined. Skipping 'Odb.RemovePDNObstructions'…
Running 'Odb.AddRoutingObstructions' at 'rv32i_dsp_soc/openlane/runs/RUN_2026-07-27_08-07-51/22-odb-addroutingobstructions'…
'ROUTING_OBSTRUCTIONS' is not defined. Skipping 'Odb.AddRoutingObstructions'…
Running 'OpenROAD.GlobalPlacementSkipIO' at 'rv32i_dsp_soc/openlane/runs/RUN_2026-07-27_08-07-51/23-openroad-globalplacementskipio'…
Logging subprocess to [repr.filename]'rv32i_dsp_soc/openlane/runs/RUN_2026-07-27_08-07-51/23-openroad-globalplacementskipio/openroad-globalplacementskipio.log'[/repr.filename]…
All instances are FIXED/FIRM.
No need to perform global placement.
Skipping…
Running 'OpenROAD.IOPlacement' at 'rv32i_dsp_soc/openlane/runs/RUN_2026-07-27_08-07-51/24-openroad-ioplacement'…
Logging subprocess to [repr.filename]'rv32i_dsp_soc/openlane/runs/RUN_2026-07-27_08-07-51/24-openroad-ioplacement/openroad-ioplacement.log'[/repr.filename]…
Running 'Odb.CustomIOPlacement' at 'rv32i_dsp_soc/openlane/runs/RUN_2026-07-27_08-07-51/25-odb-customioplacement'…
No custom floorplan file configured, skipping…
Running 'Odb.ApplyDEFTemplate' at 'rv32i_dsp_soc/openlane/runs/RUN_2026-07-27_08-07-51/26-odb-applydeftemplate'…
No DEF template provided, skipping…
Running 'OpenROAD.GlobalPlacement' at 'rv32i_dsp_soc/openlane/runs/RUN_2026-07-27_08-07-51/27-openroad-globalplacement'…
Logging subprocess to [repr.filename]'rv32i_dsp_soc/openlane/runs/RUN_2026-07-27_08-07-51/27-openroad-globalplacement/openroad-globalplacement.log'[/repr.filename]…
All instances are FIXED/FIRM.
No need to perform global placement.
Skipping…
Running 'Odb.WriteVerilogHeader' at 'rv32i_dsp_soc/openlane/runs/RUN_2026-07-27_08-07-51/28-odb-writeverilogheader'…
Logging subprocess to [repr.filename]'rv32i_dsp_soc/openlane/runs/RUN_2026-07-27_08-07-51/28-odb-writeverilogheader/odb-writeverilogheader.log'[/repr.filename]…
Running 'Checker.PowerGridViolations' at 'rv32i_dsp_soc/openlane/runs/RUN_2026-07-27_08-07-51/29-checker-powergridviolations'…
Check for power grid violations (as reported by OpenROAD PSM- you may ignore these if LVS passes) clear.
Running 'OpenROAD.STAMidPNR' at 'rv32i_dsp_soc/openlane/runs/RUN_2026-07-27_08-07-51/30-openroad-stamidpnr'…
Logging subprocess to [repr.filename]'rv32i_dsp_soc/openlane/runs/RUN_2026-07-27_08-07-51/30-openroad-stamidpnr/openroad-stamidpnr.log'[/repr.filename]…
[GRT-0097] No global routing found for nets.
Running 'OpenROAD.RepairDesignPostGPL' at 'rv32i_dsp_soc/openlane/runs/RUN_2026-07-27_08-07-51/31-openroad-repairdesignpostgpl'…
Logging subprocess to [repr.filename]'rv32i_dsp_soc/openlane/runs/RUN_2026-07-27_08-07-51/31-openroad-repairdesignpostgpl/openroad-repairdesignpostgpl.log'[/repr.filename]…
Running 'Odb.ManualGlobalPlacement' at 'rv32i_dsp_soc/openlane/runs/RUN_2026-07-27_08-07-51/32-odb-manualglobalplacement'…
'MANUAL_GLOBAL_PLACEMENTS' not set, skipping…
Running 'OpenROAD.DetailedPlacement' at 'rv32i_dsp_soc/openlane/runs/RUN_2026-07-27_08-07-51/33-openroad-detailedplacement'…
Logging subprocess to [repr.filename]'rv32i_dsp_soc/openlane/runs/RUN_2026-07-27_08-07-51/33-openroad-detailedplacement/openroad-detailedplacement.log'[/repr.filename]…
Running 'OpenROAD.CTS' at 'rv32i_dsp_soc/openlane/runs/RUN_2026-07-27_08-07-51/34-openroad-cts'…
Logging subprocess to [repr.filename]'rv32i_dsp_soc/openlane/runs/RUN_2026-07-27_08-07-51/34-openroad-cts/openroad-cts.log'[/repr.filename]…
[CTS-0041] Net "clk" has 0 sinks. Skipping...
[CTS-0083] No clock nets have been found.
[CTS-0082] No valid clock nets in the design.
Running 'OpenROAD.STAMidPNR-1' at 'rv32i_dsp_soc/openlane/runs/RUN_2026-07-27_08-07-51/35-openroad-stamidpnr-1'…
Logging subprocess to [repr.filename]'rv32i_dsp_soc/openlane/runs/RUN_2026-07-27_08-07-51/35-openroad-stamidpnr-1/openroad-stamidpnr-1.log'[/repr.filename]…
[GRT-0097] No global routing found for nets.
Running 'OpenROAD.ResizerTimingPostCTS' at 'rv32i_dsp_soc/openlane/runs/RUN_2026-07-27_08-07-51/36-openroad-resizertimingpostcts'…
Logging subprocess to [repr.filename]'rv32i_dsp_soc/openlane/runs/RUN_2026-07-27_08-07-51/36-openroad-resizertimingpostcts/openroad-resizertimingpostcts.log'[/repr.filename]…
Running 'OpenROAD.STAMidPNR-2' at 'rv32i_dsp_soc/openlane/runs/RUN_2026-07-27_08-07-51/37-openroad-stamidpnr-2'…
Logging subprocess to [repr.filename]'rv32i_dsp_soc/openlane/runs/RUN_2026-07-27_08-07-51/37-openroad-stamidpnr-2/openroad-stamidpnr-2.log'[/repr.filename]…
[GRT-0097] No global routing found for nets.
Running 'OpenROAD.GlobalRouting' at 'rv32i_dsp_soc/openlane/runs/RUN_2026-07-27_08-07-51/38-openroad-globalrouting'…
Logging subprocess to [repr.filename]'rv32i_dsp_soc/openlane/runs/RUN_2026-07-27_08-07-51/38-openroad-globalrouting/openroad-globalrouting.log'[/repr.filename]…
[GRT-0097] No global routing found for nets.
[ANT-0008] No detailed or global routing found. Run global_route or detailed_route first.
