                                                                     Buffers by Cell Master                                                                     
┏━━━━━━━━━━━━━━━━━━━━━━━━━━━━━━━━━━━━━━━━━━━━━━━━━━━━━━━━━━━━━━━━━━━━━━━━━━━━━━━━━━━━━━━━━━━━━━━━━━━━━━━━━━━━━━━━━━━━━━━━━━━━━━━━━━┳━━━━━━━━━━━━━━━━━━━━━━━━━━━┓
┃ Buffer                                                                                                                           ┃ Count                     ┃
┡━━━━━━━━━━━━━━━━━━━━━━━━━━━━━━━━━━━━━━━━━━━━━━━━━━━━━━━━━━━━━━━━━━━━━━━━━━━━━━━━━━━━━━━━━━━━━━━━━━━━━━━━━━━━━━━━━━━━━━━━━━━━━━━━━━╇━━━━━━━━━━━━━━━━━━━━━━━━━━━┩
│ sky130_fd_sc_hd__buf_1                                                                                                           │ 10                        │
│ sky130_fd_sc_hd__buf_12                                                                                                          │ 4                         │
│ sky130_fd_sc_hd__buf_2                                                                                                           │ 80                        │
│ sky130_fd_sc_hd__buf_4                                                                                                           │ 31                        │
│ sky130_fd_sc_hd__buf_6                                                                                                           │ 32                        │
│ sky130_fd_sc_hd__buf_8                                                                                                           │ 11                        │
│ sky130_fd_sc_hd__clkbuf_1                                                                                                        │ 5                         │
│ sky130_fd_sc_hd__clkbuf_16                                                                                                       │ 1                         │
│ sky130_fd_sc_hd__clkbuf_2                                                                                                        │ 37                        │
│ sky130_fd_sc_hd__clkbuf_4                                                                                                        │ 65                        │
│ sky130_fd_sc_hd__clkbuf_8                                                                                                        │ 19                        │
│ sky130_fd_sc_hd__dlygate4sd1_1                                                                                                   │ 32                        │
│ sky130_fd_sc_hd__dlygate4sd3_1                                                                                                   │ 34                        │
│ sky130_fd_sc_hd__dlymetal6s2s_1                                                                                                  │ 21                        │
│ sky130_fd_sc_hd__dlymetal6s4s_1                                                                                                  │ 1                         │
└──────────────────────────────────────────────────────────────────────────────────────────────────────────────────────────────────┴───────────────────────────┘
