                                                                       Cells by Function                                                                        
┏━━━━━━━━━━━━━━━━━━━━━━━━━━━━━━━━━━━━━━━━━━━━━━━━━━━━━━━━━━━━━━━━━━━━━━━━━━━━━━━━━━━━━━━━━━━━━━━━━━━━━━━━━━━━━━━━━━━━━━━━━━━━━━━━━┳━━━━━━━━━━━━━━━━━━━━━━━━━━━━┓
┃ Cell Function                                                                                                                   ┃ Count                      ┃
┡━━━━━━━━━━━━━━━━━━━━━━━━━━━━━━━━━━━━━━━━━━━━━━━━━━━━━━━━━━━━━━━━━━━━━━━━━━━━━━━━━━━━━━━━━━━━━━━━━━━━━━━━━━━━━━━━━━━━━━━━━━━━━━━━━╇━━━━━━━━━━━━━━━━━━━━━━━━━━━━┩
│ sky130_ef_sc_hd__decap                                                                                                          │ 2463                       │
│ sky130_fd_sc_hd__a2111o                                                                                                         │ 1                          │
│ sky130_fd_sc_hd__a211o                                                                                                          │ 5                          │
│ sky130_fd_sc_hd__a211oi                                                                                                         │ 4                          │
│ sky130_fd_sc_hd__a21bo                                                                                                          │ 37                         │
│ sky130_fd_sc_hd__a21boi                                                                                                         │ 5                          │
│ sky130_fd_sc_hd__a21o                                                                                                           │ 120                        │
│ sky130_fd_sc_hd__a21oi                                                                                                          │ 114                        │
│ sky130_fd_sc_hd__a221o                                                                                                          │ 1                          │
│ sky130_fd_sc_hd__a22o                                                                                                           │ 80                         │
│ sky130_fd_sc_hd__a22oi                                                                                                          │ 12                         │
│ sky130_fd_sc_hd__a2bb2o                                                                                                         │ 3                          │
│ sky130_fd_sc_hd__a311o                                                                                                          │ 2                          │
│ sky130_fd_sc_hd__a311oi                                                                                                         │ 6                          │
│ sky130_fd_sc_hd__a31o                                                                                                           │ 52                         │
│ sky130_fd_sc_hd__a31oi                                                                                                          │ 4                          │
│ sky130_fd_sc_hd__a32o                                                                                                           │ 11                         │
│ sky130_fd_sc_hd__a32oi                                                                                                          │ 5                          │
│ sky130_fd_sc_hd__a41oi                                                                                                          │ 2                          │
│ sky130_fd_sc_hd__and2                                                                                                           │ 224                        │
│ sky130_fd_sc_hd__and2b                                                                                                          │ 118                        │
│ sky130_fd_sc_hd__and3                                                                                                           │ 274                        │
│ sky130_fd_sc_hd__and4                                                                                                           │ 3                          │
│ sky130_fd_sc_hd__and4bb                                                                                                         │ 1                          │
│ sky130_fd_sc_hd__buf                                                                                                            │ 168                        │
│ sky130_fd_sc_hd__bufinv                                                                                                         │ 1                          │
│ sky130_fd_sc_hd__clkbuf                                                                                                         │ 127                        │
│ sky130_fd_sc_hd__clkinv                                                                                                         │ 5                          │
│ sky130_fd_sc_hd__decap                                                                                                          │ 2251                       │
│ sky130_fd_sc_hd__dfrtp                                                                                                          │ 126                        │
│ sky130_fd_sc_hd__diode                                                                                                          │ 18                         │
│ sky130_fd_sc_hd__dlygate4sd1                                                                                                    │ 32                         │
│ sky130_fd_sc_hd__dlygate4sd3                                                                                                    │ 34                         │
│ sky130_fd_sc_hd__dlymetal6s2s                                                                                                   │ 21                         │
│ sky130_fd_sc_hd__dlymetal6s4s                                                                                                   │ 1                          │
│ sky130_fd_sc_hd__fill                                                                                                           │ 1664                       │
│ sky130_fd_sc_hd__inv                                                                                                            │ 31                         │
│ sky130_fd_sc_hd__nand2                                                                                                          │ 462                        │
│ sky130_fd_sc_hd__nand2b                                                                                                         │ 120                        │
│ sky130_fd_sc_hd__nand3                                                                                                          │ 45                         │
│ sky130_fd_sc_hd__nand4                                                                                                          │ 61                         │
│ sky130_fd_sc_hd__nor2                                                                                                           │ 238                        │
│ sky130_fd_sc_hd__nor3                                                                                                           │ 13                         │
│ sky130_fd_sc_hd__nor3b                                                                                                          │ 2                          │
│ sky130_fd_sc_hd__o2111a                                                                                                         │ 1                          │
│ sky130_fd_sc_hd__o2111ai                                                                                                        │ 1                          │
│ sky130_fd_sc_hd__o211a                                                                                                          │ 7                          │
│ sky130_fd_sc_hd__o211ai                                                                                                         │ 3                          │
│ sky130_fd_sc_hd__o21a                                                                                                           │ 43                         │
│ sky130_fd_sc_hd__o21ai                                                                                                          │ 86                         │
│ sky130_fd_sc_hd__o21ba                                                                                                          │ 15                         │
│ sky130_fd_sc_hd__o21bai                                                                                                         │ 7                          │
│ sky130_fd_sc_hd__o22a                                                                                                           │ 1                          │
│ sky130_fd_sc_hd__o2bb2a                                                                                                         │ 8                          │
│ sky130_fd_sc_hd__o311a                                                                                                          │ 7                          │
│ sky130_fd_sc_hd__o311ai                                                                                                         │ 1                          │
│ sky130_fd_sc_hd__o31a                                                                                                           │ 1                          │
│ sky130_fd_sc_hd__o31ai                                                                                                          │ 2                          │
│ sky130_fd_sc_hd__o32a                                                                                                           │ 2                          │
│ sky130_fd_sc_hd__o41a                                                                                                           │ 5                          │
│ sky130_fd_sc_hd__or2                                                                                                            │ 112                        │
│ sky130_fd_sc_hd__or3                                                                                                            │ 23                         │
│ sky130_fd_sc_hd__or3b                                                                                                           │ 2                          │
│ sky130_fd_sc_hd__or4                                                                                                            │ 6                          │
│ sky130_fd_sc_hd__tapvpwrvgnd                                                                                                    │ 1210                       │
│ sky130_fd_sc_hd__xnor2                                                                                                          │ 497                        │
│ sky130_fd_sc_hd__xor2                                                                                                           │ 275                        │
└─────────────────────────────────────────────────────────────────────────────────────────────────────────────────────────────────┴────────────────────────────┘
