Reading timing models for corner nom_tt_025C_1v80…
Reading timing library for the 'nom_tt_025C_1v80' corner at '/home/srijitsengupta/.volare/volare/sky130/versions/0fe599b2afb6708d281543108caf8310912f54af/sky130A/libs.ref/sky130_fd_sc_hd/lib/sky130_fd_sc_hd__tt_025C_1v80.lib'…
Reading timing models for corner nom_ff_n40C_1v95…
Reading timing library for the 'nom_ff_n40C_1v95' corner at '/home/srijitsengupta/.volare/volare/sky130/versions/0fe599b2afb6708d281543108caf8310912f54af/sky130A/libs.ref/sky130_fd_sc_hd/lib/sky130_fd_sc_hd__ff_n40C_1v95.lib'…
Reading timing models for corner nom_ss_100C_1v60…
Reading timing library for the 'nom_ss_100C_1v60' corner at '/home/srijitsengupta/.volare/volare/sky130/versions/0fe599b2afb6708d281543108caf8310912f54af/sky130A/libs.ref/sky130_fd_sc_hd/lib/sky130_fd_sc_hd__ss_100C_1v60.lib'…
Reading OpenROAD database at '/home/srijitsengupta/rv32i_dsp_soc/openlane/runs/RUN_2026-07-27_08-13-02/27-openroad-globalplacement/soc_top.odb'…
Reading design constraints file at '/nix/store/ss2cw3sxbrwwx9jl0rrppbw4kgcmgi2n-python3-3.11.9-env/lib/python3.11/site-packages/openlane/scripts/base.sdc'…
[INFO] Using clock clk…
[INFO] Setting output delay to: 2.0
[INFO] Setting input delay to: 2.0
[INFO] Setting load to: 0.033442
[INFO] Setting clock uncertainty to: 0.25
[INFO] Setting clock transition to: 0.1499999999999999944488848768742172978818416595458984375
[INFO] Setting timing derate to: 5%
[INFO] Setting RC values…
[INFO RSZ-0027] Inserted 1 input buffers.
[INFO RSZ-0028] Inserted 32 output buffers.
[INFO RSZ-0058] Using max wire length 6335um.
Iteration | Resized | Buffers | Nets repaired | Remaining
---------------------------------------------------------
        0 |       0 |       0 |             0 |      3317
      100 |      93 |       0 |             1 |      3217
      200 |     178 |       0 |             1 |      3117
      300 |     269 |       0 |             1 |      3017
      400 |     365 |       0 |             1 |      2917
      500 |     462 |       0 |             1 |      2817
      600 |     559 |       0 |             1 |      2717
      700 |     653 |       0 |             1 |      2617
      800 |     744 |       0 |             1 |      2517
      900 |     830 |       0 |             1 |      2417
     1000 |     919 |       0 |             1 |      2317
     1100 |    1005 |       0 |             1 |      2217
     1200 |    1100 |       0 |             1 |      2117
     1300 |    1193 |       0 |             1 |      2017
     1400 |    1284 |       0 |             1 |      1917
     1500 |    1378 |       0 |             1 |      1817
     1600 |    1467 |       0 |             1 |      1717
     1700 |    1561 |       0 |             1 |      1617
     1800 |    1652 |       0 |             1 |      1517
     1900 |    1744 |       0 |             1 |      1417
     2000 |    1840 |       0 |             1 |      1317
     2100 |    1928 |       0 |             1 |      1217
     2200 |    2021 |       0 |             1 |      1117
     2300 |    2115 |       0 |             1 |      1017
     2400 |    2207 |       0 |             1 |       917
     2500 |    2312 |       8 |             4 |       817
     2600 |    2409 |       8 |             4 |       717
     2700 |    2503 |       8 |             4 |       617
     2800 |    2599 |       8 |             4 |       517
     2900 |    2697 |       8 |             4 |       417
     3000 |    2800 |      13 |            10 |       317
     3100 |    2899 |      21 |            19 |       217
     3200 |    3037 |      72 |            38 |       117
     3300 |    3226 |     172 |            85 |        17
    final |    3289 |     222 |            87 |         0
---------------------------------------------------------
[INFO RSZ-0034] Found 11 slew violations.
[INFO RSZ-0035] Found 77 fanout violations.
[INFO RSZ-0038] Inserted 222 buffers in 87 nets.
[INFO RSZ-0039] Resized 3289 instances.
Placement Analysis
---------------------------------
total displacement       7609.1 u
average displacement        1.5 u
max displacement            9.3 u
original HPWL           86272.0 u
legalized HPWL          92672.0 u
delta HPWL                    7 %

[INFO DPL-0020] Mirrored 1274 instances
[INFO DPL-0021] HPWL before           92672.0 u
[INFO DPL-0022] HPWL after            90779.4 u
[INFO DPL-0023] HPWL delta               -2.0 %
[INFO] Setting RC values…
Setting global connections for newly added cells…
[INFO] Setting global connections...
Updating metrics…
Cell type report:                       Count       Area
  Fill cell                               216     810.78
  Tap cell                               1210    1513.95
  Timing Repair Buffer                    255    1545.23
  Inverter                                 26      97.59
  Sequential cell                         126    3260.63
  Multi-Input combinational cell         3130   22191.28
  Total                                  4963   29419.47
Writing OpenROAD database to '/home/srijitsengupta/rv32i_dsp_soc/openlane/runs/RUN_2026-07-27_08-13-02/31-openroad-repairdesignpostgpl/soc_top.odb'…
Writing netlist to '/home/srijitsengupta/rv32i_dsp_soc/openlane/runs/RUN_2026-07-27_08-13-02/31-openroad-repairdesignpostgpl/soc_top.nl.v'…
Writing powered netlist to '/home/srijitsengupta/rv32i_dsp_soc/openlane/runs/RUN_2026-07-27_08-13-02/31-openroad-repairdesignpostgpl/soc_top.pnl.v'…
Writing layout to '/home/srijitsengupta/rv32i_dsp_soc/openlane/runs/RUN_2026-07-27_08-13-02/31-openroad-repairdesignpostgpl/soc_top.def'…
Writing timing constraints to '/home/srijitsengupta/rv32i_dsp_soc/openlane/runs/RUN_2026-07-27_08-13-02/31-openroad-repairdesignpostgpl/soc_top.sdc'…
