
===========================================================================
report_checks -unconstrained
===========================================================================
======================= max_ff_n40C_1v95 Corner ===================================

Startpoint: rst_n (input port clocked by clk)
Endpoint: _6341_ (recovery check against rising-edge clock clk)
Path Group: asynchronous
Path Type: max

Fanout         Cap        Slew       Delay        Time   Description
---------------------------------------------------------------------------------------------
                                  0.000000    0.000000   clock clk (rise edge)
                                  0.000000    0.000000   clock network delay (propagated)
                                  2.000000    2.000000 ^ input external delay
     1    0.002684    0.013501    0.006973    2.006973 ^ rst_n (in)
                                                         rst_n (net)
                      0.013507    0.000000    2.006973 ^ input1/A (sky130_fd_sc_hd__clkbuf_1)
     1    0.004439    0.045623    0.057181    2.064154 ^ input1/X (sky130_fd_sc_hd__clkbuf_1)
                                                         net1 (net)
                      0.045644    0.000338    2.064492 ^ fanout255/A (sky130_fd_sc_hd__clkbuf_4)
     5    0.079836    0.182976    0.196322    2.260814 ^ fanout255/X (sky130_fd_sc_hd__clkbuf_4)
                                                         net255 (net)
                      0.183205    0.005316    2.266129 ^ fanout254/A (sky130_fd_sc_hd__buf_4)
    10    0.093212    0.195243    0.200254    2.466384 ^ fanout254/X (sky130_fd_sc_hd__buf_4)
                                                         net254 (net)
                      0.195282    0.002428    2.468812 ^ fanout253/A (sky130_fd_sc_hd__buf_4)
    10    0.071131    0.150520    0.178727    2.647539 ^ fanout253/X (sky130_fd_sc_hd__buf_4)
                                                         net253 (net)
                      0.151692    0.010741    2.658281 ^ fanout252/A (sky130_fd_sc_hd__clkbuf_4)
    10    0.054973    0.129437    0.185634    2.843915 ^ fanout252/X (sky130_fd_sc_hd__clkbuf_4)
                                                         net252 (net)
                      0.129592    0.003684    2.847599 ^ fanout250/A (sky130_fd_sc_hd__clkbuf_4)
    10    0.051225    0.121115    0.174943    3.022542 ^ fanout250/X (sky130_fd_sc_hd__clkbuf_4)
                                                         net250 (net)
                      0.121902    0.007874    3.030416 ^ _6341_/RESET_B (sky130_fd_sc_hd__dfrtp_1)
                                              3.030416   data arrival time

                                 10.000000   10.000000   clock clk (rise edge)
                                  0.000000   10.000000   clock source latency
     1    0.050814    0.174580    0.125537   10.125537 ^ clk (in)
                                                         clk (net)
                      0.175743    0.000000   10.125537 ^ clkbuf_0_clk/A (sky130_fd_sc_hd__clkbuf_16)
    16    0.211856    0.173737    0.209345   10.334882 ^ clkbuf_0_clk/X (sky130_fd_sc_hd__clkbuf_16)
                                                         clknet_0_clk (net)
                      0.177716    0.020828   10.355709 ^ clkbuf_4_11_0_clk/A (sky130_fd_sc_hd__clkbuf_8)
     8    0.034954    0.057288    0.134563   10.490273 ^ clkbuf_4_11_0_clk/X (sky130_fd_sc_hd__clkbuf_8)
                                                         clknet_4_11_0_clk (net)
                      0.057390    0.002064   10.492337 ^ _6341_/CLK (sky130_fd_sc_hd__dfrtp_1)
                                 -0.250000   10.242337   clock uncertainty
                                  0.000000   10.242337   clock reconvergence pessimism
                                  0.130705   10.373042   library recovery time
                                             10.373042   data required time
---------------------------------------------------------------------------------------------
                                             10.373042   data required time
                                             -3.030416   data arrival time
---------------------------------------------------------------------------------------------
                                              7.342627   slack (MET)


Startpoint: _6219_ (rising edge-triggered flip-flop clocked by clk)
Endpoint: monitor_out[31] (output port clocked by clk)
Path Group: clk
Path Type: max

Fanout         Cap        Slew       Delay        Time   Description
---------------------------------------------------------------------------------------------
                                  0.000000    0.000000   clock clk (rise edge)
                                  0.000000    0.000000   clock source latency
     1    0.050814    0.174580    0.125537    0.125537 ^ clk (in)
                                                         clk (net)
                      0.175743    0.000000    0.125537 ^ clkbuf_0_clk/A (sky130_fd_sc_hd__clkbuf_16)
    16    0.211856    0.173737    0.209345    0.334881 ^ clkbuf_0_clk/X (sky130_fd_sc_hd__clkbuf_16)
                                                         clknet_0_clk (net)
                      0.175750    0.015041    0.349923 ^ clkbuf_4_1_0_clk/A (sky130_fd_sc_hd__clkbuf_8)
    12    0.042395    0.066090    0.139428    0.489351 ^ clkbuf_4_1_0_clk/X (sky130_fd_sc_hd__clkbuf_8)
                                                         clknet_4_1_0_clk (net)
                      0.066707    0.005029    0.494380 ^ _6219_/CLK (sky130_fd_sc_hd__dfrtp_1)
     1    0.006813    0.055202    0.226858    0.721237 ^ _6219_/Q (sky130_fd_sc_hd__dfrtp_1)
                                                         core.dsp_valid_out (net)
                      0.055206    0.000529    0.721766 ^ fanout238/A (sky130_fd_sc_hd__buf_6)
     5    0.062473    0.097952    0.117438    0.839205 ^ fanout238/X (sky130_fd_sc_hd__buf_6)
                                                         net238 (net)
                      0.098015    0.002077    0.841282 ^ fanout214/A (sky130_fd_sc_hd__buf_8)
     7    0.059349    0.078174    0.108137    0.949419 ^ fanout214/X (sky130_fd_sc_hd__buf_8)
                                                         net214 (net)
                      0.078298    0.002588    0.952007 ^ fanout209/A (sky130_fd_sc_hd__buf_8)
     6    0.038410    0.054537    0.091453    1.043461 ^ fanout209/X (sky130_fd_sc_hd__buf_8)
                                                         net209 (net)
                      0.054715    0.002494    1.045955 ^ fanout208/A (sky130_fd_sc_hd__buf_8)
     5    0.016807    0.030125    0.068952    1.114907 ^ fanout208/X (sky130_fd_sc_hd__buf_8)
                                                         net208 (net)
                      0.030182    0.000741    1.115648 ^ _3067_/A (sky130_fd_sc_hd__and2_1)
     1    0.012986    0.102366    0.118347    1.233995 ^ _3067_/X (sky130_fd_sc_hd__and2_1)
                                                         _1954_ (net)
                      0.102375    0.001058    1.235052 ^ fanout102/A (sky130_fd_sc_hd__buf_2)
     5    0.059141    0.216284    0.214709    1.449762 ^ fanout102/X (sky130_fd_sc_hd__buf_2)
                                                         net102 (net)
                      0.216326    0.002503    1.452264 ^ fanout100/A (sky130_fd_sc_hd__clkbuf_4)
    10    0.071968    0.166917    0.217171    1.669435 ^ fanout100/X (sky130_fd_sc_hd__clkbuf_4)
                                                         net100 (net)
                      0.166998    0.003136    1.672572 ^ _3998_/C (sky130_fd_sc_hd__nand4_2)
     4    0.014497    0.097834    0.099090    1.771661 v _3998_/Y (sky130_fd_sc_hd__nand4_2)
                                                         _0283_ (net)
                      0.097864    0.000851    1.772512 v _4106_/A (sky130_fd_sc_hd__xor2_1)
     1    0.005142    0.071938    0.128824    1.901336 v _4106_/X (sky130_fd_sc_hd__xor2_1)
                                                         _0390_ (net)
                      0.071938    0.000376    1.901712 v _4107_/B (sky130_fd_sc_hd__xnor2_1)
     3    0.016155    0.269816    0.239534    2.141247 ^ _4107_/Y (sky130_fd_sc_hd__xnor2_1)
                                                         _0391_ (net)
                      0.269827    0.001412    2.142659 ^ _4110_/B (sky130_fd_sc_hd__xor2_1)
     1    0.010715    0.182233    0.165515    2.308174 ^ _4110_/X (sky130_fd_sc_hd__xor2_1)
                                                         _0394_ (net)
                      0.182240    0.000887    2.309062 ^ _4111_/B (sky130_fd_sc_hd__xnor2_2)
     2    0.013635    0.071817    0.067157    2.376218 v _4111_/Y (sky130_fd_sc_hd__xnor2_2)
                                                         _0395_ (net)
                      0.071845    0.001084    2.377302 v _4113_/B (sky130_fd_sc_hd__xnor2_2)
     2    0.012708    0.155705    0.150363    2.527665 ^ _4113_/Y (sky130_fd_sc_hd__xnor2_2)
                                                         _0397_ (net)
                      0.155706    0.000665    2.528329 ^ _4114_/B (sky130_fd_sc_hd__xor2_2)
     2    0.028335    0.271009    0.227850    2.756179 ^ _4114_/X (sky130_fd_sc_hd__xor2_2)
                                                         _0398_ (net)
                      0.271062    0.003069    2.759248 ^ _4116_/A (sky130_fd_sc_hd__xnor2_4)
     2    0.018110    0.077249    0.073777    2.833025 v _4116_/Y (sky130_fd_sc_hd__xnor2_4)
                                                         _0400_ (net)
                      0.077258    0.001525    2.834550 v _4117_/A (sky130_fd_sc_hd__xor2_2)
     2    0.021748    0.217897    0.221554    3.056104 ^ _4117_/X (sky130_fd_sc_hd__xor2_2)
                                                         _0401_ (net)
                      0.217931    0.002204    3.058308 ^ _4119_/A (sky130_fd_sc_hd__xnor2_2)
     2    0.011743    0.068514    0.072169    3.130477 v _4119_/Y (sky130_fd_sc_hd__xnor2_2)
                                                         _0403_ (net)
                      0.068523    0.000715    3.131192 v _4142_/A2 (sky130_fd_sc_hd__a21boi_1)
     2    0.009828    0.168001    0.174313    3.305506 ^ _4142_/Y (sky130_fd_sc_hd__a21boi_1)
                                                         _0425_ (net)
                      0.168005    0.000719    3.306224 ^ _4233_/B (sky130_fd_sc_hd__xor2_1)
     2    0.007606    0.141380    0.138587    3.444811 ^ _4233_/X (sky130_fd_sc_hd__xor2_1)
                                                         _0516_ (net)
                      0.141380    0.000291    3.445102 ^ _4234_/A (sky130_fd_sc_hd__xor2_1)
     2    0.007482    0.139820    0.139374    3.584476 ^ _4234_/X (sky130_fd_sc_hd__xor2_1)
                                                         _0517_ (net)
                      0.139820    0.000471    3.584947 ^ rebuffer11/A (sky130_fd_sc_hd__dlymetal6s2s_1)
     1    0.003015    0.046981    0.082882    3.667829 ^ rebuffer11/X (sky130_fd_sc_hd__dlymetal6s2s_1)
                                                         net266 (net)
                      0.046983    0.000222    3.668051 ^ _4235_/B (sky130_fd_sc_hd__nand2b_1)
     1    0.002555    0.026344    0.031043    3.699093 v _4235_/Y (sky130_fd_sc_hd__nand2b_1)
                                                         _0518_ (net)
                      0.026352    0.000166    3.699259 v _4252_/B1_N (sky130_fd_sc_hd__a21bo_1)
     3    0.013334    0.089043    0.149803    3.849062 ^ _4252_/X (sky130_fd_sc_hd__a21bo_1)
                                                         _0534_ (net)
                      0.089091    0.001040    3.850103 ^ _4356_/A (sky130_fd_sc_hd__xor2_1)
     3    0.014519    0.232408    0.206418    4.056520 ^ _4356_/X (sky130_fd_sc_hd__xor2_1)
                                                         _0638_ (net)
                      0.232410    0.000518    4.057038 ^ _4609_/C1 (sky130_fd_sc_hd__o2111a_4)
     2    0.025494    0.071560    0.162011    4.219049 ^ _4609_/X (sky130_fd_sc_hd__o2111a_4)
                                                         _0889_ (net)
                      0.071645    0.002160    4.221209 ^ _4611_/B (sky130_fd_sc_hd__nor2_8)
     2    0.011280    0.041645    0.020534    4.241743 v _4611_/Y (sky130_fd_sc_hd__nor2_8)
                                                         _0891_ (net)
                      0.041647    0.000545    4.242288 v _4745_/A1 (sky130_fd_sc_hd__o21a_1)
     1    0.009397    0.046087    0.139119    4.381407 v _4745_/X (sky130_fd_sc_hd__o21a_1)
                                                         _1024_ (net)
                      0.046100    0.000745    4.382152 v _4746_/A (sky130_fd_sc_hd__xor2_2)
     3    0.017911    0.187305    0.188282    4.570434 ^ _4746_/X (sky130_fd_sc_hd__xor2_2)
                                                         _1025_ (net)
                      0.187316    0.001160    4.571594 ^ _4747_/A (sky130_fd_sc_hd__xor2_2)
     3    0.016891    0.179088    0.160962    4.732557 ^ _4747_/X (sky130_fd_sc_hd__xor2_2)
                                                         _1026_ (net)
                      0.179098    0.001054    4.733611 ^ _4752_/B (sky130_fd_sc_hd__nand2b_4)
     2    0.007131    0.038040    0.030314    4.763925 v _4752_/Y (sky130_fd_sc_hd__nand2b_4)
                                                         _1030_ (net)
                      0.038041    0.000436    4.764360 v _4754_/A3 (sky130_fd_sc_hd__o41a_4)
     3    0.021136    0.067138    0.290190    5.054550 v _4754_/X (sky130_fd_sc_hd__o41a_4)
                                                         _1032_ (net)
                      0.067139    0.001839    5.056389 v _5204_/A1 (sky130_fd_sc_hd__a211o_1)
     3    0.011842    0.062001    0.199961    5.256350 v _5204_/X (sky130_fd_sc_hd__a211o_1)
                                                         _1480_ (net)
                      0.062018    0.000957    5.257307 v _5719_/A1 (sky130_fd_sc_hd__a2111o_1)
     2    0.018660    0.093132    0.282217    5.539524 v _5719_/X (sky130_fd_sc_hd__a2111o_1)
                                                         _2000_ (net)
                      0.093184    0.002029    5.541553 v _5887_/A2 (sky130_fd_sc_hd__a21oi_4)
     3    0.020416    0.139707    0.168781    5.710334 ^ _5887_/Y (sky130_fd_sc_hd__a21oi_4)
                                                         _2185_ (net)
                      0.139721    0.001344    5.711678 ^ _6005_/A1 (sky130_fd_sc_hd__o21ai_2)
     1    0.006167    0.049141    0.048972    5.760650 v _6005_/Y (sky130_fd_sc_hd__o21ai_2)
                                                         _2313_ (net)
                      0.049148    0.000443    5.761094 v _6006_/C1 (sky130_fd_sc_hd__o311a_4)
     2    0.013993    0.049978    0.087458    5.848552 v _6006_/X (sky130_fd_sc_hd__o311a_4)
                                                         core.dsp_result_in[31] (net)
                      0.050038    0.001148    5.849700 v _6086_/B (sky130_fd_sc_hd__xnor2_2)
     1    0.006088    0.101903    0.101605    5.951305 ^ _6086_/Y (sky130_fd_sc_hd__xnor2_2)
                                                         net26 (net)
                      0.101903    0.000448    5.951753 ^ output26/A (sky130_fd_sc_hd__buf_6)
     1    0.034745    0.058735    0.098105    6.049858 ^ output26/X (sky130_fd_sc_hd__buf_6)
                                                         monitor_out[31] (net)
                      0.058846    0.001758    6.051616 ^ monitor_out[31] (out)
                                              6.051616   data arrival time

                                 10.000000   10.000000   clock clk (rise edge)
                                  0.000000   10.000000   clock network delay (propagated)
                                 -0.250000    9.750000   clock uncertainty
                                  0.000000    9.750000   clock reconvergence pessimism
                                 -2.000000    7.750000   output external delay
                                              7.750000   data required time
---------------------------------------------------------------------------------------------
                                              7.750000   data required time
                                             -6.051616   data arrival time
---------------------------------------------------------------------------------------------
                                              1.698384   slack (MET)




===========================================================================
report_checks --slack_max -0.01
============================================================================
======================= max_ff_n40C_1v95 Corner ===================================

No paths found.


===========================================================================
 report_check_types -max_slew -max_cap -max_fanout -violators
============================================================================
======================= max_ff_n40C_1v95 Corner ===================================

max fanout

Pin                                   Limit Fanout  Slack
---------------------------------------------------------
clkbuf_0_clk/X                           10     16     -6 (VIOLATED)
clkbuf_4_0_0_clk/X                       10     12     -2 (VIOLATED)
clkbuf_4_1_0_clk/X                       10     12     -2 (VIOLATED)
clkbuf_4_2_0_clk/X                       10     12     -2 (VIOLATED)
fanout34/X                               10     12     -2 (VIOLATED)
_6258_/Q                                 10     11        (VIOLATED)
clkbuf_4_3_0_clk/X                       10     11        (VIOLATED)
clkbuf_4_5_0_clk/X                       10     11        (VIOLATED)
fanout126/X                              10     11        (VIOLATED)
fanout189/X                              10     11        (VIOLATED)
fanout198/X                              10     11        (VIOLATED)
fanout201/X                              10     11        (VIOLATED)
fanout202/X                              10     11        (VIOLATED)
fanout56/X                               10     11        (VIOLATED)

max capacitance

Pin                                        Limit         Cap       Slack
------------------------------------------------------------------------
clkbuf_0_clk/X                          0.200000    0.211856   -0.011856 (VIOLATED)



===========================================================================
report_parasitic_annotation -report_unannotated
============================================================================
Found 15 unannotated drivers.
 clkload0/X
 clkload1/X
 clkload10/Y
 clkload11/Y
 clkload12/Y
 clkload13/Y
 clkload14/Y
 clkload2/X
 clkload3/Y
 clkload4/X
 clkload5/Y
 clkload6/Y
 clkload7/Y
 clkload8/Y
 clkload9/Y
Found 0 partially unannotated drivers.

===========================================================================
max slew violation count 0
max fanout violation count 14
max cap violation count 1
============================================================================

===========================================================================
check_setup -verbose -unconstrained_endpoints -multiple_clock -no_clock -no_input_delay -loops -generated_clocks
===========================================================================
