Clock: clk
Sources: clk 
Generated: no
Virtual: yes
Propagated: no
Period: 10.000000

===========================================================================
report_clock_properties
============================================================================
Clock                   Period          Waveform
----------------------------------------------------
clk                  10.000000    0.000000  5.000000

===========================================================================
report_clock_latency
============================================================================
Clock clk
rise -> rise
    min     max
0.000000 0.000000 source latency
0.491201         network latency _6267_/CLK
        0.517402 network latency _6262_/CLK
---------------
0.491201 0.517402 latency
        0.026200 skew

fall -> fall
    min     max
0.000000 0.000000 source latency
0.393252         network latency _6309_/CLK
        0.411942 network latency _6262_/CLK
---------------
0.393252 0.411942 latency
        0.018689 skew



===========================================================================
report_clock_min_period
============================================================================
clk period_min = 5.68 fmax = 175.95
