
===========================================================================
 report_power
============================================================================
======================= max_ff_n40C_1v95 Corner ===================================

Group                    Internal    Switching      Leakage        Total
                            Power        Power        Power        Power (Watts)
------------------------------------------------------------------------
Sequential           5.919155e-04 0.000000e+00 2.577301e-09 5.919181e-04  48.4%
Combinational        3.976880e-06 1.778884e-05 2.725379e-08 2.179297e-05   1.8%
Clock                2.603899e-04 3.485918e-04 9.446165e-09 6.089911e-04  49.8%
Macro                0.000000e+00 0.000000e+00 0.000000e+00 0.000000e+00   0.0%
Pad                  0.000000e+00 0.000000e+00 0.000000e+00 0.000000e+00   0.0%
------------------------------------------------------------------------
Total                8.562824e-04 3.663806e-04 3.927782e-08 1.222702e-03 100.0%
                            70.0%        30.0%         0.0%

