┏━━━━━━━━━━━━━━━━━━━━━━┳━━━━━━━━━━┳━━━━━━━━━━┳━━━━━━━━━━┳━━━━━━━━━━┳━━━━━━━━━━━┳━━━━━━━━━━┳━━━━━━━━━━━┳━━━━━━━━━━┳━━━━━━━━━━━┳━━━━━━━━━━┳━━━━━━━━━━━┳━━━━━━━━━━┓
┃                      ┃ Hold     ┃ Reg to   ┃          ┃          ┃ of which  ┃ Setup    ┃           ┃          ┃           ┃ of which ┃           ┃          ┃
┃                      ┃ Worst    ┃ Reg      ┃          ┃ Hold Vio ┃ reg to    ┃ Worst    ┃ Reg to    ┃ Setup    ┃ Setup Vio ┃ reg to   ┃ Max Cap   ┃ Max Slew ┃
┃ Corner/Group         ┃ Slack    ┃ Paths    ┃ Hold TNS ┃ Count    ┃ reg       ┃ Slack    ┃ Reg Paths ┃ TNS      ┃ Count     ┃ reg      ┃ Violatio… ┃ Violati… ┃
┡━━━━━━━━━━━━━━━━━━━━━━╇━━━━━━━━━━╇━━━━━━━━━━╇━━━━━━━━━━╇━━━━━━━━━━╇━━━━━━━━━━━╇━━━━━━━━━━╇━━━━━━━━━━━╇━━━━━━━━━━╇━━━━━━━━━━━╇━━━━━━━━━━╇━━━━━━━━━━━╇━━━━━━━━━━┩
│ Overall              │ 0.1055   │ 0.1055   │ 0.0000   │ 0        │ 0         │ -6.6154  │ -2.1639   │ -90.9807 │ 86        │ 22       │ 1         │ 12       │
│ nom_tt_025C_1v80     │ 0.3190   │ 0.3190   │ 0.0000   │ 0        │ 0         │ 2.3529   │ 6.2103    │ 0.0000   │ 0         │ 0        │ 1         │ 7        │
│ nom_ss_100C_1v60     │ 0.8911   │ 0.8911   │ 0.0000   │ 0        │ 0         │ -6.2977  │ -1.8916   │ -83.2587 │ 28        │ 7        │ 0         │ 10       │
│ nom_ff_n40C_1v95     │ 0.1078   │ 0.1078   │ 0.0000   │ 0        │ 0         │ 5.7485   │ 9.3403    │ 0.0000   │ 0         │ 0        │ 1         │ 0        │
│ min_tt_025C_1v80     │ 0.3156   │ 0.3156   │ 0.0000   │ 0        │ 0         │ 2.5533   │ 6.3746    │ 0.0000   │ 0         │ 0        │ 0         │ 0        │
│ min_ss_100C_1v60     │ 0.8849   │ 0.8849   │ 0.0000   │ 0        │ 0         │ -5.9496  │ -1.6015   │ -75.8771 │ 27        │ 6        │ 0         │ 10       │
│ min_ff_n40C_1v95     │ 0.1055   │ 0.1055   │ 0.0000   │ 0        │ 0         │ 5.8798   │ 9.4478    │ 0.0000   │ 0         │ 0        │ 0         │ 0        │
│ max_tt_025C_1v80     │ 0.3229   │ 0.3229   │ 0.0000   │ 0        │ 0         │ 2.1758   │ 6.0629    │ 0.0000   │ 0         │ 0        │ 1         │ 7        │
│ max_ss_100C_1v60     │ 0.8967   │ 0.8967   │ 0.0000   │ 0        │ 0         │ -6.6154  │ -2.1639   │ -90.9807 │ 31        │ 9        │ 1         │ 12       │
│ max_ff_n40C_1v95     │ 0.1104   │ 0.1104   │ 0.0000   │ 0        │ 0         │ 5.6251   │ 9.2375    │ 0.0000   │ 0         │ 0        │ 1         │ 0        │
└──────────────────────┴──────────┴──────────┴──────────┴──────────┴───────────┴──────────┴───────────┴──────────┴───────────┴──────────┴───────────┴──────────┘
