
===========================================================================
report_checks -unconstrained
===========================================================================
======================= min_ss_100C_1v60 Corner ===================================

Startpoint: rst_n (input port clocked by clk)
Endpoint: _6340_ (recovery check against rising-edge clock clk)
Path Group: asynchronous
Path Type: max

Fanout         Cap        Slew       Delay        Time   Description
---------------------------------------------------------------------------------------------
                                  0.000000    0.000000   clock clk (rise edge)
                                  0.000000    0.000000   clock network delay (propagated)
                                  3.000000    3.000000 ^ input external delay
     1    0.002509    0.030338    0.014235    3.014235 ^ rst_n (in)
                                                         rst_n (net)
                      0.030338    0.000000    3.014235 ^ input1/A (sky130_fd_sc_hd__clkbuf_1)
     1    0.003948    0.092274    0.147958    3.162193 ^ input1/X (sky130_fd_sc_hd__clkbuf_1)
                                                         net1 (net)
                      0.092274    0.000065    3.162258 ^ fanout255/A (sky130_fd_sc_hd__clkbuf_4)
     5    0.070447    0.337844    0.455578    3.617836 ^ fanout255/X (sky130_fd_sc_hd__clkbuf_4)
                                                         net255 (net)
                      0.337851    0.002046    3.619882 ^ fanout254/A (sky130_fd_sc_hd__buf_4)
    10    0.081722    0.363524    0.534749    4.154631 ^ fanout254/X (sky130_fd_sc_hd__buf_4)
                                                         net254 (net)
                      0.363524    0.000231    4.154862 ^ fanout253/A (sky130_fd_sc_hd__buf_4)
    10    0.060742    0.275914    0.486748    4.641611 ^ fanout253/X (sky130_fd_sc_hd__buf_4)
                                                         net253 (net)
                      0.275951    0.003319    4.644930 ^ fanout252/A (sky130_fd_sc_hd__clkbuf_4)
    10    0.048593    0.242438    0.468486    5.113416 ^ fanout252/X (sky130_fd_sc_hd__clkbuf_4)
                                                         net252 (net)
                      0.242439    0.001147    5.114563 ^ fanout250/A (sky130_fd_sc_hd__clkbuf_4)
    10    0.045201    0.227425    0.442758    5.557322 ^ fanout250/X (sky130_fd_sc_hd__clkbuf_4)
                                                         net250 (net)
                      0.227436    0.001857    5.559178 ^ _6340_/RESET_B (sky130_fd_sc_hd__dfrtp_1)
                                              5.559178   data arrival time

                                 15.000000   15.000000   clock clk (rise edge)
                                  0.000000   15.000000   clock source latency
     1    0.043394    0.312883    0.220684   15.220684 ^ clk (in)
                                                         clk (net)
                      0.313079    0.000000   15.220684 ^ clkbuf_0_clk/A (sky130_fd_sc_hd__clkbuf_16)
    16    0.186377    0.295269    0.512609   15.733293 ^ clkbuf_0_clk/X (sky130_fd_sc_hd__clkbuf_16)
                                                         clknet_0_clk (net)
                      0.295738    0.008214   15.741507 ^ clkbuf_4_11_0_clk/A (sky130_fd_sc_hd__clkbuf_8)
     8    0.031044    0.110253    0.361958   16.103464 ^ clkbuf_4_11_0_clk/X (sky130_fd_sc_hd__clkbuf_8)
                                                         clknet_4_11_0_clk (net)
                      0.110254    0.000492   16.103956 ^ _6340_/CLK (sky130_fd_sc_hd__dfrtp_1)
                                 -0.250000   15.853957   clock uncertainty
                                  0.000000   15.853957   clock reconvergence pessimism
                                  0.417822   16.271778   library recovery time
                                             16.271778   data required time
---------------------------------------------------------------------------------------------
                                             16.271778   data required time
                                             -5.559178   data arrival time
---------------------------------------------------------------------------------------------
                                             10.712601   slack (MET)


Startpoint: _6283_ (rising edge-triggered flip-flop clocked by clk)
Endpoint: monitor_out[31] (output port clocked by clk)
Path Group: clk
Path Type: max

Fanout         Cap        Slew       Delay        Time   Description
---------------------------------------------------------------------------------------------
                                  0.000000    0.000000   clock clk (rise edge)
                                  0.000000    0.000000   clock source latency
     1    0.043394    0.312883    0.220684    0.220684 ^ clk (in)
                                                         clk (net)
                      0.313079    0.000000    0.220684 ^ clkbuf_0_clk/A (sky130_fd_sc_hd__clkbuf_16)
    16    0.186377    0.295269    0.512609    0.733293 ^ clkbuf_0_clk/X (sky130_fd_sc_hd__clkbuf_16)
                                                         clknet_0_clk (net)
                      0.295592    0.006249    0.739542 ^ clkbuf_4_1_0_clk/A (sky130_fd_sc_hd__clkbuf_8)
    12    0.036202    0.121769    0.371412    1.110954 ^ clkbuf_4_1_0_clk/X (sky130_fd_sc_hd__clkbuf_8)
                                                         clknet_4_1_0_clk (net)
                      0.121774    0.000934    1.111887 ^ _6283_/CLK (sky130_fd_sc_hd__dfrtp_4)
     2    0.012723    0.128101    0.861969    1.973857 ^ _6283_/Q (sky130_fd_sc_hd__dfrtp_4)
                                                         core.u_regfile.registers[2][3] (net)
                      0.128101    0.000116    1.973973 ^ rebuffer62/A (sky130_fd_sc_hd__dlymetal6s2s_1)
     2    0.039970    0.614954    0.576841    2.550814 ^ rebuffer62/X (sky130_fd_sc_hd__dlymetal6s2s_1)
                                                         net317 (net)
                      0.614959    0.001355    2.552169 ^ clone61/A (sky130_fd_sc_hd__clkbuf_1)
     6    0.063805    1.175151    1.109352    3.661521 ^ clone61/X (sky130_fd_sc_hd__clkbuf_1)
                                                         net316 (net)
                      1.175153    0.001576    3.663097 ^ _3069_/B (sky130_fd_sc_hd__and2_1)
     1    0.004285    0.113668    0.546233    4.209330 ^ _3069_/X (sky130_fd_sc_hd__and2_1)
                                                         _1976_ (net)
                      0.113668    0.000073    4.209403 ^ fanout99/A (sky130_fd_sc_hd__clkbuf_2)
     6    0.023045    0.203671    0.309111    4.518515 ^ fanout99/X (sky130_fd_sc_hd__clkbuf_2)
                                                         net99 (net)
                      0.203671    0.000215    4.518730 ^ fanout98/A (sky130_fd_sc_hd__clkbuf_4)
    10    0.044157    0.222813    0.421573    4.940303 ^ fanout98/X (sky130_fd_sc_hd__clkbuf_4)
                                                         net98 (net)
                      0.222833    0.002301    4.942604 ^ fanout97/A (sky130_fd_sc_hd__buf_2)
    10    0.039057    0.308039    0.440475    5.383080 ^ fanout97/X (sky130_fd_sc_hd__buf_2)
                                                         net97 (net)
                      0.308039    0.000169    5.383248 ^ _4497_/B (sky130_fd_sc_hd__and3_1)
     2    0.005740    0.131302    0.412330    5.795578 ^ _4497_/X (sky130_fd_sc_hd__and3_1)
                                                         _0777_ (net)
                      0.131302    0.000024    5.795602 ^ _4498_/B (sky130_fd_sc_hd__nor2_1)
     2    0.007376    0.089449    0.125920    5.921522 v _4498_/Y (sky130_fd_sc_hd__nor2_1)
                                                         _0778_ (net)
                      0.089449    0.000064    5.921587 v _4626_/A3 (sky130_fd_sc_hd__a31o_1)
     2    0.008587    0.113452    0.443969    6.365556 v _4626_/X (sky130_fd_sc_hd__a31o_1)
                                                         _0905_ (net)
                      0.113452    0.000114    6.365670 v _4635_/A (sky130_fd_sc_hd__xnor2_1)
     2    0.005282    0.275362    0.321510    6.687181 ^ _4635_/Y (sky130_fd_sc_hd__xnor2_1)
                                                         _0914_ (net)
                      0.275362    0.000042    6.687222 ^ _4636_/B (sky130_fd_sc_hd__or2_1)
     1    0.002789    0.069101    0.244265    6.931488 ^ _4636_/X (sky130_fd_sc_hd__or2_1)
                                                         _0915_ (net)
                      0.069101    0.000015    6.931503 ^ _4638_/A (sky130_fd_sc_hd__nand2_1)
     2    0.004534    0.100016    0.115755    7.047257 v _4638_/Y (sky130_fd_sc_hd__nand2_1)
                                                         _0917_ (net)
                      0.100016    0.000022    7.047279 v _4639_/C (sky130_fd_sc_hd__and3_1)
     1    0.002710    0.069707    0.371226    7.418506 v _4639_/X (sky130_fd_sc_hd__and3_1)
                                                         _0918_ (net)
                      0.069707    0.000025    7.418531 v _4641_/A (sky130_fd_sc_hd__nor2_1)
     2    0.009586    0.322404    0.308519    7.727049 ^ _4641_/Y (sky130_fd_sc_hd__nor2_1)
                                                         _0920_ (net)
                      0.322404    0.000114    7.727163 ^ _4642_/B (sky130_fd_sc_hd__xor2_1)
     2    0.013631    0.497582    0.568059    8.295222 ^ _4642_/X (sky130_fd_sc_hd__xor2_1)
                                                         _0921_ (net)
                      0.497582    0.000398    8.295620 ^ _4663_/A (sky130_fd_sc_hd__xor2_1)
     2    0.004564    0.152774    0.292015    8.587636 v _4663_/X (sky130_fd_sc_hd__xor2_1)
                                                         _0942_ (net)
                      0.152774    0.000034    8.587669 v _4664_/B (sky130_fd_sc_hd__and2_1)
     3    0.010331    0.128377    0.417701    9.005370 v _4664_/X (sky130_fd_sc_hd__and2_1)
                                                         _0943_ (net)
                      0.128377    0.000028    9.005399 v _4666_/A (sky130_fd_sc_hd__or2_1)
     2    0.006726    0.130804    0.563897    9.569296 v _4666_/X (sky130_fd_sc_hd__or2_1)
                                                         _0945_ (net)
                      0.130804    0.000068    9.569365 v _4734_/A (sky130_fd_sc_hd__xnor2_1)
     2    0.007744    0.357189    0.391011    9.960375 ^ _4734_/Y (sky130_fd_sc_hd__xnor2_1)
                                                         _1013_ (net)
                      0.357189    0.000105    9.960480 ^ _4736_/B (sky130_fd_sc_hd__xor2_1)
     2    0.008001    0.343220    0.452732   10.413212 ^ _4736_/X (sky130_fd_sc_hd__xor2_1)
                                                         _1015_ (net)
                      0.343220    0.000092   10.413304 ^ _4737_/B (sky130_fd_sc_hd__xor2_1)
     2    0.006351    0.293575    0.412161   10.825465 ^ _4737_/X (sky130_fd_sc_hd__xor2_1)
                                                         _1016_ (net)
                      0.293575    0.000084   10.825550 ^ _4739_/B (sky130_fd_sc_hd__nand2_1)
     2    0.004946    0.114125    0.211234   11.036783 v _4739_/Y (sky130_fd_sc_hd__nand2_1)
                                                         _1018_ (net)
                      0.114125    0.000054   11.036838 v _4740_/B (sky130_fd_sc_hd__and2b_1)
     2    0.007370    0.102371    0.377996   11.414834 v _4740_/X (sky130_fd_sc_hd__and2b_1)
                                                         _1019_ (net)
                      0.102371    0.000063   11.414897 v _4741_/B (sky130_fd_sc_hd__xnor2_1)
     2    0.011776    0.477602    0.449519   11.864415 ^ _4741_/Y (sky130_fd_sc_hd__xnor2_1)
                                                         _1020_ (net)
                      0.477602    0.000393   11.864808 ^ _4742_/C (sky130_fd_sc_hd__nand3_1)
     3    0.012147    0.334954    0.462216   12.327024 v _4742_/Y (sky130_fd_sc_hd__nand3_1)
                                                         _1021_ (net)
                      0.334954    0.000102   12.327127 v _4756_/B1_N (sky130_fd_sc_hd__a21bo_1)
     2    0.011886    0.172558    0.546136   12.873262 ^ _4756_/X (sky130_fd_sc_hd__a21bo_1)
                                                         _1034_ (net)
                      0.172558    0.000117   12.873380 ^ _4894_/A2 (sky130_fd_sc_hd__a21oi_4)
     4    0.017752    0.142579    0.180743   13.054124 v _4894_/Y (sky130_fd_sc_hd__a21oi_4)
                                                         _1172_ (net)
                      0.142579    0.000286   13.054409 v _5199_/A2 (sky130_fd_sc_hd__o311ai_4)
     4    0.011418    0.415275    0.517655   13.572064 ^ _5199_/Y (sky130_fd_sc_hd__o311ai_4)
                                                         _1475_ (net)
                      0.415275    0.000168   13.572232 ^ _5368_/A2 (sky130_fd_sc_hd__a21o_1)
     4    0.013930    0.202137    0.444910   14.017142 ^ _5368_/X (sky130_fd_sc_hd__a21o_1)
                                                         _1643_ (net)
                      0.202137    0.000221   14.017364 ^ _5543_/A2 (sky130_fd_sc_hd__a21oi_2)
     3    0.010253    0.115083    0.195536   14.212900 v _5543_/Y (sky130_fd_sc_hd__a21oi_2)
                                                         _1817_ (net)
                      0.115083    0.000098   14.212997 v _5711_/C1 (sky130_fd_sc_hd__a211o_1)
     2    0.005154    0.107758    0.471601   14.684598 v _5711_/X (sky130_fd_sc_hd__a211o_1)
                                                         _1992_ (net)
                      0.107758    0.000026   14.684624 v _5714_/B (sky130_fd_sc_hd__and3_1)
     2    0.003551    0.080122    0.356405   15.041028 v _5714_/X (sky130_fd_sc_hd__and3_1)
                                                         _1995_ (net)
                      0.080122    0.000023   15.041052 v _5715_/B (sky130_fd_sc_hd__or2_1)
     3    0.006943    0.137529    0.508384   15.549436 v _5715_/X (sky130_fd_sc_hd__or2_1)
                                                         _1996_ (net)
                      0.137529    0.000037   15.549473 v _5719_/D1 (sky130_fd_sc_hd__a2111o_1)
     2    0.017525    0.235100    0.748999   16.298471 v _5719_/X (sky130_fd_sc_hd__a2111o_1)
                                                         _2000_ (net)
                      0.235100    0.000343   16.298815 v _5887_/A2 (sky130_fd_sc_hd__a21oi_4)
     3    0.019131    0.282687    0.402572   16.701387 ^ _5887_/Y (sky130_fd_sc_hd__a21oi_4)
                                                         _2185_ (net)
                      0.282687    0.000229   16.701616 ^ _6005_/A1 (sky130_fd_sc_hd__o21ai_2)
     1    0.005797    0.135814    0.204464   16.906080 v _6005_/Y (sky130_fd_sc_hd__o21ai_2)
                                                         _2313_ (net)
                      0.135814    0.000080   16.906160 v _6006_/C1 (sky130_fd_sc_hd__o311a_4)
     2    0.013140    0.108078    0.267342   17.173502 v _6006_/X (sky130_fd_sc_hd__o311a_4)
                                                         core.dsp_result_in[31] (net)
                      0.108078    0.000291   17.173794 v _6086_/B (sky130_fd_sc_hd__xnor2_2)
     1    0.005426    0.116590    0.255554   17.429348 v _6086_/Y (sky130_fd_sc_hd__xnor2_2)
                                                         net26 (net)
                      0.116590    0.000066   17.429413 v output26/A (sky130_fd_sc_hd__buf_6)
     1    0.034580    0.076333    0.269747   17.699160 v output26/X (sky130_fd_sc_hd__buf_6)
                                                         monitor_out[31] (net)
                      0.076334    0.000446   17.699606 v monitor_out[31] (out)
                                             17.699606   data arrival time

                                 15.000000   15.000000   clock clk (rise edge)
                                  0.000000   15.000000   clock network delay (propagated)
                                 -0.250000   14.750000   clock uncertainty
                                  0.000000   14.750000   clock reconvergence pessimism
                                 -3.000000   11.750000   output external delay
                                             11.750000   data required time
---------------------------------------------------------------------------------------------
                                             11.750000   data required time
                                            -17.699606   data arrival time
---------------------------------------------------------------------------------------------
                                             -5.949605   slack (VIOLATED)




===========================================================================
report_checks --slack_max -0.01
============================================================================
======================= min_ss_100C_1v60 Corner ===================================

Startpoint: _6283_ (rising edge-triggered flip-flop clocked by clk)
Endpoint: monitor_out[31] (output port clocked by clk)
Path Group: clk
Path Type: max

Fanout         Cap        Slew       Delay        Time   Description
---------------------------------------------------------------------------------------------
                                  0.000000    0.000000   clock clk (rise edge)
                                  0.000000    0.000000   clock source latency
     1    0.043394    0.312883    0.220684    0.220684 ^ clk (in)
                                                         clk (net)
                      0.313079    0.000000    0.220684 ^ clkbuf_0_clk/A (sky130_fd_sc_hd__clkbuf_16)
    16    0.186377    0.295269    0.512609    0.733293 ^ clkbuf_0_clk/X (sky130_fd_sc_hd__clkbuf_16)
                                                         clknet_0_clk (net)
                      0.295592    0.006249    0.739542 ^ clkbuf_4_1_0_clk/A (sky130_fd_sc_hd__clkbuf_8)
    12    0.036202    0.121769    0.371412    1.110954 ^ clkbuf_4_1_0_clk/X (sky130_fd_sc_hd__clkbuf_8)
                                                         clknet_4_1_0_clk (net)
                      0.121774    0.000934    1.111887 ^ _6283_/CLK (sky130_fd_sc_hd__dfrtp_4)
     2    0.012723    0.128101    0.861969    1.973857 ^ _6283_/Q (sky130_fd_sc_hd__dfrtp_4)
                                                         core.u_regfile.registers[2][3] (net)
                      0.128101    0.000116    1.973973 ^ rebuffer62/A (sky130_fd_sc_hd__dlymetal6s2s_1)
     2    0.039970    0.614954    0.576841    2.550814 ^ rebuffer62/X (sky130_fd_sc_hd__dlymetal6s2s_1)
                                                         net317 (net)
                      0.614959    0.001355    2.552169 ^ clone61/A (sky130_fd_sc_hd__clkbuf_1)
     6    0.063805    1.175151    1.109352    3.661521 ^ clone61/X (sky130_fd_sc_hd__clkbuf_1)
                                                         net316 (net)
                      1.175153    0.001576    3.663097 ^ _3069_/B (sky130_fd_sc_hd__and2_1)
     1    0.004285    0.113668    0.546233    4.209330 ^ _3069_/X (sky130_fd_sc_hd__and2_1)
                                                         _1976_ (net)
                      0.113668    0.000073    4.209403 ^ fanout99/A (sky130_fd_sc_hd__clkbuf_2)
     6    0.023045    0.203671    0.309111    4.518515 ^ fanout99/X (sky130_fd_sc_hd__clkbuf_2)
                                                         net99 (net)
                      0.203671    0.000215    4.518730 ^ fanout98/A (sky130_fd_sc_hd__clkbuf_4)
    10    0.044157    0.222813    0.421573    4.940303 ^ fanout98/X (sky130_fd_sc_hd__clkbuf_4)
                                                         net98 (net)
                      0.222833    0.002301    4.942604 ^ fanout97/A (sky130_fd_sc_hd__buf_2)
    10    0.039057    0.308039    0.440475    5.383080 ^ fanout97/X (sky130_fd_sc_hd__buf_2)
                                                         net97 (net)
                      0.308039    0.000169    5.383248 ^ _4497_/B (sky130_fd_sc_hd__and3_1)
     2    0.005740    0.131302    0.412330    5.795578 ^ _4497_/X (sky130_fd_sc_hd__and3_1)
                                                         _0777_ (net)
                      0.131302    0.000024    5.795602 ^ _4498_/B (sky130_fd_sc_hd__nor2_1)
     2    0.007376    0.089449    0.125920    5.921522 v _4498_/Y (sky130_fd_sc_hd__nor2_1)
                                                         _0778_ (net)
                      0.089449    0.000064    5.921587 v _4626_/A3 (sky130_fd_sc_hd__a31o_1)
     2    0.008587    0.113452    0.443969    6.365556 v _4626_/X (sky130_fd_sc_hd__a31o_1)
                                                         _0905_ (net)
                      0.113452    0.000114    6.365670 v _4635_/A (sky130_fd_sc_hd__xnor2_1)
     2    0.005282    0.275362    0.321510    6.687181 ^ _4635_/Y (sky130_fd_sc_hd__xnor2_1)
                                                         _0914_ (net)
                      0.275362    0.000042    6.687222 ^ _4636_/B (sky130_fd_sc_hd__or2_1)
     1    0.002789    0.069101    0.244265    6.931488 ^ _4636_/X (sky130_fd_sc_hd__or2_1)
                                                         _0915_ (net)
                      0.069101    0.000015    6.931503 ^ _4638_/A (sky130_fd_sc_hd__nand2_1)
     2    0.004534    0.100016    0.115755    7.047257 v _4638_/Y (sky130_fd_sc_hd__nand2_1)
                                                         _0917_ (net)
                      0.100016    0.000022    7.047279 v _4639_/C (sky130_fd_sc_hd__and3_1)
     1    0.002710    0.069707    0.371226    7.418506 v _4639_/X (sky130_fd_sc_hd__and3_1)
                                                         _0918_ (net)
                      0.069707    0.000025    7.418531 v _4641_/A (sky130_fd_sc_hd__nor2_1)
     2    0.009586    0.322404    0.308519    7.727049 ^ _4641_/Y (sky130_fd_sc_hd__nor2_1)
                                                         _0920_ (net)
                      0.322404    0.000114    7.727163 ^ _4642_/B (sky130_fd_sc_hd__xor2_1)
     2    0.013631    0.497582    0.568059    8.295222 ^ _4642_/X (sky130_fd_sc_hd__xor2_1)
                                                         _0921_ (net)
                      0.497582    0.000398    8.295620 ^ _4663_/A (sky130_fd_sc_hd__xor2_1)
     2    0.004564    0.152774    0.292015    8.587636 v _4663_/X (sky130_fd_sc_hd__xor2_1)
                                                         _0942_ (net)
                      0.152774    0.000034    8.587669 v _4664_/B (sky130_fd_sc_hd__and2_1)
     3    0.010331    0.128377    0.417701    9.005370 v _4664_/X (sky130_fd_sc_hd__and2_1)
                                                         _0943_ (net)
                      0.128377    0.000028    9.005399 v _4666_/A (sky130_fd_sc_hd__or2_1)
     2    0.006726    0.130804    0.563897    9.569296 v _4666_/X (sky130_fd_sc_hd__or2_1)
                                                         _0945_ (net)
                      0.130804    0.000068    9.569365 v _4734_/A (sky130_fd_sc_hd__xnor2_1)
     2    0.007744    0.357189    0.391011    9.960375 ^ _4734_/Y (sky130_fd_sc_hd__xnor2_1)
                                                         _1013_ (net)
                      0.357189    0.000105    9.960480 ^ _4736_/B (sky130_fd_sc_hd__xor2_1)
     2    0.008001    0.343220    0.452732   10.413212 ^ _4736_/X (sky130_fd_sc_hd__xor2_1)
                                                         _1015_ (net)
                      0.343220    0.000092   10.413304 ^ _4737_/B (sky130_fd_sc_hd__xor2_1)
     2    0.006351    0.293575    0.412161   10.825465 ^ _4737_/X (sky130_fd_sc_hd__xor2_1)
                                                         _1016_ (net)
                      0.293575    0.000084   10.825550 ^ _4739_/B (sky130_fd_sc_hd__nand2_1)
     2    0.004946    0.114125    0.211234   11.036783 v _4739_/Y (sky130_fd_sc_hd__nand2_1)
                                                         _1018_ (net)
                      0.114125    0.000054   11.036838 v _4740_/B (sky130_fd_sc_hd__and2b_1)
     2    0.007370    0.102371    0.377996   11.414834 v _4740_/X (sky130_fd_sc_hd__and2b_1)
                                                         _1019_ (net)
                      0.102371    0.000063   11.414897 v _4741_/B (sky130_fd_sc_hd__xnor2_1)
     2    0.011776    0.477602    0.449519   11.864415 ^ _4741_/Y (sky130_fd_sc_hd__xnor2_1)
                                                         _1020_ (net)
                      0.477602    0.000393   11.864808 ^ _4742_/C (sky130_fd_sc_hd__nand3_1)
     3    0.012147    0.334954    0.462216   12.327024 v _4742_/Y (sky130_fd_sc_hd__nand3_1)
                                                         _1021_ (net)
                      0.334954    0.000102   12.327127 v _4756_/B1_N (sky130_fd_sc_hd__a21bo_1)
     2    0.011886    0.172558    0.546136   12.873262 ^ _4756_/X (sky130_fd_sc_hd__a21bo_1)
                                                         _1034_ (net)
                      0.172558    0.000117   12.873380 ^ _4894_/A2 (sky130_fd_sc_hd__a21oi_4)
     4    0.017752    0.142579    0.180743   13.054124 v _4894_/Y (sky130_fd_sc_hd__a21oi_4)
                                                         _1172_ (net)
                      0.142579    0.000286   13.054409 v _5199_/A2 (sky130_fd_sc_hd__o311ai_4)
     4    0.011418    0.415275    0.517655   13.572064 ^ _5199_/Y (sky130_fd_sc_hd__o311ai_4)
                                                         _1475_ (net)
                      0.415275    0.000168   13.572232 ^ _5368_/A2 (sky130_fd_sc_hd__a21o_1)
     4    0.013930    0.202137    0.444910   14.017142 ^ _5368_/X (sky130_fd_sc_hd__a21o_1)
                                                         _1643_ (net)
                      0.202137    0.000221   14.017364 ^ _5543_/A2 (sky130_fd_sc_hd__a21oi_2)
     3    0.010253    0.115083    0.195536   14.212900 v _5543_/Y (sky130_fd_sc_hd__a21oi_2)
                                                         _1817_ (net)
                      0.115083    0.000098   14.212997 v _5711_/C1 (sky130_fd_sc_hd__a211o_1)
     2    0.005154    0.107758    0.471601   14.684598 v _5711_/X (sky130_fd_sc_hd__a211o_1)
                                                         _1992_ (net)
                      0.107758    0.000026   14.684624 v _5714_/B (sky130_fd_sc_hd__and3_1)
     2    0.003551    0.080122    0.356405   15.041028 v _5714_/X (sky130_fd_sc_hd__and3_1)
                                                         _1995_ (net)
                      0.080122    0.000023   15.041052 v _5715_/B (sky130_fd_sc_hd__or2_1)
     3    0.006943    0.137529    0.508384   15.549436 v _5715_/X (sky130_fd_sc_hd__or2_1)
                                                         _1996_ (net)
                      0.137529    0.000037   15.549473 v _5719_/D1 (sky130_fd_sc_hd__a2111o_1)
     2    0.017525    0.235100    0.748999   16.298471 v _5719_/X (sky130_fd_sc_hd__a2111o_1)
                                                         _2000_ (net)
                      0.235100    0.000343   16.298815 v _5887_/A2 (sky130_fd_sc_hd__a21oi_4)
     3    0.019131    0.282687    0.402572   16.701387 ^ _5887_/Y (sky130_fd_sc_hd__a21oi_4)
                                                         _2185_ (net)
                      0.282687    0.000229   16.701616 ^ _6005_/A1 (sky130_fd_sc_hd__o21ai_2)
     1    0.005797    0.135814    0.204464   16.906080 v _6005_/Y (sky130_fd_sc_hd__o21ai_2)
                                                         _2313_ (net)
                      0.135814    0.000080   16.906160 v _6006_/C1 (sky130_fd_sc_hd__o311a_4)
     2    0.013140    0.108078    0.267342   17.173502 v _6006_/X (sky130_fd_sc_hd__o311a_4)
                                                         core.dsp_result_in[31] (net)
                      0.108078    0.000291   17.173794 v _6086_/B (sky130_fd_sc_hd__xnor2_2)
     1    0.005426    0.116590    0.255554   17.429348 v _6086_/Y (sky130_fd_sc_hd__xnor2_2)
                                                         net26 (net)
                      0.116590    0.000066   17.429413 v output26/A (sky130_fd_sc_hd__buf_6)
     1    0.034580    0.076333    0.269747   17.699160 v output26/X (sky130_fd_sc_hd__buf_6)
                                                         monitor_out[31] (net)
                      0.076334    0.000446   17.699606 v monitor_out[31] (out)
                                             17.699606   data arrival time

                                 15.000000   15.000000   clock clk (rise edge)
                                  0.000000   15.000000   clock network delay (propagated)
                                 -0.250000   14.750000   clock uncertainty
                                  0.000000   14.750000   clock reconvergence pessimism
                                 -3.000000   11.750000   output external delay
                                             11.750000   data required time
---------------------------------------------------------------------------------------------
                                             11.750000   data required time
                                            -17.699606   data arrival time
---------------------------------------------------------------------------------------------
                                             -5.949605   slack (VIOLATED)




===========================================================================
 report_check_types -max_slew -max_cap -max_fanout -violators
============================================================================
======================= min_ss_100C_1v60 Corner ===================================

max slew

Pin                                        Limit        Slew       Slack
------------------------------------------------------------------------
ANTENNA_14/DIODE                        0.750000    1.175153   -0.425153 (VIOLATED)
_3069_/B                                0.750000    1.175153   -0.425153 (VIOLATED)
_3312_/A1                               0.750000    1.175153   -0.425153 (VIOLATED)
_5383_/C                                0.750000    1.175153   -0.425153 (VIOLATED)
_3943_/A1                               0.750000    1.175152   -0.425152 (VIOLATED)
_4912_/A1                               0.750000    1.175153   -0.425153 (VIOLATED)
clone61/X                               0.750000    1.175151   -0.425151 (VIOLATED)
_5563_/C                                0.750000    0.779963   -0.029963 (VIOLATED)
rebuffer33/X                            0.750000    0.779963   -0.029963 (VIOLATED)
rebuffer34/A                            0.750000    0.779963   -0.029963 (VIOLATED)

max fanout

Pin                                   Limit Fanout  Slack
---------------------------------------------------------
clkbuf_0_clk/X                           10     16     -6 (VIOLATED)
clkbuf_4_0_0_clk/X                       10     12     -2 (VIOLATED)
clkbuf_4_1_0_clk/X                       10     12     -2 (VIOLATED)
clkbuf_4_2_0_clk/X                       10     12     -2 (VIOLATED)
fanout34/X                               10     12     -2 (VIOLATED)
_6258_/Q                                 10     11        (VIOLATED)
clkbuf_4_3_0_clk/X                       10     11        (VIOLATED)
clkbuf_4_5_0_clk/X                       10     11        (VIOLATED)
fanout126/X                              10     11        (VIOLATED)
fanout189/X                              10     11        (VIOLATED)
fanout198/X                              10     11        (VIOLATED)
fanout202/X                              10     11        (VIOLATED)
fanout205/X                              10     11        (VIOLATED)
fanout56/X                               10     11        (VIOLATED)



===========================================================================
report_parasitic_annotation -report_unannotated
============================================================================
Found 15 unannotated drivers.
 clkload0/X
 clkload1/X
 clkload10/Y
 clkload11/Y
 clkload12/Y
 clkload13/Y
 clkload14/Y
 clkload2/X
 clkload3/Y
 clkload4/X
 clkload5/Y
 clkload6/Y
 clkload7/Y
 clkload8/Y
 clkload9/Y
Found 0 partially unannotated drivers.

===========================================================================
max slew violation count 10
max fanout violation count 14
max cap violation count 0
============================================================================

===========================================================================
check_setup -verbose -unconstrained_endpoints -multiple_clock -no_clock -no_input_delay -loops -generated_clocks
===========================================================================
