Clock: clk
Sources: clk 
Generated: no
Virtual: yes
Propagated: no
Period: 15.000000

===========================================================================
report_clock_properties
============================================================================
Clock                   Period          Waveform
----------------------------------------------------
clk                  15.000000    0.000000  7.500000

===========================================================================
report_clock_latency
============================================================================
Clock clk
rise -> rise
    min     max
0.000000 0.000000 source latency
1.103694         network latency _6276_/CLK
        1.145128 network latency _6262_/CLK
---------------
1.103694 1.145128 latency
        0.041434 skew

fall -> fall
    min     max
0.000000 0.000000 source latency
0.927041         network latency _6276_/CLK
        0.958171 network latency _6262_/CLK
---------------
0.927041 0.958171 latency
        0.031131 skew



===========================================================================
report_clock_min_period
============================================================================
clk period_min = 16.60 fmax = 60.24
