
===========================================================================
Violator List
============================================================================
[setup reg-out] _6283_/Q -> monitor_out[31] : -5.949605
[setup reg-out] _6283_/Q -> monitor_out[30] : -5.831409
[setup reg-out] _6283_/Q -> monitor_out[29] : -5.610915
[setup reg-out] _6283_/Q -> monitor_out[28] : -5.494213
[setup reg-out] _6283_/Q -> monitor_out[27] : -4.954576
[setup reg-out] _6283_/Q -> monitor_out[26] : -4.776119
[setup reg-out] _6283_/Q -> monitor_out[25] : -4.227507
[setup reg-out] _6283_/Q -> monitor_out[23] : -4.225131
[setup reg-out] _6283_/Q -> monitor_out[24] : -4.209884
[setup reg-out] _6283_/Q -> monitor_out[22] : -3.756380
[setup reg-out] _6283_/Q -> monitor_out[21] : -3.599775
[setup reg-out] _6283_/Q -> monitor_out[20] : -3.416117
[setup reg-out] _6219_/Q -> monitor_out[19] : -2.904629
[setup reg-out] _6219_/Q -> monitor_out[18] : -2.442012
[setup reg-out] _6219_/Q -> monitor_out[17] : -2.324795
[setup reg-out] _6219_/Q -> monitor_out[16] : -1.865643
[setup reg-reg] _6283_/Q -> _6343_/D : -1.601473
[setup reg-out] _6219_/Q -> monitor_out[15] : -1.520212
[setup reg-reg] _6283_/Q -> _6342_/D : -1.379911
[setup reg-out] _6219_/Q -> monitor_out[14] : -1.268085
[setup reg-reg] _6283_/Q -> _6341_/D : -1.062096
[setup reg-reg] _6283_/Q -> _6340_/D : -1.029930
[setup reg-out] _6219_/Q -> monitor_out[13] : -0.894489
[setup reg-out] _6219_/Q -> monitor_out[12] : -0.686643
[setup reg-reg] _6283_/Q -> _6339_/D : -0.405070
[setup reg-reg] _6283_/Q -> _6338_/D : -0.254341
[setup reg-out] _6219_/Q -> monitor_out[11] : -0.186121
