
===========================================================================
report_checks -unconstrained
===========================================================================
======================= nom_tt_025C_1v80 Corner ===================================

Startpoint: rst_n (input port clocked by clk)
Endpoint: _6271_ (recovery check against rising-edge clock clk)
Path Group: asynchronous
Path Type: max

Fanout         Cap        Slew       Delay        Time   Description
---------------------------------------------------------------------------------------------
                                  0.000000    0.000000   clock clk (rise edge)
                                  0.000000    0.000000   clock network delay (propagated)
                                  3.000000    3.000000 ^ input external delay
   126    0.591704    2.632846    1.833318    4.833318 ^ rst_n (in)
                                                         rst_n (net)
                      2.633755    0.000000    4.833318 ^ _6271_/RESET_B (sky130_fd_sc_hd__dfrtp_2)
                                              4.833318   data arrival time

                                 15.000000   15.000000   clock clk (rise edge)
                                  0.000000   15.000000   clock source latency
   126    0.383391    1.702418    1.164484   16.164484 ^ clk (in)
                                                         clk (net)
                      1.702518    0.000000   16.164484 ^ _6271_/CLK (sky130_fd_sc_hd__dfrtp_2)
                                 -0.250000   15.914484   clock uncertainty
                                  0.000000   15.914484   clock reconvergence pessimism
                                 -0.204671   15.709814   library recovery time
                                             15.709814   data required time
---------------------------------------------------------------------------------------------
                                             15.709814   data required time
                                             -4.833318   data arrival time
---------------------------------------------------------------------------------------------
                                             10.876496   slack (MET)


Startpoint: _6219_ (rising edge-triggered flip-flop clocked by clk)
Endpoint: monitor_out[31] (output port clocked by clk)
Path Group: clk
Path Type: max

Fanout         Cap        Slew       Delay        Time   Description
---------------------------------------------------------------------------------------------
                                  0.000000    0.000000   clock clk (rise edge)
                                  0.000000    0.000000   clock source latency
   126    0.383391    1.702418    1.191116    1.191116 ^ clk (in)
                                                         clk (net)
                      1.703628    0.000000    1.191116 ^ _6219_/CLK (sky130_fd_sc_hd__dfrtp_2)
   248    0.615016    2.831473    2.552957    3.744073 ^ _6219_/Q (sky130_fd_sc_hd__dfrtp_2)
                                                         core.dsp_valid_out (net)
                      2.831473    0.002229    3.746302 ^ _3080_/A (sky130_fd_sc_hd__and2_2)
    34    0.175397    0.870468    1.063110    4.809412 ^ _3080_/X (sky130_fd_sc_hd__and2_2)
                                                         _2096_ (net)
                      0.870471    0.001325    4.810737 ^ _3130_/B (sky130_fd_sc_hd__nand2_2)
     2    0.010654    0.151845    0.155039    4.965776 v _3130_/Y (sky130_fd_sc_hd__nand2_2)
                                                         _2422_ (net)
                      0.151845    0.000020    4.965796 v _3132_/A (sky130_fd_sc_hd__or2_2)
     2    0.007532    0.067326    0.349294    5.315090 v _3132_/X (sky130_fd_sc_hd__or2_2)
                                                         _2424_ (net)
                      0.067326    0.000029    5.315119 v _3134_/A2 (sky130_fd_sc_hd__a21o_2)
     3    0.008660    0.047954    0.232786    5.547905 v _3134_/X (sky130_fd_sc_hd__a21o_2)
                                                         _2426_ (net)
                      0.047954    0.000029    5.547935 v _3138_/B1_N (sky130_fd_sc_hd__a21bo_2)
     2    0.011869    0.075228    0.216791    5.764725 ^ _3138_/X (sky130_fd_sc_hd__a21bo_2)
                                                         _2430_ (net)
                      0.075228    0.000037    5.764762 ^ _3141_/A (sky130_fd_sc_hd__xor2_2)
     3    0.012073    0.193988    0.188326    5.953088 ^ _3141_/X (sky130_fd_sc_hd__xor2_2)
                                                         _2433_ (net)
                      0.193988    0.000037    5.953125 ^ _3145_/A (sky130_fd_sc_hd__nand2_2)
     2    0.006097    0.061903    0.075711    6.028836 v _3145_/Y (sky130_fd_sc_hd__nand2_2)
                                                         _2437_ (net)
                      0.061903    0.000007    6.028843 v _3146_/B (sky130_fd_sc_hd__and2b_2)
     3    0.010379    0.055530    0.219180    6.248023 v _3146_/X (sky130_fd_sc_hd__and2b_2)
                                                         _2438_ (net)
                      0.055530    0.000012    6.248034 v _3218_/A (sky130_fd_sc_hd__or3_2)
     1    0.001707    0.070813    0.457856    6.705890 v _3218_/X (sky130_fd_sc_hd__or3_2)
                                                         _2510_ (net)
                      0.070813    0.000002    6.705892 v _3219_/C (sky130_fd_sc_hd__and3_2)
     2    0.012924    0.061224    0.248611    6.954504 v _3219_/X (sky130_fd_sc_hd__and3_2)
                                                         _2511_ (net)
                      0.061224    0.000019    6.954522 v _3220_/A2 (sky130_fd_sc_hd__a21boi_2)
     2    0.011871    0.175162    0.198868    7.153389 ^ _3220_/Y (sky130_fd_sc_hd__a21boi_2)
                                                         _2512_ (net)
                      0.175162    0.000032    7.153421 ^ _3221_/A2 (sky130_fd_sc_hd__o21a_2)
     2    0.013063    0.079730    0.178952    7.332373 ^ _3221_/X (sky130_fd_sc_hd__o21a_2)
                                                         _2513_ (net)
                      0.079730    0.000151    7.332524 ^ _3222_/A_N (sky130_fd_sc_hd__and2b_2)
     4    0.019320    0.072195    0.262128    7.594652 v _3222_/X (sky130_fd_sc_hd__and2b_2)
                                                         _2514_ (net)
                      0.072195    0.000172    7.594824 v _3377_/A1 (sky130_fd_sc_hd__a311o_2)
     3    0.017021    0.089560    0.371546    7.966371 v _3377_/X (sky130_fd_sc_hd__a311o_2)
                                                         _2667_ (net)
                      0.089560    0.000159    7.966530 v _3580_/A1 (sky130_fd_sc_hd__a221o_2)
     4    0.014681    0.084289    0.409318    8.375848 v _3580_/X (sky130_fd_sc_hd__a221o_2)
                                                         _2868_ (net)
                      0.084289    0.000142    8.375990 v _3743_/A3 (sky130_fd_sc_hd__a41oi_2)
     3    0.018727    0.295806    0.308421    8.684411 ^ _3743_/Y (sky130_fd_sc_hd__a41oi_2)
                                                         _3029_ (net)
                      0.295807    0.000381    8.684792 ^ _3838_/A1 (sky130_fd_sc_hd__o21ai_2)
     3    0.017912    0.103820    0.156732    8.841524 v _3838_/Y (sky130_fd_sc_hd__o21ai_2)
                                                         _0124_ (net)
                      0.103820    0.000283    8.841807 v _4131_/A1 (sky130_fd_sc_hd__a311o_2)
     4    0.020750    0.098060    0.394133    9.235940 v _4131_/X (sky130_fd_sc_hd__a311o_2)
                                                         _0415_ (net)
                      0.098061    0.000584    9.236525 v _4609_/A1 (sky130_fd_sc_hd__o2111a_2)
     2    0.009792    0.056882    0.302326    9.538851 v _4609_/X (sky130_fd_sc_hd__o2111a_2)
                                                         _0889_ (net)
                      0.056882    0.000074    9.538924 v _4755_/A1 (sky130_fd_sc_hd__o2111ai_2)
     2    0.006971    0.186338    0.211870    9.750794 ^ _4755_/Y (sky130_fd_sc_hd__o2111ai_2)
                                                         _1033_ (net)
                      0.186338    0.000029    9.750824 ^ _4894_/A1 (sky130_fd_sc_hd__a21oi_2)
     4    0.016129    0.087903    0.118391    9.869214 v _4894_/Y (sky130_fd_sc_hd__a21oi_2)
                                                         _1172_ (net)
                      0.087903    0.000075    9.869288 v _5199_/A2 (sky130_fd_sc_hd__o311ai_2)
     4    0.015028    0.400351    0.403111   10.272400 ^ _5199_/Y (sky130_fd_sc_hd__o311ai_2)
                                                         _1475_ (net)
                      0.400351    0.000086   10.272487 ^ _5368_/A2 (sky130_fd_sc_hd__a21o_2)
     4    0.015237    0.087759    0.240322   10.512809 ^ _5368_/X (sky130_fd_sc_hd__a21o_2)
                                                         _1643_ (net)
                      0.087759    0.000086   10.512895 ^ _5543_/A2 (sky130_fd_sc_hd__a21oi_2)
     3    0.011533    0.057144    0.082339   10.595233 v _5543_/Y (sky130_fd_sc_hd__a21oi_2)
                                                         _1817_ (net)
                      0.057144    0.000048   10.595282 v _5711_/C1 (sky130_fd_sc_hd__a211o_2)
     2    0.006477    0.057220    0.279822   10.875104 v _5711_/X (sky130_fd_sc_hd__a211o_2)
                                                         _1992_ (net)
                      0.057220    0.000020   10.875124 v _5714_/B (sky130_fd_sc_hd__and3_2)
     2    0.002989    0.038437    0.193443   11.068567 v _5714_/X (sky130_fd_sc_hd__and3_2)
                                                         _1995_ (net)
                      0.038437    0.000003   11.068570 v _5715_/B (sky130_fd_sc_hd__or2_2)
     3    0.008806    0.073775    0.293360   11.361931 v _5715_/X (sky130_fd_sc_hd__or2_2)
                                                         _1996_ (net)
                      0.073775    0.000025   11.361956 v _5719_/C1 (sky130_fd_sc_hd__a2111o_2)
     2    0.010181    0.083900    0.438082   11.800037 v _5719_/X (sky130_fd_sc_hd__a2111o_2)
                                                         _2000_ (net)
                      0.083900    0.000062   11.800100 v _5887_/A1 (sky130_fd_sc_hd__a21oi_2)
     3    0.013477    0.193567    0.210742   12.010841 ^ _5887_/Y (sky130_fd_sc_hd__a21oi_2)
                                                         _2185_ (net)
                      0.193567    0.000045   12.010887 ^ _6005_/A2 (sky130_fd_sc_hd__o21ai_2)
     1    0.002919    0.047484    0.066068   12.076955 v _6005_/Y (sky130_fd_sc_hd__o21ai_2)
                                                         _2313_ (net)
                      0.047484    0.000010   12.076964 v _6006_/B1 (sky130_fd_sc_hd__o311a_2)
     2    0.012698    0.080577    0.155945   12.232910 v _6006_/X (sky130_fd_sc_hd__o311a_2)
                                                         core.dsp_result_in[31] (net)
                      0.080577    0.000145   12.233055 v _6086_/A (sky130_fd_sc_hd__xnor2_2)
     1    0.034951    0.459497    0.416156   12.649211 ^ _6086_/Y (sky130_fd_sc_hd__xnor2_2)
                                                         monitor_out[31] (net)
                      0.459497    0.000329   12.649540 ^ monitor_out[31] (out)
                                             12.649540   data arrival time

                                 15.000000   15.000000   clock clk (rise edge)
                                  0.000000   15.000000   clock network delay (propagated)
                                 -0.250000   14.750000   clock uncertainty
                                  0.000000   14.750000   clock reconvergence pessimism
                                 -3.000000   11.750000   output external delay
                                             11.750000   data required time
---------------------------------------------------------------------------------------------
                                             11.750000   data required time
                                            -12.649540   data arrival time
---------------------------------------------------------------------------------------------
                                             -0.899539   slack (VIOLATED)




===========================================================================
report_checks --slack_max -0.01
============================================================================
======================= nom_tt_025C_1v80 Corner ===================================

Startpoint: _6219_ (rising edge-triggered flip-flop clocked by clk)
Endpoint: monitor_out[31] (output port clocked by clk)
Path Group: clk
Path Type: max

Fanout         Cap        Slew       Delay        Time   Description
---------------------------------------------------------------------------------------------
                                  0.000000    0.000000   clock clk (rise edge)
                                  0.000000    0.000000   clock source latency
   126    0.383391    1.702418    1.191116    1.191116 ^ clk (in)
                                                         clk (net)
                      1.703628    0.000000    1.191116 ^ _6219_/CLK (sky130_fd_sc_hd__dfrtp_2)
   248    0.615016    2.831473    2.552957    3.744073 ^ _6219_/Q (sky130_fd_sc_hd__dfrtp_2)
                                                         core.dsp_valid_out (net)
                      2.831473    0.002229    3.746302 ^ _3080_/A (sky130_fd_sc_hd__and2_2)
    34    0.175397    0.870468    1.063110    4.809412 ^ _3080_/X (sky130_fd_sc_hd__and2_2)
                                                         _2096_ (net)
                      0.870471    0.001325    4.810737 ^ _3130_/B (sky130_fd_sc_hd__nand2_2)
     2    0.010654    0.151845    0.155039    4.965776 v _3130_/Y (sky130_fd_sc_hd__nand2_2)
                                                         _2422_ (net)
                      0.151845    0.000020    4.965796 v _3132_/A (sky130_fd_sc_hd__or2_2)
     2    0.007532    0.067326    0.349294    5.315090 v _3132_/X (sky130_fd_sc_hd__or2_2)
                                                         _2424_ (net)
                      0.067326    0.000029    5.315119 v _3134_/A2 (sky130_fd_sc_hd__a21o_2)
     3    0.008660    0.047954    0.232786    5.547905 v _3134_/X (sky130_fd_sc_hd__a21o_2)
                                                         _2426_ (net)
                      0.047954    0.000029    5.547935 v _3138_/B1_N (sky130_fd_sc_hd__a21bo_2)
     2    0.011869    0.075228    0.216791    5.764725 ^ _3138_/X (sky130_fd_sc_hd__a21bo_2)
                                                         _2430_ (net)
                      0.075228    0.000037    5.764762 ^ _3141_/A (sky130_fd_sc_hd__xor2_2)
     3    0.012073    0.193988    0.188326    5.953088 ^ _3141_/X (sky130_fd_sc_hd__xor2_2)
                                                         _2433_ (net)
                      0.193988    0.000037    5.953125 ^ _3145_/A (sky130_fd_sc_hd__nand2_2)
     2    0.006097    0.061903    0.075711    6.028836 v _3145_/Y (sky130_fd_sc_hd__nand2_2)
                                                         _2437_ (net)
                      0.061903    0.000007    6.028843 v _3146_/B (sky130_fd_sc_hd__and2b_2)
     3    0.010379    0.055530    0.219180    6.248023 v _3146_/X (sky130_fd_sc_hd__and2b_2)
                                                         _2438_ (net)
                      0.055530    0.000012    6.248034 v _3218_/A (sky130_fd_sc_hd__or3_2)
     1    0.001707    0.070813    0.457856    6.705890 v _3218_/X (sky130_fd_sc_hd__or3_2)
                                                         _2510_ (net)
                      0.070813    0.000002    6.705892 v _3219_/C (sky130_fd_sc_hd__and3_2)
     2    0.012924    0.061224    0.248611    6.954504 v _3219_/X (sky130_fd_sc_hd__and3_2)
                                                         _2511_ (net)
                      0.061224    0.000019    6.954522 v _3220_/A2 (sky130_fd_sc_hd__a21boi_2)
     2    0.011871    0.175162    0.198868    7.153389 ^ _3220_/Y (sky130_fd_sc_hd__a21boi_2)
                                                         _2512_ (net)
                      0.175162    0.000032    7.153421 ^ _3221_/A2 (sky130_fd_sc_hd__o21a_2)
     2    0.013063    0.079730    0.178952    7.332373 ^ _3221_/X (sky130_fd_sc_hd__o21a_2)
                                                         _2513_ (net)
                      0.079730    0.000151    7.332524 ^ _3222_/A_N (sky130_fd_sc_hd__and2b_2)
     4    0.019320    0.072195    0.262128    7.594652 v _3222_/X (sky130_fd_sc_hd__and2b_2)
                                                         _2514_ (net)
                      0.072195    0.000172    7.594824 v _3377_/A1 (sky130_fd_sc_hd__a311o_2)
     3    0.017021    0.089560    0.371546    7.966371 v _3377_/X (sky130_fd_sc_hd__a311o_2)
                                                         _2667_ (net)
                      0.089560    0.000159    7.966530 v _3580_/A1 (sky130_fd_sc_hd__a221o_2)
     4    0.014681    0.084289    0.409318    8.375848 v _3580_/X (sky130_fd_sc_hd__a221o_2)
                                                         _2868_ (net)
                      0.084289    0.000142    8.375990 v _3743_/A3 (sky130_fd_sc_hd__a41oi_2)
     3    0.018727    0.295806    0.308421    8.684411 ^ _3743_/Y (sky130_fd_sc_hd__a41oi_2)
                                                         _3029_ (net)
                      0.295807    0.000381    8.684792 ^ _3838_/A1 (sky130_fd_sc_hd__o21ai_2)
     3    0.017912    0.103820    0.156732    8.841524 v _3838_/Y (sky130_fd_sc_hd__o21ai_2)
                                                         _0124_ (net)
                      0.103820    0.000283    8.841807 v _4131_/A1 (sky130_fd_sc_hd__a311o_2)
     4    0.020750    0.098060    0.394133    9.235940 v _4131_/X (sky130_fd_sc_hd__a311o_2)
                                                         _0415_ (net)
                      0.098061    0.000584    9.236525 v _4609_/A1 (sky130_fd_sc_hd__o2111a_2)
     2    0.009792    0.056882    0.302326    9.538851 v _4609_/X (sky130_fd_sc_hd__o2111a_2)
                                                         _0889_ (net)
                      0.056882    0.000074    9.538924 v _4755_/A1 (sky130_fd_sc_hd__o2111ai_2)
     2    0.006971    0.186338    0.211870    9.750794 ^ _4755_/Y (sky130_fd_sc_hd__o2111ai_2)
                                                         _1033_ (net)
                      0.186338    0.000029    9.750824 ^ _4894_/A1 (sky130_fd_sc_hd__a21oi_2)
     4    0.016129    0.087903    0.118391    9.869214 v _4894_/Y (sky130_fd_sc_hd__a21oi_2)
                                                         _1172_ (net)
                      0.087903    0.000075    9.869288 v _5199_/A2 (sky130_fd_sc_hd__o311ai_2)
     4    0.015028    0.400351    0.403111   10.272400 ^ _5199_/Y (sky130_fd_sc_hd__o311ai_2)
                                                         _1475_ (net)
                      0.400351    0.000086   10.272487 ^ _5368_/A2 (sky130_fd_sc_hd__a21o_2)
     4    0.015237    0.087759    0.240322   10.512809 ^ _5368_/X (sky130_fd_sc_hd__a21o_2)
                                                         _1643_ (net)
                      0.087759    0.000086   10.512895 ^ _5543_/A2 (sky130_fd_sc_hd__a21oi_2)
     3    0.011533    0.057144    0.082339   10.595233 v _5543_/Y (sky130_fd_sc_hd__a21oi_2)
                                                         _1817_ (net)
                      0.057144    0.000048   10.595282 v _5711_/C1 (sky130_fd_sc_hd__a211o_2)
     2    0.006477    0.057220    0.279822   10.875104 v _5711_/X (sky130_fd_sc_hd__a211o_2)
                                                         _1992_ (net)
                      0.057220    0.000020   10.875124 v _5714_/B (sky130_fd_sc_hd__and3_2)
     2    0.002989    0.038437    0.193443   11.068567 v _5714_/X (sky130_fd_sc_hd__and3_2)
                                                         _1995_ (net)
                      0.038437    0.000003   11.068570 v _5715_/B (sky130_fd_sc_hd__or2_2)
     3    0.008806    0.073775    0.293360   11.361931 v _5715_/X (sky130_fd_sc_hd__or2_2)
                                                         _1996_ (net)
                      0.073775    0.000025   11.361956 v _5719_/C1 (sky130_fd_sc_hd__a2111o_2)
     2    0.010181    0.083900    0.438082   11.800037 v _5719_/X (sky130_fd_sc_hd__a2111o_2)
                                                         _2000_ (net)
                      0.083900    0.000062   11.800100 v _5887_/A1 (sky130_fd_sc_hd__a21oi_2)
     3    0.013477    0.193567    0.210742   12.010841 ^ _5887_/Y (sky130_fd_sc_hd__a21oi_2)
                                                         _2185_ (net)
                      0.193567    0.000045   12.010887 ^ _6005_/A2 (sky130_fd_sc_hd__o21ai_2)
     1    0.002919    0.047484    0.066068   12.076955 v _6005_/Y (sky130_fd_sc_hd__o21ai_2)
                                                         _2313_ (net)
                      0.047484    0.000010   12.076964 v _6006_/B1 (sky130_fd_sc_hd__o311a_2)
     2    0.012698    0.080577    0.155945   12.232910 v _6006_/X (sky130_fd_sc_hd__o311a_2)
                                                         core.dsp_result_in[31] (net)
                      0.080577    0.000145   12.233055 v _6086_/A (sky130_fd_sc_hd__xnor2_2)
     1    0.034951    0.459497    0.416156   12.649211 ^ _6086_/Y (sky130_fd_sc_hd__xnor2_2)
                                                         monitor_out[31] (net)
                      0.459497    0.000329   12.649540 ^ monitor_out[31] (out)
                                             12.649540   data arrival time

                                 15.000000   15.000000   clock clk (rise edge)
                                  0.000000   15.000000   clock network delay (propagated)
                                 -0.250000   14.750000   clock uncertainty
                                  0.000000   14.750000   clock reconvergence pessimism
                                 -3.000000   11.750000   output external delay
                                             11.750000   data required time
---------------------------------------------------------------------------------------------
                                             11.750000   data required time
                                            -12.649540   data arrival time
---------------------------------------------------------------------------------------------
                                             -0.899539   slack (VIOLATED)




===========================================================================
 report_check_types -max_slew -max_cap -max_fanout -violators
============================================================================
======================= nom_tt_025C_1v80 Corner ===================================

max slew

Pin                                        Limit        Slew       Slack
------------------------------------------------------------------------
_5381_/A                                0.750000    2.831779   -2.081779 (VIOLATED)
_5561_/A                                0.750000    2.831779   -2.081779 (VIOLATED)
_5731_/A                                0.750000    2.831779   -2.081778 (VIOLATED)
_5902_/A                                0.750000    2.831777   -2.081777 (VIOLATED)
_5732_/A                                0.750000    2.831774   -2.081774 (VIOLATED)
_5903_/A                                0.750000    2.831775   -2.081775 (VIOLATED)
_5218_/A                                0.750000    2.831770   -2.081770 (VIOLATED)
_5562_/A                                0.750000    2.831770   -2.081770 (VIOLATED)
_5733_/A                                0.750000    2.831771   -2.081771 (VIOLATED)
_5060_/A                                0.750000    2.831767   -2.081767 (VIOLATED)
_5061_/A                                0.750000    2.831768   -2.081768 (VIOLATED)
_5219_/A                                0.750000    2.831768   -2.081768 (VIOLATED)
_5382_/A1                               0.750000    2.831768   -2.081768 (VIOLATED)
_5383_/A                                0.750000    2.831769   -2.081769 (VIOLATED)
_5563_/A                                0.750000    2.831767   -2.081767 (VIOLATED)
_4910_/A                                0.750000    2.831763   -2.081763 (VIOLATED)
_4911_/A                                0.750000    2.831760   -2.081761 (VIOLATED)
_3114_/A                                0.750000    2.831753   -2.081753 (VIOLATED)
_5405_/A                                0.750000    2.831754   -2.081754 (VIOLATED)
_5582_/A                                0.750000    2.831754   -2.081754 (VIOLATED)
_5750_/A1                               0.750000    2.831754   -2.081754 (VIOLATED)
_5752_/A                                0.750000    2.831754   -2.081754 (VIOLATED)
_5913_/A                                0.750000    2.831754   -2.081754 (VIOLATED)
_3088_/A                                0.750000    2.831749   -2.081749 (VIOLATED)
_3108_/A                                0.750000    2.831750   -2.081750 (VIOLATED)
_4494_/A                                0.750000    2.831750   -2.081750 (VIOLATED)
_4495_/A                                0.750000    2.831751   -2.081751 (VIOLATED)
_4628_/A                                0.750000    2.831751   -2.081751 (VIOLATED)
_4629_/A                                0.750000    2.831751   -2.081751 (VIOLATED)
_4763_/A                                0.750000    2.831752   -2.081752 (VIOLATED)
_4765_/A                                0.750000    2.831752   -2.081752 (VIOLATED)
_5057_/A                                0.750000    2.831752   -2.081752 (VIOLATED)
_5380_/A                                0.750000    2.831750   -2.081750 (VIOLATED)
_5558_/A                                0.750000    2.831751   -2.081751 (VIOLATED)
_4375_/A                                0.750000    2.831748   -2.081748 (VIOLATED)
_5775_/A1                               0.750000    2.831750   -2.081749 (VIOLATED)
_5055_/A                                0.750000    2.831745   -2.081745 (VIOLATED)
_5081_/A                                0.750000    2.831746   -2.081745 (VIOLATED)
_5239_/A                                0.750000    2.831746   -2.081745 (VIOLATED)
_5604_/A                                0.750000    2.831745   -2.081745 (VIOLATED)
_5776_/A                                0.750000    2.831746   -2.081746 (VIOLATED)
_5943_/A                                0.750000    2.831746   -2.081746 (VIOLATED)
_4146_/A                                0.750000    2.831736   -2.081736 (VIOLATED)
_5103_/A                                0.750000    2.831733   -2.081733 (VIOLATED)
_5261_/A                                0.750000    2.831733   -2.081733 (VIOLATED)
_4625_/A                                0.750000    2.831727   -2.081727 (VIOLATED)
_4929_/A                                0.750000    2.831726   -2.081726 (VIOLATED)
_4785_/A                                0.750000    2.831711   -2.081711 (VIOLATED)
_4647_/A                                0.750000    2.831705   -2.081705 (VIOLATED)
_4843_/A                                0.750000    2.831698   -2.081698 (VIOLATED)
_4987_/A                                0.750000    2.831698   -2.081697 (VIOLATED)
_4989_/A                                0.750000    2.831698   -2.081697 (VIOLATED)
_5146_/A                                0.750000    2.831698   -2.081697 (VIOLATED)
_5148_/A                                0.750000    2.831698   -2.081697 (VIOLATED)
_5320_/A                                0.750000    2.831698   -2.081698 (VIOLATED)
_5494_/A                                0.750000    2.831699   -2.081699 (VIOLATED)
_5664_/A                                0.750000    2.831699   -2.081699 (VIOLATED)
_4259_/A                                0.750000    2.831695   -2.081695 (VIOLATED)
_5311_/A                                0.750000    2.831696   -2.081696 (VIOLATED)
_5484_/A                                0.750000    2.831694   -2.081694 (VIOLATED)
_5656_/A                                0.750000    2.831693   -2.081693 (VIOLATED)
_5832_/A                                0.750000    2.831692   -2.081692 (VIOLATED)
_5834_/A1                               0.750000    2.831692   -2.081692 (VIOLATED)
_5842_/A1                               0.750000    2.831693   -2.081693 (VIOLATED)
_5843_/A                                0.750000    2.831693   -2.081693 (VIOLATED)
_4392_/A                                0.750000    2.831677   -2.081677 (VIOLATED)
_4393_/A                                0.750000    2.831677   -2.081677 (VIOLATED)
_4512_/A                                0.750000    2.831677   -2.081677 (VIOLATED)
_4276_/A                                0.750000    2.831672   -2.081672 (VIOLATED)
_4277_/A                                0.750000    2.831670   -2.081670 (VIOLATED)
_4296_/A                                0.750000    2.831659   -2.081659 (VIOLATED)
_4183_/A                                0.750000    2.831653   -2.081653 (VIOLATED)
_4551_/A                                0.750000    2.831645   -2.081645 (VIOLATED)
_3110_/A                                0.750000    2.831640   -2.081639 (VIOLATED)
_3598_/A                                0.750000    2.831636   -2.081636 (VIOLATED)
_3458_/A                                0.750000    2.831632   -2.081632 (VIOLATED)
_4685_/A                                0.750000    2.831634   -2.081634 (VIOLATED)
_5299_/A                                0.750000    2.831635   -2.081635 (VIOLATED)
_5300_/A                                0.750000    2.831635   -2.081635 (VIOLATED)
_5111_/A                                0.750000    2.831629   -2.081629 (VIOLATED)
_5268_/A                                0.750000    2.831630   -2.081630 (VIOLATED)
_5269_/A                                0.750000    2.831626   -2.081626 (VIOLATED)
_5440_/A                                0.750000    2.831622   -2.081622 (VIOLATED)
_3305_/A                                0.750000    2.831611   -2.081611 (VIOLATED)
_4674_/A1                               0.750000    2.831611   -2.081611 (VIOLATED)
_4675_/A                                0.750000    2.831611   -2.081610 (VIOLATED)
_4813_/A                                0.750000    2.831610   -2.081610 (VIOLATED)
_4814_/A                                0.750000    2.831610   -2.081610 (VIOLATED)
_3711_/A                                0.750000    2.831608   -2.081608 (VIOLATED)
_3799_/A                                0.750000    2.831605   -2.081605 (VIOLATED)
_5611_/A                                0.750000    2.831606   -2.081606 (VIOLATED)
_5783_/A                                0.750000    2.831604   -2.081604 (VIOLATED)
_3072_/A                                0.750000    2.831591   -2.081591 (VIOLATED)
_3311_/B1                               0.750000    2.831591   -2.081591 (VIOLATED)
_3312_/B1                               0.750000    2.831591   -2.081591 (VIOLATED)
_3313_/B1                               0.750000    2.831591   -2.081591 (VIOLATED)
_3314_/B1                               0.750000    2.831591   -2.081591 (VIOLATED)
_3639_/A                                0.750000    2.831590   -2.081590 (VIOLATED)
_4420_/A                                0.750000    2.831587   -2.081587 (VIOLATED)
_4421_/A                                0.750000    2.831587   -2.081587 (VIOLATED)
_3326_/A                                0.750000    2.831576   -2.081576 (VIOLATED)
_3316_/A1                               0.750000    2.831570   -2.081570 (VIOLATED)
_3317_/A1                               0.750000    2.831570   -2.081570 (VIOLATED)
_3719_/A                                0.750000    2.831572   -2.081572 (VIOLATED)
_3192_/A                                0.750000    2.831568   -2.081568 (VIOLATED)
_3898_/A                                0.750000    2.831566   -2.081567 (VIOLATED)
_3897_/A                                0.750000    2.831556   -2.081556 (VIOLATED)
_3899_/A                                0.750000    2.831556   -2.081555 (VIOLATED)
_3993_/A                                0.750000    2.831541   -2.081541 (VIOLATED)
_3992_/A                                0.750000    2.831538   -2.081538 (VIOLATED)
_3069_/A                                0.750000    2.831522   -2.081522 (VIOLATED)
_3760_/A                                0.750000    2.831521   -2.081521 (VIOLATED)
_3941_/A                                0.750000    2.831522   -2.081522 (VIOLATED)
_4038_/A                                0.750000    2.831522   -2.081522 (VIOLATED)
_3674_/A                                0.750000    2.831519   -2.081519 (VIOLATED)
_4159_/A                                0.750000    2.831520   -2.081520 (VIOLATED)
_4272_/A                                0.750000    2.831521   -2.081521 (VIOLATED)
_4387_/A                                0.750000    2.831521   -2.081521 (VIOLATED)
_3761_/A                                0.750000    2.831517   -2.081517 (VIOLATED)
_3762_/A                                0.750000    2.831517   -2.081516 (VIOLATED)
_3847_/A                                0.750000    2.831518   -2.081518 (VIOLATED)
_3675_/A                                0.750000    2.831514   -2.081514 (VIOLATED)
_4852_/A                                0.750000    2.831515   -2.081515 (VIOLATED)
_4999_/A                                0.750000    2.831516   -2.081516 (VIOLATED)
_5000_/A                                0.750000    2.831516   -2.081516 (VIOLATED)
_5158_/A                                0.750000    2.831516   -2.081516 (VIOLATED)
_5502_/A                                0.750000    2.831515   -2.081516 (VIOLATED)
_5672_/A                                0.750000    2.831515   -2.081516 (VIOLATED)
_5850_/A                                0.750000    2.831515   -2.081515 (VIOLATED)
_3776_/A                                0.750000    2.831512   -2.081512 (VIOLATED)
_3777_/A                                0.750000    2.831512   -2.081512 (VIOLATED)
_5280_/A                                0.750000    2.831512   -2.081512 (VIOLATED)
_3689_/A                                0.750000    2.831508   -2.081508 (VIOLATED)
_3690_/A                                0.750000    2.831507   -2.081507 (VIOLATED)
_3706_/A                                0.750000    2.831508   -2.081508 (VIOLATED)
_5641_/A                                0.750000    2.831509   -2.081509 (VIOLATED)
_5817_/A1                               0.750000    2.831507   -2.081507 (VIOLATED)
_5819_/A                                0.750000    2.831507   -2.081507 (VIOLATED)
_3613_/A                                0.750000    2.831505   -2.081505 (VIOLATED)
_3614_/A                                0.750000    2.831505   -2.081505 (VIOLATED)
_4432_/A                                0.750000    2.831504   -2.081504 (VIOLATED)
_4558_/A                                0.750000    2.831505   -2.081505 (VIOLATED)
_3472_/A                                0.750000    2.831501   -2.081501 (VIOLATED)
_3473_/A                                0.750000    2.831501   -2.081501 (VIOLATED)
_3593_/A                                0.750000    2.831502   -2.081502 (VIOLATED)
_3629_/A                                0.750000    2.831501   -2.081501 (VIOLATED)
_4310_/A                                0.750000    2.831502   -2.081502 (VIOLATED)
_4093_/A                                0.750000    2.831499   -2.081500 (VIOLATED)
_4204_/A                                0.750000    2.831498   -2.081498 (VIOLATED)
_3287_/A                                0.750000    2.831496   -2.081496 (VIOLATED)
_3421_/A                                0.750000    2.831498   -2.081498 (VIOLATED)
_3423_/A                                0.750000    2.831498   -2.081498 (VIOLATED)
_3487_/A                                0.750000    2.831498   -2.081498 (VIOLATED)
_3488_/A                                0.750000    2.831499   -2.081499 (VIOLATED)
_3489_/A                                0.750000    2.831500   -2.081500 (VIOLATED)
_3539_/A                                0.750000    2.831501   -2.081501 (VIOLATED)
_3540_/A                                0.750000    2.831501   -2.081501 (VIOLATED)
_3556_/A                                0.750000    2.831501   -2.081501 (VIOLATED)
_3404_/A                                0.750000    2.831496   -2.081496 (VIOLATED)
_3405_/A                                0.750000    2.831496   -2.081496 (VIOLATED)
_3288_/A                                0.750000    2.831492   -2.081492 (VIOLATED)
_3450_/A                                0.750000    2.831494   -2.081494 (VIOLATED)
_3383_/A                                0.750000    2.831491   -2.081491 (VIOLATED)
_3323_/A                                0.750000    2.831488   -2.081488 (VIOLATED)
_3258_/A                                0.750000    2.831486   -2.081486 (VIOLATED)
_3070_/A                                0.750000    2.831481   -2.081481 (VIOLATED)
_3162_/A                                0.750000    2.831482   -2.081482 (VIOLATED)
_3166_/A                                0.750000    2.831482   -2.081482 (VIOLATED)
_3262_/A                                0.750000    2.831483   -2.081483 (VIOLATED)
_3327_/A                                0.750000    2.831483   -2.081483 (VIOLATED)
_3328_/A                                0.750000    2.831483   -2.081483 (VIOLATED)
_3329_/A                                0.750000    2.831483   -2.081483 (VIOLATED)
_3387_/A                                0.750000    2.831483   -2.081483 (VIOLATED)
_3388_/A                                0.750000    2.831483   -2.081483 (VIOLATED)
_3389_/A                                0.750000    2.831484   -2.081484 (VIOLATED)
_3452_/A                                0.750000    2.831483   -2.081483 (VIOLATED)
_3456_/A                                0.750000    2.831484   -2.081484 (VIOLATED)
_3457_/A                                0.750000    2.831484   -2.081484 (VIOLATED)
_3520_/A                                0.750000    2.831484   -2.081484 (VIOLATED)
_3524_/A                                0.750000    2.831483   -2.081484 (VIOLATED)
_3562_/A                                0.750000    2.831484   -2.081484 (VIOLATED)
_3563_/A                                0.750000    2.831484   -2.081484 (VIOLATED)
_3595_/A                                0.750000    2.831484   -2.081484 (VIOLATED)
_3599_/A                                0.750000    2.831484   -2.081484 (VIOLATED)
_3073_/A                                0.750000    2.831480   -2.081480 (VIOLATED)
_3097_/A                                0.750000    2.831481   -2.081482 (VIOLATED)
_3455_/A                                0.750000    2.831481   -2.081480 (VIOLATED)
_3523_/A                                0.750000    2.831481   -2.081481 (VIOLATED)
_4712_/A                                0.750000    2.831481   -2.081481 (VIOLATED)
_4713_/A                                0.750000    2.831481   -2.081481 (VIOLATED)
_4860_/A                                0.750000    2.831481   -2.081481 (VIOLATED)
_3065_/A                                0.750000    2.831478   -2.081478 (VIOLATED)
_3066_/A                                0.750000    2.831478   -2.081478 (VIOLATED)
_3068_/A                                0.750000    2.831478   -2.081478 (VIOLATED)
_3078_/A                                0.750000    2.831478   -2.081478 (VIOLATED)
_3079_/A                                0.750000    2.831479   -2.081479 (VIOLATED)
_3081_/A                                0.750000    2.831478   -2.081478 (VIOLATED)
_3082_/A                                0.750000    2.831480   -2.081480 (VIOLATED)
_3096_/A                                0.750000    2.831480   -2.081480 (VIOLATED)
_3107_/A                                0.750000    2.831480   -2.081480 (VIOLATED)
_3083_/A                                0.750000    2.831477   -2.081477 (VIOLATED)
_3089_/A                                0.750000    2.831478   -2.081478 (VIOLATED)
_3095_/A                                0.750000    2.831477   -2.081477 (VIOLATED)
_3113_/A                                0.750000    2.831478   -2.081478 (VIOLATED)
_3115_/A                                0.750000    2.831478   -2.081478 (VIOLATED)
_3116_/A                                0.750000    2.831478   -2.081478 (VIOLATED)
_3165_/A                                0.750000    2.831480   -2.081480 (VIOLATED)
_3126_/A                                0.750000    2.831477   -2.081477 (VIOLATED)
_3127_/A                                0.750000    2.831477   -2.081477 (VIOLATED)
_3135_/A                                0.750000    2.831478   -2.081478 (VIOLATED)
_3177_/A                                0.750000    2.831478   -2.081478 (VIOLATED)
_3179_/A                                0.750000    2.831478   -2.081478 (VIOLATED)
_3261_/A                                0.750000    2.831478   -2.081479 (VIOLATED)
_3273_/A                                0.750000    2.831478   -2.081478 (VIOLATED)
_3274_/A                                0.750000    2.831478   -2.081479 (VIOLATED)
_3339_/A                                0.750000    2.831478   -2.081479 (VIOLATED)
_3340_/A                                0.750000    2.831478   -2.081479 (VIOLATED)
_3386_/A                                0.750000    2.831480   -2.081480 (VIOLATED)
_5451_/A                                0.750000    2.831481   -2.081481 (VIOLATED)
_5622_/A                                0.750000    2.831481   -2.081481 (VIOLATED)
_4327_/A                                0.750000    2.831477   -2.081477 (VIOLATED)
_4328_/A                                0.750000    2.831477   -2.081477 (VIOLATED)
_4330_/A                                0.750000    2.831477   -2.081477 (VIOLATED)
_4447_/A                                0.750000    2.831477   -2.081477 (VIOLATED)
_4448_/A                                0.750000    2.831477   -2.081477 (VIOLATED)
_4568_/A                                0.750000    2.831479   -2.081479 (VIOLATED)
_4569_/A                                0.750000    2.831479   -2.081479 (VIOLATED)
_4577_/A                                0.750000    2.831478   -2.081478 (VIOLATED)
_4578_/A                                0.750000    2.831478   -2.081478 (VIOLATED)
_6021_/B                                0.750000    2.831478   -2.081478 (VIOLATED)
_6089_/A                                0.750000    2.831478   -2.081478 (VIOLATED)
_6090_/A1                               0.750000    2.831478   -2.081478 (VIOLATED)
_3067_/A                                0.750000    2.831473   -2.081473 (VIOLATED)
_3080_/A                                0.750000    2.831473   -2.081473 (VIOLATED)
_3109_/A                                0.750000    2.831473   -2.081473 (VIOLATED)
_3128_/A                                0.750000    2.831473   -2.081473 (VIOLATED)
_3147_/A                                0.750000    2.831473   -2.081473 (VIOLATED)
_4098_/A                                0.750000    2.831473   -2.081473 (VIOLATED)
_4099_/A                                0.750000    2.831473   -2.081473 (VIOLATED)
_4100_/A                                0.750000    2.831473   -2.081473 (VIOLATED)
_4211_/A                                0.750000    2.831473   -2.081473 (VIOLATED)
_4212_/A                                0.750000    2.831473   -2.081473 (VIOLATED)
_4214_/A                                0.750000    2.831473   -2.081473 (VIOLATED)
_4320_/A                                0.750000    2.831473   -2.081473 (VIOLATED)
_4321_/A                                0.750000    2.831473   -2.081473 (VIOLATED)
_6016_/A                                0.750000    2.831473   -2.081473 (VIOLATED)
_6087_/A                                0.750000    2.831473   -2.081473 (VIOLATED)
_6153_/A                                0.750000    2.831473   -2.081473 (VIOLATED)
_6219_/Q                                0.750000    2.831473   -2.081473 (VIOLATED)
_6271_/RESET_B                          0.750000    2.633755   -1.883755 (VIOLATED)
_6273_/RESET_B                          0.750000    2.633754   -1.883754 (VIOLATED)
_6274_/RESET_B                          0.750000    2.633751   -1.883751 (VIOLATED)
_6272_/RESET_B                          0.750000    2.633748   -1.883747 (VIOLATED)
_6275_/RESET_B                          0.750000    2.633749   -1.883749 (VIOLATED)
_6270_/RESET_B                          0.750000    2.633725   -1.883725 (VIOLATED)
_6268_/RESET_B                          0.750000    2.633721   -1.883721 (VIOLATED)
_6269_/RESET_B                          0.750000    2.633723   -1.883723 (VIOLATED)
_6267_/RESET_B                          0.750000    2.633681   -1.883681 (VIOLATED)
_6266_/RESET_B                          0.750000    2.633672   -1.883672 (VIOLATED)
_6343_/RESET_B                          0.750000    2.633656   -1.883656 (VIOLATED)
_6279_/RESET_B                          0.750000    2.633649   -1.883649 (VIOLATED)
_6276_/RESET_B                          0.750000    2.633646   -1.883647 (VIOLATED)
_6277_/RESET_B                          0.750000    2.633647   -1.883648 (VIOLATED)
_6278_/RESET_B                          0.750000    2.633648   -1.883648 (VIOLATED)
_6342_/RESET_B                          0.750000    2.633639   -1.883639 (VIOLATED)
_6340_/RESET_B                          0.750000    2.633623   -1.883623 (VIOLATED)
_6341_/RESET_B                          0.750000    2.633623   -1.883623 (VIOLATED)
_6263_/RESET_B                          0.750000    2.633588   -1.883588 (VIOLATED)
_6339_/RESET_B                          0.750000    2.633589   -1.883589 (VIOLATED)
_6264_/RESET_B                          0.750000    2.633585   -1.883585 (VIOLATED)
_6265_/RESET_B                          0.750000    2.633584   -1.883584 (VIOLATED)
_6338_/RESET_B                          0.750000    2.633565   -1.883565 (VIOLATED)
_6336_/RESET_B                          0.750000    2.633537   -1.883537 (VIOLATED)
_6337_/RESET_B                          0.750000    2.633538   -1.883538 (VIOLATED)
_6245_/RESET_B                          0.750000    2.633525   -1.883525 (VIOLATED)
_6246_/RESET_B                          0.750000    2.633526   -1.883526 (VIOLATED)
_6247_/RESET_B                          0.750000    2.633526   -1.883526 (VIOLATED)
_6242_/RESET_B                          0.750000    2.633523   -1.883523 (VIOLATED)
_6243_/RESET_B                          0.750000    2.633523   -1.883524 (VIOLATED)
_6244_/RESET_B                          0.750000    2.633523   -1.883523 (VIOLATED)
_6334_/RESET_B                          0.750000    2.633524   -1.883525 (VIOLATED)
_6241_/RESET_B                          0.750000    2.633518   -1.883518 (VIOLATED)
_6240_/RESET_B                          0.750000    2.633516   -1.883516 (VIOLATED)
_6239_/RESET_B                          0.750000    2.633512   -1.883512 (VIOLATED)
_6335_/RESET_B                          0.750000    2.633513   -1.883513 (VIOLATED)
_6236_/RESET_B                          0.750000    2.633503   -1.883503 (VIOLATED)
_6237_/RESET_B                          0.750000    2.633505   -1.883505 (VIOLATED)
_6238_/RESET_B                          0.750000    2.633505   -1.883505 (VIOLATED)
_6333_/RESET_B                          0.750000    2.633485   -1.883485 (VIOLATED)
_6332_/RESET_B                          0.750000    2.633450   -1.883450 (VIOLATED)
_6235_/RESET_B                          0.750000    2.633412   -1.883412 (VIOLATED)
_6234_/RESET_B                          0.750000    2.633387   -1.883387 (VIOLATED)
_6330_/RESET_B                          0.750000    2.633345   -1.883345 (VIOLATED)
_6331_/RESET_B                          0.750000    2.633305   -1.883305 (VIOLATED)
_6233_/RESET_B                          0.750000    2.633247   -1.883247 (VIOLATED)
_6329_/RESET_B                          0.750000    2.633232   -1.883232 (VIOLATED)
_6231_/RESET_B                          0.750000    2.633193   -1.883193 (VIOLATED)
_6232_/RESET_B                          0.750000    2.633193   -1.883193 (VIOLATED)
_6328_/RESET_B                          0.750000    2.633170   -1.883170 (VIOLATED)
_6302_/RESET_B                          0.750000    2.633126   -1.883127 (VIOLATED)
_6260_/RESET_B                          0.750000    2.633124   -1.883124 (VIOLATED)
_6303_/RESET_B                          0.750000    2.633126   -1.883126 (VIOLATED)
_6304_/RESET_B                          0.750000    2.633127   -1.883127 (VIOLATED)
_6305_/RESET_B                          0.750000    2.633125   -1.883125 (VIOLATED)
_6306_/RESET_B                          0.750000    2.633126   -1.883126 (VIOLATED)
_6230_/RESET_B                          0.750000    2.633119   -1.883119 (VIOLATED)
_6259_/RESET_B                          0.750000    2.633121   -1.883121 (VIOLATED)
_6255_/RESET_B                          0.750000    2.633117   -1.883117 (VIOLATED)
_6258_/RESET_B                          0.750000    2.633118   -1.883119 (VIOLATED)
_6254_/RESET_B                          0.750000    2.633111   -1.883111 (VIOLATED)
_6294_/RESET_B                          0.750000    2.633109   -1.883109 (VIOLATED)
_6295_/RESET_B                          0.750000    2.633108   -1.883108 (VIOLATED)
_6291_/RESET_B                          0.750000    2.633105   -1.883105 (VIOLATED)
_6292_/RESET_B                          0.750000    2.633105   -1.883105 (VIOLATED)
_6293_/RESET_B                          0.750000    2.633101   -1.883101 (VIOLATED)
_6256_/RESET_B                          0.750000    2.633094   -1.883094 (VIOLATED)
_6253_/RESET_B                          0.750000    2.633085   -1.883086 (VIOLATED)
_6296_/RESET_B                          0.750000    2.633087   -1.883087 (VIOLATED)
_6297_/RESET_B                          0.750000    2.633087   -1.883087 (VIOLATED)
_6298_/RESET_B                          0.750000    2.633087   -1.883087 (VIOLATED)
_6262_/RESET_B                          0.750000    2.633085   -1.883084 (VIOLATED)
_6261_/RESET_B                          0.750000    2.633080   -1.883080 (VIOLATED)
_6307_/RESET_B                          0.750000    2.633081   -1.883081 (VIOLATED)
_6309_/RESET_B                          0.750000    2.633080   -1.883080 (VIOLATED)
_6252_/RESET_B                          0.750000    2.633076   -1.883076 (VIOLATED)
_6300_/RESET_B                          0.750000    2.633078   -1.883078 (VIOLATED)
_6311_/RESET_B                          0.750000    2.633080   -1.883080 (VIOLATED)
_6299_/RESET_B                          0.750000    2.633076   -1.883076 (VIOLATED)
_6301_/RESET_B                          0.750000    2.633077   -1.883077 (VIOLATED)
_6308_/RESET_B                          0.750000    2.633078   -1.883078 (VIOLATED)
_6310_/RESET_B                          0.750000    2.633075   -1.883075 (VIOLATED)
_6327_/RESET_B                          0.750000    2.633077   -1.883077 (VIOLATED)
_6289_/RESET_B                          0.750000    2.633073   -1.883073 (VIOLATED)
_6257_/RESET_B                          0.750000    2.633066   -1.883067 (VIOLATED)
_6251_/RESET_B                          0.750000    2.633063   -1.883063 (VIOLATED)
_6326_/RESET_B                          0.750000    2.633063   -1.883064 (VIOLATED)
_6248_/RESET_B                          0.750000    2.633054   -1.883054 (VIOLATED)
_6249_/RESET_B                          0.750000    2.633053   -1.883053 (VIOLATED)
_6290_/RESET_B                          0.750000    2.633043   -1.883043 (VIOLATED)
_6250_/RESET_B                          0.750000    2.633041   -1.883041 (VIOLATED)
_6285_/RESET_B                          0.750000    2.633033   -1.883033 (VIOLATED)
_6283_/RESET_B                          0.750000    2.633029   -1.883029 (VIOLATED)
_6282_/RESET_B                          0.750000    2.633024   -1.883024 (VIOLATED)
_6219_/RESET_B                          0.750000    2.633018   -1.883019 (VIOLATED)
_6229_/RESET_B                          0.750000    2.633018   -1.883018 (VIOLATED)
_6218_/RESET_B                          0.750000    2.633016   -1.883016 (VIOLATED)
_6284_/RESET_B                          0.750000    2.633018   -1.883017 (VIOLATED)
_6280_/RESET_B                          0.750000    2.633013   -1.883013 (VIOLATED)
_6286_/RESET_B                          0.750000    2.633014   -1.883015 (VIOLATED)
_6287_/RESET_B                          0.750000    2.633014   -1.883014 (VIOLATED)
_6288_/RESET_B                          0.750000    2.633014   -1.883014 (VIOLATED)
_6281_/RESET_B                          0.750000    2.633011   -1.883011 (VIOLATED)
_6228_/RESET_B                          0.750000    2.633000   -1.883000 (VIOLATED)
_6312_/RESET_B                          0.750000    2.633000   -1.883000 (VIOLATED)
_6313_/RESET_B                          0.750000    2.632995   -1.882995 (VIOLATED)
_6227_/RESET_B                          0.750000    2.632973   -1.882973 (VIOLATED)
_6314_/RESET_B                          0.750000    2.632972   -1.882972 (VIOLATED)
_6325_/RESET_B                          0.750000    2.632972   -1.882972 (VIOLATED)
_6315_/RESET_B                          0.750000    2.632950   -1.882950 (VIOLATED)
_6324_/RESET_B                          0.750000    2.632947   -1.882947 (VIOLATED)
_6323_/RESET_B                          0.750000    2.632927   -1.882928 (VIOLATED)
_6322_/RESET_B                          0.750000    2.632901   -1.882901 (VIOLATED)
_6220_/RESET_B                          0.750000    2.632882   -1.882882 (VIOLATED)
_6321_/RESET_B                          0.750000    2.632880   -1.882880 (VIOLATED)
_6316_/RESET_B                          0.750000    2.632874   -1.882874 (VIOLATED)
_6320_/RESET_B                          0.750000    2.632869   -1.882869 (VIOLATED)
_6221_/RESET_B                          0.750000    2.632861   -1.882861 (VIOLATED)
_6317_/RESET_B                          0.750000    2.632863   -1.882863 (VIOLATED)
_6222_/RESET_B                          0.750000    2.632861   -1.882861 (VIOLATED)
_6223_/RESET_B                          0.750000    2.632861   -1.882861 (VIOLATED)
_6224_/RESET_B                          0.750000    2.632862   -1.882861 (VIOLATED)
_6225_/RESET_B                          0.750000    2.632862   -1.882862 (VIOLATED)
_6226_/RESET_B                          0.750000    2.632862   -1.882862 (VIOLATED)
_6318_/RESET_B                          0.750000    2.632855   -1.882855 (VIOLATED)
_6319_/RESET_B                          0.750000    2.632856   -1.882856 (VIOLATED)
rst_n                                   0.750000    2.632846   -1.882846 (VIOLATED)
_6248_/CLK                              0.750000    1.703658   -0.953659 (VIOLATED)
_6249_/CLK                              0.750000    1.703659   -0.953659 (VIOLATED)
_6251_/CLK                              0.750000    1.703657   -0.953657 (VIOLATED)
_6252_/CLK                              0.750000    1.703654   -0.953654 (VIOLATED)
_6296_/CLK                              0.750000    1.703650   -0.953650 (VIOLATED)
_6297_/CLK                              0.750000    1.703649   -0.953649 (VIOLATED)
_6298_/CLK                              0.750000    1.703650   -0.953650 (VIOLATED)
_6253_/CLK                              0.750000    1.703648   -0.953648 (VIOLATED)
_6256_/CLK                              0.750000    1.703646   -0.953646 (VIOLATED)
_6293_/CLK                              0.750000    1.703643   -0.953643 (VIOLATED)
_6291_/CLK                              0.750000    1.703634   -0.953634 (VIOLATED)
_6292_/CLK                              0.750000    1.703632   -0.953633 (VIOLATED)
_6250_/CLK                              0.750000    1.703631   -0.953631 (VIOLATED)
_6283_/CLK                              0.750000    1.703630   -0.953630 (VIOLATED)
_6285_/CLK                              0.750000    1.703631   -0.953631 (VIOLATED)
_6218_/CLK                              0.750000    1.703627   -0.953627 (VIOLATED)
_6219_/CLK                              0.750000    1.703628   -0.953628 (VIOLATED)
_6254_/CLK                              0.750000    1.703627   -0.953627 (VIOLATED)
_6294_/CLK                              0.750000    1.703627   -0.953627 (VIOLATED)
_6295_/CLK                              0.750000    1.703627   -0.953627 (VIOLATED)
_6315_/CLK                              0.750000    1.703627   -0.953627 (VIOLATED)
_6314_/CLK                              0.750000    1.703626   -0.953626 (VIOLATED)
_6255_/CLK                              0.750000    1.703624   -0.953624 (VIOLATED)
_6286_/CLK                              0.750000    1.703624   -0.953624 (VIOLATED)
_6312_/CLK                              0.750000    1.703624   -0.953624 (VIOLATED)
_6258_/CLK                              0.750000    1.703623   -0.953623 (VIOLATED)
_6287_/CLK                              0.750000    1.703622   -0.953622 (VIOLATED)
_6313_/CLK                              0.750000    1.703623   -0.953623 (VIOLATED)
_6259_/CLK                              0.750000    1.703619   -0.953620 (VIOLATED)
_6288_/CLK                              0.750000    1.703619   -0.953619 (VIOLATED)
_6304_/CLK                              0.750000    1.703617   -0.953617 (VIOLATED)
_6260_/CLK                              0.750000    1.703615   -0.953615 (VIOLATED)
_6281_/CLK                              0.750000    1.703616   -0.953616 (VIOLATED)
_6302_/CLK                              0.750000    1.703616   -0.953616 (VIOLATED)
_6280_/CLK                              0.750000    1.703615   -0.953615 (VIOLATED)
_6303_/CLK                              0.750000    1.703616   -0.953616 (VIOLATED)
_6284_/CLK                              0.750000    1.703610   -0.953610 (VIOLATED)
_6305_/CLK                              0.750000    1.703611   -0.953611 (VIOLATED)
_6306_/CLK                              0.750000    1.703605   -0.953605 (VIOLATED)
_6282_/CLK                              0.750000    1.703599   -0.953599 (VIOLATED)
_6220_/CLK                              0.750000    1.703575   -0.953575 (VIOLATED)
_6316_/CLK                              0.750000    1.703573   -0.953573 (VIOLATED)
_6307_/CLK                              0.750000    1.703572   -0.953572 (VIOLATED)
_6317_/CLK                              0.750000    1.703571   -0.953571 (VIOLATED)
_6221_/CLK                              0.750000    1.703567   -0.953567 (VIOLATED)
_6318_/CLK                              0.750000    1.703565   -0.953565 (VIOLATED)
_6222_/CLK                              0.750000    1.703562   -0.953562 (VIOLATED)
_6223_/CLK                              0.750000    1.703559   -0.953559 (VIOLATED)
_6290_/CLK                              0.750000    1.703559   -0.953559 (VIOLATED)
_6309_/CLK                              0.750000    1.703556   -0.953556 (VIOLATED)
_6224_/CLK                              0.750000    1.703547   -0.953547 (VIOLATED)
_6225_/CLK                              0.750000    1.703540   -0.953540 (VIOLATED)
_6226_/CLK                              0.750000    1.703532   -0.953532 (VIOLATED)
_6319_/CLK                              0.750000    1.703532   -0.953533 (VIOLATED)
_6320_/CLK                              0.750000    1.703531   -0.953531 (VIOLATED)
_6321_/CLK                              0.750000    1.703530   -0.953530 (VIOLATED)
_6322_/CLK                              0.750000    1.703526   -0.953526 (VIOLATED)
_6323_/CLK                              0.750000    1.703509   -0.953509 (VIOLATED)
_6257_/CLK                              0.750000    1.703502   -0.953502 (VIOLATED)
_6311_/CLK                              0.750000    1.703502   -0.953502 (VIOLATED)
_6324_/CLK                              0.750000    1.703495   -0.953495 (VIOLATED)
_6308_/CLK                              0.750000    1.703490   -0.953490 (VIOLATED)
_6310_/CLK                              0.750000    1.703489   -0.953489 (VIOLATED)
_6289_/CLK                              0.750000    1.703488   -0.953488 (VIOLATED)
_6227_/CLK                              0.750000    1.703478   -0.953478 (VIOLATED)
_6325_/CLK                              0.750000    1.703478   -0.953478 (VIOLATED)
_6299_/CLK                              0.750000    1.703463   -0.953463 (VIOLATED)
_6228_/CLK                              0.750000    1.703458   -0.953458 (VIOLATED)
_6301_/CLK                              0.750000    1.703456   -0.953456 (VIOLATED)
_6229_/CLK                              0.750000    1.703446   -0.953446 (VIOLATED)
_6300_/CLK                              0.750000    1.703437   -0.953437 (VIOLATED)
_6326_/CLK                              0.750000    1.703416   -0.953416 (VIOLATED)
_6327_/CLK                              0.750000    1.703407   -0.953407 (VIOLATED)
_6261_/CLK                              0.750000    1.703384   -0.953384 (VIOLATED)
_6230_/CLK                              0.750000    1.703379   -0.953379 (VIOLATED)
_6328_/CLK                              0.750000    1.703347   -0.953347 (VIOLATED)
_6329_/CLK                              0.750000    1.703308   -0.953308 (VIOLATED)
_6231_/CLK                              0.750000    1.703302   -0.953302 (VIOLATED)
_6232_/CLK                              0.750000    1.703302   -0.953302 (VIOLATED)
_6233_/CLK                              0.750000    1.703300   -0.953300 (VIOLATED)
_6331_/CLK                              0.750000    1.703259   -0.953259 (VIOLATED)
_6330_/CLK                              0.750000    1.703232   -0.953232 (VIOLATED)
_6234_/CLK                              0.750000    1.703204   -0.953204 (VIOLATED)
_6235_/CLK                              0.750000    1.703188   -0.953188 (VIOLATED)
_6332_/CLK                              0.750000    1.703162   -0.953162 (VIOLATED)
_6262_/CLK                              0.750000    1.703139   -0.953139 (VIOLATED)
_6333_/CLK                              0.750000    1.703129   -0.953129 (VIOLATED)
_6236_/CLK                              0.750000    1.703082   -0.953082 (VIOLATED)
_6237_/CLK                              0.750000    1.703081   -0.953081 (VIOLATED)
_6238_/CLK                              0.750000    1.703081   -0.953081 (VIOLATED)
_6239_/CLK                              0.750000    1.703053   -0.953053 (VIOLATED)
_6240_/CLK                              0.750000    1.703037   -0.953037 (VIOLATED)
_6241_/CLK                              0.750000    1.703024   -0.953024 (VIOLATED)
_6242_/CLK                              0.750000    1.703001   -0.953001 (VIOLATED)
_6243_/CLK                              0.750000    1.703001   -0.953001 (VIOLATED)
_6244_/CLK                              0.750000    1.703001   -0.953001 (VIOLATED)
_6245_/CLK                              0.750000    1.702969   -0.952969 (VIOLATED)
_6246_/CLK                              0.750000    1.702964   -0.952964 (VIOLATED)
_6247_/CLK                              0.750000    1.702963   -0.952963 (VIOLATED)
_6334_/CLK                              0.750000    1.702928   -0.952928 (VIOLATED)
_6335_/CLK                              0.750000    1.702928   -0.952928 (VIOLATED)
_6336_/CLK                              0.750000    1.702926   -0.952926 (VIOLATED)
_6337_/CLK                              0.750000    1.702924   -0.952924 (VIOLATED)
_6263_/CLK                              0.750000    1.702921   -0.952921 (VIOLATED)
_6338_/CLK                              0.750000    1.702922   -0.952922 (VIOLATED)
_6339_/CLK                              0.750000    1.702921   -0.952921 (VIOLATED)
_6264_/CLK                              0.750000    1.702919   -0.952919 (VIOLATED)
_6265_/CLK                              0.750000    1.702918   -0.952918 (VIOLATED)
_6340_/CLK                              0.750000    1.702919   -0.952919 (VIOLATED)
_6341_/CLK                              0.750000    1.702920   -0.952920 (VIOLATED)
_6342_/CLK                              0.750000    1.702914   -0.952914 (VIOLATED)
_6276_/CLK                              0.750000    1.702905   -0.952905 (VIOLATED)
_6277_/CLK                              0.750000    1.702903   -0.952903 (VIOLATED)
_6269_/CLK                              0.750000    1.702890   -0.952890 (VIOLATED)
_6278_/CLK                              0.750000    1.702885   -0.952885 (VIOLATED)
_6266_/CLK                              0.750000    1.702866   -0.952866 (VIOLATED)
_6267_/CLK                              0.750000    1.702866   -0.952866 (VIOLATED)
_6343_/CLK                              0.750000    1.702865   -0.952865 (VIOLATED)
_6279_/CLK                              0.750000    1.702862   -0.952862 (VIOLATED)
_6268_/CLK                              0.750000    1.702838   -0.952838 (VIOLATED)
_6270_/CLK                              0.750000    1.702802   -0.952802 (VIOLATED)
_6272_/CLK                              0.750000    1.702673   -0.952673 (VIOLATED)
_6275_/CLK                              0.750000    1.702660   -0.952660 (VIOLATED)
_6274_/CLK                              0.750000    1.702627   -0.952627 (VIOLATED)
_6273_/CLK                              0.750000    1.702564   -0.952564 (VIOLATED)
_6271_/CLK                              0.750000    1.702518   -0.952518 (VIOLATED)
clk                                     0.750000    1.702418   -0.952418 (VIOLATED)
_5718_/A                                0.750000    1.389588   -0.639588 (VIOLATED)
_5888_/C1                               0.750000    1.389588   -0.639589 (VIOLATED)
_5208_/A                                0.750000    1.389584   -0.639584 (VIOLATED)
_4901_/C1                               0.750000    1.389579   -0.639579 (VIOLATED)
_4486_/A                                0.750000    1.389569   -0.639569 (VIOLATED)
_4139_/A                                0.750000    1.389542   -0.639542 (VIOLATED)
_4030_/B1                               0.750000    1.389521   -0.639521 (VIOLATED)
_3933_/C1                               0.750000    1.389505   -0.639505 (VIOLATED)
_3750_/C1                               0.750000    1.389475   -0.639475 (VIOLATED)
_3588_/C1                               0.750000    1.389434   -0.639434 (VIOLATED)
_3318_/C1                               0.750000    1.389386   -0.639386 (VIOLATED)
_6036_/A                                0.750000    1.389374   -0.639374 (VIOLATED)
_6031_/B1                               0.750000    1.389357   -0.639357 (VIOLATED)
_6027_/B1                               0.750000    1.389346   -0.639346 (VIOLATED)
_6024_/A                                0.750000    1.389337   -0.639337 (VIOLATED)
_6019_/B1                               0.750000    1.389293   -0.639293 (VIOLATED)
_6014_/B1                               0.750000    1.389282   -0.639283 (VIOLATED)
_3316_/Y                                0.750000    1.388898   -0.638898 (VIOLATED)
_3634_/B                                0.750000    0.870553   -0.120553 (VIOLATED)
_3636_/B1                               0.750000    0.870553   -0.120553 (VIOLATED)
_3712_/B                                0.750000    0.870552   -0.120552 (VIOLATED)
_3805_/B                                0.750000    0.870549   -0.120549 (VIOLATED)
_4419_/B                                0.750000    0.870547   -0.120547 (VIOLATED)
_4541_/B1                               0.750000    0.870547   -0.120547 (VIOLATED)
_4542_/B                                0.750000    0.870547   -0.120547 (VIOLATED)
_3715_/A2                               0.750000    0.870547   -0.120547 (VIOLATED)
_4674_/B2                               0.750000    0.870542   -0.120542 (VIOLATED)
_4676_/B                                0.750000    0.870541   -0.120541 (VIOLATED)
_4828_/A2                               0.750000    0.870536   -0.120536 (VIOLATED)
_4829_/B                                0.750000    0.870536   -0.120536 (VIOLATED)
_4969_/B                                0.750000    0.870535   -0.120535 (VIOLATED)
_4968_/B1                               0.750000    0.870535   -0.120535 (VIOLATED)
_5121_/B1                               0.750000    0.870534   -0.120534 (VIOLATED)
_5122_/D                                0.750000    0.870534   -0.120534 (VIOLATED)
_5304_/B                                0.750000    0.870532   -0.120532 (VIOLATED)
_5457_/A2                               0.750000    0.870532   -0.120532 (VIOLATED)
_5471_/B1                               0.750000    0.870531   -0.120531 (VIOLATED)
_5472_/B                                0.750000    0.870530   -0.120530 (VIOLATED)
_5642_/B                                0.750000    0.870524   -0.120524 (VIOLATED)
_5640_/B1                               0.750000    0.870523   -0.120523 (VIOLATED)
_5822_/B                                0.750000    0.870521   -0.120521 (VIOLATED)
_5980_/A2                               0.750000    0.870517   -0.120517 (VIOLATED)
_5961_/B                                0.750000    0.870511   -0.120511 (VIOLATED)
_3518_/B                                0.750000    0.870475   -0.120475 (VIOLATED)
_3357_/A2                               0.750000    0.870475   -0.120475 (VIOLATED)
_3358_/B                                0.750000    0.870475   -0.120475 (VIOLATED)
_3409_/A2                               0.750000    0.870475   -0.120475 (VIOLATED)
_3112_/B                                0.750000    0.870473   -0.120473 (VIOLATED)
_3130_/B                                0.750000    0.870471   -0.120471 (VIOLATED)
_3212_/A1                               0.750000    0.870470   -0.120470 (VIOLATED)
_4097_/B                                0.750000    0.870470   -0.120470 (VIOLATED)
_6017_/B                                0.750000    0.870469   -0.120469 (VIOLATED)
_3080_/X                                0.750000    0.870468   -0.120468 (VIOLATED)
_3561_/D                                0.750000    0.850209   -0.100209 (VIOLATED)
_3903_/B                                0.750000    0.850208   -0.100208 (VIOLATED)
_3806_/A2                               0.750000    0.850206   -0.100206 (VIOLATED)
_3807_/B                                0.750000    0.850206   -0.100206 (VIOLATED)
_3718_/B1                               0.750000    0.850205   -0.100205 (VIOLATED)
_4301_/B1                               0.750000    0.850202   -0.100202 (VIOLATED)
_4302_/D                                0.750000    0.850202   -0.100202 (VIOLATED)
_3493_/B                                0.750000    0.850199   -0.100199 (VIOLATED)
_3494_/A2                               0.750000    0.850199   -0.100199 (VIOLATED)
_3381_/B                                0.750000    0.850197   -0.100197 (VIOLATED)
_4684_/B1                               0.750000    0.850196   -0.100196 (VIOLATED)
_3354_/A2                               0.750000    0.850196   -0.100196 (VIOLATED)
_3286_/B1                               0.750000    0.850192   -0.100192 (VIOLATED)
_5139_/B1                               0.750000    0.850192   -0.100192 (VIOLATED)
_5140_/D                                0.750000    0.850192   -0.100192 (VIOLATED)
_4983_/B                                0.750000    0.850191   -0.100191 (VIOLATED)
_4826_/B                                0.750000    0.850190   -0.100190 (VIOLATED)
_4825_/A2                               0.750000    0.850190   -0.100190 (VIOLATED)
_3194_/B                                0.750000    0.850189   -0.100189 (VIOLATED)
_3193_/B                                0.750000    0.850189   -0.100189 (VIOLATED)
_3111_/D                                0.750000    0.850186   -0.100186 (VIOLATED)
_3142_/B1                               0.750000    0.850185   -0.100185 (VIOLATED)
_3157_/D                                0.750000    0.850183   -0.100183 (VIOLATED)
_3215_/A2_N                             0.750000    0.850183   -0.100183 (VIOLATED)
_5978_/B                                0.750000    0.850180   -0.100180 (VIOLATED)
_5477_/B                                0.750000    0.850173   -0.100173 (VIOLATED)
_5648_/D                                0.750000    0.850173   -0.100173 (VIOLATED)
_5647_/B1                               0.750000    0.850173   -0.100173 (VIOLATED)
_3211_/B                                0.750000    0.850170   -0.100170 (VIOLATED)
_5820_/B                                0.750000    0.850169   -0.100169 (VIOLATED)
_3242_/B1                               0.750000    0.850165   -0.100165 (VIOLATED)
_6009_/A                                0.750000    0.850162   -0.100162 (VIOLATED)
_6010_/A1                               0.750000    0.850163   -0.100163 (VIOLATED)
_3997_/B1                               0.750000    0.850154   -0.100154 (VIOLATED)
_3998_/D                                0.750000    0.850154   -0.100154 (VIOLATED)
_3109_/X                                0.750000    0.850142   -0.100142 (VIOLATED)
_5775_/B2                               0.750000    0.848929   -0.098929 (VIOLATED)
_5943_/C                                0.750000    0.848928   -0.098928 (VIOLATED)
_5604_/C                                0.750000    0.848928   -0.098928 (VIOLATED)
_5434_/B2                               0.750000    0.848926   -0.098926 (VIOLATED)
_5261_/C                                0.750000    0.848924   -0.098924 (VIOLATED)
_5104_/A                                0.750000    0.848922   -0.098922 (VIOLATED)
_5105_/B2                               0.750000    0.848921   -0.098921 (VIOLATED)
_4952_/B2                               0.750000    0.848911   -0.098911 (VIOLATED)
_4951_/A                                0.750000    0.848910   -0.098910 (VIOLATED)
_4077_/A                                0.750000    0.848903   -0.098903 (VIOLATED)
_4078_/B2                               0.750000    0.848903   -0.098903 (VIOLATED)
_4184_/A                                0.750000    0.848902   -0.098902 (VIOLATED)
_4185_/B2                               0.750000    0.848902   -0.098902 (VIOLATED)
_4297_/A                                0.750000    0.848900   -0.098900 (VIOLATED)
_4298_/B2                               0.750000    0.848899   -0.098899 (VIOLATED)
_4808_/B2                               0.750000    0.848899   -0.098899 (VIOLATED)
_4807_/A                                0.750000    0.848897   -0.098897 (VIOLATED)
_4414_/A                                0.750000    0.848895   -0.098896 (VIOLATED)
_4415_/B2                               0.750000    0.848894   -0.098894 (VIOLATED)
_4535_/A                                0.750000    0.848887   -0.098887 (VIOLATED)
_4669_/B2                               0.750000    0.848887   -0.098887 (VIOLATED)
_4536_/B2                               0.750000    0.848886   -0.098886 (VIOLATED)
_4668_/A                                0.750000    0.848885   -0.098885 (VIOLATED)
_3978_/B2                               0.750000    0.848848   -0.098848 (VIOLATED)
_3977_/A                                0.750000    0.848848   -0.098848 (VIOLATED)
_3884_/B2                               0.750000    0.848848   -0.098848 (VIOLATED)
_3883_/A                                0.750000    0.848847   -0.098847 (VIOLATED)
_3795_/B2                               0.750000    0.848846   -0.098846 (VIOLATED)
_3796_/A                                0.750000    0.848846   -0.098846 (VIOLATED)
_3707_/B2                               0.750000    0.848845   -0.098845 (VIOLATED)
_3708_/A                                0.750000    0.848845   -0.098845 (VIOLATED)
_3630_/A                                0.750000    0.848842   -0.098842 (VIOLATED)
_3631_/B2                               0.750000    0.848842   -0.098842 (VIOLATED)
_3557_/A1                               0.750000    0.848837   -0.098837 (VIOLATED)
_3558_/A                                0.750000    0.848837   -0.098837 (VIOLATED)
_3308_/B                                0.750000    0.848836   -0.098836 (VIOLATED)
_3488_/C                                0.750000    0.848833   -0.098833 (VIOLATED)
_3421_/C                                0.750000    0.848832   -0.098832 (VIOLATED)
_3287_/C                                0.750000    0.848831   -0.098831 (VIOLATED)
_3286_/B2                               0.750000    0.848830   -0.098830 (VIOLATED)
_3288_/D                                0.750000    0.848830   -0.098830 (VIOLATED)
_6194_/A                                0.750000    0.848830   -0.098830 (VIOLATED)
_6288_/Q                                0.750000    0.848830   -0.098830 (VIOLATED)
_5775_/A3                               0.750000    0.820418   -0.070418 (VIOLATED)
_5776_/C                                0.750000    0.820417   -0.070417 (VIOLATED)
_5606_/A1                               0.750000    0.820417   -0.070417 (VIOLATED)
_5605_/A                                0.750000    0.820417   -0.070417 (VIOLATED)
_3883_/B                                0.750000    0.820416   -0.070416 (VIOLATED)
_3884_/A1                               0.750000    0.820416   -0.070416 (VIOLATED)
_3977_/B                                0.750000    0.820415   -0.070415 (VIOLATED)
_5434_/A1                               0.750000    0.820415   -0.070415 (VIOLATED)
_3978_/A1                               0.750000    0.820415   -0.070415 (VIOLATED)
_5262_/A                                0.750000    0.820413   -0.070413 (VIOLATED)
_4077_/B                                0.750000    0.820413   -0.070413 (VIOLATED)
_5103_/C                                0.750000    0.820413   -0.070413 (VIOLATED)
_4078_/A1                               0.750000    0.820412   -0.070412 (VIOLATED)
_5105_/A1                               0.750000    0.820411   -0.070411 (VIOLATED)
_4184_/B                                0.750000    0.820411   -0.070411 (VIOLATED)
_4185_/A1                               0.750000    0.820411   -0.070411 (VIOLATED)
_4297_/B                                0.750000    0.820408   -0.070408 (VIOLATED)
_4298_/A1                               0.750000    0.820407   -0.070407 (VIOLATED)
_4952_/A1                               0.750000    0.820405   -0.070405 (VIOLATED)
_4951_/B                                0.750000    0.820404   -0.070405 (VIOLATED)
_4414_/B                                0.750000    0.820402   -0.070402 (VIOLATED)
_4415_/A1                               0.750000    0.820401   -0.070401 (VIOLATED)
_4808_/A1                               0.750000    0.820397   -0.070397 (VIOLATED)
_4807_/B                                0.750000    0.820396   -0.070396 (VIOLATED)
_4535_/B                                0.750000    0.820394   -0.070394 (VIOLATED)
_4536_/A1                               0.750000    0.820393   -0.070393 (VIOLATED)
_4668_/B                                0.750000    0.820390   -0.070390 (VIOLATED)
_4669_/A1                               0.750000    0.820389   -0.070389 (VIOLATED)
_3308_/C                                0.750000    0.820375   -0.070375 (VIOLATED)
_3354_/A1                               0.750000    0.820375   -0.070375 (VIOLATED)
_3355_/A                                0.750000    0.820375   -0.070375 (VIOLATED)
_3356_/A                                0.750000    0.820375   -0.070375 (VIOLATED)
_3422_/A1                               0.750000    0.820375   -0.070375 (VIOLATED)
_3423_/C                                0.750000    0.820375   -0.070375 (VIOLATED)
_3489_/C                                0.750000    0.820375   -0.070375 (VIOLATED)
_3630_/B                                0.750000    0.820375   -0.070375 (VIOLATED)
_3631_/A1                               0.750000    0.820375   -0.070375 (VIOLATED)
_3707_/A1                               0.750000    0.820375   -0.070375 (VIOLATED)
_3708_/B                                0.750000    0.820375   -0.070375 (VIOLATED)
_3795_/A1                               0.750000    0.820375   -0.070375 (VIOLATED)
_3796_/B                                0.750000    0.820375   -0.070375 (VIOLATED)
_6195_/A                                0.750000    0.820375   -0.070375 (VIOLATED)
_6289_/Q                                0.750000    0.820375   -0.070375 (VIOLATED)
_4051_/B                                0.750000    0.800220   -0.050220 (VIOLATED)
_3883_/D                                0.750000    0.800218   -0.050218 (VIOLATED)
_3884_/B1                               0.750000    0.800218   -0.050218 (VIOLATED)
_3978_/A2                               0.750000    0.800216   -0.050216 (VIOLATED)
_3977_/C                                0.750000    0.800216   -0.050216 (VIOLATED)
_3794_/B                                0.750000    0.800211   -0.050212 (VIOLATED)
_3538_/B                                0.750000    0.800204   -0.050204 (VIOLATED)
_6039_/B                                0.750000    0.800189   -0.050189 (VIOLATED)
_3384_/A2                               0.750000    0.800179   -0.050179 (VIOLATED)
_3325_/B                                0.750000    0.800178   -0.050178 (VIOLATED)
_4195_/B1                               0.750000    0.800169   -0.050169 (VIOLATED)
_4194_/D                                0.750000    0.800166   -0.050166 (VIOLATED)
_4312_/A2                               0.750000    0.800159   -0.050159 (VIOLATED)
_4311_/B                                0.750000    0.800159   -0.050159 (VIOLATED)
_5439_/B1                               0.750000    0.800156   -0.050156 (VIOLATED)
_5163_/C                                0.750000    0.800156   -0.050156 (VIOLATED)
_5164_/A2                               0.750000    0.800156   -0.050156 (VIOLATED)
_5941_/B                                0.750000    0.800156   -0.050156 (VIOLATED)
_5006_/B1                               0.750000    0.800155   -0.050155 (VIOLATED)
_5007_/B                                0.750000    0.800155   -0.050155 (VIOLATED)
_4859_/B                                0.750000    0.800155   -0.050155 (VIOLATED)
_5935_/A2                               0.750000    0.800153   -0.050153 (VIOLATED)
_5797_/B                                0.750000    0.800152   -0.050152 (VIOLATED)
_4443_/B                                0.750000    0.800150   -0.050150 (VIOLATED)
_3261_/X                                0.750000    0.800149   -0.050149 (VIOLATED)
_4444_/A2                               0.750000    0.800149   -0.050149 (VIOLATED)
_4704_/A2                               0.750000    0.800149   -0.050149 (VIOLATED)
_4705_/C                                0.750000    0.800149   -0.050149 (VIOLATED)
_5560_/B                                0.750000    0.795959   -0.045959 (VIOLATED)
_5386_/B                                0.750000    0.795958   -0.045958 (VIOLATED)
_5385_/A2                               0.750000    0.795958   -0.045958 (VIOLATED)
_5059_/B                                0.750000    0.795956   -0.045956 (VIOLATED)
_5224_/B                                0.750000    0.795956   -0.045956 (VIOLATED)
_5223_/A2                               0.750000    0.795955   -0.045955 (VIOLATED)
_4914_/B                                0.750000    0.795936   -0.045936 (VIOLATED)
_4769_/B                                0.750000    0.795916   -0.045916 (VIOLATED)
_4768_/A2                               0.750000    0.795915   -0.045915 (VIOLATED)
_4627_/B                                0.750000    0.795901   -0.045901 (VIOLATED)
_4626_/A2                               0.750000    0.795897   -0.045898 (VIOLATED)
_4493_/B                                0.750000    0.795896   -0.045896 (VIOLATED)
_4374_/B                                0.750000    0.795881   -0.045881 (VIOLATED)
_5730_/B                                0.750000    0.795876   -0.045876 (VIOLATED)
_5901_/B                                0.750000    0.795876   -0.045876 (VIOLATED)
_4258_/B                                0.750000    0.795860   -0.045860 (VIOLATED)
_4149_/B                                0.750000    0.795803   -0.045803 (VIOLATED)
_4150_/A2                               0.750000    0.795801   -0.045801 (VIOLATED)
_4041_/B                                0.750000    0.795744   -0.045744 (VIOLATED)
_4042_/A2                               0.750000    0.795743   -0.045743 (VIOLATED)
_3944_/B                                0.750000    0.795686   -0.045686 (VIOLATED)
_3945_/A2                               0.750000    0.795684   -0.045684 (VIOLATED)
_3850_/B                                0.750000    0.795628   -0.045628 (VIOLATED)
_3851_/A2                               0.750000    0.795626   -0.045626 (VIOLATED)
_3759_/B                                0.750000    0.795576   -0.045576 (VIOLATED)
_3673_/B                                0.750000    0.795521   -0.045521 (VIOLATED)
_3597_/B                                0.750000    0.795352   -0.045352 (VIOLATED)
_3596_/A2                               0.750000    0.795304   -0.045304 (VIOLATED)
_3522_/B                                0.750000    0.795303   -0.045303 (VIOLATED)
_3073_/X                                0.750000    0.795262   -0.045262 (VIOLATED)
_3074_/B                                0.750000    0.795262   -0.045262 (VIOLATED)
_3938_/B                                0.750000    0.773101   -0.023101 (VIOLATED)
_3883_/C                                0.750000    0.773096   -0.023096 (VIOLATED)
_3884_/A2                               0.750000    0.773096   -0.023096 (VIOLATED)
_3796_/D                                0.750000    0.773089   -0.023089 (VIOLATED)
_3795_/B1                               0.750000    0.773089   -0.023089 (VIOLATED)
_3471_/B                                0.750000    0.773073   -0.023073 (VIOLATED)
_6037_/B                                0.750000    0.773067   -0.023067 (VIOLATED)
_3260_/B                                0.750000    0.773037   -0.023037 (VIOLATED)
_4085_/B1                               0.750000    0.773022   -0.023022 (VIOLATED)
_4084_/D                                0.750000    0.773022   -0.023022 (VIOLATED)
_4195_/A2                               0.750000    0.773021   -0.023021 (VIOLATED)
_4194_/C                                0.750000    0.773017   -0.023017 (VIOLATED)
_4319_/B                                0.750000    0.773001   -0.023001 (VIOLATED)
_4441_/D                                0.750000    0.772995   -0.022995 (VIOLATED)
_4442_/B1                               0.750000    0.772995   -0.022995 (VIOLATED)
_5109_/B                                0.750000    0.772990   -0.022990 (VIOLATED)
_5439_/A2                               0.750000    0.772990   -0.022990 (VIOLATED)
_5794_/B                                0.750000    0.772989   -0.022989 (VIOLATED)
_5006_/A2                               0.750000    0.772987   -0.022987 (VIOLATED)
_4862_/B                                0.750000    0.772987   -0.022987 (VIOLATED)
_4858_/A2                               0.750000    0.772987   -0.022987 (VIOLATED)
_5624_/A2                               0.750000    0.772987   -0.022987 (VIOLATED)
_5625_/B                                0.750000    0.772987   -0.022987 (VIOLATED)
_5795_/B                                0.750000    0.772987   -0.022987 (VIOLATED)
_5793_/A2                               0.750000    0.772987   -0.022987 (VIOLATED)
_3165_/X                                0.750000    0.772985   -0.022985 (VIOLATED)
_4716_/B                                0.750000    0.772985   -0.022985 (VIOLATED)
_3669_/B                                0.750000    0.768066   -0.018066 (VIOLATED)
_3752_/A2                               0.750000    0.768066   -0.018066 (VIOLATED)
_3631_/A2                               0.750000    0.768065   -0.018065 (VIOLATED)
_3630_/C                                0.750000    0.768065   -0.018065 (VIOLATED)
_3557_/A2                               0.750000    0.768062   -0.018062 (VIOLATED)
_3558_/B                                0.750000    0.768062   -0.018062 (VIOLATED)
_3272_/B                                0.750000    0.768047   -0.018047 (VIOLATED)
_4677_/A2                               0.750000    0.768046   -0.018046 (VIOLATED)
_4678_/B                                0.750000    0.768046   -0.018046 (VIOLATED)
_4957_/A2                               0.750000    0.768046   -0.018046 (VIOLATED)
_4958_/C                                0.750000    0.768045   -0.018045 (VIOLATED)
_6025_/B                                0.750000    0.768043   -0.018043 (VIOLATED)
_5124_/B                                0.750000    0.768043   -0.018043 (VIOLATED)
_3889_/A2                               0.750000    0.768043   -0.018043 (VIOLATED)
_3890_/C                                0.750000    0.768043   -0.018043 (VIOLATED)
_4092_/A2                               0.750000    0.768042   -0.018042 (VIOLATED)
_3991_/B                                0.750000    0.768041   -0.018041 (VIOLATED)
_3161_/A2                               0.750000    0.768041   -0.018041 (VIOLATED)
_5279_/A2                               0.750000    0.768041   -0.018041 (VIOLATED)
_3092_/B                                0.750000    0.768040   -0.018040 (VIOLATED)
_3077_/B                                0.750000    0.768038   -0.018038 (VIOLATED)
_5644_/B                                0.750000    0.768037   -0.018037 (VIOLATED)
_5812_/B                                0.750000    0.768036   -0.018037 (VIOLATED)
_5813_/B                                0.750000    0.768035   -0.018035 (VIOLATED)
_5811_/A2                               0.750000    0.768035   -0.018035 (VIOLATED)
_3065_/X                                0.750000    0.768024   -0.018024 (VIOLATED)
_3934_/A2                               0.750000    0.754522   -0.004522 (VIOLATED)
_3843_/B                                0.750000    0.754522   -0.004522 (VIOLATED)
_3707_/B1                               0.750000    0.754517   -0.004517 (VIOLATED)
_3708_/D                                0.750000    0.754516   -0.004516 (VIOLATED)
_3796_/C                                0.750000    0.754512   -0.004512 (VIOLATED)
_3795_/A2                               0.750000    0.754512   -0.004512 (VIOLATED)
_3403_/B                                0.750000    0.754488   -0.004488 (VIOLATED)
_6033_/B                                0.750000    0.754483   -0.004483 (VIOLATED)
_3164_/B                                0.750000    0.754452   -0.004452 (VIOLATED)
_3984_/B1                               0.750000    0.754448   -0.004448 (VIOLATED)
_3985_/D                                0.750000    0.754448   -0.004448 (VIOLATED)
_4085_/A2                               0.750000    0.754446   -0.004446 (VIOLATED)
_4084_/C                                0.750000    0.754445   -0.004445 (VIOLATED)
_4203_/B                                0.750000    0.754432   -0.004432 (VIOLATED)
_4959_/A2                               0.750000    0.754426   -0.004426 (VIOLATED)
_4960_/B                                0.750000    0.754426   -0.004426 (VIOLATED)
_5110_/B1                               0.750000    0.754425   -0.004425 (VIOLATED)
_5960_/B                                0.750000    0.754421   -0.004421 (VIOLATED)
_4441_/C                                0.750000    0.754413   -0.004413 (VIOLATED)
_4442_/A2                               0.750000    0.754412   -0.004412 (VIOLATED)
_4576_/B                                0.750000    0.754405   -0.004405 (VIOLATED)
_4861_/A2                               0.750000    0.754402   -0.004402 (VIOLATED)
_5455_/B                                0.750000    0.754402   -0.004402 (VIOLATED)
_5621_/B1                               0.750000    0.754402   -0.004402 (VIOLATED)
_3096_/X                                0.750000    0.754400   -0.004400 (VIOLATED)

max fanout

Pin                                   Limit Fanout  Slack
---------------------------------------------------------
_6219_/Q                                 10    248   -238 (VIOLATED)
clk                                      10    126   -116 (VIOLATED)
rst_n                                    10    126   -116 (VIOLATED)
_6288_/Q                                 10     42    -32 (VIOLATED)
_6289_/Q                                 10     42    -32 (VIOLATED)
_6280_/Q                                 10     41    -31 (VIOLATED)
_3109_/X                                 10     35    -25 (VIOLATED)
_3080_/X                                 10     34    -24 (VIOLATED)
_6087_/X                                 10     33    -23 (VIOLATED)
_6153_/X                                 10     32    -22 (VIOLATED)
_6290_/Q                                 10     32    -22 (VIOLATED)
_6292_/Q                                 10     32    -22 (VIOLATED)
_6285_/Q                                 10     31    -21 (VIOLATED)
_3073_/X                                 10     30    -20 (VIOLATED)
_6291_/Q                                 10     29    -19 (VIOLATED)
_6287_/Q                                 10     28    -18 (VIOLATED)
_3261_/X                                 10     27    -17 (VIOLATED)
_3165_/X                                 10     26    -16 (VIOLATED)
_3065_/X                                 10     25    -15 (VIOLATED)
_6251_/Q                                 10     25    -15 (VIOLATED)
_6286_/Q                                 10     25    -15 (VIOLATED)
_6293_/Q                                 10     25    -15 (VIOLATED)
_3069_/X                                 10     24    -14 (VIOLATED)
_3096_/X                                 10     24    -14 (VIOLATED)
_3326_/X                                 10     24    -14 (VIOLATED)
_3386_/X                                 10     24    -14 (VIOLATED)
_6294_/Q                                 10     24    -14 (VIOLATED)
_3067_/X                                 10     23    -13 (VIOLATED)
_6296_/Q                                 10     23    -13 (VIOLATED)
_3078_/X                                 10     22    -12 (VIOLATED)
_6295_/Q                                 10     22    -12 (VIOLATED)
_3523_/X                                 10     21    -11 (VIOLATED)
_6283_/Q                                 10     21    -11 (VIOLATED)
_6284_/Q                                 10     21    -11 (VIOLATED)
_6297_/Q                                 10     21    -11 (VIOLATED)
_6282_/Q                                 10     20    -10 (VIOLATED)
_6298_/Q                                 10     20    -10 (VIOLATED)
_6299_/Q                                 10     20    -10 (VIOLATED)
_3674_/X                                 10     18     -8 (VIOLATED)
_6249_/Q                                 10     18     -8 (VIOLATED)
_6300_/Q                                 10     18     -8 (VIOLATED)
_3107_/X                                 10     17     -7 (VIOLATED)
_3316_/Y                                 10     17     -7 (VIOLATED)
_3455_/X                                 10     17     -7 (VIOLATED)
_3598_/X                                 10     16     -6 (VIOLATED)
_6253_/Q                                 10     16     -6 (VIOLATED)
_6266_/Q                                 10     16     -6 (VIOLATED)
_6281_/Q                                 10     16     -6 (VIOLATED)
_6302_/Q                                 10     16     -6 (VIOLATED)
_3088_/X                                 10     15     -5 (VIOLATED)
_3192_/X                                 10     15     -5 (VIOLATED)
_3317_/X                                 10     15     -5 (VIOLATED)
_6263_/Q                                 10     15     -5 (VIOLATED)
_6267_/Q                                 10     15     -5 (VIOLATED)
_6301_/Q                                 10     15     -5 (VIOLATED)
_3072_/X                                 10     14     -4 (VIOLATED)
_6248_/Q                                 10     14     -4 (VIOLATED)
_6252_/Q                                 10     14     -4 (VIOLATED)
_6259_/Q                                 10     14     -4 (VIOLATED)
_6261_/Q                                 10     14     -4 (VIOLATED)
_6264_/Q                                 10     14     -4 (VIOLATED)
_6265_/Q                                 10     14     -4 (VIOLATED)
_6269_/Q                                 10     14     -4 (VIOLATED)
_6303_/Q                                 10     14     -4 (VIOLATED)
_3760_/X                                 10     13     -3 (VIOLATED)
_3847_/X                                 10     13     -3 (VIOLATED)
_6250_/Q                                 10     13     -3 (VIOLATED)
_6271_/Q                                 10     13     -3 (VIOLATED)
_6304_/Q                                 10     13     -3 (VIOLATED)
_6305_/Q                                 10     13     -3 (VIOLATED)
_3941_/X                                 10     12     -2 (VIOLATED)
_6254_/Q                                 10     12     -2 (VIOLATED)
_4259_/X                                 10     11        (VIOLATED)
_6255_/Q                                 10     11        (VIOLATED)
_6268_/Q                                 10     11        (VIOLATED)
_6270_/Q                                 10     11        (VIOLATED)
_6272_/Q                                 10     11        (VIOLATED)
_6306_/Q                                 10     11        (VIOLATED)

max capacitance

Pin                                        Limit         Cap       Slack
------------------------------------------------------------------------
_6219_/Q                                0.200000    0.615016   -0.415016 (VIOLATED)
rst_n                                   0.200000    0.591704   -0.391704 (VIOLATED)
clk                                     0.200000    0.383391   -0.183391 (VIOLATED)



===========================================================================
report_parasitic_annotation -report_unannotated
============================================================================
Found 0 unannotated drivers.
Found 0 partially unannotated drivers.

===========================================================================
max slew violation count 815
Writing metric design__max_slew_violation__count__corner:nom_tt_025C_1v80: 815
max fanout violation count 78
Writing metric design__max_fanout_violation__count__corner:nom_tt_025C_1v80: 78
max cap violation count 3
Writing metric design__max_cap_violation__count__corner:nom_tt_025C_1v80: 3
============================================================================

===========================================================================
check_setup -verbose -unconstrained_endpoints -multiple_clock -no_clock -no_input_delay -loops -generated_clocks
===========================================================================
