Clock: clk
Sources: clk 
Generated: no
Virtual: yes
Propagated: no
Period: 15.000000

===========================================================================
report_clock_properties
============================================================================
Clock                   Period          Waveform
----------------------------------------------------
clk                  15.000000    0.000000  7.500000

===========================================================================
report_clock_latency
============================================================================
Clock clk
rise -> rise
    min     max
0.000000 0.000000 source latency
1.164484         network latency _6271_/CLK
        1.191580 network latency _6248_/CLK
---------------
1.164484 1.191580 latency
        0.027096 skew

fall -> fall
    min     max
0.000000 0.000000 source latency
0.575094         network latency _6271_/CLK
        0.600670 network latency _6249_/CLK
---------------
0.575094 0.600670 latency
        0.025576 skew



===========================================================================
report_clock_min_period
============================================================================
clk period_min = 11.33 fmax = 88.23
