[WARNING ORD-0039] .openroad ignored with -python
                                Cells by Master                                 
┏━━━━━━━━━━━━━━━━━━━━━━━━━━━━━━━━━━━━━━━━━━━━━━━━━━━━━━━━━━━━━━━━┳━━━━━━━━━━━━━┓
┃ Cell                                                           ┃ Count       ┃
┡━━━━━━━━━━━━━━━━━━━━━━━━━━━━━━━━━━━━━━━━━━━━━━━━━━━━━━━━━━━━━━━━╇━━━━━━━━━━━━━┩
│ sky130_ef_sc_hd__decap_12                                      │ 2454        │
│ sky130_fd_sc_hd__a2111o_1                                      │ 1           │
│ sky130_fd_sc_hd__a211o_1                                       │ 3           │
│ sky130_fd_sc_hd__a211o_4                                       │ 2           │
│ sky130_fd_sc_hd__a211oi_2                                      │ 4           │
│ sky130_fd_sc_hd__a21bo_1                                       │ 36          │
│ sky130_fd_sc_hd__a21bo_4                                       │ 1           │
│ sky130_fd_sc_hd__a21boi_1                                      │ 2           │
│ sky130_fd_sc_hd__a21boi_2                                      │ 2           │
│ sky130_fd_sc_hd__a21boi_4                                      │ 1           │
│ sky130_fd_sc_hd__a21o_1                                        │ 116         │
│ sky130_fd_sc_hd__a21o_2                                        │ 3           │
│ sky130_fd_sc_hd__a21o_4                                        │ 1           │
│ sky130_fd_sc_hd__a21oi_1                                       │ 85          │
│ sky130_fd_sc_hd__a21oi_2                                       │ 20          │
│ sky130_fd_sc_hd__a21oi_4                                       │ 9           │
│ sky130_fd_sc_hd__a221o_2                                       │ 1           │
│ sky130_fd_sc_hd__a22o_1                                        │ 80          │
│ sky130_fd_sc_hd__a22oi_1                                       │ 11          │
│ sky130_fd_sc_hd__a22oi_4                                       │ 1           │
│ sky130_fd_sc_hd__a2bb2o_1                                      │ 1           │
│ sky130_fd_sc_hd__a2bb2o_4                                      │ 2           │
│ sky130_fd_sc_hd__a311o_1                                       │ 1           │
│ sky130_fd_sc_hd__a311o_4                                       │ 1           │
│ sky130_fd_sc_hd__a311oi_2                                      │ 5           │
│ sky130_fd_sc_hd__a311oi_4                                      │ 1           │
│ sky130_fd_sc_hd__a31o_1                                        │ 52          │
│ sky130_fd_sc_hd__a31oi_1                                       │ 1           │
│ sky130_fd_sc_hd__a31oi_2                                       │ 3           │
│ sky130_fd_sc_hd__a32o_1                                        │ 9           │
│ sky130_fd_sc_hd__a32o_2                                        │ 2           │
│ sky130_fd_sc_hd__a32oi_2                                       │ 1           │
│ sky130_fd_sc_hd__a32oi_4                                       │ 4           │
│ sky130_fd_sc_hd__a41oi_4                                       │ 2           │
│ sky130_fd_sc_hd__and2_1                                        │ 189         │
│ sky130_fd_sc_hd__and2_2                                        │ 13          │
│ sky130_fd_sc_hd__and2_4                                        │ 22          │
│ sky130_fd_sc_hd__and2b_1                                       │ 118         │
│ sky130_fd_sc_hd__and3_1                                        │ 264         │
│ sky130_fd_sc_hd__and3_2                                        │ 1           │
│ sky130_fd_sc_hd__and3_4                                        │ 9           │
│ sky130_fd_sc_hd__and4_1                                        │ 3           │
│ sky130_fd_sc_hd__and4bb_1                                      │ 1           │
│ sky130_fd_sc_hd__buf_1                                         │ 6           │
│ sky130_fd_sc_hd__buf_12                                        │ 4           │
│ sky130_fd_sc_hd__buf_2                                         │ 70          │
│ sky130_fd_sc_hd__buf_4                                         │ 18          │
│ sky130_fd_sc_hd__buf_6                                         │ 44          │
│ sky130_fd_sc_hd__buf_8                                         │ 14          │
│ sky130_fd_sc_hd__bufinv_16                                     │ 1           │
│ sky130_fd_sc_hd__clkbuf_1                                      │ 7           │
│ sky130_fd_sc_hd__clkbuf_16                                     │ 1           │
│ sky130_fd_sc_hd__clkbuf_2                                      │ 57          │
│ sky130_fd_sc_hd__clkbuf_4                                      │ 67          │
│ sky130_fd_sc_hd__clkbuf_8                                      │ 19          │
│ sky130_fd_sc_hd__clkinv_2                                      │ 2           │
│ sky130_fd_sc_hd__clkinv_4                                      │ 3           │
│ sky130_fd_sc_hd__decap_3                                       │ 686         │
│ sky130_fd_sc_hd__decap_4                                       │ 454         │
│ sky130_fd_sc_hd__decap_6                                       │ 484         │
│ sky130_fd_sc_hd__decap_8                                       │ 623         │
│ sky130_fd_sc_hd__dfrtp_1                                       │ 90          │
│ sky130_fd_sc_hd__dfrtp_2                                       │ 11          │
│ sky130_fd_sc_hd__dfrtp_4                                       │ 25          │
│ sky130_fd_sc_hd__diode_2                                       │ 15          │
│ sky130_fd_sc_hd__dlygate4sd1_1                                 │ 23          │
│ sky130_fd_sc_hd__dlygate4sd3_1                                 │ 34          │
│ sky130_fd_sc_hd__dlymetal6s2s_1                                │ 16          │
│ sky130_fd_sc_hd__fill_1                                        │ 1129        │
│ sky130_fd_sc_hd__fill_2                                        │ 563         │
│ sky130_fd_sc_hd__inv_2                                         │ 26          │
│ sky130_fd_sc_hd__inv_4                                         │ 2           │
│ sky130_fd_sc_hd__inv_6                                         │ 3           │
│ sky130_fd_sc_hd__nand2_1                                       │ 439         │
│ sky130_fd_sc_hd__nand2_2                                       │ 20          │
│ sky130_fd_sc_hd__nand2_4                                       │ 3           │
│ sky130_fd_sc_hd__nand2b_1                                      │ 116         │
│ sky130_fd_sc_hd__nand2b_2                                      │ 1           │
│ sky130_fd_sc_hd__nand2b_4                                      │ 3           │
│ sky130_fd_sc_hd__nand3_1                                       │ 40          │
│ sky130_fd_sc_hd__nand3_2                                       │ 5           │
│ sky130_fd_sc_hd__nand4_1                                       │ 46          │
│ sky130_fd_sc_hd__nand4_2                                       │ 12          │
│ sky130_fd_sc_hd__nand4_4                                       │ 3           │
│ sky130_fd_sc_hd__nor2_1                                        │ 221         │
│ sky130_fd_sc_hd__nor2_2                                        │ 15          │
│ sky130_fd_sc_hd__nor2_4                                        │ 1           │
│ sky130_fd_sc_hd__nor2_8                                        │ 1           │
│ sky130_fd_sc_hd__nor3_1                                        │ 9           │
│ sky130_fd_sc_hd__nor3_2                                        │ 3           │
│ sky130_fd_sc_hd__nor3_4                                        │ 1           │
│ sky130_fd_sc_hd__nor3b_2                                       │ 2           │
│ sky130_fd_sc_hd__o2111a_4                                      │ 1           │
│ sky130_fd_sc_hd__o2111ai_2                                     │ 1           │
│ sky130_fd_sc_hd__o211a_1                                       │ 5           │
│ sky130_fd_sc_hd__o211a_4                                       │ 2           │
│ sky130_fd_sc_hd__o211ai_2                                      │ 1           │
│ sky130_fd_sc_hd__o211ai_4                                      │ 2           │
│ sky130_fd_sc_hd__o21a_1                                        │ 42          │
│ sky130_fd_sc_hd__o21a_2                                        │ 1           │
│ sky130_fd_sc_hd__o21ai_1                                       │ 60          │
│ sky130_fd_sc_hd__o21ai_2                                       │ 20          │
│ sky130_fd_sc_hd__o21ai_4                                       │ 6           │
│ sky130_fd_sc_hd__o21ba_1                                       │ 13          │
│ sky130_fd_sc_hd__o21ba_4                                       │ 2           │
│ sky130_fd_sc_hd__o21bai_1                                      │ 5           │
│ sky130_fd_sc_hd__o21bai_2                                      │ 1           │
│ sky130_fd_sc_hd__o21bai_4                                      │ 1           │
│ sky130_fd_sc_hd__o22a_1                                        │ 1           │
│ sky130_fd_sc_hd__o2bb2a_1                                      │ 7           │
│ sky130_fd_sc_hd__o2bb2a_4                                      │ 1           │
│ sky130_fd_sc_hd__o311a_1                                       │ 2           │
│ sky130_fd_sc_hd__o311a_4                                       │ 5           │
│ sky130_fd_sc_hd__o311ai_4                                      │ 1           │
│ sky130_fd_sc_hd__o31a_1                                        │ 1           │
│ sky130_fd_sc_hd__o31ai_1                                       │ 1           │
│ sky130_fd_sc_hd__o31ai_4                                       │ 1           │
│ sky130_fd_sc_hd__o32a_1                                        │ 2           │
│ sky130_fd_sc_hd__o41a_1                                        │ 4           │
│ sky130_fd_sc_hd__o41a_4                                        │ 1           │
│ sky130_fd_sc_hd__or2_1                                         │ 101         │
│ sky130_fd_sc_hd__or2_2                                         │ 1           │
│ sky130_fd_sc_hd__or2_4                                         │ 10          │
│ sky130_fd_sc_hd__or3_1                                         │ 18          │
│ sky130_fd_sc_hd__or3_4                                         │ 5           │
│ sky130_fd_sc_hd__or3b_1                                        │ 2           │
│ sky130_fd_sc_hd__or4_1                                         │ 4           │
│ sky130_fd_sc_hd__or4_2                                         │ 1           │
│ sky130_fd_sc_hd__or4_4                                         │ 1           │
│ sky130_fd_sc_hd__tapvpwrvgnd_1                                 │ 1210        │
│ sky130_fd_sc_hd__xnor2_1                                       │ 359         │
│ sky130_fd_sc_hd__xnor2_2                                       │ 127         │
│ sky130_fd_sc_hd__xnor2_4                                       │ 11          │
│ sky130_fd_sc_hd__xor2_1                                        │ 181         │
│ sky130_fd_sc_hd__xor2_2                                        │ 84          │
│ sky130_fd_sc_hd__xor2_4                                        │ 10          │
└────────────────────────────────────────────────────────────────┴─────────────┘
                               Cells by Function                                
┏━━━━━━━━━━━━━━━━━━━━━━━━━━━━━━━━━━━━━━━━━━━━━━━━━━━━━━━━━━━━━━━┳━━━━━━━━━━━━━━┓
┃ Cell Function                                                 ┃ Count        ┃
┡━━━━━━━━━━━━━━━━━━━━━━━━━━━━━━━━━━━━━━━━━━━━━━━━━━━━━━━━━━━━━━━╇━━━━━━━━━━━━━━┩
│ sky130_ef_sc_hd__decap                                        │ 2454         │
│ sky130_fd_sc_hd__a2111o                                       │ 1            │
│ sky130_fd_sc_hd__a211o                                        │ 5            │
│ sky130_fd_sc_hd__a211oi                                       │ 4            │
│ sky130_fd_sc_hd__a21bo                                        │ 37           │
│ sky130_fd_sc_hd__a21boi                                       │ 5            │
│ sky130_fd_sc_hd__a21o                                         │ 120          │
│ sky130_fd_sc_hd__a21oi                                        │ 114          │
│ sky130_fd_sc_hd__a221o                                        │ 1            │
│ sky130_fd_sc_hd__a22o                                         │ 80           │
│ sky130_fd_sc_hd__a22oi                                        │ 12           │
│ sky130_fd_sc_hd__a2bb2o                                       │ 3            │
│ sky130_fd_sc_hd__a311o                                        │ 2            │
│ sky130_fd_sc_hd__a311oi                                       │ 6            │
│ sky130_fd_sc_hd__a31o                                         │ 52           │
│ sky130_fd_sc_hd__a31oi                                        │ 4            │
│ sky130_fd_sc_hd__a32o                                         │ 11           │
│ sky130_fd_sc_hd__a32oi                                        │ 5            │
│ sky130_fd_sc_hd__a41oi                                        │ 2            │
│ sky130_fd_sc_hd__and2                                         │ 224          │
│ sky130_fd_sc_hd__and2b                                        │ 118          │
│ sky130_fd_sc_hd__and3                                         │ 274          │
│ sky130_fd_sc_hd__and4                                         │ 3            │
│ sky130_fd_sc_hd__and4bb                                       │ 1            │
│ sky130_fd_sc_hd__buf                                          │ 156          │
│ sky130_fd_sc_hd__bufinv                                       │ 1            │
│ sky130_fd_sc_hd__clkbuf                                       │ 151          │
│ sky130_fd_sc_hd__clkinv                                       │ 5            │
│ sky130_fd_sc_hd__decap                                        │ 2247         │
│ sky130_fd_sc_hd__dfrtp                                        │ 126          │
│ sky130_fd_sc_hd__diode                                        │ 15           │
│ sky130_fd_sc_hd__dlygate4sd1                                  │ 23           │
│ sky130_fd_sc_hd__dlygate4sd3                                  │ 34           │
│ sky130_fd_sc_hd__dlymetal6s2s                                 │ 16           │
│ sky130_fd_sc_hd__fill                                         │ 1692         │
│ sky130_fd_sc_hd__inv                                          │ 31           │
│ sky130_fd_sc_hd__nand2                                        │ 462          │
│ sky130_fd_sc_hd__nand2b                                       │ 120          │
│ sky130_fd_sc_hd__nand3                                        │ 45           │
│ sky130_fd_sc_hd__nand4                                        │ 61           │
│ sky130_fd_sc_hd__nor2                                         │ 238          │
│ sky130_fd_sc_hd__nor3                                         │ 13           │
│ sky130_fd_sc_hd__nor3b                                        │ 2            │
│ sky130_fd_sc_hd__o2111a                                       │ 1            │
│ sky130_fd_sc_hd__o2111ai                                      │ 1            │
│ sky130_fd_sc_hd__o211a                                        │ 7            │
│ sky130_fd_sc_hd__o211ai                                       │ 3            │
│ sky130_fd_sc_hd__o21a                                         │ 43           │
│ sky130_fd_sc_hd__o21ai                                        │ 86           │
│ sky130_fd_sc_hd__o21ba                                        │ 15           │
│ sky130_fd_sc_hd__o21bai                                       │ 7            │
│ sky130_fd_sc_hd__o22a                                         │ 1            │
│ sky130_fd_sc_hd__o2bb2a                                       │ 8            │
│ sky130_fd_sc_hd__o311a                                        │ 7            │
│ sky130_fd_sc_hd__o311ai                                       │ 1            │
│ sky130_fd_sc_hd__o31a                                         │ 1            │
│ sky130_fd_sc_hd__o31ai                                        │ 2            │
│ sky130_fd_sc_hd__o32a                                         │ 2            │
│ sky130_fd_sc_hd__o41a                                         │ 5            │
│ sky130_fd_sc_hd__or2                                          │ 112          │
│ sky130_fd_sc_hd__or3                                          │ 23           │
│ sky130_fd_sc_hd__or3b                                         │ 2            │
│ sky130_fd_sc_hd__or4                                          │ 6            │
│ sky130_fd_sc_hd__tapvpwrvgnd                                  │ 1210         │
│ sky130_fd_sc_hd__xnor2                                        │ 497          │
│ sky130_fd_sc_hd__xor2                                         │ 275          │
└───────────────────────────────────────────────────────────────┴──────────────┘
                                  Cells by SCL                                  
┏━━━━━━━━━━━━━━━━━━━━━━━━━━━━━━━━━━━━━━━━━━━━━━━━━━━━━━━┳━━━━━━━━━━━━━━━━━━━━━━┓
┃ SCL                                                   ┃ Count                ┃
┡━━━━━━━━━━━━━━━━━━━━━━━━━━━━━━━━━━━━━━━━━━━━━━━━━━━━━━━╇━━━━━━━━━━━━━━━━━━━━━━┩
│ sky130_ef_sc_hd                                       │ 2454                 │
│ sky130_fd_sc_hd                                       │ 8837                 │
└───────────────────────────────────────────────────────┴──────────────────────┘
                             Buffers by Cell Master                             
┏━━━━━━━━━━━━━━━━━━━━━━━━━━━━━━━━━━━━━━━━━━━━━━━━━━━━━━━━━━━━━━━━┳━━━━━━━━━━━━━┓
┃ Buffer                                                         ┃ Count       ┃
┡━━━━━━━━━━━━━━━━━━━━━━━━━━━━━━━━━━━━━━━━━━━━━━━━━━━━━━━━━━━━━━━━╇━━━━━━━━━━━━━┩
│ sky130_fd_sc_hd__buf_1                                         │ 6           │
│ sky130_fd_sc_hd__buf_12                                        │ 4           │
│ sky130_fd_sc_hd__buf_2                                         │ 70          │
│ sky130_fd_sc_hd__buf_4                                         │ 18          │
│ sky130_fd_sc_hd__buf_6                                         │ 44          │
│ sky130_fd_sc_hd__buf_8                                         │ 14          │
│ sky130_fd_sc_hd__clkbuf_1                                      │ 7           │
│ sky130_fd_sc_hd__clkbuf_16                                     │ 1           │
│ sky130_fd_sc_hd__clkbuf_2                                      │ 57          │
│ sky130_fd_sc_hd__clkbuf_4                                      │ 67          │
│ sky130_fd_sc_hd__clkbuf_8                                      │ 19          │
│ sky130_fd_sc_hd__dlygate4sd1_1                                 │ 23          │
│ sky130_fd_sc_hd__dlygate4sd3_1                                 │ 34          │
│ sky130_fd_sc_hd__dlymetal6s2s_1                                │ 16          │
└────────────────────────────────────────────────────────────────┴─────────────┘
