
===========================================================================
report_checks -unconstrained
===========================================================================
======================= min_ss_100C_1v60 Corner ===================================

Startpoint: rst_n (input port clocked by clk)
Endpoint: _6341_ (recovery check against rising-edge clock clk)
Path Group: asynchronous
Path Type: max

Fanout         Cap        Slew       Delay        Time   Description
---------------------------------------------------------------------------------------------
                                  0.000000    0.000000   clock clk (rise edge)
                                  0.000000    0.000000   clock network delay (propagated)
                                  2.000000    2.000000 ^ input external delay
     1    0.002509    0.030338    0.014235    2.014235 ^ rst_n (in)
                                                         rst_n (net)
                      0.030338    0.000000    2.014235 ^ input1/A (sky130_fd_sc_hd__clkbuf_1)
     1    0.004063    0.094239    0.149496    2.163732 ^ input1/X (sky130_fd_sc_hd__clkbuf_1)
                                                         net1 (net)
                      0.094239    0.000068    2.163799 ^ fanout255/A (sky130_fd_sc_hd__clkbuf_4)
     5    0.069554    0.333935    0.453560    2.617359 ^ fanout255/X (sky130_fd_sc_hd__clkbuf_4)
                                                         net255 (net)
                      0.333942    0.002014    2.619373 ^ fanout254/A (sky130_fd_sc_hd__buf_4)
    10    0.080119    0.354771    0.529519    3.148892 ^ fanout254/X (sky130_fd_sc_hd__buf_4)
                                                         net254 (net)
                      0.354771    0.000225    3.149117 ^ fanout253/A (sky130_fd_sc_hd__buf_4)
    10    0.061402    0.278609    0.485111    3.634228 ^ fanout253/X (sky130_fd_sc_hd__buf_4)
                                                         net253 (net)
                      0.278649    0.003421    3.637648 ^ fanout252/A (sky130_fd_sc_hd__clkbuf_4)
    10    0.048582    0.242411    0.469623    4.107271 ^ fanout252/X (sky130_fd_sc_hd__clkbuf_4)
                                                         net252 (net)
                      0.242412    0.001154    4.108424 ^ fanout250/A (sky130_fd_sc_hd__clkbuf_4)
    10    0.045180    0.227336    0.442685    4.551109 ^ fanout250/X (sky130_fd_sc_hd__clkbuf_4)
                                                         net250 (net)
                      0.227347    0.001863    4.552972 ^ _6341_/RESET_B (sky130_fd_sc_hd__dfrtp_1)
                                              4.552972   data arrival time

                                 10.000000   10.000000   clock clk (rise edge)
                                  0.000000   10.000000   clock source latency
     1    0.044703    0.322025    0.227266   10.227266 ^ clk (in)
                                                         clk (net)
                      0.322232    0.000000   10.227266 ^ clkbuf_0_clk/A (sky130_fd_sc_hd__clkbuf_16)
    16    0.186940    0.296225    0.518204   10.745471 ^ clkbuf_0_clk/X (sky130_fd_sc_hd__clkbuf_16)
                                                         clknet_0_clk (net)
                      0.296577    0.008343   10.753813 ^ clkbuf_4_11_0_clk/A (sky130_fd_sc_hd__clkbuf_8)
     8    0.031478    0.110790    0.363309   11.117122 ^ clkbuf_4_11_0_clk/X (sky130_fd_sc_hd__clkbuf_8)
                                                         clknet_4_11_0_clk (net)
                      0.110790    0.000508   11.117630 ^ _6341_/CLK (sky130_fd_sc_hd__dfrtp_1)
                                 -0.250000   10.867630   clock uncertainty
                                  0.000000   10.867630   clock reconvergence pessimism
                                  0.418035   11.285666   library recovery time
                                             11.285666   data required time
---------------------------------------------------------------------------------------------
                                             11.285666   data required time
                                             -4.552972   data arrival time
---------------------------------------------------------------------------------------------
                                              6.732693   slack (MET)


Startpoint: _6219_ (rising edge-triggered flip-flop clocked by clk)
Endpoint: monitor_out[31] (output port clocked by clk)
Path Group: clk
Path Type: max

Fanout         Cap        Slew       Delay        Time   Description
---------------------------------------------------------------------------------------------
                                  0.000000    0.000000   clock clk (rise edge)
                                  0.000000    0.000000   clock source latency
     1    0.044703    0.322025    0.227266    0.227266 ^ clk (in)
                                                         clk (net)
                      0.322232    0.000000    0.227266 ^ clkbuf_0_clk/A (sky130_fd_sc_hd__clkbuf_16)
    16    0.186940    0.296225    0.518204    0.745470 ^ clkbuf_0_clk/X (sky130_fd_sc_hd__clkbuf_16)
                                                         clknet_0_clk (net)
                      0.296265    0.002900    0.748370 ^ clkbuf_4_1_0_clk/A (sky130_fd_sc_hd__clkbuf_8)
    12    0.037053    0.123803    0.373278    1.121648 ^ clkbuf_4_1_0_clk/X (sky130_fd_sc_hd__clkbuf_8)
                                                         clknet_4_1_0_clk (net)
                      0.123814    0.001265    1.122912 ^ _6219_/CLK (sky130_fd_sc_hd__dfrtp_1)
     1    0.006327    0.120311    0.702673    1.825585 ^ _6219_/Q (sky130_fd_sc_hd__dfrtp_1)
                                                         core.dsp_valid_out (net)
                      0.120311    0.000093    1.825678 ^ fanout238/A (sky130_fd_sc_hd__buf_6)
     5    0.057052    0.189909    0.294562    2.120241 ^ fanout238/X (sky130_fd_sc_hd__buf_6)
                                                         net238 (net)
                      0.189913    0.001154    2.121394 ^ fanout237/A (sky130_fd_sc_hd__clkbuf_4)
     7    0.064133    0.310171    0.480046    2.601441 ^ fanout237/X (sky130_fd_sc_hd__clkbuf_4)
                                                         net237 (net)
                      0.310187    0.002521    2.603961 ^ fanout236/A (sky130_fd_sc_hd__clkbuf_2)
     6    0.029579    0.257350    0.430329    3.034290 ^ fanout236/X (sky130_fd_sc_hd__clkbuf_2)
                                                         net236 (net)
                      0.257350    0.000275    3.034565 ^ fanout235/A (sky130_fd_sc_hd__buf_2)
    10    0.035650    0.282906    0.435667    3.470232 ^ fanout235/X (sky130_fd_sc_hd__buf_2)
                                                         net235 (net)
                      0.282906    0.000292    3.470524 ^ _3069_/A (sky130_fd_sc_hd__and2_1)
     1    0.004052    0.096890    0.316500    3.787024 ^ _3069_/X (sky130_fd_sc_hd__and2_1)
                                                         _1976_ (net)
                      0.096890    0.000065    3.787089 ^ fanout99/A (sky130_fd_sc_hd__clkbuf_2)
     6    0.023470    0.207086    0.303752    4.090841 ^ fanout99/X (sky130_fd_sc_hd__clkbuf_2)
                                                         net99 (net)
                      0.207086    0.000218    4.091058 ^ fanout98/A (sky130_fd_sc_hd__buf_2)
    10    0.044688    0.350078    0.462303    4.553361 ^ fanout98/X (sky130_fd_sc_hd__buf_2)
                                                         net98 (net)
                      0.350085    0.002119    4.555480 ^ fanout97/A (sky130_fd_sc_hd__buf_2)
    10    0.039651    0.312892    0.493048    5.048528 ^ fanout97/X (sky130_fd_sc_hd__buf_2)
                                                         net97 (net)
                      0.312892    0.000092    5.048620 ^ _4497_/B (sky130_fd_sc_hd__and3_1)
     2    0.005840    0.132760    0.415119    5.463738 ^ _4497_/X (sky130_fd_sc_hd__and3_1)
                                                         _0777_ (net)
                      0.132760    0.000024    5.463763 ^ _4498_/B (sky130_fd_sc_hd__nor2_1)
     2    0.007573    0.090971    0.127917    5.591680 v _4498_/Y (sky130_fd_sc_hd__nor2_1)
                                                         _0778_ (net)
                      0.090971    0.000070    5.591750 v _4626_/A3 (sky130_fd_sc_hd__a31o_1)
     2    0.008418    0.112046    0.443253    6.035002 v _4626_/X (sky130_fd_sc_hd__a31o_1)
                                                         _0905_ (net)
                      0.112046    0.000111    6.035113 v _4635_/A (sky130_fd_sc_hd__xnor2_1)
     2    0.005211    0.273008    0.319116    6.354229 ^ _4635_/Y (sky130_fd_sc_hd__xnor2_1)
                                                         _0914_ (net)
                      0.273008    0.000048    6.354277 ^ _4636_/B (sky130_fd_sc_hd__or2_1)
     1    0.002805    0.069262    0.243683    6.597960 ^ _4636_/X (sky130_fd_sc_hd__or2_1)
                                                         _0915_ (net)
                      0.069262    0.000015    6.597975 ^ _4638_/A (sky130_fd_sc_hd__nand2_1)
     2    0.004553    0.100473    0.116048    6.714023 v _4638_/Y (sky130_fd_sc_hd__nand2_1)
                                                         _0917_ (net)
                      0.100473    0.000023    6.714046 v _4639_/C (sky130_fd_sc_hd__and3_1)
     1    0.002732    0.069886    0.371710    7.085756 v _4639_/X (sky130_fd_sc_hd__and3_1)
                                                         _0918_ (net)
                      0.069886    0.000025    7.085781 v _4641_/A (sky130_fd_sc_hd__nor2_1)
     2    0.009646    0.324051    0.309823    7.395604 ^ _4641_/Y (sky130_fd_sc_hd__nor2_1)
                                                         _0920_ (net)
                      0.324051    0.000112    7.395717 ^ _4642_/B (sky130_fd_sc_hd__xor2_1)
     2    0.013672    0.498804    0.569388    7.965105 ^ _4642_/X (sky130_fd_sc_hd__xor2_1)
                                                         _0921_ (net)
                      0.498804    0.000406    7.965510 ^ _4663_/A (sky130_fd_sc_hd__xor2_1)
     2    0.004564    0.152912    0.292403    8.257913 v _4663_/X (sky130_fd_sc_hd__xor2_1)
                                                         _0942_ (net)
                      0.152912    0.000034    8.257947 v _4664_/B (sky130_fd_sc_hd__and2_1)
     3    0.010341    0.128464    0.417852    8.675798 v _4664_/X (sky130_fd_sc_hd__and2_1)
                                                         _0943_ (net)
                      0.128464    0.000028    8.675826 v _4666_/A (sky130_fd_sc_hd__or2_1)
     2    0.006739    0.130916    0.564069    9.239895 v _4666_/X (sky130_fd_sc_hd__or2_1)
                                                         _0945_ (net)
                      0.130916    0.000068    9.239964 v _4734_/A (sky130_fd_sc_hd__xnor2_1)
     2    0.007724    0.356536    0.390565    9.630528 ^ _4734_/Y (sky130_fd_sc_hd__xnor2_1)
                                                         _1013_ (net)
                      0.356536    0.000103    9.630631 ^ _4736_/B (sky130_fd_sc_hd__xor2_1)
     2    0.008001    0.343221    0.452562   10.083193 ^ _4736_/X (sky130_fd_sc_hd__xor2_1)
                                                         _1015_ (net)
                      0.343221    0.000092   10.083285 ^ _4737_/B (sky130_fd_sc_hd__xor2_1)
     2    0.006314    0.292475    0.411342   10.494628 ^ _4737_/X (sky130_fd_sc_hd__xor2_1)
                                                         _1016_ (net)
                      0.292475    0.000081   10.494708 ^ _4739_/B (sky130_fd_sc_hd__nand2_1)
     2    0.004580    0.108866    0.206301   10.701009 v _4739_/Y (sky130_fd_sc_hd__nand2_1)
                                                         _1018_ (net)
                      0.108866    0.000051   10.701060 v _4740_/B (sky130_fd_sc_hd__and2b_1)
     2    0.007376    0.102410    0.375385   11.076445 v _4740_/X (sky130_fd_sc_hd__and2b_1)
                                                         _1019_ (net)
                      0.102410    0.000063   11.076508 v _4741_/B (sky130_fd_sc_hd__xnor2_1)
     2    0.011309    0.462161    0.437948   11.514457 ^ _4741_/Y (sky130_fd_sc_hd__xnor2_1)
                                                         _1020_ (net)
                      0.462161    0.000367   11.514823 ^ _4742_/C (sky130_fd_sc_hd__nand3_1)
     3    0.012279    0.337246    0.459444   11.974267 v _4742_/Y (sky130_fd_sc_hd__nand3_1)
                                                         _1021_ (net)
                      0.337246    0.000117   11.974384 v _4756_/B1_N (sky130_fd_sc_hd__a21bo_1)
     2    0.011908    0.172846    0.547428   12.521812 ^ _4756_/X (sky130_fd_sc_hd__a21bo_1)
                                                         _1034_ (net)
                      0.172846    0.000117   12.521930 ^ _4894_/A2 (sky130_fd_sc_hd__a21oi_4)
     4    0.017657    0.142186    0.180575   12.702504 v _4894_/Y (sky130_fd_sc_hd__a21oi_4)
                                                         _1172_ (net)
                      0.142186    0.000161   12.702665 v _5048_/A2 (sky130_fd_sc_hd__o31a_1)
     1    0.002453    0.081753    0.540223   13.242888 v _5048_/X (sky130_fd_sc_hd__o31a_1)
                                                         _1324_ (net)
                      0.081753    0.000028   13.242915 v _5198_/A (sky130_fd_sc_hd__or2_1)
     2    0.004643    0.114764    0.523460   13.766376 v _5198_/X (sky130_fd_sc_hd__or2_1)
                                                         _1474_ (net)
                      0.114764    0.000042   13.766418 v _5200_/B (sky130_fd_sc_hd__and3_1)
     4    0.014373    0.161829    0.451620   14.218038 v _5200_/X (sky130_fd_sc_hd__and3_1)
                                                         _1476_ (net)
                      0.161829    0.000149   14.218187 v _5202_/A (sky130_fd_sc_hd__nor2_1)
     3    0.016088    0.494521    0.477526   14.695713 ^ _5202_/Y (sky130_fd_sc_hd__nor2_1)
                                                         _1478_ (net)
                      0.494521    0.000185   14.695897 ^ _5551_/A1 (sky130_fd_sc_hd__a21oi_1)
     2    0.006478    0.193557    0.326843   15.022740 v _5551_/Y (sky130_fd_sc_hd__a21oi_1)
                                                         _1825_ (net)
                      0.193557    0.000069   15.022810 v _5719_/B1 (sky130_fd_sc_hd__a2111o_1)
     2    0.017844    0.237577    0.944508   15.967319 v _5719_/X (sky130_fd_sc_hd__a2111o_1)
                                                         _2000_ (net)
                      0.237577    0.000467   15.967786 v _5887_/A2 (sky130_fd_sc_hd__a21oi_4)
     3    0.019320    0.283915    0.404953   16.372738 ^ _5887_/Y (sky130_fd_sc_hd__a21oi_4)
                                                         _2185_ (net)
                      0.283915    0.000247   16.372986 ^ _6005_/A1 (sky130_fd_sc_hd__o21ai_2)
     1    0.005809    0.134845    0.204903   16.577888 v _6005_/Y (sky130_fd_sc_hd__o21ai_2)
                                                         _2313_ (net)
                      0.134845    0.000080   16.577969 v _6006_/C1 (sky130_fd_sc_hd__o311a_4)
     2    0.013170    0.108147    0.266958   16.844927 v _6006_/X (sky130_fd_sc_hd__o311a_4)
                                                         core.dsp_result_in[31] (net)
                      0.108147    0.000291   16.845217 v _6086_/B (sky130_fd_sc_hd__xnor2_2)
     1    0.005426    0.116590    0.255586   17.100803 v _6086_/Y (sky130_fd_sc_hd__xnor2_2)
                                                         net26 (net)
                      0.116590    0.000066   17.100868 v output26/A (sky130_fd_sc_hd__buf_6)
     1    0.034580    0.076333    0.269747   17.370615 v output26/X (sky130_fd_sc_hd__buf_6)
                                                         monitor_out[31] (net)
                      0.076334    0.000446   17.371061 v monitor_out[31] (out)
                                             17.371061   data arrival time

                                 10.000000   10.000000   clock clk (rise edge)
                                  0.000000   10.000000   clock network delay (propagated)
                                 -0.250000    9.750000   clock uncertainty
                                  0.000000    9.750000   clock reconvergence pessimism
                                 -2.000000    7.750000   output external delay
                                              7.750000   data required time
---------------------------------------------------------------------------------------------
                                              7.750000   data required time
                                            -17.371061   data arrival time
---------------------------------------------------------------------------------------------
                                             -9.621061   slack (VIOLATED)




===========================================================================
report_checks --slack_max -0.01
============================================================================
======================= min_ss_100C_1v60 Corner ===================================

Startpoint: _6219_ (rising edge-triggered flip-flop clocked by clk)
Endpoint: monitor_out[31] (output port clocked by clk)
Path Group: clk
Path Type: max

Fanout         Cap        Slew       Delay        Time   Description
---------------------------------------------------------------------------------------------
                                  0.000000    0.000000   clock clk (rise edge)
                                  0.000000    0.000000   clock source latency
     1    0.044703    0.322025    0.227266    0.227266 ^ clk (in)
                                                         clk (net)
                      0.322232    0.000000    0.227266 ^ clkbuf_0_clk/A (sky130_fd_sc_hd__clkbuf_16)
    16    0.186940    0.296225    0.518204    0.745470 ^ clkbuf_0_clk/X (sky130_fd_sc_hd__clkbuf_16)
                                                         clknet_0_clk (net)
                      0.296265    0.002900    0.748370 ^ clkbuf_4_1_0_clk/A (sky130_fd_sc_hd__clkbuf_8)
    12    0.037053    0.123803    0.373278    1.121648 ^ clkbuf_4_1_0_clk/X (sky130_fd_sc_hd__clkbuf_8)
                                                         clknet_4_1_0_clk (net)
                      0.123814    0.001265    1.122912 ^ _6219_/CLK (sky130_fd_sc_hd__dfrtp_1)
     1    0.006327    0.120311    0.702673    1.825585 ^ _6219_/Q (sky130_fd_sc_hd__dfrtp_1)
                                                         core.dsp_valid_out (net)
                      0.120311    0.000093    1.825678 ^ fanout238/A (sky130_fd_sc_hd__buf_6)
     5    0.057052    0.189909    0.294562    2.120241 ^ fanout238/X (sky130_fd_sc_hd__buf_6)
                                                         net238 (net)
                      0.189913    0.001154    2.121394 ^ fanout237/A (sky130_fd_sc_hd__clkbuf_4)
     7    0.064133    0.310171    0.480046    2.601441 ^ fanout237/X (sky130_fd_sc_hd__clkbuf_4)
                                                         net237 (net)
                      0.310187    0.002521    2.603961 ^ fanout236/A (sky130_fd_sc_hd__clkbuf_2)
     6    0.029579    0.257350    0.430329    3.034290 ^ fanout236/X (sky130_fd_sc_hd__clkbuf_2)
                                                         net236 (net)
                      0.257350    0.000275    3.034565 ^ fanout235/A (sky130_fd_sc_hd__buf_2)
    10    0.035650    0.282906    0.435667    3.470232 ^ fanout235/X (sky130_fd_sc_hd__buf_2)
                                                         net235 (net)
                      0.282906    0.000292    3.470524 ^ _3069_/A (sky130_fd_sc_hd__and2_1)
     1    0.004052    0.096890    0.316500    3.787024 ^ _3069_/X (sky130_fd_sc_hd__and2_1)
                                                         _1976_ (net)
                      0.096890    0.000065    3.787089 ^ fanout99/A (sky130_fd_sc_hd__clkbuf_2)
     6    0.023470    0.207086    0.303752    4.090841 ^ fanout99/X (sky130_fd_sc_hd__clkbuf_2)
                                                         net99 (net)
                      0.207086    0.000218    4.091058 ^ fanout98/A (sky130_fd_sc_hd__buf_2)
    10    0.044688    0.350078    0.462303    4.553361 ^ fanout98/X (sky130_fd_sc_hd__buf_2)
                                                         net98 (net)
                      0.350085    0.002119    4.555480 ^ fanout97/A (sky130_fd_sc_hd__buf_2)
    10    0.039651    0.312892    0.493048    5.048528 ^ fanout97/X (sky130_fd_sc_hd__buf_2)
                                                         net97 (net)
                      0.312892    0.000092    5.048620 ^ _4497_/B (sky130_fd_sc_hd__and3_1)
     2    0.005840    0.132760    0.415119    5.463738 ^ _4497_/X (sky130_fd_sc_hd__and3_1)
                                                         _0777_ (net)
                      0.132760    0.000024    5.463763 ^ _4498_/B (sky130_fd_sc_hd__nor2_1)
     2    0.007573    0.090971    0.127917    5.591680 v _4498_/Y (sky130_fd_sc_hd__nor2_1)
                                                         _0778_ (net)
                      0.090971    0.000070    5.591750 v _4626_/A3 (sky130_fd_sc_hd__a31o_1)
     2    0.008418    0.112046    0.443253    6.035002 v _4626_/X (sky130_fd_sc_hd__a31o_1)
                                                         _0905_ (net)
                      0.112046    0.000111    6.035113 v _4635_/A (sky130_fd_sc_hd__xnor2_1)
     2    0.005211    0.273008    0.319116    6.354229 ^ _4635_/Y (sky130_fd_sc_hd__xnor2_1)
                                                         _0914_ (net)
                      0.273008    0.000048    6.354277 ^ _4636_/B (sky130_fd_sc_hd__or2_1)
     1    0.002805    0.069262    0.243683    6.597960 ^ _4636_/X (sky130_fd_sc_hd__or2_1)
                                                         _0915_ (net)
                      0.069262    0.000015    6.597975 ^ _4638_/A (sky130_fd_sc_hd__nand2_1)
     2    0.004553    0.100473    0.116048    6.714023 v _4638_/Y (sky130_fd_sc_hd__nand2_1)
                                                         _0917_ (net)
                      0.100473    0.000023    6.714046 v _4639_/C (sky130_fd_sc_hd__and3_1)
     1    0.002732    0.069886    0.371710    7.085756 v _4639_/X (sky130_fd_sc_hd__and3_1)
                                                         _0918_ (net)
                      0.069886    0.000025    7.085781 v _4641_/A (sky130_fd_sc_hd__nor2_1)
     2    0.009646    0.324051    0.309823    7.395604 ^ _4641_/Y (sky130_fd_sc_hd__nor2_1)
                                                         _0920_ (net)
                      0.324051    0.000112    7.395717 ^ _4642_/B (sky130_fd_sc_hd__xor2_1)
     2    0.013672    0.498804    0.569388    7.965105 ^ _4642_/X (sky130_fd_sc_hd__xor2_1)
                                                         _0921_ (net)
                      0.498804    0.000406    7.965510 ^ _4663_/A (sky130_fd_sc_hd__xor2_1)
     2    0.004564    0.152912    0.292403    8.257913 v _4663_/X (sky130_fd_sc_hd__xor2_1)
                                                         _0942_ (net)
                      0.152912    0.000034    8.257947 v _4664_/B (sky130_fd_sc_hd__and2_1)
     3    0.010341    0.128464    0.417852    8.675798 v _4664_/X (sky130_fd_sc_hd__and2_1)
                                                         _0943_ (net)
                      0.128464    0.000028    8.675826 v _4666_/A (sky130_fd_sc_hd__or2_1)
     2    0.006739    0.130916    0.564069    9.239895 v _4666_/X (sky130_fd_sc_hd__or2_1)
                                                         _0945_ (net)
                      0.130916    0.000068    9.239964 v _4734_/A (sky130_fd_sc_hd__xnor2_1)
     2    0.007724    0.356536    0.390565    9.630528 ^ _4734_/Y (sky130_fd_sc_hd__xnor2_1)
                                                         _1013_ (net)
                      0.356536    0.000103    9.630631 ^ _4736_/B (sky130_fd_sc_hd__xor2_1)
     2    0.008001    0.343221    0.452562   10.083193 ^ _4736_/X (sky130_fd_sc_hd__xor2_1)
                                                         _1015_ (net)
                      0.343221    0.000092   10.083285 ^ _4737_/B (sky130_fd_sc_hd__xor2_1)
     2    0.006314    0.292475    0.411342   10.494628 ^ _4737_/X (sky130_fd_sc_hd__xor2_1)
                                                         _1016_ (net)
                      0.292475    0.000081   10.494708 ^ _4739_/B (sky130_fd_sc_hd__nand2_1)
     2    0.004580    0.108866    0.206301   10.701009 v _4739_/Y (sky130_fd_sc_hd__nand2_1)
                                                         _1018_ (net)
                      0.108866    0.000051   10.701060 v _4740_/B (sky130_fd_sc_hd__and2b_1)
     2    0.007376    0.102410    0.375385   11.076445 v _4740_/X (sky130_fd_sc_hd__and2b_1)
                                                         _1019_ (net)
                      0.102410    0.000063   11.076508 v _4741_/B (sky130_fd_sc_hd__xnor2_1)
     2    0.011309    0.462161    0.437948   11.514457 ^ _4741_/Y (sky130_fd_sc_hd__xnor2_1)
                                                         _1020_ (net)
                      0.462161    0.000367   11.514823 ^ _4742_/C (sky130_fd_sc_hd__nand3_1)
     3    0.012279    0.337246    0.459444   11.974267 v _4742_/Y (sky130_fd_sc_hd__nand3_1)
                                                         _1021_ (net)
                      0.337246    0.000117   11.974384 v _4756_/B1_N (sky130_fd_sc_hd__a21bo_1)
     2    0.011908    0.172846    0.547428   12.521812 ^ _4756_/X (sky130_fd_sc_hd__a21bo_1)
                                                         _1034_ (net)
                      0.172846    0.000117   12.521930 ^ _4894_/A2 (sky130_fd_sc_hd__a21oi_4)
     4    0.017657    0.142186    0.180575   12.702504 v _4894_/Y (sky130_fd_sc_hd__a21oi_4)
                                                         _1172_ (net)
                      0.142186    0.000161   12.702665 v _5048_/A2 (sky130_fd_sc_hd__o31a_1)
     1    0.002453    0.081753    0.540223   13.242888 v _5048_/X (sky130_fd_sc_hd__o31a_1)
                                                         _1324_ (net)
                      0.081753    0.000028   13.242915 v _5198_/A (sky130_fd_sc_hd__or2_1)
     2    0.004643    0.114764    0.523460   13.766376 v _5198_/X (sky130_fd_sc_hd__or2_1)
                                                         _1474_ (net)
                      0.114764    0.000042   13.766418 v _5200_/B (sky130_fd_sc_hd__and3_1)
     4    0.014373    0.161829    0.451620   14.218038 v _5200_/X (sky130_fd_sc_hd__and3_1)
                                                         _1476_ (net)
                      0.161829    0.000149   14.218187 v _5202_/A (sky130_fd_sc_hd__nor2_1)
     3    0.016088    0.494521    0.477526   14.695713 ^ _5202_/Y (sky130_fd_sc_hd__nor2_1)
                                                         _1478_ (net)
                      0.494521    0.000185   14.695897 ^ _5551_/A1 (sky130_fd_sc_hd__a21oi_1)
     2    0.006478    0.193557    0.326843   15.022740 v _5551_/Y (sky130_fd_sc_hd__a21oi_1)
                                                         _1825_ (net)
                      0.193557    0.000069   15.022810 v _5719_/B1 (sky130_fd_sc_hd__a2111o_1)
     2    0.017844    0.237577    0.944508   15.967319 v _5719_/X (sky130_fd_sc_hd__a2111o_1)
                                                         _2000_ (net)
                      0.237577    0.000467   15.967786 v _5887_/A2 (sky130_fd_sc_hd__a21oi_4)
     3    0.019320    0.283915    0.404953   16.372738 ^ _5887_/Y (sky130_fd_sc_hd__a21oi_4)
                                                         _2185_ (net)
                      0.283915    0.000247   16.372986 ^ _6005_/A1 (sky130_fd_sc_hd__o21ai_2)
     1    0.005809    0.134845    0.204903   16.577888 v _6005_/Y (sky130_fd_sc_hd__o21ai_2)
                                                         _2313_ (net)
                      0.134845    0.000080   16.577969 v _6006_/C1 (sky130_fd_sc_hd__o311a_4)
     2    0.013170    0.108147    0.266958   16.844927 v _6006_/X (sky130_fd_sc_hd__o311a_4)
                                                         core.dsp_result_in[31] (net)
                      0.108147    0.000291   16.845217 v _6086_/B (sky130_fd_sc_hd__xnor2_2)
     1    0.005426    0.116590    0.255586   17.100803 v _6086_/Y (sky130_fd_sc_hd__xnor2_2)
                                                         net26 (net)
                      0.116590    0.000066   17.100868 v output26/A (sky130_fd_sc_hd__buf_6)
     1    0.034580    0.076333    0.269747   17.370615 v output26/X (sky130_fd_sc_hd__buf_6)
                                                         monitor_out[31] (net)
                      0.076334    0.000446   17.371061 v monitor_out[31] (out)
                                             17.371061   data arrival time

                                 10.000000   10.000000   clock clk (rise edge)
                                  0.000000   10.000000   clock network delay (propagated)
                                 -0.250000    9.750000   clock uncertainty
                                  0.000000    9.750000   clock reconvergence pessimism
                                 -2.000000    7.750000   output external delay
                                              7.750000   data required time
---------------------------------------------------------------------------------------------
                                              7.750000   data required time
                                            -17.371061   data arrival time
---------------------------------------------------------------------------------------------
                                             -9.621061   slack (VIOLATED)




===========================================================================
 report_check_types -max_slew -max_cap -max_fanout -violators
============================================================================
======================= min_ss_100C_1v60 Corner ===================================

max slew

Pin                                        Limit        Slew       Slack
------------------------------------------------------------------------
_4912_/A1                               0.750000    1.212989   -0.462989 (VIOLATED)
_5383_/C                                0.750000    1.212989   -0.462989 (VIOLATED)
ANTENNA_15/DIODE                        0.750000    1.212987   -0.462987 (VIOLATED)
_3312_/A1                               0.750000    1.212987   -0.462987 (VIOLATED)
_3762_/C                                0.750000    1.212987   -0.462987 (VIOLATED)
_3943_/A1                               0.750000    1.212987   -0.462987 (VIOLATED)
clone24/X                               0.750000    1.212987   -0.462987 (VIOLATED)
_4419_/B                                0.750000    0.854206   -0.104206 (VIOLATED)
_6017_/B                                0.750000    0.854205   -0.104205 (VIOLATED)
_3212_/A1                               0.750000    0.854205   -0.104205 (VIOLATED)
_3357_/A2                               0.750000    0.854203   -0.104203 (VIOLATED)
_3358_/B                                0.750000    0.854203   -0.104203 (VIOLATED)
clone26/X                               0.750000    0.854203   -0.104203 (VIOLATED)

max fanout

Pin                                   Limit Fanout  Slack
---------------------------------------------------------
clkbuf_0_clk/X                           10     16     -6 (VIOLATED)
clkbuf_4_0_0_clk/X                       10     12     -2 (VIOLATED)
clkbuf_4_1_0_clk/X                       10     12     -2 (VIOLATED)
clkbuf_4_2_0_clk/X                       10     12     -2 (VIOLATED)
fanout34/X                               10     12     -2 (VIOLATED)
_6258_/Q                                 10     11        (VIOLATED)
clkbuf_4_3_0_clk/X                       10     11        (VIOLATED)
clkbuf_4_5_0_clk/X                       10     11        (VIOLATED)
fanout126/X                              10     11        (VIOLATED)
fanout189/X                              10     11        (VIOLATED)
fanout198/X                              10     11        (VIOLATED)
fanout201/X                              10     11        (VIOLATED)
fanout202/X                              10     11        (VIOLATED)
fanout56/X                               10     11        (VIOLATED)



===========================================================================
report_parasitic_annotation -report_unannotated
============================================================================
Found 15 unannotated drivers.
 clkload0/X
 clkload1/X
 clkload10/Y
 clkload11/Y
 clkload12/Y
 clkload13/Y
 clkload14/Y
 clkload2/X
 clkload3/Y
 clkload4/X
 clkload5/Y
 clkload6/Y
 clkload7/Y
 clkload8/Y
 clkload9/Y
Found 0 partially unannotated drivers.

===========================================================================
max slew violation count 13
max fanout violation count 14
max cap violation count 0
============================================================================

===========================================================================
check_setup -verbose -unconstrained_endpoints -multiple_clock -no_clock -no_input_delay -loops -generated_clocks
===========================================================================
