Clock: clk
Sources: clk 
Generated: no
Virtual: yes
Propagated: no
Period: 10.000000

===========================================================================
report_clock_properties
============================================================================
Clock                   Period          Waveform
----------------------------------------------------
clk                  10.000000    0.000000  5.000000

===========================================================================
report_clock_latency
============================================================================
Clock clk
rise -> rise
    min     max
0.000000 0.000000 source latency
1.117358         network latency _6276_/CLK
        1.159650 network latency _6262_/CLK
---------------
1.117358 1.159650 latency
        0.042293 skew

fall -> fall
    min     max
0.000000 0.000000 source latency
0.936293         network latency _6276_/CLK
        0.967177 network latency _6262_/CLK
---------------
0.936293 0.967177 latency
        0.030885 skew



===========================================================================
report_clock_min_period
============================================================================
clk period_min = 16.26 fmax = 61.50
