
===========================================================================
Violator List
============================================================================
[setup reg-out] _6219_/Q -> monitor_out[31] : -9.621061
[setup reg-out] _6219_/Q -> monitor_out[30] : -9.531425
[setup reg-out] _6219_/Q -> monitor_out[29] : -9.442554
[setup reg-out] _6219_/Q -> monitor_out[28] : -9.027384
[setup reg-out] _6219_/Q -> monitor_out[27] : -8.611368
[setup reg-out] _6219_/Q -> monitor_out[26] : -8.556678
[setup reg-out] _6219_/Q -> monitor_out[25] : -8.002849
[setup reg-out] _6219_/Q -> monitor_out[24] : -7.965848
[setup reg-out] _6254_/Q -> monitor_out[23] : -7.963859
[setup reg-out] _6254_/Q -> monitor_out[22] : -7.519718
[setup reg-out] _6254_/Q -> monitor_out[21] : -7.295763
[setup reg-out] _6254_/Q -> monitor_out[20] : -7.151210
[setup reg-out] _6254_/Q -> monitor_out[19] : -6.886080
[setup reg-out] _6254_/Q -> monitor_out[18] : -6.519644
[setup reg-out] _6254_/Q -> monitor_out[17] : -6.429129
[setup reg-reg] _6219_/Q -> _6343_/D : -6.259120
[setup reg-reg] _6219_/Q -> _6342_/D : -6.036878
[setup reg-out] _6254_/Q -> monitor_out[16] : -5.992901
[setup reg-reg] _6219_/Q -> _6341_/D : -5.899048
[setup reg-out] _6254_/Q -> monitor_out[15] : -5.690463
[setup reg-reg] _6219_/Q -> _6340_/D : -5.559850
[setup reg-out] _6254_/Q -> monitor_out[14] : -5.405538
[setup reg-out] _6254_/Q -> monitor_out[13] : -5.099573
[setup reg-out] _6280_/Q -> monitor_out[6] : -5.068199
[setup reg-reg] _6219_/Q -> _6339_/D : -5.052118
[setup reg-reg] _6219_/Q -> _6338_/D : -5.022622
[setup reg-out] _6254_/Q -> monitor_out[12] : -4.942339
[setup reg-reg] _6219_/Q -> _6337_/D : -4.635124
[setup reg-reg] _6254_/Q -> _6335_/D : -4.535520
[setup reg-reg] _6219_/Q -> _6336_/D : -4.439023
[setup reg-out] _6254_/Q -> monitor_out[11] : -4.174006
[setup reg-reg] _6254_/Q -> _6334_/D : -4.119354
[setup reg-reg] _6254_/Q -> _6333_/D : -3.768829
[setup reg-out] _6254_/Q -> monitor_out[10] : -3.601107
[setup reg-reg] _6254_/Q -> _6332_/D : -3.592915
[setup reg-reg] _6254_/Q -> _6331_/D : -3.383404
[setup reg-out] _6254_/Q -> monitor_out[9] : -3.298232
[setup reg-reg] _6254_/Q -> _6330_/D : -3.067929
[setup reg-out] _6254_/Q -> monitor_out[8] : -3.038968
[setup reg-reg] _6254_/Q -> _6329_/D : -3.030100
[setup reg-reg] _6254_/Q -> _6328_/D : -2.492834
[setup reg-out] _6280_/Q -> monitor_out[7] : -2.351897
[setup reg-reg] _6254_/Q -> _6327_/D : -2.148359
[setup reg-reg] _6254_/Q -> _6326_/D : -1.887249
[setup reg-out] _6280_/Q -> monitor_out[5] : -1.688570
[setup reg-reg] _6280_/Q -> _6318_/D : -1.684296
[setup reg-reg] _6254_/Q -> _6325_/D : -1.596447
[setup reg-reg] _6254_/Q -> _6324_/D : -1.446136
[setup reg-reg] _6254_/Q -> _6323_/D : -0.665585
[setup reg-out] _6283_/Q -> monitor_out[0] : -0.493540
[setup reg-out] _6280_/Q -> monitor_out[4] : -0.468929
[setup reg-out] _6283_/Q -> monitor_out[3] : -0.389838
[setup reg-out] _6283_/Q -> monitor_out[1] : -0.350108
[setup reg-reg] _6219_/Q -> _6246_/D : -0.341230
[setup reg-reg] _6219_/Q -> _6247_/D : -0.329849
[setup reg-out] _6283_/Q -> monitor_out[2] : -0.262848
[setup reg-reg] _6254_/Q -> _6322_/D : -0.208485
