Clock: clk
Sources: clk 
Generated: no
Virtual: yes
Propagated: no
Period: 15.000000

===========================================================================
report_clock_properties
============================================================================
Clock                   Period          Waveform
----------------------------------------------------
clk                  15.000000    0.000000  7.500000

===========================================================================
report_clock_latency
============================================================================
Clock clk
rise -> rise
    min     max
0.000000 0.000000 source latency
0.533324         network latency _6267_/CLK
        0.551241 network latency _6262_/CLK
---------------
0.533324 0.551241 latency
        0.017917 skew

fall -> fall
    min     max
0.000000 0.000000 source latency
0.444574         network latency _6267_/CLK
        0.457321 network latency _6262_/CLK
---------------
0.444574 0.457321 latency
        0.012747 skew



===========================================================================
report_clock_min_period
============================================================================
clk period_min = 8.27 fmax = 120.90
