
===========================================================================
 report_power
============================================================================
======================= nom_tt_025C_1v80 Corner ===================================

Group                    Internal    Switching      Leakage        Total
                            Power        Power        Power        Power (Watts)
------------------------------------------------------------------------
Sequential           3.394568e-04 0.000000e+00 1.664333e-09 3.394584e-04  52.8%
Combinational        2.369540e-06 7.693489e-06 1.272436e-08 1.007575e-05   1.6%
Clock                1.517336e-04 1.414989e-04 9.076181e-10 2.932333e-04  45.6%
Macro                0.000000e+00 0.000000e+00 0.000000e+00 0.000000e+00   0.0%
Pad                  0.000000e+00 0.000000e+00 0.000000e+00 0.000000e+00   0.0%
------------------------------------------------------------------------
Total                4.935599e-04 1.491923e-04 1.529633e-08 6.427675e-04 100.0%
                            76.8%        23.2%         0.0%
Writing metric power__internal__total: 0.0004935598699375987
Writing metric power__switching__total: 0.00014919234672561288
Writing metric power__leakage__total: 1.5296325983626957e-8
Writing metric power__total: 0.0006427675252780318

