
 /----------------------------------------------------------------------------\
 |  yosys -- Yosys Open SYnthesis Suite                                       |
 |  Copyright (C) 2012 - 2024  Claire Xenia Wolf <claire@yosyshq.com>         |
 |  Distributed under an ISC-like license, type "license" to see terms        |
 \----------------------------------------------------------------------------/
 Yosys 0.46 (git sha1 e97731b9dda91fa5fa53ed87df7c34163ba59a41, clang++ 17.0.6 -fPIC -O3)
Loaded SDC plugin

1. Executing Liberty frontend: /home/srijitsengupta/.volare/volare/sky130/versions/0fe599b2afb6708d281543108caf8310912f54af/sky130A/libs.ref/sky130_fd_sc_hd/lib/sky130_fd_sc_hd__tt_025C_1v80.lib
Imported 428 cell types from liberty file.
[INFO] Using SDC file '/home/srijitsengupta/rv32i_dsp_soc/openlane/runs/RUN_2026-07-27_08-06-26/06-yosys-synthesis/synthesis.abc.sdc' for ABC…

2. Executing Verilog-2005 frontend: /home/srijitsengupta/rv32i_dsp_soc/hw/rtl/core/fetch.v
Parsing SystemVerilog input from `/home/srijitsengupta/rv32i_dsp_soc/hw/rtl/core/fetch.v' to AST representation.
Storing AST representation for module `$abstract\fetch'.
Successfully finished Verilog frontend.

3. Executing Verilog-2005 frontend: /home/srijitsengupta/rv32i_dsp_soc/hw/rtl/core/decode.v
Parsing SystemVerilog input from `/home/srijitsengupta/rv32i_dsp_soc/hw/rtl/core/decode.v' to AST representation.
Storing AST representation for module `$abstract\decode'.
Successfully finished Verilog frontend.

4. Executing Verilog-2005 frontend: /home/srijitsengupta/rv32i_dsp_soc/hw/rtl/core/execute.v
Parsing SystemVerilog input from `/home/srijitsengupta/rv32i_dsp_soc/hw/rtl/core/execute.v' to AST representation.
Storing AST representation for module `$abstract\execute'.
Successfully finished Verilog frontend.

5. Executing Verilog-2005 frontend: /home/srijitsengupta/rv32i_dsp_soc/hw/rtl/core/register_file.v
Parsing SystemVerilog input from `/home/srijitsengupta/rv32i_dsp_soc/hw/rtl/core/register_file.v' to AST representation.
Storing AST representation for module `$abstract\register_file'.
Successfully finished Verilog frontend.

6. Executing Verilog-2005 frontend: /home/srijitsengupta/rv32i_dsp_soc/hw/rtl/core/rv32i_top.v
Parsing SystemVerilog input from `/home/srijitsengupta/rv32i_dsp_soc/hw/rtl/core/rv32i_top.v' to AST representation.
Storing AST representation for module `$abstract\rv32i_top'.
Successfully finished Verilog frontend.

7. Executing Verilog-2005 frontend: /home/srijitsengupta/rv32i_dsp_soc/hw/rtl/dsp/dsp_coprocessor.v
Parsing SystemVerilog input from `/home/srijitsengupta/rv32i_dsp_soc/hw/rtl/dsp/dsp_coprocessor.v' to AST representation.
Storing AST representation for module `$abstract\dsp_coprocessor'.
Successfully finished Verilog frontend.

8. Executing Verilog-2005 frontend: /home/srijitsengupta/rv32i_dsp_soc/hw/rtl/dsp/mac_unit.v
Parsing SystemVerilog input from `/home/srijitsengupta/rv32i_dsp_soc/hw/rtl/dsp/mac_unit.v' to AST representation.
Storing AST representation for module `$abstract\mac_unit'.
Successfully finished Verilog frontend.

9. Executing Verilog-2005 frontend: /home/srijitsengupta/rv32i_dsp_soc/hw/rtl/soc/instruction_memory.v
Parsing SystemVerilog input from `/home/srijitsengupta/rv32i_dsp_soc/hw/rtl/soc/instruction_memory.v' to AST representation.
Storing AST representation for module `$abstract\instruction_memory'.
Successfully finished Verilog frontend.

10. Executing Verilog-2005 frontend: /home/srijitsengupta/rv32i_dsp_soc/hw/rtl/soc/soc_top.v
Parsing SystemVerilog input from `/home/srijitsengupta/rv32i_dsp_soc/hw/rtl/soc/soc_top.v' to AST representation.
Storing AST representation for module `$abstract\soc_top'.
Successfully finished Verilog frontend.

11. Executing HIERARCHY pass (managing design hierarchy).

12. Executing AST frontend in derive mode using pre-parsed AST for module `\soc_top'.
Generating RTLIL representation for module `\soc_top'.

12.1. Analyzing design hierarchy..
Top module:  \soc_top

12.2. Executing AST frontend in derive mode using pre-parsed AST for module `\dsp_coprocessor'.
Generating RTLIL representation for module `\dsp_coprocessor'.

12.3. Executing AST frontend in derive mode using pre-parsed AST for module `\rv32i_top'.
Generating RTLIL representation for module `\rv32i_top'.

12.4. Executing AST frontend in derive mode using pre-parsed AST for module `\instruction_memory'.
Generating RTLIL representation for module `\instruction_memory'.

12.5. Analyzing design hierarchy..
Top module:  \soc_top
Used module:     \dsp_coprocessor
Used module:     \rv32i_top
Used module:     \instruction_memory

12.6. Executing AST frontend in derive mode using pre-parsed AST for module `\execute'.
Generating RTLIL representation for module `\execute'.

12.7. Executing AST frontend in derive mode using pre-parsed AST for module `\register_file'.
Generating RTLIL representation for module `\register_file'.
Warning: Replacing memory \registers with list of registers. See /home/srijitsengupta/rv32i_dsp_soc/hw/rtl/core/register_file.v:29

12.8. Executing AST frontend in derive mode using pre-parsed AST for module `\decode'.
Generating RTLIL representation for module `\decode'.

12.9. Executing AST frontend in derive mode using pre-parsed AST for module `\fetch'.
Generating RTLIL representation for module `\fetch'.

12.10. Executing AST frontend in derive mode using pre-parsed AST for module `\mac_unit'.
Generating RTLIL representation for module `\mac_unit'.

12.11. Analyzing design hierarchy..
Top module:  \soc_top
Used module:     \dsp_coprocessor
Used module:         \mac_unit
Used module:     \rv32i_top
Used module:         \execute
Used module:         \register_file
Used module:         \decode
Used module:         \fetch
Used module:     \instruction_memory

12.12. Analyzing design hierarchy..
Top module:  \soc_top
Used module:     \dsp_coprocessor
Used module:         \mac_unit
Used module:     \rv32i_top
Used module:         \execute
Used module:         \register_file
Used module:         \decode
Used module:         \fetch
Used module:     \instruction_memory
Removing unused module `$abstract\soc_top'.
Removing unused module `$abstract\instruction_memory'.
Removing unused module `$abstract\mac_unit'.
Removing unused module `$abstract\dsp_coprocessor'.
Removing unused module `$abstract\rv32i_top'.
Removing unused module `$abstract\register_file'.
Removing unused module `$abstract\execute'.
Removing unused module `$abstract\decode'.
Removing unused module `$abstract\fetch'.
Removed 9 unused modules.
Renaming module soc_top to soc_top.

13. Generating Graphviz representation of design.
Writing dot description to `/home/srijitsengupta/rv32i_dsp_soc/openlane/runs/RUN_2026-07-27_08-06-26/06-yosys-synthesis/hierarchy.dot'.
Dumping module soc_top to page 1.

14. Executing TRIBUF pass.

15. Executing HIERARCHY pass (managing design hierarchy).

15.1. Analyzing design hierarchy..
Top module:  \soc_top
Used module:     \dsp_coprocessor
Used module:         \mac_unit
Used module:     \rv32i_top
Used module:         \execute
Used module:         \register_file
Used module:         \decode
Used module:         \fetch
Used module:     \instruction_memory

15.2. Analyzing design hierarchy..
Top module:  \soc_top
Used module:     \dsp_coprocessor
Used module:         \mac_unit
Used module:     \rv32i_top
Used module:         \execute
Used module:         \register_file
Used module:         \decode
Used module:         \fetch
Used module:     \instruction_memory
Removed 0 unused modules.

16. Executing PROC_CLEAN pass (remove empty switches from decision trees).
Removing empty process `instruction_memory.$proc$/home/srijitsengupta/rv32i_dsp_soc/hw/rtl/soc/instruction_memory.v:0$11'.
Cleaned up 0 empty switches.

17. Executing PROC_RMDEAD pass (remove dead branches from decision trees).
Marked 1 switch rules as full_case in process $proc$/home/srijitsengupta/rv32i_dsp_soc/hw/rtl/core/fetch.v:20$54 in module fetch.
Removed 1 dead cases from process $proc$/home/srijitsengupta/rv32i_dsp_soc/hw/rtl/core/register_file.v:0$48 in module register_file.
Marked 1 switch rules as full_case in process $proc$/home/srijitsengupta/rv32i_dsp_soc/hw/rtl/core/register_file.v:0$48 in module register_file.
Removed 1 dead cases from process $proc$/home/srijitsengupta/rv32i_dsp_soc/hw/rtl/core/register_file.v:0$45 in module register_file.
Marked 1 switch rules as full_case in process $proc$/home/srijitsengupta/rv32i_dsp_soc/hw/rtl/core/register_file.v:0$45 in module register_file.
Marked 3 switch rules as full_case in process $proc$/home/srijitsengupta/rv32i_dsp_soc/hw/rtl/core/register_file.v:26$35 in module register_file.
Marked 4 switch rules as full_case in process $proc$/home/srijitsengupta/rv32i_dsp_soc/hw/rtl/core/execute.v:27$17 in module execute.
Marked 1 switch rules as full_case in process $proc$/home/srijitsengupta/rv32i_dsp_soc/hw/rtl/dsp/mac_unit.v:28$59 in module mac_unit.
Removed a total of 2 dead cases.

18. Executing PROC_PRUNE pass (remove redundant assignments in processes).
Removed 1 redundant assignment.
Promoted 7 assignments to connections.

19. Executing PROC_INIT pass (extract init attributes).

20. Executing PROC_ARST pass (detect async resets in processes).
Found async reset \rst_n in `\fetch.$proc$/home/srijitsengupta/rv32i_dsp_soc/hw/rtl/core/fetch.v:20$54'.
Found async reset \rst_n in `\register_file.$proc$/home/srijitsengupta/rv32i_dsp_soc/hw/rtl/core/register_file.v:26$35'.
Found async reset \rst_n in `\mac_unit.$proc$/home/srijitsengupta/rv32i_dsp_soc/hw/rtl/dsp/mac_unit.v:28$59'.

21. Executing PROC_ROM pass (convert switches to ROMs).
Converted 0 switches.
<suppressed ~9 debug messages>

22. Executing PROC_MUX pass (convert decision trees to multiplexers).
Creating decoders for process `\fetch.$proc$/home/srijitsengupta/rv32i_dsp_soc/hw/rtl/core/fetch.v:20$54'.
     1/1: $0\pc_out[31:0]
Creating decoders for process `\register_file.$proc$/home/srijitsengupta/rv32i_dsp_soc/hw/rtl/core/register_file.v:0$48'.
     1/1: $1$mem2reg_rd$\registers$/home/srijitsengupta/rv32i_dsp_soc/hw/rtl/core/register_file.v:24$29_DATA[31:0]$50
Creating decoders for process `\register_file.$proc$/home/srijitsengupta/rv32i_dsp_soc/hw/rtl/core/register_file.v:0$45'.
     1/1: $1$mem2reg_rd$\registers$/home/srijitsengupta/rv32i_dsp_soc/hw/rtl/core/register_file.v:23$28_DATA[31:0]$47
Creating decoders for process `\register_file.$proc$/home/srijitsengupta/rv32i_dsp_soc/hw/rtl/core/register_file.v:26$35'.
     1/37: $2$mem2reg_wr$\registers$/home/srijitsengupta/rv32i_dsp_soc/hw/rtl/core/register_file.v:33$30_ADDR[4:0]$43
     2/37: $2$mem2reg_wr$\registers$/home/srijitsengupta/rv32i_dsp_soc/hw/rtl/core/register_file.v:33$30_DATA[31:0]$44
     3/37: $1$mem2reg_wr$\registers$/home/srijitsengupta/rv32i_dsp_soc/hw/rtl/core/register_file.v:33$30_DATA[31:0]$40
     4/37: $1$mem2reg_wr$\registers$/home/srijitsengupta/rv32i_dsp_soc/hw/rtl/core/register_file.v:33$30_ADDR[4:0]$39
     5/37: $1\i[31:0]
     6/37: $0\registers[31][31:0]
     7/37: $0\registers[30][31:0]
     8/37: $0\registers[29][31:0]
     9/37: $0\registers[28][31:0]
    10/37: $0\registers[27][31:0]
    11/37: $0\registers[26][31:0]
    12/37: $0\registers[25][31:0]
    13/37: $0\registers[24][31:0]
    14/37: $0\registers[23][31:0]
    15/37: $0\registers[22][31:0]
    16/37: $0\registers[21][31:0]
    17/37: $0\registers[20][31:0]
    18/37: $0\registers[19][31:0]
    19/37: $0\registers[18][31:0]
    20/37: $0\registers[17][31:0]
    21/37: $0\registers[16][31:0]
    22/37: $0\registers[15][31:0]
    23/37: $0\registers[14][31:0]
    24/37: $0\registers[13][31:0]
    25/37: $0\registers[12][31:0]
    26/37: $0\registers[11][31:0]
    27/37: $0\registers[10][31:0]
    28/37: $0\registers[9][31:0]
    29/37: $0\registers[8][31:0]
    30/37: $0\registers[7][31:0]
    31/37: $0\registers[6][31:0]
    32/37: $0\registers[5][31:0]
    33/37: $0\registers[4][31:0]
    34/37: $0\registers[3][31:0]
    35/37: $0\registers[2][31:0]
    36/37: $0\registers[1][31:0]
    37/37: $0\registers[0][31:0]
Creating decoders for process `\execute.$proc$/home/srijitsengupta/rv32i_dsp_soc/hw/rtl/core/execute.v:27$17'.
     1/5: $2\branch_en[0:0]
     2/5: $3\alu_result[31:0]
     3/5: $2\alu_result[31:0]
     4/5: $1\alu_result[31:0]
     5/5: $1\branch_en[0:0]
Creating decoders for process `\mac_unit.$proc$/home/srijitsengupta/rv32i_dsp_soc/hw/rtl/dsp/mac_unit.v:28$59'.
     1/1: $0\acc_reg[31:0]

23. Executing PROC_DLATCH pass (convert process syncs to latches).
No latch inferred for signal `\register_file.$mem2reg_rd$\registers$/home/srijitsengupta/rv32i_dsp_soc/hw/rtl/core/register_file.v:24$29_DATA' from process `\register_file.$proc$/home/srijitsengupta/rv32i_dsp_soc/hw/rtl/core/register_file.v:0$48'.
No latch inferred for signal `\register_file.$mem2reg_rd$\registers$/home/srijitsengupta/rv32i_dsp_soc/hw/rtl/core/register_file.v:23$28_DATA' from process `\register_file.$proc$/home/srijitsengupta/rv32i_dsp_soc/hw/rtl/core/register_file.v:0$45'.
No latch inferred for signal `\execute.\branch_en' from process `\execute.$proc$/home/srijitsengupta/rv32i_dsp_soc/hw/rtl/core/execute.v:27$17'.
No latch inferred for signal `\execute.\alu_result' from process `\execute.$proc$/home/srijitsengupta/rv32i_dsp_soc/hw/rtl/core/execute.v:27$17'.

24. Executing PROC_DFF pass (convert process syncs to FFs).
Creating register for signal `\fetch.\pc_out' using process `\fetch.$proc$/home/srijitsengupta/rv32i_dsp_soc/hw/rtl/core/fetch.v:20$54'.
  created $adff cell `$procdff$832' with positive edge clock and positive level reset.
Creating register for signal `\register_file.\i' using process `\register_file.$proc$/home/srijitsengupta/rv32i_dsp_soc/hw/rtl/core/register_file.v:26$35'.
  created $adff cell `$procdff$837' with positive edge clock and positive level reset.
Creating register for signal `\register_file.\registers[0]' using process `\register_file.$proc$/home/srijitsengupta/rv32i_dsp_soc/hw/rtl/core/register_file.v:26$35'.
  created $dff cell `$procdff$844' with positive edge clock.
Creating register for signal `\register_file.\registers[1]' using process `\register_file.$proc$/home/srijitsengupta/rv32i_dsp_soc/hw/rtl/core/register_file.v:26$35'.
  created $adff cell `$procdff$849' with positive edge clock and positive level reset.
Creating register for signal `\register_file.\registers[2]' using process `\register_file.$proc$/home/srijitsengupta/rv32i_dsp_soc/hw/rtl/core/register_file.v:26$35'.
  created $adff cell `$procdff$854' with positive edge clock and positive level reset.
Creating register for signal `\register_file.\registers[3]' using process `\register_file.$proc$/home/srijitsengupta/rv32i_dsp_soc/hw/rtl/core/register_file.v:26$35'.
  created $adff cell `$procdff$859' with positive edge clock and positive level reset.
Creating register for signal `\register_file.\registers[4]' using process `\register_file.$proc$/home/srijitsengupta/rv32i_dsp_soc/hw/rtl/core/register_file.v:26$35'.
  created $adff cell `$procdff$864' with positive edge clock and positive level reset.
Creating register for signal `\register_file.\registers[5]' using process `\register_file.$proc$/home/srijitsengupta/rv32i_dsp_soc/hw/rtl/core/register_file.v:26$35'.
  created $adff cell `$procdff$869' with positive edge clock and positive level reset.
Creating register for signal `\register_file.\registers[6]' using process `\register_file.$proc$/home/srijitsengupta/rv32i_dsp_soc/hw/rtl/core/register_file.v:26$35'.
  created $adff cell `$procdff$874' with positive edge clock and positive level reset.
Creating register for signal `\register_file.\registers[7]' using process `\register_file.$proc$/home/srijitsengupta/rv32i_dsp_soc/hw/rtl/core/register_file.v:26$35'.
  created $adff cell `$procdff$879' with positive edge clock and positive level reset.
Creating register for signal `\register_file.\registers[8]' using process `\register_file.$proc$/home/srijitsengupta/rv32i_dsp_soc/hw/rtl/core/register_file.v:26$35'.
  created $adff cell `$procdff$884' with positive edge clock and positive level reset.
Creating register for signal `\register_file.\registers[9]' using process `\register_file.$proc$/home/srijitsengupta/rv32i_dsp_soc/hw/rtl/core/register_file.v:26$35'.
  created $adff cell `$procdff$889' with positive edge clock and positive level reset.
Creating register for signal `\register_file.\registers[10]' using process `\register_file.$proc$/home/srijitsengupta/rv32i_dsp_soc/hw/rtl/core/register_file.v:26$35'.
  created $adff cell `$procdff$894' with positive edge clock and positive level reset.
Creating register for signal `\register_file.\registers[11]' using process `\register_file.$proc$/home/srijitsengupta/rv32i_dsp_soc/hw/rtl/core/register_file.v:26$35'.
  created $adff cell `$procdff$899' with positive edge clock and positive level reset.
Creating register for signal `\register_file.\registers[12]' using process `\register_file.$proc$/home/srijitsengupta/rv32i_dsp_soc/hw/rtl/core/register_file.v:26$35'.
  created $adff cell `$procdff$904' with positive edge clock and positive level reset.
Creating register for signal `\register_file.\registers[13]' using process `\register_file.$proc$/home/srijitsengupta/rv32i_dsp_soc/hw/rtl/core/register_file.v:26$35'.
  created $adff cell `$procdff$909' with positive edge clock and positive level reset.
Creating register for signal `\register_file.\registers[14]' using process `\register_file.$proc$/home/srijitsengupta/rv32i_dsp_soc/hw/rtl/core/register_file.v:26$35'.
  created $adff cell `$procdff$914' with positive edge clock and positive level reset.
Creating register for signal `\register_file.\registers[15]' using process `\register_file.$proc$/home/srijitsengupta/rv32i_dsp_soc/hw/rtl/core/register_file.v:26$35'.
  created $adff cell `$procdff$919' with positive edge clock and positive level reset.
Creating register for signal `\register_file.\registers[16]' using process `\register_file.$proc$/home/srijitsengupta/rv32i_dsp_soc/hw/rtl/core/register_file.v:26$35'.
  created $adff cell `$procdff$924' with positive edge clock and positive level reset.
Creating register for signal `\register_file.\registers[17]' using process `\register_file.$proc$/home/srijitsengupta/rv32i_dsp_soc/hw/rtl/core/register_file.v:26$35'.
  created $adff cell `$procdff$929' with positive edge clock and positive level reset.
Creating register for signal `\register_file.\registers[18]' using process `\register_file.$proc$/home/srijitsengupta/rv32i_dsp_soc/hw/rtl/core/register_file.v:26$35'.
  created $adff cell `$procdff$934' with positive edge clock and positive level reset.
Creating register for signal `\register_file.\registers[19]' using process `\register_file.$proc$/home/srijitsengupta/rv32i_dsp_soc/hw/rtl/core/register_file.v:26$35'.
  created $adff cell `$procdff$939' with positive edge clock and positive level reset.
Creating register for signal `\register_file.\registers[20]' using process `\register_file.$proc$/home/srijitsengupta/rv32i_dsp_soc/hw/rtl/core/register_file.v:26$35'.
  created $adff cell `$procdff$944' with positive edge clock and positive level reset.
Creating register for signal `\register_file.\registers[21]' using process `\register_file.$proc$/home/srijitsengupta/rv32i_dsp_soc/hw/rtl/core/register_file.v:26$35'.
  created $adff cell `$procdff$949' with positive edge clock and positive level reset.
Creating register for signal `\register_file.\registers[22]' using process `\register_file.$proc$/home/srijitsengupta/rv32i_dsp_soc/hw/rtl/core/register_file.v:26$35'.
  created $adff cell `$procdff$954' with positive edge clock and positive level reset.
Creating register for signal `\register_file.\registers[23]' using process `\register_file.$proc$/home/srijitsengupta/rv32i_dsp_soc/hw/rtl/core/register_file.v:26$35'.
  created $adff cell `$procdff$959' with positive edge clock and positive level reset.
Creating register for signal `\register_file.\registers[24]' using process `\register_file.$proc$/home/srijitsengupta/rv32i_dsp_soc/hw/rtl/core/register_file.v:26$35'.
  created $adff cell `$procdff$964' with positive edge clock and positive level reset.
Creating register for signal `\register_file.\registers[25]' using process `\register_file.$proc$/home/srijitsengupta/rv32i_dsp_soc/hw/rtl/core/register_file.v:26$35'.
  created $adff cell `$procdff$969' with positive edge clock and positive level reset.
Creating register for signal `\register_file.\registers[26]' using process `\register_file.$proc$/home/srijitsengupta/rv32i_dsp_soc/hw/rtl/core/register_file.v:26$35'.
  created $adff cell `$procdff$974' with positive edge clock and positive level reset.
Creating register for signal `\register_file.\registers[27]' using process `\register_file.$proc$/home/srijitsengupta/rv32i_dsp_soc/hw/rtl/core/register_file.v:26$35'.
  created $adff cell `$procdff$979' with positive edge clock and positive level reset.
Creating register for signal `\register_file.\registers[28]' using process `\register_file.$proc$/home/srijitsengupta/rv32i_dsp_soc/hw/rtl/core/register_file.v:26$35'.
  created $adff cell `$procdff$984' with positive edge clock and positive level reset.
Creating register for signal `\register_file.\registers[29]' using process `\register_file.$proc$/home/srijitsengupta/rv32i_dsp_soc/hw/rtl/core/register_file.v:26$35'.
  created $adff cell `$procdff$989' with positive edge clock and positive level reset.
Creating register for signal `\register_file.\registers[30]' using process `\register_file.$proc$/home/srijitsengupta/rv32i_dsp_soc/hw/rtl/core/register_file.v:26$35'.
  created $adff cell `$procdff$994' with positive edge clock and positive level reset.
Creating register for signal `\register_file.\registers[31]' using process `\register_file.$proc$/home/srijitsengupta/rv32i_dsp_soc/hw/rtl/core/register_file.v:26$35'.
  created $adff cell `$procdff$999' with positive edge clock and positive level reset.
Creating register for signal `\register_file.$mem2reg_wr$\registers$/home/srijitsengupta/rv32i_dsp_soc/hw/rtl/core/register_file.v:33$30_ADDR' using process `\register_file.$proc$/home/srijitsengupta/rv32i_dsp_soc/hw/rtl/core/register_file.v:26$35'.
  created $adff cell `$procdff$1004' with positive edge clock and positive level reset.
Creating register for signal `\register_file.$mem2reg_wr$\registers$/home/srijitsengupta/rv32i_dsp_soc/hw/rtl/core/register_file.v:33$30_DATA' using process `\register_file.$proc$/home/srijitsengupta/rv32i_dsp_soc/hw/rtl/core/register_file.v:26$35'.
  created $adff cell `$procdff$1009' with positive edge clock and positive level reset.
Creating register for signal `\mac_unit.\acc_reg' using process `\mac_unit.$proc$/home/srijitsengupta/rv32i_dsp_soc/hw/rtl/dsp/mac_unit.v:28$59'.
  created $adff cell `$procdff$1014' with positive edge clock and positive level reset.

25. Executing PROC_MEMWR pass (convert process memory writes to cells).

26. Executing PROC_CLEAN pass (remove empty switches from decision trees).
Removing empty process `fetch.$proc$/home/srijitsengupta/rv32i_dsp_soc/hw/rtl/core/fetch.v:20$54'.
Found and cleaned up 1 empty switch in `\register_file.$proc$/home/srijitsengupta/rv32i_dsp_soc/hw/rtl/core/register_file.v:0$48'.
Removing empty process `register_file.$proc$/home/srijitsengupta/rv32i_dsp_soc/hw/rtl/core/register_file.v:0$48'.
Found and cleaned up 1 empty switch in `\register_file.$proc$/home/srijitsengupta/rv32i_dsp_soc/hw/rtl/core/register_file.v:0$45'.
Removing empty process `register_file.$proc$/home/srijitsengupta/rv32i_dsp_soc/hw/rtl/core/register_file.v:0$45'.
Found and cleaned up 2 empty switches in `\register_file.$proc$/home/srijitsengupta/rv32i_dsp_soc/hw/rtl/core/register_file.v:26$35'.
Removing empty process `register_file.$proc$/home/srijitsengupta/rv32i_dsp_soc/hw/rtl/core/register_file.v:26$35'.
Found and cleaned up 4 empty switches in `\execute.$proc$/home/srijitsengupta/rv32i_dsp_soc/hw/rtl/core/execute.v:27$17'.
Removing empty process `execute.$proc$/home/srijitsengupta/rv32i_dsp_soc/hw/rtl/core/execute.v:27$17'.
Found and cleaned up 1 empty switch in `\mac_unit.$proc$/home/srijitsengupta/rv32i_dsp_soc/hw/rtl/dsp/mac_unit.v:28$59'.
Removing empty process `mac_unit.$proc$/home/srijitsengupta/rv32i_dsp_soc/hw/rtl/dsp/mac_unit.v:28$59'.
Cleaned up 9 empty switches.

27. Executing CHECK pass (checking for obvious problems).
Checking module soc_top...
Checking module fetch...
Checking module decode...
Checking module register_file...
Checking module execute...
Checking module instruction_memory...
Checking module rv32i_top...
Checking module dsp_coprocessor...
Checking module mac_unit...
Found and reported 0 problems.

28. Executing OPT_EXPR pass (perform const folding).
Optimizing module soc_top.
Optimizing module fetch.
<suppressed ~2 debug messages>
Optimizing module decode.
Optimizing module register_file.
<suppressed ~76 debug messages>
Optimizing module execute.
<suppressed ~3 debug messages>
Optimizing module instruction_memory.
Optimizing module rv32i_top.
Optimizing module dsp_coprocessor.
<suppressed ~1 debug messages>
Optimizing module mac_unit.
<suppressed ~2 debug messages>

29. Executing FLATTEN pass (flatten design).
Deleting now unused module fetch.
Deleting now unused module decode.
Deleting now unused module register_file.
Deleting now unused module execute.
Deleting now unused module instruction_memory.
Deleting now unused module rv32i_top.
Deleting now unused module dsp_coprocessor.
Deleting now unused module mac_unit.
<suppressed ~8 debug messages>

30. Executing OPT_EXPR pass (perform const folding).
Optimizing module soc_top.
<suppressed ~1 debug messages>

31. Executing OPT_CLEAN pass (remove unused cells and wires).
Finding unused cells or wires in module \soc_top..
Removed 305 unused cells and 448 unused wires.
<suppressed ~358 debug messages>

32. Executing OPT_EXPR pass (perform const folding).
Optimizing module soc_top.

33. Executing OPT_MERGE pass (detect identical cells).
Finding identical cells in module `\soc_top'.
Removed a total of 0 cells.

34. Executing OPT_MUXTREE pass (detect dead branches in mux trees).
Running muxtree optimizer on module \soc_top..
  Creating internal representation of mux trees.
  No muxes found in this module.
Removed 0 multiplexer ports.

35. Executing OPT_REDUCE pass (consolidate $*mux and $reduce_* inputs).
  Optimizing cells in module \soc_top.
Performed a total of 0 changes.

36. Executing OPT_MERGE pass (detect identical cells).
Finding identical cells in module `\soc_top'.
Removed a total of 0 cells.

37. Executing OPT_DFF pass (perform DFF optimizations).

38. Executing OPT_CLEAN pass (remove unused cells and wires).
Finding unused cells or wires in module \soc_top..
Removed 0 unused cells and 59 unused wires.
<suppressed ~59 debug messages>

39. Executing OPT_EXPR pass (perform const folding).
Optimizing module soc_top.

40. Rerunning OPT passes. (Maybe there is more to do…)

41. Executing OPT_MUXTREE pass (detect dead branches in mux trees).
Running muxtree optimizer on module \soc_top..
  Creating internal representation of mux trees.
  No muxes found in this module.
Removed 0 multiplexer ports.

42. Executing OPT_REDUCE pass (consolidate $*mux and $reduce_* inputs).
  Optimizing cells in module \soc_top.
Performed a total of 0 changes.

43. Executing OPT_MERGE pass (detect identical cells).
Finding identical cells in module `\soc_top'.
Removed a total of 0 cells.

44. Executing OPT_DFF pass (perform DFF optimizations).

45. Executing OPT_CLEAN pass (remove unused cells and wires).
Finding unused cells or wires in module \soc_top..

46. Executing OPT_EXPR pass (perform const folding).
Optimizing module soc_top.

47. Executing FSM pass (extract and optimize FSM).

47.1. Executing FSM_DETECT pass (finding FSMs in design).

47.2. Executing FSM_EXTRACT pass (extracting FSM from design).

47.3. Executing FSM_OPT pass (simple optimizations of FSMs).

47.4. Executing OPT_CLEAN pass (remove unused cells and wires).
Finding unused cells or wires in module \soc_top..

47.5. Executing FSM_OPT pass (simple optimizations of FSMs).

47.6. Executing FSM_RECODE pass (re-assigning FSM state encoding).

47.7. Executing FSM_INFO pass (dumping all available information on FSM cells).

47.8. Executing FSM_MAP pass (mapping FSMs to basic logic).

48. Executing OPT_EXPR pass (perform const folding).
Optimizing module soc_top.

49. Executing OPT_MERGE pass (detect identical cells).
Finding identical cells in module `\soc_top'.
Removed a total of 0 cells.

50. Executing OPT_MUXTREE pass (detect dead branches in mux trees).
Running muxtree optimizer on module \soc_top..
  Creating internal representation of mux trees.
  No muxes found in this module.
Removed 0 multiplexer ports.

51. Executing OPT_REDUCE pass (consolidate $*mux and $reduce_* inputs).
  Optimizing cells in module \soc_top.
Performed a total of 0 changes.

52. Executing OPT_MERGE pass (detect identical cells).
Finding identical cells in module `\soc_top'.
Removed a total of 0 cells.

53. Executing OPT_DFF pass (perform DFF optimizations).

54. Executing OPT_CLEAN pass (remove unused cells and wires).
Finding unused cells or wires in module \soc_top..

55. Executing OPT_EXPR pass (perform const folding).
Optimizing module soc_top.

56. Executing WREDUCE pass (reducing word size of cells).

57. Executing PEEPOPT pass (run peephole optimizers).

58. Executing OPT_CLEAN pass (remove unused cells and wires).
Finding unused cells or wires in module \soc_top..

59. Executing ALUMACC pass (create $alu and $macc cells).
Extracting $alu and $macc cells in module soc_top:
  created 0 $alu and 0 $macc cells.

60. Executing SHARE pass (SAT-based resource sharing).

61. Executing OPT_EXPR pass (perform const folding).
Optimizing module soc_top.

62. Executing OPT_MERGE pass (detect identical cells).
Finding identical cells in module `\soc_top'.
Removed a total of 0 cells.

63. Executing OPT_MUXTREE pass (detect dead branches in mux trees).
Running muxtree optimizer on module \soc_top..
  Creating internal representation of mux trees.
  No muxes found in this module.
Removed 0 multiplexer ports.

64. Executing OPT_REDUCE pass (consolidate $*mux and $reduce_* inputs).
  Optimizing cells in module \soc_top.
Performed a total of 0 changes.

65. Executing OPT_MERGE pass (detect identical cells).
Finding identical cells in module `\soc_top'.
Removed a total of 0 cells.

66. Executing OPT_DFF pass (perform DFF optimizations).

67. Executing OPT_CLEAN pass (remove unused cells and wires).
Finding unused cells or wires in module \soc_top..

68. Executing OPT_EXPR pass (perform const folding).
Optimizing module soc_top.

69. Executing MEMORY pass.

69.1. Executing OPT_MEM pass (optimize memories).
Performed a total of 0 transformations.

69.2. Executing OPT_MEM_PRIORITY pass (removing unnecessary memory write priority relations).
Performed a total of 0 transformations.

69.3. Executing OPT_MEM_FEEDBACK pass (finding memory read-to-write feedback paths).

69.4. Executing MEMORY_BMUX2ROM pass (converting muxes to ROMs).

69.5. Executing MEMORY_DFF pass (merging $dff cells to $memrd).

69.6. Executing OPT_CLEAN pass (remove unused cells and wires).
Finding unused cells or wires in module \soc_top..

69.7. Executing MEMORY_SHARE pass (consolidating $memrd/$memwr cells).

69.8. Executing OPT_MEM_WIDEN pass (optimize memories where all ports are wide).
Performed a total of 0 transformations.

69.9. Executing OPT_CLEAN pass (remove unused cells and wires).
Finding unused cells or wires in module \soc_top..

69.10. Executing MEMORY_COLLECT pass (generating $mem cells).

70. Executing OPT_CLEAN pass (remove unused cells and wires).
Finding unused cells or wires in module \soc_top..

71. Executing OPT_EXPR pass (perform const folding).
Optimizing module soc_top.

72. Executing OPT_MERGE pass (detect identical cells).
Finding identical cells in module `\soc_top'.
Removed a total of 0 cells.

73. Executing OPT_DFF pass (perform DFF optimizations).

74. Executing OPT_CLEAN pass (remove unused cells and wires).
Finding unused cells or wires in module \soc_top..

75. Executing MEMORY_MAP pass (converting memories to logic and flip-flops).

76. Executing OPT_EXPR pass (perform const folding).
Optimizing module soc_top.

77. Executing OPT_MERGE pass (detect identical cells).
Finding identical cells in module `\soc_top'.
Removed a total of 0 cells.

78. Executing OPT_MUXTREE pass (detect dead branches in mux trees).
Running muxtree optimizer on module \soc_top..
  Creating internal representation of mux trees.
  No muxes found in this module.
Removed 0 multiplexer ports.

79. Executing OPT_REDUCE pass (consolidate $*mux and $reduce_* inputs).
  Optimizing cells in module \soc_top.
Performed a total of 0 changes.

80. Executing OPT_MERGE pass (detect identical cells).
Finding identical cells in module `\soc_top'.
Removed a total of 0 cells.

81. Executing OPT_SHARE pass.

82. Executing OPT_DFF pass (perform DFF optimizations).

83. Executing OPT_CLEAN pass (remove unused cells and wires).
Finding unused cells or wires in module \soc_top..

84. Executing OPT_EXPR pass (perform const folding).
Optimizing module soc_top.

85. Executing TECHMAP pass (map to technology primitives).

85.1. Executing Verilog-2005 frontend: /nix/store/9r0bh7sp051dpm8km8bqlb028anpd3v3-yosys/bin/../share/yosys/techmap.v
Parsing Verilog input from `/nix/store/9r0bh7sp051dpm8km8bqlb028anpd3v3-yosys/bin/../share/yosys/techmap.v' to AST representation.
Generating RTLIL representation for module `\_90_simplemap_bool_ops'.
Generating RTLIL representation for module `\_90_simplemap_reduce_ops'.
Generating RTLIL representation for module `\_90_simplemap_logic_ops'.
Generating RTLIL representation for module `\_90_simplemap_compare_ops'.
Generating RTLIL representation for module `\_90_simplemap_various'.
Generating RTLIL representation for module `\_90_simplemap_registers'.
Generating RTLIL representation for module `\_90_shift_ops_shr_shl_sshl_sshr'.
Generating RTLIL representation for module `\_90_shift_shiftx'.
Generating RTLIL representation for module `\_90_fa'.
Generating RTLIL representation for module `\_90_lcu_brent_kung'.
Generating RTLIL representation for module `\_90_alu'.
Generating RTLIL representation for module `\_90_macc'.
Generating RTLIL representation for module `\_90_alumacc'.
Generating RTLIL representation for module `\$__div_mod_u'.
Generating RTLIL representation for module `\$__div_mod_trunc'.
Generating RTLIL representation for module `\_90_div'.
Generating RTLIL representation for module `\_90_mod'.
Generating RTLIL representation for module `\$__div_mod_floor'.
Generating RTLIL representation for module `\_90_divfloor'.
Generating RTLIL representation for module `\_90_modfloor'.
Generating RTLIL representation for module `\_90_pow'.
Generating RTLIL representation for module `\_90_pmux'.
Generating RTLIL representation for module `\_90_demux'.
Generating RTLIL representation for module `\_90_lut'.
Successfully finished Verilog frontend.

85.2. Continuing TECHMAP pass.
No more expansions possible.
<suppressed ~73 debug messages>

86. Executing OPT_EXPR pass (perform const folding).
Optimizing module soc_top.

87. Executing OPT_MERGE pass (detect identical cells).
Finding identical cells in module `\soc_top'.
Removed a total of 0 cells.

88. Executing OPT_DFF pass (perform DFF optimizations).

89. Executing OPT_CLEAN pass (remove unused cells and wires).
Finding unused cells or wires in module \soc_top..

90. Executing OPT_EXPR pass (perform const folding).
Optimizing module soc_top.

91. Executing OPT_MERGE pass (detect identical cells).
Finding identical cells in module `\soc_top'.
Removed a total of 0 cells.

92. Executing OPT_DFF pass (perform DFF optimizations).

93. Executing OPT_CLEAN pass (remove unused cells and wires).
Finding unused cells or wires in module \soc_top..

94. Executing ABC pass (technology mapping using ABC).

94.1. Extracting gate netlist of module `\soc_top' to `<abc-temp-dir>/input.blif'..
Extracted 0 gates and 0 wires to a netlist network with 0 inputs and 0 outputs.
Don't call ABC as there is nothing to map.
Removing temp directory.

95. Executing OPT pass (performing simple optimizations).

95.1. Executing OPT_EXPR pass (perform const folding).
Optimizing module soc_top.

95.2. Executing OPT_MERGE pass (detect identical cells).
Finding identical cells in module `\soc_top'.
Removed a total of 0 cells.

95.3. Executing OPT_DFF pass (perform DFF optimizations).

95.4. Executing OPT_CLEAN pass (remove unused cells and wires).
Finding unused cells or wires in module \soc_top..

95.5. Finished fast OPT passes.

96. Executing HIERARCHY pass (managing design hierarchy).

96.1. Analyzing design hierarchy..
Top module:  \soc_top

96.2. Analyzing design hierarchy..
Top module:  \soc_top
Removed 0 unused modules.

97. Executing CHECK pass (checking for obvious problems).
Checking module soc_top...
Found and reported 0 problems.

98. Printing statistics.

=== soc_top ===

   Number of wires:                 13
   Number of wire bits:             13
   Number of public wires:          13
   Number of public wire bits:      13
   Number of ports:                  2
   Number of port bits:              2
   Number of memories:               0
   Number of memory bits:            0
   Number of processes:              0
   Number of cells:                  8
     $scopeinfo                      8

99. Generating Graphviz representation of design.
Writing dot description to `/home/srijitsengupta/rv32i_dsp_soc/openlane/runs/RUN_2026-07-27_08-06-26/06-yosys-synthesis/primitive_techmap.dot'.
Dumping module soc_top to page 1.

100. Executing OPT pass (performing simple optimizations).

100.1. Executing OPT_EXPR pass (perform const folding).
Optimizing module soc_top.

100.2. Executing OPT_MERGE pass (detect identical cells).
Finding identical cells in module `\soc_top'.
Removed a total of 0 cells.

100.3. Executing OPT_MUXTREE pass (detect dead branches in mux trees).
Running muxtree optimizer on module \soc_top..
  Creating internal representation of mux trees.
  No muxes found in this module.
Removed 0 multiplexer ports.

100.4. Executing OPT_REDUCE pass (consolidate $*mux and $reduce_* inputs).
  Optimizing cells in module \soc_top.
Performed a total of 0 changes.

100.5. Executing OPT_MERGE pass (detect identical cells).
Finding identical cells in module `\soc_top'.
Removed a total of 0 cells.

100.6. Executing OPT_DFF pass (perform DFF optimizations).

100.7. Executing OPT_CLEAN pass (remove unused cells and wires).
Finding unused cells or wires in module \soc_top..

100.8. Executing OPT_EXPR pass (perform const folding).
Optimizing module soc_top.

100.9. Finished OPT passes. (There is nothing left to do.)

101. Executing OPT_CLEAN pass (remove unused cells and wires).
Finding unused cells or wires in module \soc_top..
Removed 8 unused cells and 11 unused wires.
<suppressed ~19 debug messages>
{
   "creator": "Yosys 0.46 (git sha1 e97731b9dda91fa5fa53ed87df7c34163ba59a41, clang++ 17.0.6 -fPIC -O3)",
   "invocation": "stat -json -liberty /home/srijitsengupta/rv32i_dsp_soc/openlane/runs/RUN_2026-07-27_08-06-26/tmp/b73ed1328b9f4de8baaaf441f5e9f427.lib ",
   "modules": {
      "\\soc_top": {
         "num_wires":         2,
         "num_wire_bits":     2,
         "num_pub_wires":     2,
         "num_pub_wire_bits": 2,
         "num_ports":         2,
         "num_port_bits":     2,
         "num_memories":      0,
         "num_memory_bits":   0,
         "num_processes":     0,
         "num_cells":         0,
         "num_cells_by_type": {

         }
      }
   },
      "design": {
         "num_wires":         2,
         "num_wire_bits":     2,
         "num_pub_wires":     2,
         "num_pub_wire_bits": 2,
         "num_ports":         2,
         "num_port_bits":     2,
         "num_memories":      0,
         "num_memory_bits":   0,
         "num_processes":     0,
         "num_cells":         0,
         "num_cells_by_type": {

         }
      }
}

102. Printing statistics.

=== soc_top ===

   Number of wires:                  2
   Number of wire bits:              2
   Number of public wires:           2
   Number of public wire bits:       2
   Number of ports:                  2
   Number of port bits:              2
   Number of memories:               0
   Number of memory bits:            0
   Number of processes:              0
   Number of cells:                  0

[INFO] Applying tri-state buffer mapping from '/home/srijitsengupta/.volare/volare/sky130/versions/0fe599b2afb6708d281543108caf8310912f54af/sky130A/libs.tech/openlane/sky130_fd_sc_hd/tribuff_map.v'…

103. Executing TECHMAP pass (map to technology primitives).

103.1. Executing Verilog-2005 frontend: /home/srijitsengupta/.volare/volare/sky130/versions/0fe599b2afb6708d281543108caf8310912f54af/sky130A/libs.tech/openlane/sky130_fd_sc_hd/tribuff_map.v
Parsing Verilog input from `/home/srijitsengupta/.volare/volare/sky130/versions/0fe599b2afb6708d281543108caf8310912f54af/sky130A/libs.tech/openlane/sky130_fd_sc_hd/tribuff_map.v' to AST representation.
Generating RTLIL representation for module `\$_TBUF_'.
Successfully finished Verilog frontend.

103.2. Continuing TECHMAP pass.
No more expansions possible.
<suppressed ~3 debug messages>

104. Executing SIMPLEMAP pass (map simple cells to gate primitives).
[INFO] Applying latch mapping from '/home/srijitsengupta/.volare/volare/sky130/versions/0fe599b2afb6708d281543108caf8310912f54af/sky130A/libs.tech/openlane/sky130_fd_sc_hd/latch_map.v'…

105. Executing TECHMAP pass (map to technology primitives).

105.1. Executing Verilog-2005 frontend: /home/srijitsengupta/.volare/volare/sky130/versions/0fe599b2afb6708d281543108caf8310912f54af/sky130A/libs.tech/openlane/sky130_fd_sc_hd/latch_map.v
Parsing Verilog input from `/home/srijitsengupta/.volare/volare/sky130/versions/0fe599b2afb6708d281543108caf8310912f54af/sky130A/libs.tech/openlane/sky130_fd_sc_hd/latch_map.v' to AST representation.
Generating RTLIL representation for module `\$_DLATCH_P_'.
Generating RTLIL representation for module `\$_DLATCH_N_'.
Successfully finished Verilog frontend.

105.2. Continuing TECHMAP pass.
No more expansions possible.
<suppressed ~4 debug messages>

106. Executing SIMPLEMAP pass (map simple cells to gate primitives).

107. Executing DFFLIBMAP pass (mapping DFF cells to sequential cells from liberty file).
  cell sky130_fd_sc_hd__dfxtp_2 (noninv, pins=3, area=21.27) is a direct match for cell type $_DFF_P_.
  cell sky130_fd_sc_hd__dfrtp_2 (noninv, pins=4, area=26.28) is a direct match for cell type $_DFF_PN0_.
  cell sky130_fd_sc_hd__dfstp_2 (noninv, pins=4, area=26.28) is a direct match for cell type $_DFF_PN1_.
  cell sky130_fd_sc_hd__dfbbn_2 (noninv, pins=6, area=35.03) is a direct match for cell type $_DFFSR_NNN_.
  final dff cell mappings:
    unmapped dff cell: $_DFF_N_
    \sky130_fd_sc_hd__dfxtp_2 _DFF_P_ (.CLK( C), .D( D), .Q( Q));
    unmapped dff cell: $_DFF_NN0_
    unmapped dff cell: $_DFF_NN1_
    unmapped dff cell: $_DFF_NP0_
    unmapped dff cell: $_DFF_NP1_
    \sky130_fd_sc_hd__dfrtp_2 _DFF_PN0_ (.CLK( C), .D( D), .Q( Q), .RESET_B( R));
    \sky130_fd_sc_hd__dfstp_2 _DFF_PN1_ (.CLK( C), .D( D), .Q( Q), .SET_B( R));
    unmapped dff cell: $_DFF_PP0_
    unmapped dff cell: $_DFF_PP1_
    \sky130_fd_sc_hd__dfbbn_2 _DFFSR_NNN_ (.CLK_N( C), .D( D), .Q( Q), .Q_N(~Q), .RESET_B( R), .SET_B( S));
    unmapped dff cell: $_DFFSR_NNP_
    unmapped dff cell: $_DFFSR_NPN_
    unmapped dff cell: $_DFFSR_NPP_
    unmapped dff cell: $_DFFSR_PNN_
    unmapped dff cell: $_DFFSR_PNP_
    unmapped dff cell: $_DFFSR_PPN_
    unmapped dff cell: $_DFFSR_PPP_

107.1. Executing DFFLEGALIZE pass (convert FFs to types supported by the target).
Mapping DFF cells in module `\soc_top':
{
   "creator": "Yosys 0.46 (git sha1 e97731b9dda91fa5fa53ed87df7c34163ba59a41, clang++ 17.0.6 -fPIC -O3)",
   "invocation": "stat -json -liberty /home/srijitsengupta/rv32i_dsp_soc/openlane/runs/RUN_2026-07-27_08-06-26/tmp/b73ed1328b9f4de8baaaf441f5e9f427.lib ",
   "modules": {
      "\\soc_top": {
         "num_wires":         2,
         "num_wire_bits":     2,
         "num_pub_wires":     2,
         "num_pub_wire_bits": 2,
         "num_ports":         2,
         "num_port_bits":     2,
         "num_memories":      0,
         "num_memory_bits":   0,
         "num_processes":     0,
         "num_cells":         0,
         "num_cells_by_type": {

         }
      }
   },
      "design": {
         "num_wires":         2,
         "num_wire_bits":     2,
         "num_pub_wires":     2,
         "num_pub_wire_bits": 2,
         "num_ports":         2,
         "num_port_bits":     2,
         "num_memories":      0,
         "num_memory_bits":   0,
         "num_processes":     0,
         "num_cells":         0,
         "num_cells_by_type": {

         }
      }
}

108. Printing statistics.

=== soc_top ===

   Number of wires:                  2
   Number of wire bits:              2
   Number of public wires:           2
   Number of public wire bits:       2
   Number of ports:                  2
   Number of port bits:              2
   Number of memories:               0
   Number of memory bits:            0
   Number of processes:              0
   Number of cells:                  0

[INFO] Using generated ABC script '/home/srijitsengupta/rv32i_dsp_soc/openlane/runs/RUN_2026-07-27_08-06-26/06-yosys-synthesis/AREA_0.abc'…

109. Executing ABC pass (technology mapping using ABC).

109.1. Extracting gate netlist of module `\soc_top' to `/tmp/yosys-abc-zeGM9d/input.blif'..
Extracted 0 gates and 0 wires to a netlist network with 0 inputs and 0 outputs.
Don't call ABC as there is nothing to map.
Removing temp directory.

110. Executing SETUNDEF pass (replace undef values with defined constants).

111. Executing HILOMAP pass (mapping to constant drivers).

112. Executing SPLITNETS pass (splitting up multi-bit signals).

113. Executing OPT_CLEAN pass (remove unused cells and wires).
Finding unused cells or wires in module \soc_top..

114. Executing INSBUF pass (insert buffer cells for connected wires).

115. Executing CHECK pass (checking for obvious problems).
Checking module soc_top...
Found and reported 0 problems.
{
   "creator": "Yosys 0.46 (git sha1 e97731b9dda91fa5fa53ed87df7c34163ba59a41, clang++ 17.0.6 -fPIC -O3)",
   "invocation": "stat -json -liberty /home/srijitsengupta/rv32i_dsp_soc/openlane/runs/RUN_2026-07-27_08-06-26/tmp/b73ed1328b9f4de8baaaf441f5e9f427.lib ",
   "modules": {
      "\\soc_top": {
         "num_wires":         2,
         "num_wire_bits":     2,
         "num_pub_wires":     2,
         "num_pub_wire_bits": 2,
         "num_ports":         2,
         "num_port_bits":     2,
         "num_memories":      0,
         "num_memory_bits":   0,
         "num_processes":     0,
         "num_cells":         0,
         "num_cells_by_type": {

         }
      }
   },
      "design": {
         "num_wires":         2,
         "num_wire_bits":     2,
         "num_pub_wires":     2,
         "num_pub_wire_bits": 2,
         "num_ports":         2,
         "num_port_bits":     2,
         "num_memories":      0,
         "num_memory_bits":   0,
         "num_processes":     0,
         "num_cells":         0,
         "num_cells_by_type": {

         }
      }
}

116. Printing statistics.

=== soc_top ===

   Number of wires:                  2
   Number of wire bits:              2
   Number of public wires:           2
   Number of public wire bits:       2
   Number of ports:                  2
   Number of port bits:              2
   Number of memories:               0
   Number of memory bits:            0
   Number of processes:              0
   Number of cells:                  0

117. Executing Verilog backend.
Dumping module `\soc_top'.

118. Executing JSON backend.
