
===========================================================================
report_checks -unconstrained
===========================================================================
======================= max_ss_100C_1v60 Corner ===================================

Startpoint: rst_n (input port clocked by clk)
Endpoint: _6341_ (recovery check against rising-edge clock clk)
Path Group: asynchronous
Path Type: max

Fanout         Cap        Slew       Delay        Time   Description
---------------------------------------------------------------------------------------------
                                  0.000000    0.000000   clock clk (rise edge)
                                  0.000000    0.000000   clock network delay (propagated)
                                  2.000000    2.000000 ^ input external delay
     1    0.002553    0.030621    0.014531    2.014531 ^ rst_n (in)
                                                         rst_n (net)
                      0.030621    0.000000    2.014531 ^ input1/A (sky130_fd_sc_hd__clkbuf_1)
     1    0.004401    0.100253    0.153901    2.168432 ^ input1/X (sky130_fd_sc_hd__clkbuf_1)
                                                         net1 (net)
                      0.100253    0.000334    2.168767 ^ fanout255/A (sky130_fd_sc_hd__clkbuf_4)
     5    0.079512    0.378396    0.486105    2.654871 ^ fanout255/X (sky130_fd_sc_hd__clkbuf_4)
                                                         net255 (net)
                      0.378616    0.005307    2.660178 ^ fanout254/A (sky130_fd_sc_hd__buf_4)
    10    0.089975    0.398989    0.568846    3.229024 ^ fanout254/X (sky130_fd_sc_hd__buf_4)
                                                         net254 (net)
                      0.399007    0.002350    3.231374 ^ fanout253/A (sky130_fd_sc_hd__buf_4)
    10    0.068207    0.307657    0.518947    3.750321 ^ fanout253/X (sky130_fd_sc_hd__buf_4)
                                                         net253 (net)
                      0.308318    0.010442    3.760763 ^ fanout252/A (sky130_fd_sc_hd__clkbuf_4)
    10    0.052028    0.257129    0.491908    4.252672 ^ fanout252/X (sky130_fd_sc_hd__clkbuf_4)
                                                         net252 (net)
                      0.257175    0.003506    4.256178 ^ fanout250/A (sky130_fd_sc_hd__clkbuf_4)
    10    0.047665    0.237799    0.454160    4.710338 ^ fanout250/X (sky130_fd_sc_hd__clkbuf_4)
                                                         net250 (net)
                      0.238250    0.007363    4.717701 ^ _6341_/RESET_B (sky130_fd_sc_hd__dfrtp_1)
                                              4.717701   data arrival time

                                 10.000000   10.000000   clock clk (rise edge)
                                  0.000000   10.000000   clock source latency
     1    0.050745    0.364135    0.259134   10.259134 ^ clk (in)
                                                         clk (net)
                      0.364673    0.000000   10.259134 ^ clkbuf_0_clk/A (sky130_fd_sc_hd__clkbuf_16)
    16    0.211232    0.332792    0.552013   10.811147 ^ clkbuf_0_clk/X (sky130_fd_sc_hd__clkbuf_16)
                                                         clknet_0_clk (net)
                      0.334806    0.020981   10.832129 ^ clkbuf_4_11_0_clk/A (sky130_fd_sc_hd__clkbuf_8)
     8    0.033524    0.116002    0.382575   11.214704 ^ clkbuf_4_11_0_clk/X (sky130_fd_sc_hd__clkbuf_8)
                                                         clknet_4_11_0_clk (net)
                      0.116041    0.001967   11.216671 ^ _6341_/CLK (sky130_fd_sc_hd__dfrtp_1)
                                 -0.250000   10.966671   clock uncertainty
                                  0.000000   10.966671   clock reconvergence pessimism
                                  0.415778   11.382448   library recovery time
                                             11.382448   data required time
---------------------------------------------------------------------------------------------
                                             11.382448   data required time
                                             -4.717701   data arrival time
---------------------------------------------------------------------------------------------
                                              6.664747   slack (MET)


Startpoint: _6219_ (rising edge-triggered flip-flop clocked by clk)
Endpoint: monitor_out[31] (output port clocked by clk)
Path Group: clk
Path Type: max

Fanout         Cap        Slew       Delay        Time   Description
---------------------------------------------------------------------------------------------
                                  0.000000    0.000000   clock clk (rise edge)
                                  0.000000    0.000000   clock source latency
     1    0.050745    0.364135    0.259134    0.259134 ^ clk (in)
                                                         clk (net)
                      0.364673    0.000000    0.259134 ^ clkbuf_0_clk/A (sky130_fd_sc_hd__clkbuf_16)
    16    0.211232    0.332792    0.552013    0.811147 ^ clkbuf_0_clk/X (sky130_fd_sc_hd__clkbuf_16)
                                                         clknet_0_clk (net)
                      0.333806    0.015101    0.826248 ^ clkbuf_4_1_0_clk/A (sky130_fd_sc_hd__clkbuf_8)
    12    0.040462    0.132789    0.393650    1.219898 ^ clkbuf_4_1_0_clk/X (sky130_fd_sc_hd__clkbuf_8)
                                                         clknet_4_1_0_clk (net)
                      0.133021    0.004812    1.224710 ^ _6219_/CLK (sky130_fd_sc_hd__dfrtp_1)
     1    0.006722    0.125134    0.710942    1.935652 ^ _6219_/Q (sky130_fd_sc_hd__dfrtp_1)
                                                         core.dsp_valid_out (net)
                      0.125134    0.000521    1.936173 ^ fanout238/A (sky130_fd_sc_hd__buf_6)
     5    0.061737    0.203376    0.304803    2.240977 ^ fanout238/X (sky130_fd_sc_hd__buf_6)
                                                         net238 (net)
                      0.203639    0.005016    2.245993 ^ fanout237/A (sky130_fd_sc_hd__clkbuf_4)
     7    0.074004    0.352777    0.515247    2.761241 ^ fanout237/X (sky130_fd_sc_hd__clkbuf_4)
                                                         net237 (net)
                      0.353197    0.008570    2.769810 ^ fanout236/A (sky130_fd_sc_hd__clkbuf_2)
     6    0.033972    0.293254    0.470956    3.240766 ^ fanout236/X (sky130_fd_sc_hd__clkbuf_2)
                                                         net236 (net)
                      0.293255    0.001300    3.242066 ^ fanout235/A (sky130_fd_sc_hd__buf_2)
    10    0.039181    0.309744    0.466432    3.708497 ^ fanout235/X (sky130_fd_sc_hd__buf_2)
                                                         net235 (net)
                      0.309748    0.001813    3.710311 ^ _3069_/A (sky130_fd_sc_hd__and2_1)
     1    0.004493    0.103176    0.331283    4.041594 ^ _3069_/X (sky130_fd_sc_hd__and2_1)
                                                         _1976_ (net)
                      0.103176    0.000339    4.041933 ^ fanout99/A (sky130_fd_sc_hd__clkbuf_2)
     6    0.025900    0.226996    0.319338    4.361271 ^ fanout99/X (sky130_fd_sc_hd__clkbuf_2)
                                                         net99 (net)
                      0.227002    0.001526    4.362798 ^ fanout98/A (sky130_fd_sc_hd__buf_2)
    10    0.049459    0.384802    0.493340    4.856138 ^ fanout98/X (sky130_fd_sc_hd__buf_2)
                                                         net98 (net)
                      0.385049    0.008111    4.864250 ^ fanout97/A (sky130_fd_sc_hd__buf_2)
    10    0.043440    0.341576    0.524766    5.389016 ^ fanout97/X (sky130_fd_sc_hd__buf_2)
                                                         net97 (net)
                      0.341576    0.001112    5.390128 ^ _4497_/B (sky130_fd_sc_hd__and3_1)
     2    0.006088    0.131727    0.427518    5.817645 ^ _4497_/X (sky130_fd_sc_hd__and3_1)
                                                         _0777_ (net)
                      0.131727    0.000217    5.817862 ^ _4498_/B (sky130_fd_sc_hd__nor2_1)
     2    0.007869    0.093030    0.129172    5.947034 v _4498_/Y (sky130_fd_sc_hd__nor2_1)
                                                         _0778_ (net)
                      0.093031    0.000497    5.947531 v _4626_/A3 (sky130_fd_sc_hd__a31o_1)
     2    0.008850    0.115832    0.447494    6.395025 v _4626_/X (sky130_fd_sc_hd__a31o_1)
                                                         _0905_ (net)
                      0.115833    0.000617    6.395641 v _4635_/A (sky130_fd_sc_hd__xnor2_1)
     2    0.005503    0.272707    0.327952    6.723594 ^ _4635_/Y (sky130_fd_sc_hd__xnor2_1)
                                                         _0914_ (net)
                      0.272707    0.000322    6.723916 ^ _4636_/B (sky130_fd_sc_hd__or2_1)
     1    0.002886    0.068016    0.244431    6.968347 ^ _4636_/X (sky130_fd_sc_hd__or2_1)
                                                         _0915_ (net)
                      0.068016    0.000134    6.968481 ^ _4638_/A (sky130_fd_sc_hd__nand2_1)
     2    0.004696    0.099154    0.117189    7.085670 v _4638_/Y (sky130_fd_sc_hd__nand2_1)
                                                         _0917_ (net)
                      0.099154    0.000154    7.085824 v _4639_/C (sky130_fd_sc_hd__and3_1)
     1    0.002826    0.070657    0.372099    7.457922 v _4639_/X (sky130_fd_sc_hd__and3_1)
                                                         _0918_ (net)
                      0.070657    0.000208    7.458130 v _4641_/A (sky130_fd_sc_hd__nor2_1)
     2    0.010226    0.332220    0.321716    7.779846 ^ _4641_/Y (sky130_fd_sc_hd__nor2_1)
                                                         _0920_ (net)
                      0.332222    0.000686    7.780532 ^ _4642_/B (sky130_fd_sc_hd__xor2_1)
     2    0.015049    0.540058    0.601459    8.381991 ^ _4642_/X (sky130_fd_sc_hd__xor2_1)
                                                         _0921_ (net)
                      0.540063    0.001317    8.383308 ^ _4663_/A (sky130_fd_sc_hd__xor2_1)
     2    0.004766    0.155801    0.308131    8.691440 v _4663_/X (sky130_fd_sc_hd__xor2_1)
                                                         _0942_ (net)
                      0.155801    0.000216    8.691656 v _4664_/B (sky130_fd_sc_hd__and2_1)
     3    0.010896    0.133325    0.423384    9.115040 v _4664_/X (sky130_fd_sc_hd__and2_1)
                                                         _0943_ (net)
                      0.133325    0.000312    9.115352 v _4666_/A (sky130_fd_sc_hd__or2_1)
     2    0.007013    0.133330    0.568680    9.684031 v _4666_/X (sky130_fd_sc_hd__or2_1)
                                                         _0945_ (net)
                      0.133330    0.000480    9.684511 v _4734_/A (sky130_fd_sc_hd__xnor2_1)
     2    0.008044    0.354843    0.399385   10.083897 ^ _4734_/Y (sky130_fd_sc_hd__xnor2_1)
                                                         _1013_ (net)
                      0.354927    0.000592   10.084489 ^ _4736_/B (sky130_fd_sc_hd__xor2_1)
     2    0.008182    0.336474    0.455923   10.540412 ^ _4736_/X (sky130_fd_sc_hd__xor2_1)
                                                         _1015_ (net)
                      0.336474    0.000599   10.541011 ^ _4737_/B (sky130_fd_sc_hd__xor2_1)
     2    0.006631    0.291290    0.416490   10.957501 ^ _4737_/X (sky130_fd_sc_hd__xor2_1)
                                                         _1016_ (net)
                      0.291290    0.000437   10.957938 ^ _4739_/B (sky130_fd_sc_hd__nand2_1)
     2    0.004905    0.113301    0.209918   11.167856 v _4739_/Y (sky130_fd_sc_hd__nand2_1)
                                                         _1018_ (net)
                      0.113301    0.000275   11.168132 v _4740_/B (sky130_fd_sc_hd__and2b_1)
     2    0.007503    0.103561    0.378415   11.546546 v _4740_/X (sky130_fd_sc_hd__and2b_1)
                                                         _1019_ (net)
                      0.103562    0.000512   11.547058 v _4741_/B (sky130_fd_sc_hd__xnor2_1)
     2    0.012470    0.500613    0.467057   12.014114 ^ _4741_/Y (sky130_fd_sc_hd__xnor2_1)
                                                         _1020_ (net)
                      0.500615    0.000801   12.014915 ^ _4742_/C (sky130_fd_sc_hd__nand3_1)
     3    0.013092    0.356591    0.485301   12.500216 v _4742_/Y (sky130_fd_sc_hd__nand3_1)
                                                         _1021_ (net)
                      0.356591    0.000644   12.500860 v _4756_/B1_N (sky130_fd_sc_hd__a21bo_1)
     2    0.012073    0.175045    0.557608   13.058469 ^ _4756_/X (sky130_fd_sc_hd__a21bo_1)
                                                         _1034_ (net)
                      0.175047    0.000884   13.059352 ^ _4894_/A2 (sky130_fd_sc_hd__a21oi_4)
     4    0.018162    0.145063    0.182369   13.241721 v _4894_/Y (sky130_fd_sc_hd__a21oi_4)
                                                         _1172_ (net)
                      0.145065    0.001114   13.242835 v _5048_/A2 (sky130_fd_sc_hd__o31a_1)
     1    0.002692    0.084301    0.544663   13.787498 v _5048_/X (sky130_fd_sc_hd__o31a_1)
                                                         _1324_ (net)
                      0.084301    0.000159   13.787657 v _5198_/A (sky130_fd_sc_hd__or2_1)
     2    0.004809    0.116089    0.526114   14.313771 v _5198_/X (sky130_fd_sc_hd__or2_1)
                                                         _1474_ (net)
                      0.116089    0.000290   14.314061 v _5200_/B (sky130_fd_sc_hd__and3_1)
     4    0.014745    0.164971    0.454268   14.768330 v _5200_/X (sky130_fd_sc_hd__and3_1)
                                                         _1476_ (net)
                      0.164973    0.000909   14.769238 v _5202_/A (sky130_fd_sc_hd__nor2_1)
     3    0.017002    0.520149    0.496820   15.266059 ^ _5202_/Y (sky130_fd_sc_hd__nor2_1)
                                                         _1478_ (net)
                      0.520151    0.000897   15.266956 ^ _5551_/A1 (sky130_fd_sc_hd__a21oi_1)
     2    0.006981    0.197362    0.343993   15.610950 v _5551_/Y (sky130_fd_sc_hd__a21oi_1)
                                                         _1825_ (net)
                      0.197362    0.000430   15.611380 v _5719_/B1 (sky130_fd_sc_hd__a2111o_1)
     2    0.018821    0.245553    0.952806   16.564186 v _5719_/X (sky130_fd_sc_hd__a2111o_1)
                                                         _2000_ (net)
                      0.245566    0.002052   16.566236 v _5887_/A2 (sky130_fd_sc_hd__a21oi_4)
     3    0.020359    0.294581    0.415383   16.981621 ^ _5887_/Y (sky130_fd_sc_hd__a21oi_4)
                                                         _2185_ (net)
                      0.294583    0.001341   16.982962 ^ _6005_/A1 (sky130_fd_sc_hd__o21ai_2)
     1    0.006152    0.137606    0.210154   17.193115 v _6005_/Y (sky130_fd_sc_hd__o21ai_2)
                                                         _2313_ (net)
                      0.137607    0.000442   17.193558 v _6006_/C1 (sky130_fd_sc_hd__o311a_4)
     2    0.013989    0.110565    0.270338   17.463896 v _6006_/X (sky130_fd_sc_hd__o311a_4)
                                                         core.dsp_result_in[31] (net)
                      0.110565    0.001164   17.465059 v _6086_/B (sky130_fd_sc_hd__xnor2_2)
     1    0.005618    0.117076    0.257865   17.722923 v _6086_/Y (sky130_fd_sc_hd__xnor2_2)
                                                         net26 (net)
                      0.117076    0.000409   17.723333 v output26/A (sky130_fd_sc_hd__buf_6)
     1    0.034745    0.076562    0.269521   17.992853 v output26/X (sky130_fd_sc_hd__buf_6)
                                                         monitor_out[31] (net)
                      0.076614    0.001760   17.994614 v monitor_out[31] (out)
                                             17.994614   data arrival time

                                 10.000000   10.000000   clock clk (rise edge)
                                  0.000000   10.000000   clock network delay (propagated)
                                 -0.250000    9.750000   clock uncertainty
                                  0.000000    9.750000   clock reconvergence pessimism
                                 -2.000000    7.750000   output external delay
                                              7.750000   data required time
---------------------------------------------------------------------------------------------
                                              7.750000   data required time
                                            -17.994614   data arrival time
---------------------------------------------------------------------------------------------
                                            -10.244615   slack (VIOLATED)




===========================================================================
report_checks --slack_max -0.01
============================================================================
======================= max_ss_100C_1v60 Corner ===================================

Startpoint: _6219_ (rising edge-triggered flip-flop clocked by clk)
Endpoint: monitor_out[31] (output port clocked by clk)
Path Group: clk
Path Type: max

Fanout         Cap        Slew       Delay        Time   Description
---------------------------------------------------------------------------------------------
                                  0.000000    0.000000   clock clk (rise edge)
                                  0.000000    0.000000   clock source latency
     1    0.050745    0.364135    0.259134    0.259134 ^ clk (in)
                                                         clk (net)
                      0.364673    0.000000    0.259134 ^ clkbuf_0_clk/A (sky130_fd_sc_hd__clkbuf_16)
    16    0.211232    0.332792    0.552013    0.811147 ^ clkbuf_0_clk/X (sky130_fd_sc_hd__clkbuf_16)
                                                         clknet_0_clk (net)
                      0.333806    0.015101    0.826248 ^ clkbuf_4_1_0_clk/A (sky130_fd_sc_hd__clkbuf_8)
    12    0.040462    0.132789    0.393650    1.219898 ^ clkbuf_4_1_0_clk/X (sky130_fd_sc_hd__clkbuf_8)
                                                         clknet_4_1_0_clk (net)
                      0.133021    0.004812    1.224710 ^ _6219_/CLK (sky130_fd_sc_hd__dfrtp_1)
     1    0.006722    0.125134    0.710942    1.935652 ^ _6219_/Q (sky130_fd_sc_hd__dfrtp_1)
                                                         core.dsp_valid_out (net)
                      0.125134    0.000521    1.936173 ^ fanout238/A (sky130_fd_sc_hd__buf_6)
     5    0.061737    0.203376    0.304803    2.240977 ^ fanout238/X (sky130_fd_sc_hd__buf_6)
                                                         net238 (net)
                      0.203639    0.005016    2.245993 ^ fanout237/A (sky130_fd_sc_hd__clkbuf_4)
     7    0.074004    0.352777    0.515247    2.761241 ^ fanout237/X (sky130_fd_sc_hd__clkbuf_4)
                                                         net237 (net)
                      0.353197    0.008570    2.769810 ^ fanout236/A (sky130_fd_sc_hd__clkbuf_2)
     6    0.033972    0.293254    0.470956    3.240766 ^ fanout236/X (sky130_fd_sc_hd__clkbuf_2)
                                                         net236 (net)
                      0.293255    0.001300    3.242066 ^ fanout235/A (sky130_fd_sc_hd__buf_2)
    10    0.039181    0.309744    0.466432    3.708497 ^ fanout235/X (sky130_fd_sc_hd__buf_2)
                                                         net235 (net)
                      0.309748    0.001813    3.710311 ^ _3069_/A (sky130_fd_sc_hd__and2_1)
     1    0.004493    0.103176    0.331283    4.041594 ^ _3069_/X (sky130_fd_sc_hd__and2_1)
                                                         _1976_ (net)
                      0.103176    0.000339    4.041933 ^ fanout99/A (sky130_fd_sc_hd__clkbuf_2)
     6    0.025900    0.226996    0.319338    4.361271 ^ fanout99/X (sky130_fd_sc_hd__clkbuf_2)
                                                         net99 (net)
                      0.227002    0.001526    4.362798 ^ fanout98/A (sky130_fd_sc_hd__buf_2)
    10    0.049459    0.384802    0.493340    4.856138 ^ fanout98/X (sky130_fd_sc_hd__buf_2)
                                                         net98 (net)
                      0.385049    0.008111    4.864250 ^ fanout97/A (sky130_fd_sc_hd__buf_2)
    10    0.043440    0.341576    0.524766    5.389016 ^ fanout97/X (sky130_fd_sc_hd__buf_2)
                                                         net97 (net)
                      0.341576    0.001112    5.390128 ^ _4497_/B (sky130_fd_sc_hd__and3_1)
     2    0.006088    0.131727    0.427518    5.817645 ^ _4497_/X (sky130_fd_sc_hd__and3_1)
                                                         _0777_ (net)
                      0.131727    0.000217    5.817862 ^ _4498_/B (sky130_fd_sc_hd__nor2_1)
     2    0.007869    0.093030    0.129172    5.947034 v _4498_/Y (sky130_fd_sc_hd__nor2_1)
                                                         _0778_ (net)
                      0.093031    0.000497    5.947531 v _4626_/A3 (sky130_fd_sc_hd__a31o_1)
     2    0.008850    0.115832    0.447494    6.395025 v _4626_/X (sky130_fd_sc_hd__a31o_1)
                                                         _0905_ (net)
                      0.115833    0.000617    6.395641 v _4635_/A (sky130_fd_sc_hd__xnor2_1)
     2    0.005503    0.272707    0.327952    6.723594 ^ _4635_/Y (sky130_fd_sc_hd__xnor2_1)
                                                         _0914_ (net)
                      0.272707    0.000322    6.723916 ^ _4636_/B (sky130_fd_sc_hd__or2_1)
     1    0.002886    0.068016    0.244431    6.968347 ^ _4636_/X (sky130_fd_sc_hd__or2_1)
                                                         _0915_ (net)
                      0.068016    0.000134    6.968481 ^ _4638_/A (sky130_fd_sc_hd__nand2_1)
     2    0.004696    0.099154    0.117189    7.085670 v _4638_/Y (sky130_fd_sc_hd__nand2_1)
                                                         _0917_ (net)
                      0.099154    0.000154    7.085824 v _4639_/C (sky130_fd_sc_hd__and3_1)
     1    0.002826    0.070657    0.372099    7.457922 v _4639_/X (sky130_fd_sc_hd__and3_1)
                                                         _0918_ (net)
                      0.070657    0.000208    7.458130 v _4641_/A (sky130_fd_sc_hd__nor2_1)
     2    0.010226    0.332220    0.321716    7.779846 ^ _4641_/Y (sky130_fd_sc_hd__nor2_1)
                                                         _0920_ (net)
                      0.332222    0.000686    7.780532 ^ _4642_/B (sky130_fd_sc_hd__xor2_1)
     2    0.015049    0.540058    0.601459    8.381991 ^ _4642_/X (sky130_fd_sc_hd__xor2_1)
                                                         _0921_ (net)
                      0.540063    0.001317    8.383308 ^ _4663_/A (sky130_fd_sc_hd__xor2_1)
     2    0.004766    0.155801    0.308131    8.691440 v _4663_/X (sky130_fd_sc_hd__xor2_1)
                                                         _0942_ (net)
                      0.155801    0.000216    8.691656 v _4664_/B (sky130_fd_sc_hd__and2_1)
     3    0.010896    0.133325    0.423384    9.115040 v _4664_/X (sky130_fd_sc_hd__and2_1)
                                                         _0943_ (net)
                      0.133325    0.000312    9.115352 v _4666_/A (sky130_fd_sc_hd__or2_1)
     2    0.007013    0.133330    0.568680    9.684031 v _4666_/X (sky130_fd_sc_hd__or2_1)
                                                         _0945_ (net)
                      0.133330    0.000480    9.684511 v _4734_/A (sky130_fd_sc_hd__xnor2_1)
     2    0.008044    0.354843    0.399385   10.083897 ^ _4734_/Y (sky130_fd_sc_hd__xnor2_1)
                                                         _1013_ (net)
                      0.354927    0.000592   10.084489 ^ _4736_/B (sky130_fd_sc_hd__xor2_1)
     2    0.008182    0.336474    0.455923   10.540412 ^ _4736_/X (sky130_fd_sc_hd__xor2_1)
                                                         _1015_ (net)
                      0.336474    0.000599   10.541011 ^ _4737_/B (sky130_fd_sc_hd__xor2_1)
     2    0.006631    0.291290    0.416490   10.957501 ^ _4737_/X (sky130_fd_sc_hd__xor2_1)
                                                         _1016_ (net)
                      0.291290    0.000437   10.957938 ^ _4739_/B (sky130_fd_sc_hd__nand2_1)
     2    0.004905    0.113301    0.209918   11.167856 v _4739_/Y (sky130_fd_sc_hd__nand2_1)
                                                         _1018_ (net)
                      0.113301    0.000275   11.168132 v _4740_/B (sky130_fd_sc_hd__and2b_1)
     2    0.007503    0.103561    0.378415   11.546546 v _4740_/X (sky130_fd_sc_hd__and2b_1)
                                                         _1019_ (net)
                      0.103562    0.000512   11.547058 v _4741_/B (sky130_fd_sc_hd__xnor2_1)
     2    0.012470    0.500613    0.467057   12.014114 ^ _4741_/Y (sky130_fd_sc_hd__xnor2_1)
                                                         _1020_ (net)
                      0.500615    0.000801   12.014915 ^ _4742_/C (sky130_fd_sc_hd__nand3_1)
     3    0.013092    0.356591    0.485301   12.500216 v _4742_/Y (sky130_fd_sc_hd__nand3_1)
                                                         _1021_ (net)
                      0.356591    0.000644   12.500860 v _4756_/B1_N (sky130_fd_sc_hd__a21bo_1)
     2    0.012073    0.175045    0.557608   13.058469 ^ _4756_/X (sky130_fd_sc_hd__a21bo_1)
                                                         _1034_ (net)
                      0.175047    0.000884   13.059352 ^ _4894_/A2 (sky130_fd_sc_hd__a21oi_4)
     4    0.018162    0.145063    0.182369   13.241721 v _4894_/Y (sky130_fd_sc_hd__a21oi_4)
                                                         _1172_ (net)
                      0.145065    0.001114   13.242835 v _5048_/A2 (sky130_fd_sc_hd__o31a_1)
     1    0.002692    0.084301    0.544663   13.787498 v _5048_/X (sky130_fd_sc_hd__o31a_1)
                                                         _1324_ (net)
                      0.084301    0.000159   13.787657 v _5198_/A (sky130_fd_sc_hd__or2_1)
     2    0.004809    0.116089    0.526114   14.313771 v _5198_/X (sky130_fd_sc_hd__or2_1)
                                                         _1474_ (net)
                      0.116089    0.000290   14.314061 v _5200_/B (sky130_fd_sc_hd__and3_1)
     4    0.014745    0.164971    0.454268   14.768330 v _5200_/X (sky130_fd_sc_hd__and3_1)
                                                         _1476_ (net)
                      0.164973    0.000909   14.769238 v _5202_/A (sky130_fd_sc_hd__nor2_1)
     3    0.017002    0.520149    0.496820   15.266059 ^ _5202_/Y (sky130_fd_sc_hd__nor2_1)
                                                         _1478_ (net)
                      0.520151    0.000897   15.266956 ^ _5551_/A1 (sky130_fd_sc_hd__a21oi_1)
     2    0.006981    0.197362    0.343993   15.610950 v _5551_/Y (sky130_fd_sc_hd__a21oi_1)
                                                         _1825_ (net)
                      0.197362    0.000430   15.611380 v _5719_/B1 (sky130_fd_sc_hd__a2111o_1)
     2    0.018821    0.245553    0.952806   16.564186 v _5719_/X (sky130_fd_sc_hd__a2111o_1)
                                                         _2000_ (net)
                      0.245566    0.002052   16.566236 v _5887_/A2 (sky130_fd_sc_hd__a21oi_4)
     3    0.020359    0.294581    0.415383   16.981621 ^ _5887_/Y (sky130_fd_sc_hd__a21oi_4)
                                                         _2185_ (net)
                      0.294583    0.001341   16.982962 ^ _6005_/A1 (sky130_fd_sc_hd__o21ai_2)
     1    0.006152    0.137606    0.210154   17.193115 v _6005_/Y (sky130_fd_sc_hd__o21ai_2)
                                                         _2313_ (net)
                      0.137607    0.000442   17.193558 v _6006_/C1 (sky130_fd_sc_hd__o311a_4)
     2    0.013989    0.110565    0.270338   17.463896 v _6006_/X (sky130_fd_sc_hd__o311a_4)
                                                         core.dsp_result_in[31] (net)
                      0.110565    0.001164   17.465059 v _6086_/B (sky130_fd_sc_hd__xnor2_2)
     1    0.005618    0.117076    0.257865   17.722923 v _6086_/Y (sky130_fd_sc_hd__xnor2_2)
                                                         net26 (net)
                      0.117076    0.000409   17.723333 v output26/A (sky130_fd_sc_hd__buf_6)
     1    0.034745    0.076562    0.269521   17.992853 v output26/X (sky130_fd_sc_hd__buf_6)
                                                         monitor_out[31] (net)
                      0.076614    0.001760   17.994614 v monitor_out[31] (out)
                                             17.994614   data arrival time

                                 10.000000   10.000000   clock clk (rise edge)
                                  0.000000   10.000000   clock network delay (propagated)
                                 -0.250000    9.750000   clock uncertainty
                                  0.000000    9.750000   clock reconvergence pessimism
                                 -2.000000    7.750000   output external delay
                                              7.750000   data required time
---------------------------------------------------------------------------------------------
                                              7.750000   data required time
                                            -17.994614   data arrival time
---------------------------------------------------------------------------------------------
                                            -10.244615   slack (VIOLATED)




===========================================================================
 report_check_types -max_slew -max_cap -max_fanout -violators
============================================================================
======================= max_ss_100C_1v60 Corner ===================================

max slew

Pin                                        Limit        Slew       Slack
------------------------------------------------------------------------
_5383_/C                                0.750000    1.366440   -0.616440 (VIOLATED)
_4912_/A1                               0.750000    1.366439   -0.616439 (VIOLATED)
ANTENNA_15/DIODE                        0.750000    1.366431   -0.616431 (VIOLATED)
_3312_/A1                               0.750000    1.366431   -0.616431 (VIOLATED)
_3943_/A1                               0.750000    1.366429   -0.616429 (VIOLATED)
_3762_/C                                0.750000    1.366428   -0.616428 (VIOLATED)
clone24/X                               0.750000    1.366419   -0.616419 (VIOLATED)
_4419_/B                                0.750000    0.994235   -0.244235 (VIOLATED)
_6017_/B                                0.750000    0.994224   -0.244224 (VIOLATED)
_3212_/A1                               0.750000    0.994220   -0.244221 (VIOLATED)
_3357_/A2                               0.750000    0.994214   -0.244214 (VIOLATED)
_3358_/B                                0.750000    0.994214   -0.244214 (VIOLATED)
clone26/X                               0.750000    0.994207   -0.244207 (VIOLATED)
_5805_/A                                0.750000    0.803591   -0.053592 (VIOLATED)
_5803_/Y                                0.750000    0.803587   -0.053587 (VIOLATED)

max fanout

Pin                                   Limit Fanout  Slack
---------------------------------------------------------
clkbuf_0_clk/X                           10     16     -6 (VIOLATED)
clkbuf_4_0_0_clk/X                       10     12     -2 (VIOLATED)
clkbuf_4_1_0_clk/X                       10     12     -2 (VIOLATED)
clkbuf_4_2_0_clk/X                       10     12     -2 (VIOLATED)
fanout34/X                               10     12     -2 (VIOLATED)
_6258_/Q                                 10     11        (VIOLATED)
clkbuf_4_3_0_clk/X                       10     11        (VIOLATED)
clkbuf_4_5_0_clk/X                       10     11        (VIOLATED)
fanout126/X                              10     11        (VIOLATED)
fanout189/X                              10     11        (VIOLATED)
fanout198/X                              10     11        (VIOLATED)
fanout201/X                              10     11        (VIOLATED)
fanout202/X                              10     11        (VIOLATED)
fanout56/X                               10     11        (VIOLATED)

max capacitance

Pin                                        Limit         Cap       Slack
------------------------------------------------------------------------
clkbuf_0_clk/X                          0.200000    0.211232   -0.011232 (VIOLATED)



===========================================================================
report_parasitic_annotation -report_unannotated
============================================================================
Found 15 unannotated drivers.
 clkload0/X
 clkload1/X
 clkload10/Y
 clkload11/Y
 clkload12/Y
 clkload13/Y
 clkload14/Y
 clkload2/X
 clkload3/Y
 clkload4/X
 clkload5/Y
 clkload6/Y
 clkload7/Y
 clkload8/Y
 clkload9/Y
Found 0 partially unannotated drivers.

===========================================================================
max slew violation count 15
max fanout violation count 14
max cap violation count 1
============================================================================

===========================================================================
check_setup -verbose -unconstrained_endpoints -multiple_clock -no_clock -no_input_delay -loops -generated_clocks
===========================================================================
