Clock: clk
Sources: clk 
Generated: no
Virtual: yes
Propagated: no
Period: 10.000000

===========================================================================
report_clock_properties
============================================================================
Clock                   Period          Waveform
----------------------------------------------------
clk                  10.000000    0.000000  5.000000

===========================================================================
report_clock_latency
============================================================================
Clock clk
rise -> rise
    min     max
0.000000 0.000000 source latency
1.216102         network latency _6276_/CLK
        1.269849 network latency _6262_/CLK
---------------
1.216102 1.269849 latency
        0.053747 skew

fall -> fall
    min     max
0.000000 0.000000 source latency
1.006183         network latency _6276_/CLK
        1.045049 network latency _6262_/CLK
---------------
1.006183 1.045049 latency
        0.038866 skew



===========================================================================
report_clock_min_period
============================================================================
clk period_min = 16.78 fmax = 59.60
