
===========================================================================
 report_power
============================================================================
======================= max_ss_100C_1v60 Corner ===================================

Group                    Internal    Switching      Leakage        Total
                            Power        Power        Power        Power (Watts)
------------------------------------------------------------------------
Sequential           3.891982e-04 0.000000e+00 2.363232e-06 3.915615e-04  46.8%
Combinational        2.909520e-06 1.142954e-05 1.545339e-05 2.979245e-05   3.6%
Clock                1.864929e-04 2.285931e-04 3.192197e-07 4.154052e-04  49.6%
Macro                0.000000e+00 0.000000e+00 0.000000e+00 0.000000e+00   0.0%
Pad                  0.000000e+00 0.000000e+00 0.000000e+00 0.000000e+00   0.0%
------------------------------------------------------------------------
Total                5.786008e-04 2.400226e-04 1.813582e-05 8.367592e-04 100.0%
                            69.1%        28.7%         2.2%

