
===========================================================================
Violator List
============================================================================
[setup reg-out] _6219_/Q -> monitor_out[31] : -10.244615
[setup reg-out] _6219_/Q -> monitor_out[30] : -10.160367
[setup reg-out] _6219_/Q -> monitor_out[29] : -10.056668
[setup reg-out] _6219_/Q -> monitor_out[28] : -9.620295
[setup reg-out] _6254_/Q -> monitor_out[27] : -9.232410
[setup reg-out] _6254_/Q -> monitor_out[26] : -9.211470
[setup reg-out] _6254_/Q -> monitor_out[25] : -8.631077
[setup reg-out] _6254_/Q -> monitor_out[24] : -8.602028
[setup reg-out] _6254_/Q -> monitor_out[23] : -8.430405
[setup reg-out] _6254_/Q -> monitor_out[22] : -8.002557
[setup reg-out] _6254_/Q -> monitor_out[21] : -7.734221
[setup reg-out] _6254_/Q -> monitor_out[20] : -7.594736
[setup reg-out] _6254_/Q -> monitor_out[19] : -7.352224
[setup reg-out] _6254_/Q -> monitor_out[18] : -6.978799
[setup reg-out] _6254_/Q -> monitor_out[17] : -6.890127
[setup reg-reg] _6219_/Q -> _6343_/D : -6.779293
[setup reg-reg] _6219_/Q -> _6342_/D : -6.558806
[setup reg-out] _6254_/Q -> monitor_out[16] : -6.433793
[setup reg-reg] _6219_/Q -> _6341_/D : -6.418053
[setup reg-out] _6254_/Q -> monitor_out[15] : -6.121862
[setup reg-reg] _6219_/Q -> _6340_/D : -6.057689
[setup reg-out] _6254_/Q -> monitor_out[14] : -5.842399
[setup reg-reg] _6254_/Q -> _6338_/D : -5.566708
[setup reg-reg] _6254_/Q -> _6339_/D : -5.549301
[setup reg-out] _6254_/Q -> monitor_out[13] : -5.513312
[setup reg-out] _6280_/Q -> monitor_out[6] : -5.432902
[setup reg-out] _6254_/Q -> monitor_out[12] : -5.350246
[setup reg-reg] _6254_/Q -> _6337_/D : -5.150396
[setup reg-reg] _6254_/Q -> _6336_/D : -4.956152
[setup reg-reg] _6254_/Q -> _6335_/D : -4.888690
[setup reg-out] _6254_/Q -> monitor_out[11] : -4.579465
[setup reg-reg] _6254_/Q -> _6334_/D : -4.484403
[setup reg-reg] _6254_/Q -> _6333_/D : -4.103179
[setup reg-out] _6254_/Q -> monitor_out[10] : -3.999643
[setup reg-reg] _6254_/Q -> _6332_/D : -3.934156
[setup reg-reg] _6254_/Q -> _6331_/D : -3.740862
[setup reg-out] _6254_/Q -> monitor_out[9] : -3.662069
[setup reg-reg] _6254_/Q -> _6330_/D : -3.418842
[setup reg-out] _6254_/Q -> monitor_out[8] : -3.406385
[setup reg-reg] _6254_/Q -> _6329_/D : -3.382621
[setup reg-reg] _6254_/Q -> _6328_/D : -2.824968
[setup reg-out] _6280_/Q -> monitor_out[7] : -2.677037
[setup reg-reg] _6254_/Q -> _6327_/D : -2.460432
[setup reg-reg] _6254_/Q -> _6326_/D : -2.199279
[setup reg-out] _6280_/Q -> monitor_out[5] : -1.991242
[setup reg-reg] _6280_/Q -> _6318_/D : -1.936282
[setup reg-reg] _6254_/Q -> _6325_/D : -1.885157
[setup reg-reg] _6254_/Q -> _6324_/D : -1.736028
[setup reg-reg] _6254_/Q -> _6323_/D : -0.957879
[setup reg-out] _6283_/Q -> monitor_out[0] : -0.817203
[setup reg-out] _6280_/Q -> monitor_out[4] : -0.780489
[setup reg-out] _6283_/Q -> monitor_out[3] : -0.742965
[setup reg-out] _6283_/Q -> monitor_out[1] : -0.700354
[setup reg-reg] _6219_/Q -> _6246_/D : -0.666158
[setup reg-out] _6283_/Q -> monitor_out[2] : -0.596668
[setup reg-reg] _6219_/Q -> _6247_/D : -0.563620
[setup reg-reg] _6254_/Q -> _6322_/D : -0.494745
[setup reg-reg] _6254_/Q -> _6321_/D : -0.159558
[setup reg-reg] _6219_/Q -> _6245_/D : -0.144402
[setup reg-reg] _6219_/Q -> _6244_/D : -0.004102
