
===========================================================================
report_checks -unconstrained
===========================================================================
======================= max_tt_025C_1v80 Corner ===================================

Startpoint: rst_n (input port clocked by clk)
Endpoint: _6341_ (recovery check against rising-edge clock clk)
Path Group: asynchronous
Path Type: max

Fanout         Cap        Slew       Delay        Time   Description
---------------------------------------------------------------------------------------------
                                  0.000000    0.000000   clock clk (rise edge)
                                  0.000000    0.000000   clock network delay (propagated)
                                  3.000000    3.000000 ^ input external delay
     1    0.002619    0.018957    0.009725    3.009725 ^ rst_n (in)
                                                         rst_n (net)
                      0.018957    0.000000    3.009725 ^ input1/A (sky130_fd_sc_hd__clkbuf_1)
     1    0.004294    0.060496    0.083406    3.093131 ^ input1/X (sky130_fd_sc_hd__clkbuf_1)
                                                         net1 (net)
                      0.060497    0.000326    3.093457 ^ fanout255/A (sky130_fd_sc_hd__clkbuf_4)
     5    0.079236    0.239661    0.279143    3.372600 ^ fanout255/X (sky130_fd_sc_hd__clkbuf_4)
                                                         net255 (net)
                      0.239837    0.005359    3.377959 ^ fanout254/A (sky130_fd_sc_hd__buf_4)
    10    0.095651    0.266062    0.316514    3.694473 ^ fanout254/X (sky130_fd_sc_hd__buf_4)
                                                         net254 (net)
                      0.266093    0.002493    3.696966 ^ fanout253/A (sky130_fd_sc_hd__buf_4)
    10    0.070059    0.196421    0.283918    3.980884 ^ fanout253/X (sky130_fd_sc_hd__buf_4)
                                                         net253 (net)
                      0.197502    0.011851    3.992735 ^ fanout252/A (sky130_fd_sc_hd__clkbuf_4)
    10    0.054965    0.170030    0.279248    4.271983 ^ fanout252/X (sky130_fd_sc_hd__clkbuf_4)
                                                         net252 (net)
                      0.170144    0.003618    4.275601 ^ fanout250/A (sky130_fd_sc_hd__clkbuf_4)
    10    0.051393    0.159947    0.261415    4.537016 ^ fanout250/X (sky130_fd_sc_hd__clkbuf_4)
                                                         net250 (net)
                      0.160547    0.007929    4.544945 ^ _6341_/RESET_B (sky130_fd_sc_hd__dfrtp_1)
                                              4.544945   data arrival time

                                 15.000000   15.000000   clock clk (rise edge)
                                  0.000000   15.000000   clock source latency
     1    0.049100    0.225330    0.160989   15.160990 ^ clk (in)
                                                         clk (net)
                      0.226139    0.000000   15.160990 ^ clkbuf_0_clk/A (sky130_fd_sc_hd__clkbuf_16)
    16    0.212411    0.224839    0.310658   15.471647 ^ clkbuf_0_clk/X (sky130_fd_sc_hd__clkbuf_16)
                                                         clknet_0_clk (net)
                      0.227811    0.020734   15.492381 ^ clkbuf_4_11_0_clk/A (sky130_fd_sc_hd__clkbuf_8)
     8    0.033825    0.073916    0.210360   15.702741 ^ clkbuf_4_11_0_clk/X (sky130_fd_sc_hd__clkbuf_8)
                                                         clknet_4_11_0_clk (net)
                      0.073985    0.001984   15.704725 ^ _6341_/CLK (sky130_fd_sc_hd__dfrtp_1)
                                 -0.250000   15.454726   clock uncertainty
                                  0.000000   15.454726   clock reconvergence pessimism
                                  0.209440   15.664165   library recovery time
                                             15.664165   data required time
---------------------------------------------------------------------------------------------
                                             15.664165   data required time
                                             -4.544945   data arrival time
---------------------------------------------------------------------------------------------
                                             11.119221   slack (MET)


Startpoint: _6283_ (rising edge-triggered flip-flop clocked by clk)
Endpoint: monitor_out[31] (output port clocked by clk)
Path Group: clk
Path Type: max

Fanout         Cap        Slew       Delay        Time   Description
---------------------------------------------------------------------------------------------
                                  0.000000    0.000000   clock clk (rise edge)
                                  0.000000    0.000000   clock source latency
     1    0.049100    0.225330    0.160989    0.160989 ^ clk (in)
                                                         clk (net)
                      0.226139    0.000000    0.160989 ^ clkbuf_0_clk/A (sky130_fd_sc_hd__clkbuf_16)
    16    0.212411    0.224839    0.310658    0.471647 ^ clkbuf_0_clk/X (sky130_fd_sc_hd__clkbuf_16)
                                                         clknet_0_clk (net)
                      0.227113    0.018253    0.489900 ^ clkbuf_4_1_0_clk/A (sky130_fd_sc_hd__clkbuf_8)
    12    0.040309    0.084217    0.216462    0.706362 ^ clkbuf_4_1_0_clk/X (sky130_fd_sc_hd__clkbuf_8)
                                                         clknet_4_1_0_clk (net)
                      0.084598    0.004056    0.710418 ^ _6283_/CLK (sky130_fd_sc_hd__dfrtp_4)
     2    0.013431    0.073620    0.431407    1.141825 ^ _6283_/Q (sky130_fd_sc_hd__dfrtp_4)
                                                         core.u_regfile.registers[2][3] (net)
                      0.073620    0.000793    1.142618 ^ rebuffer62/A (sky130_fd_sc_hd__dlymetal6s2s_1)
     2    0.042982    0.426930    0.366721    1.509339 ^ rebuffer62/X (sky130_fd_sc_hd__dlymetal6s2s_1)
                                                         net317 (net)
                      0.426996    0.004426    1.513765 ^ clone61/A (sky130_fd_sc_hd__clkbuf_1)
     6    0.074411    0.856218    0.697096    2.210861 ^ clone61/X (sky130_fd_sc_hd__clkbuf_1)
                                                         net316 (net)
                      0.856259    0.005016    2.215878 ^ _3069_/B (sky130_fd_sc_hd__and2_1)
     1    0.004794    0.074234    0.238772    2.454650 ^ _3069_/X (sky130_fd_sc_hd__and2_1)
                                                         _1976_ (net)
                      0.074235    0.000367    2.455018 ^ fanout99/A (sky130_fd_sc_hd__clkbuf_2)
     6    0.025369    0.142356    0.183995    2.639013 ^ fanout99/X (sky130_fd_sc_hd__clkbuf_2)
                                                         net99 (net)
                      0.142379    0.001509    2.640521 ^ fanout98/A (sky130_fd_sc_hd__clkbuf_4)
    10    0.049107    0.154823    0.246536    2.887058 ^ fanout98/X (sky130_fd_sc_hd__clkbuf_4)
                                                         net98 (net)
                      0.155644    0.009154    2.896212 ^ fanout97/A (sky130_fd_sc_hd__buf_2)
    10    0.042998    0.210709    0.262181    3.158393 ^ fanout97/X (sky130_fd_sc_hd__buf_2)
                                                         net97 (net)
                      0.210729    0.001742    3.160135 ^ _4497_/B (sky130_fd_sc_hd__and3_1)
     2    0.005975    0.078425    0.208581    3.368716 ^ _4497_/X (sky130_fd_sc_hd__and3_1)
                                                         _0777_ (net)
                      0.078425    0.000214    3.368930 ^ _4498_/B (sky130_fd_sc_hd__nor2_1)
     2    0.007500    0.052438    0.062945    3.431875 v _4498_/Y (sky130_fd_sc_hd__nor2_1)
                                                         _0778_ (net)
                      0.052442    0.000473    3.432348 v _4626_/A3 (sky130_fd_sc_hd__a31o_1)
     2    0.009093    0.063850    0.244710    3.677058 v _4626_/X (sky130_fd_sc_hd__a31o_1)
                                                         _0905_ (net)
                      0.063855    0.000630    3.677689 v _4635_/A (sky130_fd_sc_hd__xnor2_1)
     2    0.005678    0.170633    0.195613    3.873302 ^ _4635_/Y (sky130_fd_sc_hd__xnor2_1)
                                                         _0914_ (net)
                      0.170633    0.000291    3.873594 ^ _4636_/B (sky130_fd_sc_hd__or2_1)
     1    0.002867    0.041630    0.123362    3.996956 ^ _4636_/X (sky130_fd_sc_hd__or2_1)
                                                         _0915_ (net)
                      0.041630    0.000133    3.997089 ^ _4638_/A (sky130_fd_sc_hd__nand2_1)
     2    0.004704    0.046204    0.052922    4.050011 v _4638_/Y (sky130_fd_sc_hd__nand2_1)
                                                         _0917_ (net)
                      0.046204    0.000153    4.050164 v _4639_/C (sky130_fd_sc_hd__and3_1)
     1    0.002771    0.036562    0.173502    4.223666 v _4639_/X (sky130_fd_sc_hd__and3_1)
                                                         _0918_ (net)
                      0.036562    0.000203    4.223868 v _4641_/A (sky130_fd_sc_hd__nor2_1)
     2    0.010166    0.197060    0.183499    4.407367 ^ _4641_/Y (sky130_fd_sc_hd__nor2_1)
                                                         _0920_ (net)
                      0.197063    0.000679    4.408046 ^ _4642_/B (sky130_fd_sc_hd__xor2_1)
     2    0.015047    0.331291    0.325944    4.733990 ^ _4642_/X (sky130_fd_sc_hd__xor2_1)
                                                         _0921_ (net)
                      0.331299    0.001299    4.735290 ^ _4663_/A (sky130_fd_sc_hd__xor2_1)
     2    0.004801    0.086131    0.129233    4.864522 v _4663_/X (sky130_fd_sc_hd__xor2_1)
                                                         _0942_ (net)
                      0.086131    0.000220    4.864743 v _4664_/B (sky130_fd_sc_hd__and2_1)
     3    0.010823    0.067864    0.204207    5.068950 v _4664_/X (sky130_fd_sc_hd__and2_1)
                                                         _0943_ (net)
                      0.067864    0.000311    5.069261 v _4666_/A (sky130_fd_sc_hd__or2_1)
     2    0.007073    0.068021    0.254193    5.323454 v _4666_/X (sky130_fd_sc_hd__or2_1)
                                                         _0945_ (net)
                      0.068023    0.000486    5.323940 v _4734_/A (sky130_fd_sc_hd__xnor2_1)
     2    0.008124    0.218743    0.233842    5.557782 ^ _4734_/Y (sky130_fd_sc_hd__xnor2_1)
                                                         _1013_ (net)
                      0.218746    0.000602    5.558383 ^ _4736_/B (sky130_fd_sc_hd__xor2_1)
     2    0.008175    0.205929    0.236664    5.795048 ^ _4736_/X (sky130_fd_sc_hd__xor2_1)
                                                         _1015_ (net)
                      0.205929    0.000598    5.795646 ^ _4737_/B (sky130_fd_sc_hd__xor2_1)
     2    0.006694    0.179456    0.215242    6.010888 ^ _4737_/X (sky130_fd_sc_hd__xor2_1)
                                                         _1016_ (net)
                      0.179456    0.000449    6.011336 ^ _4739_/B (sky130_fd_sc_hd__nand2_1)
     2    0.005488    0.062026    0.094433    6.105770 v _4739_/Y (sky130_fd_sc_hd__nand2_1)
                                                         _1018_ (net)
                      0.062026    0.000318    6.106087 v _4740_/B (sky130_fd_sc_hd__and2b_1)
     2    0.007534    0.054155    0.180518    6.286605 v _4740_/X (sky130_fd_sc_hd__and2b_1)
                                                         _1019_ (net)
                      0.054159    0.000514    6.287119 v _4741_/B (sky130_fd_sc_hd__xnor2_1)
     2    0.013031    0.317136    0.283789    6.570908 ^ _4741_/Y (sky130_fd_sc_hd__xnor2_1)
                                                         _1020_ (net)
                      0.317139    0.000862    6.571770 ^ _4742_/C (sky130_fd_sc_hd__nand3_1)
     3    0.012914    0.157879    0.203496    6.775265 v _4742_/Y (sky130_fd_sc_hd__nand3_1)
                                                         _1021_ (net)
                      0.157938    0.000620    6.775886 v _4756_/B1_N (sky130_fd_sc_hd__a21bo_1)
     2    0.012146    0.109146    0.272272    7.048158 ^ _4756_/X (sky130_fd_sc_hd__a21bo_1)
                                                         _1034_ (net)
                      0.109151    0.000888    7.049046 ^ _4894_/A2 (sky130_fd_sc_hd__a21oi_4)
     4    0.018049    0.085387    0.085217    7.134263 v _4894_/Y (sky130_fd_sc_hd__a21oi_4)
                                                         _1172_ (net)
                      0.085428    0.001656    7.135920 v _5199_/A2 (sky130_fd_sc_hd__o311ai_4)
     4    0.011973    0.271879    0.314725    7.450645 ^ _5199_/Y (sky130_fd_sc_hd__o311ai_4)
                                                         _1475_ (net)
                      0.271882    0.000868    7.451512 ^ _5368_/A2 (sky130_fd_sc_hd__a21o_1)
     4    0.014748    0.134545    0.231179    7.682691 ^ _5368_/X (sky130_fd_sc_hd__a21o_1)
                                                         _1643_ (net)
                      0.134550    0.001000    7.683691 ^ _5543_/A2 (sky130_fd_sc_hd__a21oi_2)
     3    0.010493    0.065932    0.092133    7.775824 v _5543_/Y (sky130_fd_sc_hd__a21oi_2)
                                                         _1817_ (net)
                      0.065937    0.000552    7.776376 v _5711_/C1 (sky130_fd_sc_hd__a211o_1)
     2    0.005477    0.059930    0.244177    8.020554 v _5711_/X (sky130_fd_sc_hd__a211o_1)
                                                         _1992_ (net)
                      0.059930    0.000177    8.020730 v _5714_/B (sky130_fd_sc_hd__and3_1)
     2    0.003843    0.041498    0.170718    8.191448 v _5714_/X (sky130_fd_sc_hd__and3_1)
                                                         _1995_ (net)
                      0.041498    0.000147    8.191595 v _5715_/B (sky130_fd_sc_hd__or2_1)
     3    0.007101    0.068043    0.226815    8.418410 v _5715_/X (sky130_fd_sc_hd__or2_1)
                                                         _1996_ (net)
                      0.068043    0.000252    8.418662 v _5719_/D1 (sky130_fd_sc_hd__a2111o_1)
     2    0.018241    0.132409    0.376157    8.794819 v _5719_/X (sky130_fd_sc_hd__a2111o_1)
                                                         _2000_ (net)
                      0.132420    0.001307    8.796125 v _5887_/A2 (sky130_fd_sc_hd__a21oi_4)
     3    0.020130    0.184655    0.240748    9.036874 ^ _5887_/Y (sky130_fd_sc_hd__a21oi_4)
                                                         _2185_ (net)
                      0.184662    0.001310    9.038184 ^ _6005_/A1 (sky130_fd_sc_hd__o21ai_2)
     1    0.006052    0.079373    0.092601    9.130785 v _6005_/Y (sky130_fd_sc_hd__o21ai_2)
                                                         _2313_ (net)
                      0.079374    0.000435    9.131221 v _6006_/C1 (sky130_fd_sc_hd__o311a_4)
     2    0.013913    0.066183    0.142850    9.274071 v _6006_/X (sky130_fd_sc_hd__o311a_4)
                                                         core.dsp_result_in[31] (net)
                      0.066183    0.001150    9.275221 v _6086_/B (sky130_fd_sc_hd__xnor2_2)
     1    0.006034    0.134457    0.143038    9.418259 ^ _6086_/Y (sky130_fd_sc_hd__xnor2_2)
                                                         net26 (net)
                      0.134457    0.000443    9.418701 ^ output26/A (sky130_fd_sc_hd__buf_6)
     1    0.034745    0.077941    0.153713    9.572415 ^ output26/X (sky130_fd_sc_hd__buf_6)
                                                         monitor_out[31] (net)
                      0.077988    0.001759    9.574175 ^ monitor_out[31] (out)
                                              9.574175   data arrival time

                                 15.000000   15.000000   clock clk (rise edge)
                                  0.000000   15.000000   clock network delay (propagated)
                                 -0.250000   14.750000   clock uncertainty
                                  0.000000   14.750000   clock reconvergence pessimism
                                 -3.000000   11.750000   output external delay
                                             11.750000   data required time
---------------------------------------------------------------------------------------------
                                             11.750000   data required time
                                             -9.574175   data arrival time
---------------------------------------------------------------------------------------------
                                              2.175826   slack (MET)




===========================================================================
report_checks --slack_max -0.01
============================================================================
======================= max_tt_025C_1v80 Corner ===================================

No paths found.


===========================================================================
 report_check_types -max_slew -max_cap -max_fanout -violators
============================================================================
======================= max_tt_025C_1v80 Corner ===================================

max slew

Pin                                        Limit        Slew       Slack
------------------------------------------------------------------------
_3069_/B                                0.750000    0.856259   -0.106259 (VIOLATED)
_3312_/A1                               0.750000    0.856258   -0.106258 (VIOLATED)
ANTENNA_14/DIODE                        0.750000    0.856258   -0.106258 (VIOLATED)
_3943_/A1                               0.750000    0.856255   -0.106255 (VIOLATED)
_5383_/C                                0.750000    0.856254   -0.106254 (VIOLATED)
_4912_/A1                               0.750000    0.856251   -0.106251 (VIOLATED)
clone61/X                               0.750000    0.856218   -0.106218 (VIOLATED)

max fanout

Pin                                   Limit Fanout  Slack
---------------------------------------------------------
clkbuf_0_clk/X                           10     16     -6 (VIOLATED)
clkbuf_4_0_0_clk/X                       10     12     -2 (VIOLATED)
clkbuf_4_1_0_clk/X                       10     12     -2 (VIOLATED)
clkbuf_4_2_0_clk/X                       10     12     -2 (VIOLATED)
fanout34/X                               10     12     -2 (VIOLATED)
_6258_/Q                                 10     11        (VIOLATED)
clkbuf_4_3_0_clk/X                       10     11        (VIOLATED)
clkbuf_4_5_0_clk/X                       10     11        (VIOLATED)
fanout126/X                              10     11        (VIOLATED)
fanout189/X                              10     11        (VIOLATED)
fanout198/X                              10     11        (VIOLATED)
fanout202/X                              10     11        (VIOLATED)
fanout205/X                              10     11        (VIOLATED)
fanout56/X                               10     11        (VIOLATED)

max capacitance

Pin                                        Limit         Cap       Slack
------------------------------------------------------------------------
clkbuf_0_clk/X                          0.200000    0.212411   -0.012411 (VIOLATED)



===========================================================================
report_parasitic_annotation -report_unannotated
============================================================================
Found 15 unannotated drivers.
 clkload0/X
 clkload1/X
 clkload10/Y
 clkload11/Y
 clkload12/Y
 clkload13/Y
 clkload14/Y
 clkload2/X
 clkload3/Y
 clkload4/X
 clkload5/Y
 clkload6/Y
 clkload7/Y
 clkload8/Y
 clkload9/Y
Found 0 partially unannotated drivers.

===========================================================================
max slew violation count 7
max fanout violation count 14
max cap violation count 1
============================================================================

===========================================================================
check_setup -verbose -unconstrained_endpoints -multiple_clock -no_clock -no_input_delay -loops -generated_clocks
===========================================================================
