Clock: clk
Sources: clk 
Generated: no
Virtual: yes
Propagated: no
Period: 15.000000

===========================================================================
report_clock_properties
============================================================================
Clock                   Period          Waveform
----------------------------------------------------
clk                  15.000000    0.000000  7.500000

===========================================================================
report_clock_latency
============================================================================
Clock clk
rise -> rise
    min     max
0.000000 0.000000 source latency
0.704150         network latency _6276_/CLK
        0.737514 network latency _6262_/CLK
---------------
0.704150 0.737514 latency
        0.033365 skew

fall -> fall
    min     max
0.000000 0.000000 source latency
0.560244         network latency _6276_/CLK
        0.583865 network latency _6262_/CLK
---------------
0.560244 0.583865 latency
        0.023621 skew



===========================================================================
report_clock_min_period
============================================================================
clk period_min = 8.94 fmax = 111.89
