
===========================================================================
report_checks -unconstrained
===========================================================================
======================= nom_tt_025C_1v80 Corner ===================================

Startpoint: rst_n (input port clocked by clk)
Endpoint: _6341_ (recovery check against rising-edge clock clk)
Path Group: asynchronous
Path Type: max

Fanout         Cap        Slew       Delay        Time   Description
---------------------------------------------------------------------------------------------
                                  0.000000    0.000000   clock clk (rise edge)
                                  0.000000    0.000000   clock network delay (propagated)
                                  2.000000    2.000000 ^ input external delay
     1    0.002599    0.018876    0.009613    2.009613 ^ rst_n (in)
                                                         rst_n (net)
                      0.018876    0.000000    2.009613 ^ input1/A (sky130_fd_sc_hd__clkbuf_1)
     1    0.004241    0.059902    0.083043    2.092656 ^ input1/X (sky130_fd_sc_hd__clkbuf_1)
                                                         net1 (net)
                      0.059902    0.000147    2.092803 ^ fanout255/A (sky130_fd_sc_hd__clkbuf_4)
     5    0.075319    0.228146    0.272563    2.365366 ^ fanout255/X (sky130_fd_sc_hd__clkbuf_4)
                                                         net255 (net)
                      0.228212    0.003196    2.368562 ^ fanout254/A (sky130_fd_sc_hd__buf_4)
    10    0.088560    0.246465    0.305944    2.674506 ^ fanout254/X (sky130_fd_sc_hd__buf_4)
                                                         net254 (net)
                      0.246470    0.000987    2.675493 ^ fanout253/A (sky130_fd_sc_hd__buf_4)
    10    0.067901    0.190820    0.278340    2.953833 ^ fanout253/X (sky130_fd_sc_hd__buf_4)
                                                         net253 (net)
                      0.191066    0.005639    2.959472 ^ fanout252/A (sky130_fd_sc_hd__clkbuf_4)
    10    0.053539    0.165201    0.275619    3.235091 ^ fanout252/X (sky130_fd_sc_hd__clkbuf_4)
                                                         net252 (net)
                      0.165224    0.002042    3.237134 ^ fanout250/A (sky130_fd_sc_hd__clkbuf_4)
    10    0.050206    0.156890    0.259867    3.497001 ^ fanout250/X (sky130_fd_sc_hd__clkbuf_4)
                                                         net250 (net)
                      0.157065    0.003499    3.500500 ^ _6341_/RESET_B (sky130_fd_sc_hd__dfrtp_1)
                                              3.500500   data arrival time

                                 10.000000   10.000000   clock clk (rise edge)
                                  0.000000   10.000000   clock source latency
     1    0.048581    0.223057    0.158428   10.158428 ^ clk (in)
                                                         clk (net)
                      0.223603    0.000000   10.158428 ^ clkbuf_0_clk/A (sky130_fd_sc_hd__clkbuf_16)
    16    0.199787    0.210901    0.308413   10.466841 ^ clkbuf_0_clk/X (sky130_fd_sc_hd__clkbuf_16)
                                                         clknet_0_clk (net)
                      0.212061    0.012623   10.479464 ^ clkbuf_4_11_0_clk/A (sky130_fd_sc_hd__clkbuf_8)
     8    0.033493    0.073177    0.205464   10.684928 ^ clkbuf_4_11_0_clk/X (sky130_fd_sc_hd__clkbuf_8)
                                                         clknet_4_11_0_clk (net)
                      0.073192    0.001001   10.685929 ^ _6341_/CLK (sky130_fd_sc_hd__dfrtp_1)
                                 -0.250000   10.435929   clock uncertainty
                                  0.000000   10.435929   clock reconvergence pessimism
                                  0.210091   10.646020   library recovery time
                                             10.646020   data required time
---------------------------------------------------------------------------------------------
                                             10.646020   data required time
                                             -3.500500   data arrival time
---------------------------------------------------------------------------------------------
                                              7.145519   slack (MET)


Startpoint: _6219_ (rising edge-triggered flip-flop clocked by clk)
Endpoint: monitor_out[31] (output port clocked by clk)
Path Group: clk
Path Type: max

Fanout         Cap        Slew       Delay        Time   Description
---------------------------------------------------------------------------------------------
                                  0.000000    0.000000   clock clk (rise edge)
                                  0.000000    0.000000   clock source latency
     1    0.048581    0.223057    0.158428    0.158428 ^ clk (in)
                                                         clk (net)
                      0.223603    0.000000    0.158428 ^ clkbuf_0_clk/A (sky130_fd_sc_hd__clkbuf_16)
    16    0.199787    0.210901    0.308412    0.466841 ^ clkbuf_0_clk/X (sky130_fd_sc_hd__clkbuf_16)
                                                         clknet_0_clk (net)
                      0.211216    0.006740    0.473581 ^ clkbuf_4_1_0_clk/A (sky130_fd_sc_hd__clkbuf_8)
    12    0.039735    0.082740    0.212173    0.685754 ^ clkbuf_4_1_0_clk/X (sky130_fd_sc_hd__clkbuf_8)
                                                         clknet_4_1_0_clk (net)
                      0.082818    0.002273    0.688027 ^ _6219_/CLK (sky130_fd_sc_hd__dfrtp_1)
     1    0.006554    0.073902    0.354387    1.042414 ^ _6219_/Q (sky130_fd_sc_hd__dfrtp_1)
                                                         core.dsp_valid_out (net)
                      0.073902    0.000230    1.042644 ^ fanout238/A (sky130_fd_sc_hd__buf_6)
     5    0.060344    0.125198    0.169827    1.212471 ^ fanout238/X (sky130_fd_sc_hd__buf_6)
                                                         net238 (net)
                      0.125255    0.001029    1.213500 ^ fanout214/A (sky130_fd_sc_hd__buf_8)
     7    0.055091    0.096618    0.161508    1.375008 ^ fanout214/X (sky130_fd_sc_hd__buf_8)
                                                         net214 (net)
                      0.096630    0.000908    1.375916 ^ fanout209/A (sky130_fd_sc_hd__buf_8)
     6    0.035487    0.067673    0.133125    1.509041 ^ fanout209/X (sky130_fd_sc_hd__buf_8)
                                                         net209 (net)
                      0.067693    0.001145    1.510187 ^ fanout208/A (sky130_fd_sc_hd__buf_8)
     5    0.015724    0.038691    0.102472    1.612658 ^ fanout208/X (sky130_fd_sc_hd__buf_8)
                                                         net208 (net)
                      0.038696    0.000350    1.613008 ^ _3067_/A (sky130_fd_sc_hd__and2_1)
     1    0.012289    0.131130    0.172343    1.785352 ^ _3067_/X (sky130_fd_sc_hd__and2_1)
                                                         _1954_ (net)
                      0.131130    0.000406    1.785757 ^ fanout102/A (sky130_fd_sc_hd__buf_2)
     5    0.054569    0.265673    0.294700    2.080457 ^ fanout102/X (sky130_fd_sc_hd__buf_2)
                                                         net102 (net)
                      0.265677    0.000932    2.081389 ^ fanout100/A (sky130_fd_sc_hd__clkbuf_4)
    10    0.067024    0.204651    0.324524    2.405913 ^ fanout100/X (sky130_fd_sc_hd__clkbuf_4)
                                                         net100 (net)
                      0.204661    0.001176    2.407089 ^ _3998_/C (sky130_fd_sc_hd__nand4_2)
     4    0.014032    0.145106    0.176549    2.583637 v _3998_/Y (sky130_fd_sc_hd__nand4_2)
                                                         _0283_ (net)
                      0.145106    0.000373    2.584010 v _4106_/A (sky130_fd_sc_hd__xor2_1)
     1    0.005062    0.101625    0.203760    2.787770 v _4106_/X (sky130_fd_sc_hd__xor2_1)
                                                         _0390_ (net)
                      0.101625    0.000151    2.787921 v _4107_/B (sky130_fd_sc_hd__xnor2_1)
     3    0.015082    0.358405    0.333282    3.121203 ^ _4107_/Y (sky130_fd_sc_hd__xnor2_1)
                                                         _0391_ (net)
                      0.358407    0.000709    3.121912 ^ _4110_/B (sky130_fd_sc_hd__xor2_1)
     1    0.010546    0.249010    0.280412    3.402324 ^ _4110_/X (sky130_fd_sc_hd__xor2_1)
                                                         _0394_ (net)
                      0.249011    0.000396    3.402719 ^ _4111_/B (sky130_fd_sc_hd__xnor2_2)
     2    0.013567    0.216723    0.175780    3.578500 ^ _4111_/Y (sky130_fd_sc_hd__xnor2_2)
                                                         _0395_ (net)
                      0.216723    0.000400    3.578900 ^ _4112_/A_N (sky130_fd_sc_hd__and2b_1)
     1    0.003485    0.036854    0.211844    3.790743 v _4112_/X (sky130_fd_sc_hd__and2b_1)
                                                         _0396_ (net)
                      0.036854    0.000116    3.790860 v _4191_/B1 (sky130_fd_sc_hd__a21o_2)
     2    0.024513    0.083576    0.237294    4.028154 v _4191_/X (sky130_fd_sc_hd__a21o_2)
                                                         _0474_ (net)
                      0.083601    0.001373    4.029527 v _4227_/A (sky130_fd_sc_hd__xor2_2)
     2    0.017365    0.117195    0.216430    4.245956 v _4227_/X (sky130_fd_sc_hd__xor2_2)
                                                         _0510_ (net)
                      0.117195    0.000383    4.246339 v _4228_/B (sky130_fd_sc_hd__xnor2_2)
     2    0.017693    0.263052    0.260520    4.506859 ^ _4228_/Y (sky130_fd_sc_hd__xnor2_2)
                                                         _0511_ (net)
                      0.263055    0.000722    4.507582 ^ _4230_/B (sky130_fd_sc_hd__xor2_2)
     2    0.022769    0.302274    0.307772    4.815354 ^ _4230_/X (sky130_fd_sc_hd__xor2_2)
                                                         _0513_ (net)
                      0.302287    0.001601    4.816955 ^ _4255_/A2 (sky130_fd_sc_hd__a21oi_1)
     2    0.007623    0.111949    0.151588    4.968543 v _4255_/Y (sky130_fd_sc_hd__a21oi_1)
                                                         _0537_ (net)
                      0.111949    0.000262    4.968805 v _4350_/A (sky130_fd_sc_hd__xnor2_1)
     2    0.007605    0.208407    0.243923    5.212728 ^ _4350_/Y (sky130_fd_sc_hd__xnor2_1)
                                                         _0632_ (net)
                      0.208407    0.000196    5.212924 ^ _4351_/B (sky130_fd_sc_hd__xnor2_1)
     2    0.007194    0.200261    0.176809    5.389733 ^ _4351_/Y (sky130_fd_sc_hd__xnor2_1)
                                                         _0633_ (net)
                      0.200261    0.000133    5.389866 ^ _4353_/B (sky130_fd_sc_hd__xor2_1)
     2    0.007407    0.192158    0.224211    5.614078 ^ _4353_/X (sky130_fd_sc_hd__xor2_1)
                                                         _0635_ (net)
                      0.192158    0.000234    5.614311 ^ _4355_/B (sky130_fd_sc_hd__xnor2_1)
     3    0.011762    0.291612    0.208522    5.822833 ^ _4355_/Y (sky130_fd_sc_hd__xnor2_1)
                                                         _0637_ (net)
                      0.291612    0.000252    5.823085 ^ _4356_/B (sky130_fd_sc_hd__xor2_1)
     3    0.014260    0.316794    0.326936    6.150021 ^ _4356_/X (sky130_fd_sc_hd__xor2_1)
                                                         _0638_ (net)
                      0.316794    0.000235    6.150256 ^ _4609_/C1 (sky130_fd_sc_hd__o2111a_4)
     2    0.025102    0.099220    0.323225    6.473481 ^ _4609_/X (sky130_fd_sc_hd__o2111a_4)
                                                         _0889_ (net)
                      0.099229    0.000989    6.474470 ^ _4611_/B (sky130_fd_sc_hd__nor2_8)
     2    0.011188    0.054090    0.040379    6.514848 v _4611_/Y (sky130_fd_sc_hd__nor2_8)
                                                         _0891_ (net)
                      0.054090    0.000215    6.515063 v _4745_/A1 (sky130_fd_sc_hd__o21a_1)
     1    0.009372    0.064117    0.215136    6.730199 v _4745_/X (sky130_fd_sc_hd__o21a_1)
                                                         _1024_ (net)
                      0.064117    0.000297    6.730496 v _4746_/A (sky130_fd_sc_hd__xor2_2)
     3    0.017618    0.246695    0.261512    6.992008 ^ _4746_/X (sky130_fd_sc_hd__xor2_2)
                                                         _1025_ (net)
                      0.246696    0.000487    6.992495 ^ _4747_/A (sky130_fd_sc_hd__xor2_2)
     3    0.016478    0.234223    0.255515    7.248010 ^ _4747_/X (sky130_fd_sc_hd__xor2_2)
                                                         _1026_ (net)
                      0.234223    0.000424    7.248434 ^ _4752_/B (sky130_fd_sc_hd__nand2b_4)
     2    0.006955    0.048786    0.073732    7.322166 v _4752_/Y (sky130_fd_sc_hd__nand2b_4)
                                                         _1030_ (net)
                      0.048786    0.000165    7.322331 v _4754_/A3 (sky130_fd_sc_hd__o41a_4)
     3    0.020657    0.088743    0.462593    7.784924 v _4754_/X (sky130_fd_sc_hd__o41a_4)
                                                         _1032_ (net)
                      0.088743    0.000843    7.785767 v _5204_/A1 (sky130_fd_sc_hd__a211o_1)
     3    0.011146    0.084287    0.312748    8.098515 v _5204_/X (sky130_fd_sc_hd__a211o_1)
                                                         _1480_ (net)
                      0.084288    0.000451    8.098967 v _5719_/A1 (sky130_fd_sc_hd__a2111o_1)
     2    0.018243    0.132284    0.456850    8.555816 v _5719_/X (sky130_fd_sc_hd__a2111o_1)
                                                         _2000_ (net)
                      0.132288    0.000914    8.556729 v _5887_/A2 (sky130_fd_sc_hd__a21oi_4)
     3    0.019968    0.183614    0.240282    8.797012 ^ _5887_/Y (sky130_fd_sc_hd__a21oi_4)
                                                         _2185_ (net)
                      0.183614    0.000572    8.797585 ^ _6005_/A1 (sky130_fd_sc_hd__o21ai_2)
     1    0.005892    0.077558    0.091881    8.889465 v _6005_/Y (sky130_fd_sc_hd__o21ai_2)
                                                         _2313_ (net)
                      0.077558    0.000202    8.889667 v _6006_/C1 (sky130_fd_sc_hd__o311a_4)
     2    0.013488    0.065266    0.141588    9.031255 v _6006_/X (sky130_fd_sc_hd__o311a_4)
                                                         core.dsp_result_in[31] (net)
                      0.065266    0.000568    9.031822 v _6086_/B (sky130_fd_sc_hd__xnor2_2)
     1    0.005950    0.133553    0.142030    9.173852 ^ _6086_/Y (sky130_fd_sc_hd__xnor2_2)
                                                         net26 (net)
                      0.133553    0.000192    9.174044 ^ output26/A (sky130_fd_sc_hd__buf_6)
     1    0.034662    0.077812    0.153978    9.328022 ^ output26/X (sky130_fd_sc_hd__buf_6)
                                                         monitor_out[31] (net)
                      0.077820    0.000855    9.328877 ^ monitor_out[31] (out)
                                              9.328877   data arrival time

                                 10.000000   10.000000   clock clk (rise edge)
                                  0.000000   10.000000   clock network delay (propagated)
                                 -0.250000    9.750000   clock uncertainty
                                  0.000000    9.750000   clock reconvergence pessimism
                                 -2.000000    7.750000   output external delay
                                              7.750000   data required time
---------------------------------------------------------------------------------------------
                                              7.750000   data required time
                                             -9.328877   data arrival time
---------------------------------------------------------------------------------------------
                                             -1.578878   slack (VIOLATED)




===========================================================================
report_checks --slack_max -0.01
============================================================================
======================= nom_tt_025C_1v80 Corner ===================================

Startpoint: _6219_ (rising edge-triggered flip-flop clocked by clk)
Endpoint: monitor_out[31] (output port clocked by clk)
Path Group: clk
Path Type: max

Fanout         Cap        Slew       Delay        Time   Description
---------------------------------------------------------------------------------------------
                                  0.000000    0.000000   clock clk (rise edge)
                                  0.000000    0.000000   clock source latency
     1    0.048581    0.223057    0.158428    0.158428 ^ clk (in)
                                                         clk (net)
                      0.223603    0.000000    0.158428 ^ clkbuf_0_clk/A (sky130_fd_sc_hd__clkbuf_16)
    16    0.199787    0.210901    0.308412    0.466841 ^ clkbuf_0_clk/X (sky130_fd_sc_hd__clkbuf_16)
                                                         clknet_0_clk (net)
                      0.211216    0.006740    0.473581 ^ clkbuf_4_1_0_clk/A (sky130_fd_sc_hd__clkbuf_8)
    12    0.039735    0.082740    0.212173    0.685754 ^ clkbuf_4_1_0_clk/X (sky130_fd_sc_hd__clkbuf_8)
                                                         clknet_4_1_0_clk (net)
                      0.082818    0.002273    0.688027 ^ _6219_/CLK (sky130_fd_sc_hd__dfrtp_1)
     1    0.006554    0.073902    0.354387    1.042414 ^ _6219_/Q (sky130_fd_sc_hd__dfrtp_1)
                                                         core.dsp_valid_out (net)
                      0.073902    0.000230    1.042644 ^ fanout238/A (sky130_fd_sc_hd__buf_6)
     5    0.060344    0.125198    0.169827    1.212471 ^ fanout238/X (sky130_fd_sc_hd__buf_6)
                                                         net238 (net)
                      0.125255    0.001029    1.213500 ^ fanout214/A (sky130_fd_sc_hd__buf_8)
     7    0.055091    0.096618    0.161508    1.375008 ^ fanout214/X (sky130_fd_sc_hd__buf_8)
                                                         net214 (net)
                      0.096630    0.000908    1.375916 ^ fanout209/A (sky130_fd_sc_hd__buf_8)
     6    0.035487    0.067673    0.133125    1.509041 ^ fanout209/X (sky130_fd_sc_hd__buf_8)
                                                         net209 (net)
                      0.067693    0.001145    1.510187 ^ fanout208/A (sky130_fd_sc_hd__buf_8)
     5    0.015724    0.038691    0.102472    1.612658 ^ fanout208/X (sky130_fd_sc_hd__buf_8)
                                                         net208 (net)
                      0.038696    0.000350    1.613008 ^ _3067_/A (sky130_fd_sc_hd__and2_1)
     1    0.012289    0.131130    0.172343    1.785352 ^ _3067_/X (sky130_fd_sc_hd__and2_1)
                                                         _1954_ (net)
                      0.131130    0.000406    1.785757 ^ fanout102/A (sky130_fd_sc_hd__buf_2)
     5    0.054569    0.265673    0.294700    2.080457 ^ fanout102/X (sky130_fd_sc_hd__buf_2)
                                                         net102 (net)
                      0.265677    0.000932    2.081389 ^ fanout100/A (sky130_fd_sc_hd__clkbuf_4)
    10    0.067024    0.204651    0.324524    2.405913 ^ fanout100/X (sky130_fd_sc_hd__clkbuf_4)
                                                         net100 (net)
                      0.204661    0.001176    2.407089 ^ _3998_/C (sky130_fd_sc_hd__nand4_2)
     4    0.014032    0.145106    0.176549    2.583637 v _3998_/Y (sky130_fd_sc_hd__nand4_2)
                                                         _0283_ (net)
                      0.145106    0.000373    2.584010 v _4106_/A (sky130_fd_sc_hd__xor2_1)
     1    0.005062    0.101625    0.203760    2.787770 v _4106_/X (sky130_fd_sc_hd__xor2_1)
                                                         _0390_ (net)
                      0.101625    0.000151    2.787921 v _4107_/B (sky130_fd_sc_hd__xnor2_1)
     3    0.015082    0.358405    0.333282    3.121203 ^ _4107_/Y (sky130_fd_sc_hd__xnor2_1)
                                                         _0391_ (net)
                      0.358407    0.000709    3.121912 ^ _4110_/B (sky130_fd_sc_hd__xor2_1)
     1    0.010546    0.249010    0.280412    3.402324 ^ _4110_/X (sky130_fd_sc_hd__xor2_1)
                                                         _0394_ (net)
                      0.249011    0.000396    3.402719 ^ _4111_/B (sky130_fd_sc_hd__xnor2_2)
     2    0.013567    0.216723    0.175780    3.578500 ^ _4111_/Y (sky130_fd_sc_hd__xnor2_2)
                                                         _0395_ (net)
                      0.216723    0.000400    3.578900 ^ _4112_/A_N (sky130_fd_sc_hd__and2b_1)
     1    0.003485    0.036854    0.211844    3.790743 v _4112_/X (sky130_fd_sc_hd__and2b_1)
                                                         _0396_ (net)
                      0.036854    0.000116    3.790860 v _4191_/B1 (sky130_fd_sc_hd__a21o_2)
     2    0.024513    0.083576    0.237294    4.028154 v _4191_/X (sky130_fd_sc_hd__a21o_2)
                                                         _0474_ (net)
                      0.083601    0.001373    4.029527 v _4227_/A (sky130_fd_sc_hd__xor2_2)
     2    0.017365    0.117195    0.216430    4.245956 v _4227_/X (sky130_fd_sc_hd__xor2_2)
                                                         _0510_ (net)
                      0.117195    0.000383    4.246339 v _4228_/B (sky130_fd_sc_hd__xnor2_2)
     2    0.017693    0.263052    0.260520    4.506859 ^ _4228_/Y (sky130_fd_sc_hd__xnor2_2)
                                                         _0511_ (net)
                      0.263055    0.000722    4.507582 ^ _4230_/B (sky130_fd_sc_hd__xor2_2)
     2    0.022769    0.302274    0.307772    4.815354 ^ _4230_/X (sky130_fd_sc_hd__xor2_2)
                                                         _0513_ (net)
                      0.302287    0.001601    4.816955 ^ _4255_/A2 (sky130_fd_sc_hd__a21oi_1)
     2    0.007623    0.111949    0.151588    4.968543 v _4255_/Y (sky130_fd_sc_hd__a21oi_1)
                                                         _0537_ (net)
                      0.111949    0.000262    4.968805 v _4350_/A (sky130_fd_sc_hd__xnor2_1)
     2    0.007605    0.208407    0.243923    5.212728 ^ _4350_/Y (sky130_fd_sc_hd__xnor2_1)
                                                         _0632_ (net)
                      0.208407    0.000196    5.212924 ^ _4351_/B (sky130_fd_sc_hd__xnor2_1)
     2    0.007194    0.200261    0.176809    5.389733 ^ _4351_/Y (sky130_fd_sc_hd__xnor2_1)
                                                         _0633_ (net)
                      0.200261    0.000133    5.389866 ^ _4353_/B (sky130_fd_sc_hd__xor2_1)
     2    0.007407    0.192158    0.224211    5.614078 ^ _4353_/X (sky130_fd_sc_hd__xor2_1)
                                                         _0635_ (net)
                      0.192158    0.000234    5.614311 ^ _4355_/B (sky130_fd_sc_hd__xnor2_1)
     3    0.011762    0.291612    0.208522    5.822833 ^ _4355_/Y (sky130_fd_sc_hd__xnor2_1)
                                                         _0637_ (net)
                      0.291612    0.000252    5.823085 ^ _4356_/B (sky130_fd_sc_hd__xor2_1)
     3    0.014260    0.316794    0.326936    6.150021 ^ _4356_/X (sky130_fd_sc_hd__xor2_1)
                                                         _0638_ (net)
                      0.316794    0.000235    6.150256 ^ _4609_/C1 (sky130_fd_sc_hd__o2111a_4)
     2    0.025102    0.099220    0.323225    6.473481 ^ _4609_/X (sky130_fd_sc_hd__o2111a_4)
                                                         _0889_ (net)
                      0.099229    0.000989    6.474470 ^ _4611_/B (sky130_fd_sc_hd__nor2_8)
     2    0.011188    0.054090    0.040379    6.514848 v _4611_/Y (sky130_fd_sc_hd__nor2_8)
                                                         _0891_ (net)
                      0.054090    0.000215    6.515063 v _4745_/A1 (sky130_fd_sc_hd__o21a_1)
     1    0.009372    0.064117    0.215136    6.730199 v _4745_/X (sky130_fd_sc_hd__o21a_1)
                                                         _1024_ (net)
                      0.064117    0.000297    6.730496 v _4746_/A (sky130_fd_sc_hd__xor2_2)
     3    0.017618    0.246695    0.261512    6.992008 ^ _4746_/X (sky130_fd_sc_hd__xor2_2)
                                                         _1025_ (net)
                      0.246696    0.000487    6.992495 ^ _4747_/A (sky130_fd_sc_hd__xor2_2)
     3    0.016478    0.234223    0.255515    7.248010 ^ _4747_/X (sky130_fd_sc_hd__xor2_2)
                                                         _1026_ (net)
                      0.234223    0.000424    7.248434 ^ _4752_/B (sky130_fd_sc_hd__nand2b_4)
     2    0.006955    0.048786    0.073732    7.322166 v _4752_/Y (sky130_fd_sc_hd__nand2b_4)
                                                         _1030_ (net)
                      0.048786    0.000165    7.322331 v _4754_/A3 (sky130_fd_sc_hd__o41a_4)
     3    0.020657    0.088743    0.462593    7.784924 v _4754_/X (sky130_fd_sc_hd__o41a_4)
                                                         _1032_ (net)
                      0.088743    0.000843    7.785767 v _5204_/A1 (sky130_fd_sc_hd__a211o_1)
     3    0.011146    0.084287    0.312748    8.098515 v _5204_/X (sky130_fd_sc_hd__a211o_1)
                                                         _1480_ (net)
                      0.084288    0.000451    8.098967 v _5719_/A1 (sky130_fd_sc_hd__a2111o_1)
     2    0.018243    0.132284    0.456850    8.555816 v _5719_/X (sky130_fd_sc_hd__a2111o_1)
                                                         _2000_ (net)
                      0.132288    0.000914    8.556729 v _5887_/A2 (sky130_fd_sc_hd__a21oi_4)
     3    0.019968    0.183614    0.240282    8.797012 ^ _5887_/Y (sky130_fd_sc_hd__a21oi_4)
                                                         _2185_ (net)
                      0.183614    0.000572    8.797585 ^ _6005_/A1 (sky130_fd_sc_hd__o21ai_2)
     1    0.005892    0.077558    0.091881    8.889465 v _6005_/Y (sky130_fd_sc_hd__o21ai_2)
                                                         _2313_ (net)
                      0.077558    0.000202    8.889667 v _6006_/C1 (sky130_fd_sc_hd__o311a_4)
     2    0.013488    0.065266    0.141588    9.031255 v _6006_/X (sky130_fd_sc_hd__o311a_4)
                                                         core.dsp_result_in[31] (net)
                      0.065266    0.000568    9.031822 v _6086_/B (sky130_fd_sc_hd__xnor2_2)
     1    0.005950    0.133553    0.142030    9.173852 ^ _6086_/Y (sky130_fd_sc_hd__xnor2_2)
                                                         net26 (net)
                      0.133553    0.000192    9.174044 ^ output26/A (sky130_fd_sc_hd__buf_6)
     1    0.034662    0.077812    0.153978    9.328022 ^ output26/X (sky130_fd_sc_hd__buf_6)
                                                         monitor_out[31] (net)
                      0.077820    0.000855    9.328877 ^ monitor_out[31] (out)
                                              9.328877   data arrival time

                                 10.000000   10.000000   clock clk (rise edge)
                                  0.000000   10.000000   clock network delay (propagated)
                                 -0.250000    9.750000   clock uncertainty
                                  0.000000    9.750000   clock reconvergence pessimism
                                 -2.000000    7.750000   output external delay
                                              7.750000   data required time
---------------------------------------------------------------------------------------------
                                              7.750000   data required time
                                             -9.328877   data arrival time
---------------------------------------------------------------------------------------------
                                             -1.578878   slack (VIOLATED)




===========================================================================
 report_check_types -max_slew -max_cap -max_fanout -violators
============================================================================
======================= nom_tt_025C_1v80 Corner ===================================

max slew

Pin                                        Limit        Slew       Slack
------------------------------------------------------------------------
_5383_/C                                0.750000    0.817929   -0.067929 (VIOLATED)
_4912_/A1                               0.750000    0.817928   -0.067928 (VIOLATED)
ANTENNA_15/DIODE                        0.750000    0.817923   -0.067923 (VIOLATED)
_3312_/A1                               0.750000    0.817923   -0.067923 (VIOLATED)
_3943_/A1                               0.750000    0.817921   -0.067921 (VIOLATED)
_3762_/C                                0.750000    0.817921   -0.067921 (VIOLATED)
clone24/X                               0.750000    0.817918   -0.067918 (VIOLATED)

max fanout

Pin                                   Limit Fanout  Slack
---------------------------------------------------------
clkbuf_0_clk/X                           10     16     -6 (VIOLATED)
clkbuf_4_0_0_clk/X                       10     12     -2 (VIOLATED)
clkbuf_4_1_0_clk/X                       10     12     -2 (VIOLATED)
clkbuf_4_2_0_clk/X                       10     12     -2 (VIOLATED)
fanout34/X                               10     12     -2 (VIOLATED)
_6258_/Q                                 10     11        (VIOLATED)
clkbuf_4_3_0_clk/X                       10     11        (VIOLATED)
clkbuf_4_5_0_clk/X                       10     11        (VIOLATED)
fanout126/X                              10     11        (VIOLATED)
fanout189/X                              10     11        (VIOLATED)
fanout198/X                              10     11        (VIOLATED)
fanout201/X                              10     11        (VIOLATED)
fanout202/X                              10     11        (VIOLATED)
fanout56/X                               10     11        (VIOLATED)



===========================================================================
report_parasitic_annotation -report_unannotated
============================================================================
Found 15 unannotated drivers.
 clkload0/X
 clkload1/X
 clkload10/Y
 clkload11/Y
 clkload12/Y
 clkload13/Y
 clkload14/Y
 clkload2/X
 clkload3/Y
 clkload4/X
 clkload5/Y
 clkload6/Y
 clkload7/Y
 clkload8/Y
 clkload9/Y
Found 0 partially unannotated drivers.

===========================================================================
max slew violation count 7
max fanout violation count 14
max cap violation count 0
============================================================================

===========================================================================
check_setup -verbose -unconstrained_endpoints -multiple_clock -no_clock -no_input_delay -loops -generated_clocks
===========================================================================
