Clock: clk
Sources: clk 
Generated: no
Virtual: yes
Propagated: no
Period: 10.000000

===========================================================================
report_clock_properties
============================================================================
Clock                   Period          Waveform
----------------------------------------------------
clk                  10.000000    0.000000  5.000000

===========================================================================
report_clock_latency
============================================================================
Clock clk
rise -> rise
    min     max
0.000000 0.000000 source latency
0.685547         network latency _6276_/CLK
        0.715816 network latency _6262_/CLK
---------------
0.685547 0.715816 latency
        0.030270 skew

fall -> fall
    min     max
0.000000 0.000000 source latency
0.544896         network latency _6250_/CLK
        0.566188 network latency _6262_/CLK
---------------
0.544896 0.566188 latency
        0.021292 skew



===========================================================================
report_clock_min_period
============================================================================
clk period_min = 8.71 fmax = 114.78
