
===========================================================================
report_checks -unconstrained
===========================================================================
======================= nom_tt_025C_1v80 Corner ===================================

Startpoint: rst_n (input port clocked by clk)
Endpoint: _6340_ (recovery check against rising-edge clock clk)
Path Group: asynchronous
Path Type: max

Fanout         Cap        Slew       Delay        Time   Description
---------------------------------------------------------------------------------------------
                                  0.000000    0.000000   clock clk (rise edge)
                                  0.000000    0.000000   clock network delay (propagated)
                                  2.000000    2.000000 ^ input external delay
     1    0.002680    0.019907    0.009875    2.009876 ^ rst_n (in)
                                                         rst_n (net)
                      0.019907    0.000000    2.009876 ^ input1/A (sky130_fd_sc_hd__clkbuf_1)
     1    0.003694    0.053836    0.079112    2.088988 ^ input1/X (sky130_fd_sc_hd__clkbuf_1)
                                                         net1 (net)
                      0.053836    0.000027    2.089014 ^ fanout255/A (sky130_fd_sc_hd__clkbuf_4)
     5    0.043490    0.138186    0.206897    2.295911 ^ fanout255/X (sky130_fd_sc_hd__clkbuf_4)
                                                         net255 (net)
                      0.138186    0.000589    2.296500 ^ fanout254/A (sky130_fd_sc_hd__buf_4)
    10    0.064251    0.180833    0.242686    2.539186 ^ fanout254/X (sky130_fd_sc_hd__buf_4)
                                                         net254 (net)
                      0.180833    0.000037    2.539223 ^ fanout253/A (sky130_fd_sc_hd__buf_4)
    10    0.052620    0.150610    0.234818    2.774041 ^ fanout253/X (sky130_fd_sc_hd__buf_4)
                                                         net253 (net)
                      0.150616    0.001176    2.775216 ^ fanout252/A (sky130_fd_sc_hd__clkbuf_4)
    10    0.044343    0.140765    0.244271    3.019487 ^ fanout252/X (sky130_fd_sc_hd__clkbuf_4)
                                                         net252 (net)
                      0.140765    0.000425    3.019912 ^ fanout250/A (sky130_fd_sc_hd__clkbuf_4)
    10    0.044237    0.140406    0.240780    3.260693 ^ fanout250/X (sky130_fd_sc_hd__clkbuf_4)
                                                         net250 (net)
                      0.140406    0.000504    3.261196 ^ _6340_/RESET_B (sky130_fd_sc_hd__dfrtp_1)
                                              3.261196   data arrival time

                                 10.000000   10.000000   clock clk (rise edge)
                                  0.000000   10.000000   clock source latency
     1    0.032161    0.150104    0.104857   10.104856 ^ clk (in)
                                                         clk (net)
                      0.150168    0.000000   10.104856 ^ clkbuf_0_clk/A (sky130_fd_sc_hd__clkbuf_16)
    16    0.135145    0.147676    0.246088   10.350945 ^ clkbuf_0_clk/X (sky130_fd_sc_hd__clkbuf_16)
                                                         clknet_0_clk (net)
                      0.147886    0.003681   10.354625 ^ clkbuf_4_11_0_clk/A (sky130_fd_sc_hd__clkbuf_8)
     8    0.028140    0.063986    0.179052   10.533677 ^ clkbuf_4_11_0_clk/X (sky130_fd_sc_hd__clkbuf_8)
                                                         clknet_4_11_0_clk (net)
                      0.063986    0.000174   10.533852 ^ _6340_/CLK (sky130_fd_sc_hd__dfrtp_1)
                                 -0.250000   10.283852   clock uncertainty
                                  0.000000   10.283852   clock reconvergence pessimism
                                  0.211527   10.495378   library recovery time
                                             10.495378   data required time
---------------------------------------------------------------------------------------------
                                             10.495378   data required time
                                             -3.261196   data arrival time
---------------------------------------------------------------------------------------------
                                              7.234182   slack (MET)


Startpoint: _6219_ (rising edge-triggered flip-flop clocked by clk)
Endpoint: monitor_out[31] (output port clocked by clk)
Path Group: clk
Path Type: max

Fanout         Cap        Slew       Delay        Time   Description
---------------------------------------------------------------------------------------------
                                  0.000000    0.000000   clock clk (rise edge)
                                  0.000000    0.000000   clock source latency
     1    0.032161    0.150104    0.104857    0.104857 ^ clk (in)
                                                         clk (net)
                      0.150168    0.000000    0.104857 ^ clkbuf_0_clk/A (sky130_fd_sc_hd__clkbuf_16)
    16    0.135145    0.147676    0.246087    0.350944 ^ clkbuf_0_clk/X (sky130_fd_sc_hd__clkbuf_16)
                                                         clknet_0_clk (net)
                      0.147849    0.003179    0.354123 ^ clkbuf_4_1_0_clk/A (sky130_fd_sc_hd__clkbuf_8)
    12    0.031838    0.069671    0.183455    0.537578 ^ clkbuf_4_1_0_clk/X (sky130_fd_sc_hd__clkbuf_8)
                                                         clknet_4_1_0_clk (net)
                      0.069672    0.000359    0.537938 ^ _6219_/CLK (sky130_fd_sc_hd__dfrtp_1)
     1    0.005782    0.067814    0.344380    0.882317 ^ _6219_/Q (sky130_fd_sc_hd__dfrtp_1)
                                                         core.dsp_valid_out (net)
                      0.067814    0.000029    0.882346 ^ fanout238/A (sky130_fd_sc_hd__buf_6)
     5    0.039195    0.085978    0.139753    1.022099 ^ fanout238/X (sky130_fd_sc_hd__buf_6)
                                                         net238 (net)
                      0.085978    0.000111    1.022210 ^ fanout214/A (sky130_fd_sc_hd__buf_8)
     7    0.038490    0.072119    0.134389    1.156599 ^ fanout214/X (sky130_fd_sc_hd__buf_8)
                                                         net214 (net)
                      0.072125    0.000737    1.157336 ^ fanout206/A (sky130_fd_sc_hd__buf_6)
    10    0.027027    0.063472    0.124702    1.282037 ^ fanout206/X (sky130_fd_sc_hd__buf_6)
                                                         net206 (net)
                      0.063473    0.000334    1.282372 ^ _3065_/A (sky130_fd_sc_hd__and2_4)
     1    0.015299    0.062749    0.159018    1.441390 ^ _3065_/X (sky130_fd_sc_hd__and2_4)
                                                         _1932_ (net)
                      0.062752    0.000468    1.441858 ^ fanout105/A (sky130_fd_sc_hd__buf_12)
     7    0.055747    0.074264    0.133778    1.575636 ^ fanout105/X (sky130_fd_sc_hd__buf_12)
                                                         net105 (net)
                      0.074365    0.001712    1.577347 ^ fanout104/A (sky130_fd_sc_hd__buf_12)
    10    0.055928    0.074504    0.138274    1.715621 ^ fanout104/X (sky130_fd_sc_hd__buf_12)
                                                         net104 (net)
                      0.074504    0.000039    1.715660 ^ _3077_/B (sky130_fd_sc_hd__nand2_4)
     2    0.019462    0.082470    0.072029    1.787689 v _3077_/Y (sky130_fd_sc_hd__nand2_4)
                                                         _2063_ (net)
                      0.082470    0.000046    1.787735 v _3093_/A2 (sky130_fd_sc_hd__o21a_1)
     2    0.009886    0.068390    0.212515    2.000250 v _3093_/X (sky130_fd_sc_hd__o21a_1)
                                                         _2238_ (net)
                      0.068390    0.000009    2.000259 v _3102_/B (sky130_fd_sc_hd__xor2_2)
     2    0.004540    0.060825    0.148228    2.148487 v _3102_/X (sky130_fd_sc_hd__xor2_2)
                                                         _2326_ (net)
                      0.060825    0.000010    2.148497 v _3161_/A2 (sky130_fd_sc_hd__a31o_1)
     2    0.010692    0.072336    0.244345    2.392842 v _3161_/X (sky130_fd_sc_hd__a31o_1)
                                                         _2453_ (net)
                      0.072336    0.000021    2.392863 v _3174_/A (sky130_fd_sc_hd__xor2_2)
     2    0.013864    0.094504    0.203557    2.596420 v _3174_/X (sky130_fd_sc_hd__xor2_2)
                                                         _2466_ (net)
                      0.094504    0.000177    2.596597 v _3189_/B (sky130_fd_sc_hd__xnor2_2)
     2    0.012332    0.210291    0.207182    2.803779 ^ _3189_/Y (sky130_fd_sc_hd__xnor2_2)
                                                         _2481_ (net)
                      0.210291    0.000027    2.803806 ^ _3191_/A (sky130_fd_sc_hd__xor2_2)
     2    0.011471    0.187388    0.210004    3.013810 ^ _3191_/X (sky130_fd_sc_hd__xor2_2)
                                                         _2483_ (net)
                      0.187388    0.000005    3.013815 ^ _3194_/A (sky130_fd_sc_hd__and3_1)
     2    0.012133    0.134860    0.244124    3.257939 ^ _3194_/X (sky130_fd_sc_hd__and3_1)
                                                         _2486_ (net)
                      0.134860    0.000044    3.257982 ^ _3293_/B (sky130_fd_sc_hd__xor2_2)
     1    0.009299    0.163556    0.187014    3.444997 ^ _3293_/X (sky130_fd_sc_hd__xor2_2)
                                                         _2585_ (net)
                      0.163556    0.000010    3.445007 ^ _3294_/A (sky130_fd_sc_hd__xnor2_2)
     3    0.013849    0.227782    0.167013    3.612020 ^ _3294_/Y (sky130_fd_sc_hd__xnor2_2)
                                                         _2586_ (net)
                      0.227782    0.000029    3.612049 ^ _3295_/A (sky130_fd_sc_hd__nand2_1)
     1    0.003008    0.065872    0.080356    3.692405 v _3295_/Y (sky130_fd_sc_hd__nand2_1)
                                                         _2587_ (net)
                      0.065872    0.000012    3.692418 v _3319_/A1 (sky130_fd_sc_hd__a21o_1)
     3    0.013671    0.078742    0.204652    3.897070 v _3319_/X (sky130_fd_sc_hd__a21o_1)
                                                         _2610_ (net)
                      0.078742    0.000028    3.897098 v _3368_/A (sky130_fd_sc_hd__xor2_2)
     3    0.008319    0.082433    0.192471    4.089570 v _3368_/X (sky130_fd_sc_hd__xor2_2)
                                                         _2659_ (net)
                      0.082433    0.000005    4.089575 v _3377_/A3 (sky130_fd_sc_hd__a311o_1)
     3    0.010265    0.088346    0.402312    4.491887 v _3377_/X (sky130_fd_sc_hd__a311o_1)
                                                         _2667_ (net)
                      0.088346    0.000076    4.491963 v _3580_/A2 (sky130_fd_sc_hd__a221o_2)
     3    0.014906    0.084820    0.443199    4.935162 v _3580_/X (sky130_fd_sc_hd__a221o_2)
                                                         _2868_ (net)
                      0.084820    0.000175    4.935337 v _3743_/A1 (sky130_fd_sc_hd__a41oi_4)
     3    0.015744    0.220450    0.196064    5.131401 ^ _3743_/Y (sky130_fd_sc_hd__a41oi_4)
                                                         _3029_ (net)
                      0.220450    0.000301    5.131702 ^ _3838_/A2 (sky130_fd_sc_hd__o21ai_4)
     3    0.013839    0.060697    0.089753    5.221455 v _3838_/Y (sky130_fd_sc_hd__o21ai_4)
                                                         _0124_ (net)
                      0.060697    0.000234    5.221689 v _4131_/A1 (sky130_fd_sc_hd__a311o_4)
     4    0.019093    0.078091    0.349846    5.571536 v _4131_/X (sky130_fd_sc_hd__a311o_4)
                                                         _0415_ (net)
                      0.078091    0.000540    5.572076 v _4609_/A2 (sky130_fd_sc_hd__o2111a_4)
     2    0.021262    0.066038    0.316167    5.888243 v _4609_/X (sky130_fd_sc_hd__o2111a_4)
                                                         _0889_ (net)
                      0.066038    0.000155    5.888398 v _4611_/B (sky130_fd_sc_hd__nor2_8)
     2    0.011537    0.080943    0.094065    5.982462 ^ _4611_/Y (sky130_fd_sc_hd__nor2_8)
                                                         _0891_ (net)
                      0.080943    0.000024    5.982486 ^ _4745_/A1 (sky130_fd_sc_hd__o21a_1)
     1    0.009909    0.105269    0.171993    6.154480 ^ _4745_/X (sky130_fd_sc_hd__o21a_1)
                                                         _1024_ (net)
                      0.105269    0.000026    6.154506 ^ _4746_/A (sky130_fd_sc_hd__xor2_2)
     3    0.015805    0.235034    0.226486    6.380992 ^ _4746_/X (sky130_fd_sc_hd__xor2_2)
                                                         _1025_ (net)
                      0.235034    0.000054    6.381046 ^ _4747_/A (sky130_fd_sc_hd__xor2_2)
     3    0.015069    0.226901    0.242654    6.623700 ^ _4747_/X (sky130_fd_sc_hd__xor2_2)
                                                         _1026_ (net)
                      0.226901    0.000034    6.623734 ^ _4752_/B (sky130_fd_sc_hd__nand2b_4)
     2    0.006554    0.047245    0.072033    6.695766 v _4752_/Y (sky130_fd_sc_hd__nand2b_4)
                                                         _1030_ (net)
                      0.047245    0.000012    6.695778 v _4754_/A3 (sky130_fd_sc_hd__o41a_4)
     3    0.017599    0.085376    0.456633    7.152411 v _4754_/X (sky130_fd_sc_hd__o41a_4)
                                                         _1032_ (net)
                      0.085376    0.000157    7.152568 v _5204_/A1 (sky130_fd_sc_hd__a211o_1)
     3    0.008267    0.074000    0.297459    7.450028 v _5204_/X (sky130_fd_sc_hd__a211o_1)
                                                         _1480_ (net)
                      0.074000    0.000072    7.450100 v _5719_/A1 (sky130_fd_sc_hd__a2111o_1)
     2    0.015379    0.118277    0.439486    7.889586 v _5719_/X (sky130_fd_sc_hd__a2111o_1)
                                                         _2000_ (net)
                      0.118277    0.000099    7.889686 v _5887_/A2 (sky130_fd_sc_hd__a21oi_4)
     3    0.016870    0.164702    0.220693    8.110378 ^ _5887_/Y (sky130_fd_sc_hd__a21oi_4)
                                                         _2185_ (net)
                      0.164702    0.000064    8.110442 ^ _6005_/A1 (sky130_fd_sc_hd__o21ai_2)
     1    0.005180    0.073380    0.086047    8.196489 v _6005_/Y (sky130_fd_sc_hd__o21ai_2)
                                                         _2313_ (net)
                      0.073380    0.000023    8.196512 v _6006_/C1 (sky130_fd_sc_hd__o311a_4)
     2    0.012173    0.062725    0.137639    8.334151 v _6006_/X (sky130_fd_sc_hd__o311a_4)
                                                         core.dsp_result_in[31] (net)
                      0.062725    0.000131    8.334283 v _6086_/B (sky130_fd_sc_hd__xnor2_2)
     1    0.005479    0.131312    0.137061    8.471344 ^ _6086_/Y (sky130_fd_sc_hd__xnor2_2)
                                                         net26 (net)
                      0.131312    0.000020    8.471363 ^ output26/A (sky130_fd_sc_hd__buf_6)
     1    0.034551    0.077686    0.153700    8.625064 ^ output26/X (sky130_fd_sc_hd__buf_6)
                                                         monitor_out[31] (net)
                      0.077686    0.000234    8.625299 ^ monitor_out[31] (out)
                                              8.625299   data arrival time

                                 10.000000   10.000000   clock clk (rise edge)
                                  0.000000   10.000000   clock network delay (propagated)
                                 -0.250000    9.750000   clock uncertainty
                                  0.000000    9.750000   clock reconvergence pessimism
                                 -2.000000    7.750000   output external delay
                                              7.750000   data required time
---------------------------------------------------------------------------------------------
                                              7.750000   data required time
                                             -8.625299   data arrival time
---------------------------------------------------------------------------------------------
                                             -0.875298   slack (VIOLATED)




===========================================================================
report_checks --slack_max -0.01
============================================================================
======================= nom_tt_025C_1v80 Corner ===================================

Startpoint: _6219_ (rising edge-triggered flip-flop clocked by clk)
Endpoint: monitor_out[31] (output port clocked by clk)
Path Group: clk
Path Type: max

Fanout         Cap        Slew       Delay        Time   Description
---------------------------------------------------------------------------------------------
                                  0.000000    0.000000   clock clk (rise edge)
                                  0.000000    0.000000   clock source latency
     1    0.032161    0.150104    0.104857    0.104857 ^ clk (in)
                                                         clk (net)
                      0.150168    0.000000    0.104857 ^ clkbuf_0_clk/A (sky130_fd_sc_hd__clkbuf_16)
    16    0.135145    0.147676    0.246087    0.350944 ^ clkbuf_0_clk/X (sky130_fd_sc_hd__clkbuf_16)
                                                         clknet_0_clk (net)
                      0.147849    0.003179    0.354123 ^ clkbuf_4_1_0_clk/A (sky130_fd_sc_hd__clkbuf_8)
    12    0.031838    0.069671    0.183455    0.537578 ^ clkbuf_4_1_0_clk/X (sky130_fd_sc_hd__clkbuf_8)
                                                         clknet_4_1_0_clk (net)
                      0.069672    0.000359    0.537938 ^ _6219_/CLK (sky130_fd_sc_hd__dfrtp_1)
     1    0.005782    0.067814    0.344380    0.882317 ^ _6219_/Q (sky130_fd_sc_hd__dfrtp_1)
                                                         core.dsp_valid_out (net)
                      0.067814    0.000029    0.882346 ^ fanout238/A (sky130_fd_sc_hd__buf_6)
     5    0.039195    0.085978    0.139753    1.022099 ^ fanout238/X (sky130_fd_sc_hd__buf_6)
                                                         net238 (net)
                      0.085978    0.000111    1.022210 ^ fanout214/A (sky130_fd_sc_hd__buf_8)
     7    0.038490    0.072119    0.134389    1.156599 ^ fanout214/X (sky130_fd_sc_hd__buf_8)
                                                         net214 (net)
                      0.072125    0.000737    1.157336 ^ fanout206/A (sky130_fd_sc_hd__buf_6)
    10    0.027027    0.063472    0.124702    1.282037 ^ fanout206/X (sky130_fd_sc_hd__buf_6)
                                                         net206 (net)
                      0.063473    0.000334    1.282372 ^ _3065_/A (sky130_fd_sc_hd__and2_4)
     1    0.015299    0.062749    0.159018    1.441390 ^ _3065_/X (sky130_fd_sc_hd__and2_4)
                                                         _1932_ (net)
                      0.062752    0.000468    1.441858 ^ fanout105/A (sky130_fd_sc_hd__buf_12)
     7    0.055747    0.074264    0.133778    1.575636 ^ fanout105/X (sky130_fd_sc_hd__buf_12)
                                                         net105 (net)
                      0.074365    0.001712    1.577347 ^ fanout104/A (sky130_fd_sc_hd__buf_12)
    10    0.055928    0.074504    0.138274    1.715621 ^ fanout104/X (sky130_fd_sc_hd__buf_12)
                                                         net104 (net)
                      0.074504    0.000039    1.715660 ^ _3077_/B (sky130_fd_sc_hd__nand2_4)
     2    0.019462    0.082470    0.072029    1.787689 v _3077_/Y (sky130_fd_sc_hd__nand2_4)
                                                         _2063_ (net)
                      0.082470    0.000046    1.787735 v _3093_/A2 (sky130_fd_sc_hd__o21a_1)
     2    0.009886    0.068390    0.212515    2.000250 v _3093_/X (sky130_fd_sc_hd__o21a_1)
                                                         _2238_ (net)
                      0.068390    0.000009    2.000259 v _3102_/B (sky130_fd_sc_hd__xor2_2)
     2    0.004540    0.060825    0.148228    2.148487 v _3102_/X (sky130_fd_sc_hd__xor2_2)
                                                         _2326_ (net)
                      0.060825    0.000010    2.148497 v _3161_/A2 (sky130_fd_sc_hd__a31o_1)
     2    0.010692    0.072336    0.244345    2.392842 v _3161_/X (sky130_fd_sc_hd__a31o_1)
                                                         _2453_ (net)
                      0.072336    0.000021    2.392863 v _3174_/A (sky130_fd_sc_hd__xor2_2)
     2    0.013864    0.094504    0.203557    2.596420 v _3174_/X (sky130_fd_sc_hd__xor2_2)
                                                         _2466_ (net)
                      0.094504    0.000177    2.596597 v _3189_/B (sky130_fd_sc_hd__xnor2_2)
     2    0.012332    0.210291    0.207182    2.803779 ^ _3189_/Y (sky130_fd_sc_hd__xnor2_2)
                                                         _2481_ (net)
                      0.210291    0.000027    2.803806 ^ _3191_/A (sky130_fd_sc_hd__xor2_2)
     2    0.011471    0.187388    0.210004    3.013810 ^ _3191_/X (sky130_fd_sc_hd__xor2_2)
                                                         _2483_ (net)
                      0.187388    0.000005    3.013815 ^ _3194_/A (sky130_fd_sc_hd__and3_1)
     2    0.012133    0.134860    0.244124    3.257939 ^ _3194_/X (sky130_fd_sc_hd__and3_1)
                                                         _2486_ (net)
                      0.134860    0.000044    3.257982 ^ _3293_/B (sky130_fd_sc_hd__xor2_2)
     1    0.009299    0.163556    0.187014    3.444997 ^ _3293_/X (sky130_fd_sc_hd__xor2_2)
                                                         _2585_ (net)
                      0.163556    0.000010    3.445007 ^ _3294_/A (sky130_fd_sc_hd__xnor2_2)
     3    0.013849    0.227782    0.167013    3.612020 ^ _3294_/Y (sky130_fd_sc_hd__xnor2_2)
                                                         _2586_ (net)
                      0.227782    0.000029    3.612049 ^ _3295_/A (sky130_fd_sc_hd__nand2_1)
     1    0.003008    0.065872    0.080356    3.692405 v _3295_/Y (sky130_fd_sc_hd__nand2_1)
                                                         _2587_ (net)
                      0.065872    0.000012    3.692418 v _3319_/A1 (sky130_fd_sc_hd__a21o_1)
     3    0.013671    0.078742    0.204652    3.897070 v _3319_/X (sky130_fd_sc_hd__a21o_1)
                                                         _2610_ (net)
                      0.078742    0.000028    3.897098 v _3368_/A (sky130_fd_sc_hd__xor2_2)
     3    0.008319    0.082433    0.192471    4.089570 v _3368_/X (sky130_fd_sc_hd__xor2_2)
                                                         _2659_ (net)
                      0.082433    0.000005    4.089575 v _3377_/A3 (sky130_fd_sc_hd__a311o_1)
     3    0.010265    0.088346    0.402312    4.491887 v _3377_/X (sky130_fd_sc_hd__a311o_1)
                                                         _2667_ (net)
                      0.088346    0.000076    4.491963 v _3580_/A2 (sky130_fd_sc_hd__a221o_2)
     3    0.014906    0.084820    0.443199    4.935162 v _3580_/X (sky130_fd_sc_hd__a221o_2)
                                                         _2868_ (net)
                      0.084820    0.000175    4.935337 v _3743_/A1 (sky130_fd_sc_hd__a41oi_4)
     3    0.015744    0.220450    0.196064    5.131401 ^ _3743_/Y (sky130_fd_sc_hd__a41oi_4)
                                                         _3029_ (net)
                      0.220450    0.000301    5.131702 ^ _3838_/A2 (sky130_fd_sc_hd__o21ai_4)
     3    0.013839    0.060697    0.089753    5.221455 v _3838_/Y (sky130_fd_sc_hd__o21ai_4)
                                                         _0124_ (net)
                      0.060697    0.000234    5.221689 v _4131_/A1 (sky130_fd_sc_hd__a311o_4)
     4    0.019093    0.078091    0.349846    5.571536 v _4131_/X (sky130_fd_sc_hd__a311o_4)
                                                         _0415_ (net)
                      0.078091    0.000540    5.572076 v _4609_/A2 (sky130_fd_sc_hd__o2111a_4)
     2    0.021262    0.066038    0.316167    5.888243 v _4609_/X (sky130_fd_sc_hd__o2111a_4)
                                                         _0889_ (net)
                      0.066038    0.000155    5.888398 v _4611_/B (sky130_fd_sc_hd__nor2_8)
     2    0.011537    0.080943    0.094065    5.982462 ^ _4611_/Y (sky130_fd_sc_hd__nor2_8)
                                                         _0891_ (net)
                      0.080943    0.000024    5.982486 ^ _4745_/A1 (sky130_fd_sc_hd__o21a_1)
     1    0.009909    0.105269    0.171993    6.154480 ^ _4745_/X (sky130_fd_sc_hd__o21a_1)
                                                         _1024_ (net)
                      0.105269    0.000026    6.154506 ^ _4746_/A (sky130_fd_sc_hd__xor2_2)
     3    0.015805    0.235034    0.226486    6.380992 ^ _4746_/X (sky130_fd_sc_hd__xor2_2)
                                                         _1025_ (net)
                      0.235034    0.000054    6.381046 ^ _4747_/A (sky130_fd_sc_hd__xor2_2)
     3    0.015069    0.226901    0.242654    6.623700 ^ _4747_/X (sky130_fd_sc_hd__xor2_2)
                                                         _1026_ (net)
                      0.226901    0.000034    6.623734 ^ _4752_/B (sky130_fd_sc_hd__nand2b_4)
     2    0.006554    0.047245    0.072033    6.695766 v _4752_/Y (sky130_fd_sc_hd__nand2b_4)
                                                         _1030_ (net)
                      0.047245    0.000012    6.695778 v _4754_/A3 (sky130_fd_sc_hd__o41a_4)
     3    0.017599    0.085376    0.456633    7.152411 v _4754_/X (sky130_fd_sc_hd__o41a_4)
                                                         _1032_ (net)
                      0.085376    0.000157    7.152568 v _5204_/A1 (sky130_fd_sc_hd__a211o_1)
     3    0.008267    0.074000    0.297459    7.450028 v _5204_/X (sky130_fd_sc_hd__a211o_1)
                                                         _1480_ (net)
                      0.074000    0.000072    7.450100 v _5719_/A1 (sky130_fd_sc_hd__a2111o_1)
     2    0.015379    0.118277    0.439486    7.889586 v _5719_/X (sky130_fd_sc_hd__a2111o_1)
                                                         _2000_ (net)
                      0.118277    0.000099    7.889686 v _5887_/A2 (sky130_fd_sc_hd__a21oi_4)
     3    0.016870    0.164702    0.220693    8.110378 ^ _5887_/Y (sky130_fd_sc_hd__a21oi_4)
                                                         _2185_ (net)
                      0.164702    0.000064    8.110442 ^ _6005_/A1 (sky130_fd_sc_hd__o21ai_2)
     1    0.005180    0.073380    0.086047    8.196489 v _6005_/Y (sky130_fd_sc_hd__o21ai_2)
                                                         _2313_ (net)
                      0.073380    0.000023    8.196512 v _6006_/C1 (sky130_fd_sc_hd__o311a_4)
     2    0.012173    0.062725    0.137639    8.334151 v _6006_/X (sky130_fd_sc_hd__o311a_4)
                                                         core.dsp_result_in[31] (net)
                      0.062725    0.000131    8.334283 v _6086_/B (sky130_fd_sc_hd__xnor2_2)
     1    0.005479    0.131312    0.137061    8.471344 ^ _6086_/Y (sky130_fd_sc_hd__xnor2_2)
                                                         net26 (net)
                      0.131312    0.000020    8.471363 ^ output26/A (sky130_fd_sc_hd__buf_6)
     1    0.034551    0.077686    0.153700    8.625064 ^ output26/X (sky130_fd_sc_hd__buf_6)
                                                         monitor_out[31] (net)
                      0.077686    0.000234    8.625299 ^ monitor_out[31] (out)
                                              8.625299   data arrival time

                                 10.000000   10.000000   clock clk (rise edge)
                                  0.000000   10.000000   clock network delay (propagated)
                                 -0.250000    9.750000   clock uncertainty
                                  0.000000    9.750000   clock reconvergence pessimism
                                 -2.000000    7.750000   output external delay
                                              7.750000   data required time
---------------------------------------------------------------------------------------------
                                              7.750000   data required time
                                             -8.625299   data arrival time
---------------------------------------------------------------------------------------------
                                             -0.875298   slack (VIOLATED)




===========================================================================
 report_check_types -max_slew -max_cap -max_fanout -violators
============================================================================
======================= nom_tt_025C_1v80 Corner ===================================

max fanout

Pin                                   Limit Fanout  Slack
---------------------------------------------------------
clkbuf_0_clk/X                           10     16     -6 (VIOLATED)
clkbuf_4_0_0_clk/X                       10     12     -2 (VIOLATED)
clkbuf_4_1_0_clk/X                       10     12     -2 (VIOLATED)
clkbuf_4_2_0_clk/X                       10     12     -2 (VIOLATED)
clkbuf_4_3_0_clk/X                       10     11        (VIOLATED)
clkbuf_4_5_0_clk/X                       10     11        (VIOLATED)



===========================================================================
report_parasitic_annotation -report_unannotated
============================================================================
Found 15 unannotated drivers.
 clkload0/X
 clkload1/X
 clkload10/Y
 clkload11/Y
 clkload12/Y
 clkload13/Y
 clkload14/Y
 clkload2/X
 clkload3/Y
 clkload4/X
 clkload5/Y
 clkload6/Y
 clkload7/Y
 clkload8/Y
 clkload9/Y
Found 0 partially unannotated drivers.

===========================================================================
max slew violation count 0
Writing metric design__max_slew_violation__count__corner:nom_tt_025C_1v80: 0
max fanout violation count 6
Writing metric design__max_fanout_violation__count__corner:nom_tt_025C_1v80: 6
max cap violation count 0
Writing metric design__max_cap_violation__count__corner:nom_tt_025C_1v80: 0
============================================================================

===========================================================================
check_setup -verbose -unconstrained_endpoints -multiple_clock -no_clock -no_input_delay -loops -generated_clocks
===========================================================================
