
===========================================================================
report_checks -unconstrained
===========================================================================
======================= nom_tt_025C_1v80 Corner ===================================

Startpoint: rst_n (input port clocked by clk)
Endpoint: _6340_ (recovery check against rising-edge clock clk)
Path Group: asynchronous
Path Type: max

Fanout         Cap        Slew       Delay        Time   Description
---------------------------------------------------------------------------------------------
                                  0.000000    0.000000   clock clk (rise edge)
                                  0.000000    0.000000   clock network delay (propagated)
                                  2.000000    2.000000 ^ input external delay
     1    0.002511    0.018500    0.009315    2.009315 ^ rst_n (in)
                                                         rst_n (net)
                      0.018501    0.000000    2.009315 ^ input1/A (sky130_fd_sc_hd__clkbuf_1)
     1    0.004260    0.060114    0.083057    2.092372 ^ input1/X (sky130_fd_sc_hd__clkbuf_1)
                                                         net1 (net)
                      0.060114    0.000163    2.092535 ^ fanout255/A (sky130_fd_sc_hd__clkbuf_4)
     5    0.044643    0.141557    0.211219    2.303754 ^ fanout255/X (sky130_fd_sc_hd__clkbuf_4)
                                                         net255 (net)
                      0.141577    0.001743    2.305497 ^ fanout254/A (sky130_fd_sc_hd__buf_4)
    10    0.066544    0.187558    0.243571    2.549068 ^ fanout254/X (sky130_fd_sc_hd__buf_4)
                                                         net254 (net)
                      0.187564    0.000884    2.549952 ^ fanout253/A (sky130_fd_sc_hd__buf_4)
    10    0.055076    0.155871    0.239742    2.789694 ^ fanout253/X (sky130_fd_sc_hd__buf_4)
                                                         net253 (net)
                      0.156076    0.003814    2.793507 ^ fanout252/A (sky130_fd_sc_hd__clkbuf_4)
    10    0.045805    0.145157    0.248142    3.041650 ^ fanout252/X (sky130_fd_sc_hd__clkbuf_4)
                                                         net252 (net)
                      0.145176    0.001730    3.043380 ^ fanout250/A (sky130_fd_sc_hd__clkbuf_4)
    10    0.046313    0.146522    0.245526    3.288905 ^ fanout250/X (sky130_fd_sc_hd__clkbuf_4)
                                                         net250 (net)
                      0.146561    0.002315    3.291220 ^ _6340_/RESET_B (sky130_fd_sc_hd__dfrtp_1)
                                              3.291220   data arrival time

                                 10.000000   10.000000   clock clk (rise edge)
                                  0.000000   10.000000   clock source latency
     1    0.032469    0.151647    0.107283   10.107284 ^ clk (in)
                                                         clk (net)
                      0.151954    0.000000   10.107284 ^ clkbuf_0_clk/A (sky130_fd_sc_hd__clkbuf_16)
    16    0.139937    0.152831    0.247189   10.354472 ^ clkbuf_0_clk/X (sky130_fd_sc_hd__clkbuf_16)
                                                         clknet_0_clk (net)
                      0.153887    0.010152   10.364624 ^ clkbuf_4_11_0_clk/A (sky130_fd_sc_hd__clkbuf_8)
     8    0.030485    0.067619    0.183520   10.548144 ^ clkbuf_4_11_0_clk/X (sky130_fd_sc_hd__clkbuf_8)
                                                         clknet_4_11_0_clk (net)
                      0.067631    0.000861   10.549005 ^ _6340_/CLK (sky130_fd_sc_hd__dfrtp_1)
                                 -0.250000   10.299005   clock uncertainty
                                  0.000000   10.299005   clock reconvergence pessimism
                                  0.211070   10.510075   library recovery time
                                             10.510075   data required time
---------------------------------------------------------------------------------------------
                                             10.510075   data required time
                                             -3.291220   data arrival time
---------------------------------------------------------------------------------------------
                                              7.218855   slack (MET)


Startpoint: _6219_ (rising edge-triggered flip-flop clocked by clk)
Endpoint: monitor_out[31] (output port clocked by clk)
Path Group: clk
Path Type: max

Fanout         Cap        Slew       Delay        Time   Description
---------------------------------------------------------------------------------------------
                                  0.000000    0.000000   clock clk (rise edge)
                                  0.000000    0.000000   clock source latency
     1    0.032469    0.151647    0.107283    0.107283 ^ clk (in)
                                                         clk (net)
                      0.151954    0.000000    0.107283 ^ clkbuf_0_clk/A (sky130_fd_sc_hd__clkbuf_16)
    16    0.139937    0.152831    0.247189    0.354472 ^ clkbuf_0_clk/X (sky130_fd_sc_hd__clkbuf_16)
                                                         clknet_0_clk (net)
                      0.153073    0.004983    0.359455 ^ clkbuf_4_1_0_clk/A (sky130_fd_sc_hd__clkbuf_8)
    12    0.034261    0.073400    0.187470    0.546925 ^ clkbuf_4_1_0_clk/X (sky130_fd_sc_hd__clkbuf_8)
                                                         clknet_4_1_0_clk (net)
                      0.073446    0.001672    0.548597 ^ _6219_/CLK (sky130_fd_sc_hd__dfrtp_1)
     1    0.006723    0.075240    0.352011    0.900608 ^ _6219_/Q (sky130_fd_sc_hd__dfrtp_1)
                                                         core.dsp_valid_out (net)
                      0.075240    0.000277    0.900885 ^ fanout238/A (sky130_fd_sc_hd__buf_6)
     5    0.040688    0.088615    0.143901    1.044786 ^ fanout238/X (sky130_fd_sc_hd__buf_6)
                                                         net238 (net)
                      0.088642    0.001484    1.046270 ^ fanout225/A (sky130_fd_sc_hd__buf_1)
     5    0.016634    0.200842    0.202790    1.249061 ^ fanout225/X (sky130_fd_sc_hd__buf_1)
                                                         net225 (net)
                      0.200842    0.000252    1.249313 ^ fanout224/A (sky130_fd_sc_hd__buf_1)
     6    0.017101    0.205912    0.226843    1.476155 ^ fanout224/X (sky130_fd_sc_hd__buf_1)
                                                         net224 (net)
                      0.205913    0.000382    1.476537 ^ fanout223/A (sky130_fd_sc_hd__clkbuf_2)
    10    0.023502    0.133721    0.217928    1.694465 ^ fanout223/X (sky130_fd_sc_hd__clkbuf_2)
                                                         net223 (net)
                      0.133721    0.000645    1.695110 ^ _3489_/A (sky130_fd_sc_hd__and3_1)
     4    0.012754    0.136506    0.233761    1.928871 ^ _3489_/X (sky130_fd_sc_hd__and3_1)
                                                         _2778_ (net)
                      0.136506    0.000268    1.929139 ^ _3491_/A2_N (sky130_fd_sc_hd__o2bb2a_1)
     2    0.008274    0.078579    0.259611    2.188750 v _3491_/X (sky130_fd_sc_hd__o2bb2a_1)
                                                         _2780_ (net)
                      0.078579    0.000168    2.188917 v _3544_/A2 (sky130_fd_sc_hd__a21oi_1)
     2    0.010952    0.256528    0.264263    2.453180 ^ _3544_/Y (sky130_fd_sc_hd__a21oi_1)
                                                         _2832_ (net)
                      0.256529    0.000428    2.453608 ^ _3546_/B (sky130_fd_sc_hd__xnor2_1)
     2    0.008106    0.093837    0.139028    2.592636 v _3546_/Y (sky130_fd_sc_hd__xnor2_1)
                                                         _2834_ (net)
                      0.093837    0.000181    2.592817 v _3609_/A2 (sky130_fd_sc_hd__o21ba_1)
     2    0.007148    0.055102    0.204401    2.797217 v _3609_/X (sky130_fd_sc_hd__o21ba_1)
                                                         _2896_ (net)
                      0.055102    0.000246    2.797463 v _3623_/A (sky130_fd_sc_hd__xnor2_1)
     2    0.011860    0.293565    0.284778    3.082241 ^ _3623_/Y (sky130_fd_sc_hd__xnor2_1)
                                                         _2910_ (net)
                      0.293565    0.000256    3.082497 ^ _3625_/B (sky130_fd_sc_hd__xnor2_2)
     2    0.011770    0.196647    0.176042    3.258539 ^ _3625_/Y (sky130_fd_sc_hd__xnor2_2)
                                                         _2912_ (net)
                      0.196647    0.000244    3.258783 ^ _3626_/B (sky130_fd_sc_hd__xor2_2)
     3    0.012271    0.189214    0.217416    3.476199 ^ _3626_/X (sky130_fd_sc_hd__xor2_2)
                                                         _2913_ (net)
                      0.189214    0.000329    3.476528 ^ _3628_/B (sky130_fd_sc_hd__xor2_1)
     2    0.008224    0.206816    0.233852    3.710380 ^ _3628_/X (sky130_fd_sc_hd__xor2_1)
                                                         _2915_ (net)
                      0.206816    0.000149    3.710529 ^ _3647_/A (sky130_fd_sc_hd__xnor2_1)
     2    0.007811    0.212593    0.180258    3.890787 ^ _3647_/Y (sky130_fd_sc_hd__xnor2_1)
                                                         _2934_ (net)
                      0.212594    0.000270    3.891057 ^ _3649_/B (sky130_fd_sc_hd__xnor2_1)
     2    0.008455    0.225295    0.187133    4.078191 ^ _3649_/Y (sky130_fd_sc_hd__xnor2_1)
                                                         _2936_ (net)
                      0.225295    0.000154    4.078344 ^ _3650_/B (sky130_fd_sc_hd__xnor2_1)
     2    0.008933    0.234811    0.193011    4.271355 ^ _3650_/Y (sky130_fd_sc_hd__xnor2_1)
                                                         _2937_ (net)
                      0.234812    0.000270    4.271625 ^ _3652_/B (sky130_fd_sc_hd__xnor2_1)
     2    0.008861    0.233381    0.194191    4.465816 ^ _3652_/Y (sky130_fd_sc_hd__xnor2_1)
                                                         _2939_ (net)
                      0.233381    0.000185    4.466001 ^ _3653_/B (sky130_fd_sc_hd__xnor2_1)
     2    0.005069    0.158820    0.164787    4.630788 ^ _3653_/Y (sky130_fd_sc_hd__xnor2_1)
                                                         _2940_ (net)
                      0.158820    0.000139    4.630927 ^ _3655_/C (sky130_fd_sc_hd__and3_1)
     2    0.008119    0.095512    0.211541    4.842468 ^ _3655_/X (sky130_fd_sc_hd__and3_1)
                                                         _2942_ (net)
                      0.095512    0.000155    4.842623 ^ _3742_/B1_N (sky130_fd_sc_hd__o21ba_1)
     1    0.009520    0.064451    0.183026    5.025649 v _3742_/X (sky130_fd_sc_hd__o21ba_1)
                                                         _3028_ (net)
                      0.064453    0.000396    5.026045 v _3743_/B1 (sky130_fd_sc_hd__a41oi_4)
     3    0.015996    0.222066    0.228013    5.254058 ^ _3743_/Y (sky130_fd_sc_hd__a41oi_4)
                                                         _3029_ (net)
                      0.222067    0.000892    5.254950 ^ _3838_/A2 (sky130_fd_sc_hd__o21ai_4)
     3    0.015316    0.063623    0.092861    5.347810 v _3838_/Y (sky130_fd_sc_hd__o21ai_4)
                                                         _0124_ (net)
                      0.063634    0.000802    5.348612 v _4131_/A1 (sky130_fd_sc_hd__a311o_4)
     4    0.020577    0.079831    0.353172    5.701784 v _4131_/X (sky130_fd_sc_hd__a311o_4)
                                                         _0415_ (net)
                      0.079862    0.001444    5.703228 v _4609_/A2 (sky130_fd_sc_hd__o2111a_4)
     2    0.022876    0.067936    0.318859    6.022087 v _4609_/X (sky130_fd_sc_hd__o2111a_4)
                                                         _0889_ (net)
                      0.067991    0.001113    6.023200 v _4611_/B (sky130_fd_sc_hd__nor2_8)
     2    0.011715    0.081602    0.095267    6.118466 ^ _4611_/Y (sky130_fd_sc_hd__nor2_8)
                                                         _0891_ (net)
                      0.081603    0.000187    6.118653 ^ _4745_/A1 (sky130_fd_sc_hd__o21a_1)
     1    0.010395    0.107060    0.175159    6.293813 ^ _4745_/X (sky130_fd_sc_hd__o21a_1)
                                                         _1024_ (net)
                      0.107060    0.000292    6.294105 ^ _4746_/A (sky130_fd_sc_hd__xor2_2)
     3    0.016631    0.236020    0.233288    6.527392 ^ _4746_/X (sky130_fd_sc_hd__xor2_2)
                                                         _1025_ (net)
                      0.236022    0.000545    6.527937 ^ _4747_/A (sky130_fd_sc_hd__xor2_2)
     3    0.016736    0.237028    0.255857    6.783794 ^ _4747_/X (sky130_fd_sc_hd__xor2_2)
                                                         _1026_ (net)
                      0.237107    0.000585    6.784379 ^ _4752_/B (sky130_fd_sc_hd__nand2b_4)
     2    0.007471    0.050050    0.075357    6.859735 v _4752_/Y (sky130_fd_sc_hd__nand2b_4)
                                                         _1030_ (net)
                      0.050050    0.000247    6.859982 v _4754_/A3 (sky130_fd_sc_hd__o41a_4)
     3    0.019547    0.087579    0.460871    7.320854 v _4754_/X (sky130_fd_sc_hd__o41a_4)
                                                         _1032_ (net)
                      0.087579    0.000793    7.321647 v _5204_/A1 (sky130_fd_sc_hd__a211o_1)
     3    0.009443    0.077338    0.305051    7.626698 v _5204_/X (sky130_fd_sc_hd__a211o_1)
                                                         _1480_ (net)
                      0.077338    0.000375    7.627072 v _5719_/A1 (sky130_fd_sc_hd__a2111o_1)
     2    0.016450    0.123512    0.445705    8.072778 v _5719_/X (sky130_fd_sc_hd__a2111o_1)
                                                         _2000_ (net)
                      0.123513    0.000529    8.073307 v _5887_/A2 (sky130_fd_sc_hd__a21oi_4)
     3    0.017397    0.167843    0.225080    8.298388 ^ _5887_/Y (sky130_fd_sc_hd__a21oi_4)
                                                         _2185_ (net)
                      0.167843    0.000465    8.298852 ^ _6005_/A1 (sky130_fd_sc_hd__o21ai_2)
     1    0.005420    0.075475    0.087399    8.386251 v _6005_/Y (sky130_fd_sc_hd__o21ai_2)
                                                         _2313_ (net)
                      0.075475    0.000192    8.386443 v _6006_/C1 (sky130_fd_sc_hd__o311a_4)
     2    0.013182    0.064683    0.140110    8.526553 v _6006_/X (sky130_fd_sc_hd__o311a_4)
                                                         core.dsp_result_in[31] (net)
                      0.064683    0.000591    8.527143 v _6086_/B (sky130_fd_sc_hd__xnor2_2)
     1    0.006207    0.136321    0.144030    8.671173 ^ _6086_/Y (sky130_fd_sc_hd__xnor2_2)
                                                         net26 (net)
                      0.136321    0.000183    8.671356 ^ output26/A (sky130_fd_sc_hd__buf_6)
     1    0.035564    0.079490    0.155537    8.826893 ^ output26/X (sky130_fd_sc_hd__buf_6)
                                                         monitor_out[31] (net)
                      0.079513    0.001291    8.828185 ^ monitor_out[31] (out)
                                              8.828185   data arrival time

                                 10.000000   10.000000   clock clk (rise edge)
                                  0.000000   10.000000   clock network delay (propagated)
                                 -0.250000    9.750000   clock uncertainty
                                  0.000000    9.750000   clock reconvergence pessimism
                                 -2.000000    7.750000   output external delay
                                              7.750000   data required time
---------------------------------------------------------------------------------------------
                                              7.750000   data required time
                                             -8.828185   data arrival time
---------------------------------------------------------------------------------------------
                                             -1.078185   slack (VIOLATED)




===========================================================================
report_checks --slack_max -0.01
============================================================================
======================= nom_tt_025C_1v80 Corner ===================================

Startpoint: _6219_ (rising edge-triggered flip-flop clocked by clk)
Endpoint: monitor_out[31] (output port clocked by clk)
Path Group: clk
Path Type: max

Fanout         Cap        Slew       Delay        Time   Description
---------------------------------------------------------------------------------------------
                                  0.000000    0.000000   clock clk (rise edge)
                                  0.000000    0.000000   clock source latency
     1    0.032469    0.151647    0.107283    0.107283 ^ clk (in)
                                                         clk (net)
                      0.151954    0.000000    0.107283 ^ clkbuf_0_clk/A (sky130_fd_sc_hd__clkbuf_16)
    16    0.139937    0.152831    0.247189    0.354472 ^ clkbuf_0_clk/X (sky130_fd_sc_hd__clkbuf_16)
                                                         clknet_0_clk (net)
                      0.153073    0.004983    0.359455 ^ clkbuf_4_1_0_clk/A (sky130_fd_sc_hd__clkbuf_8)
    12    0.034261    0.073400    0.187470    0.546925 ^ clkbuf_4_1_0_clk/X (sky130_fd_sc_hd__clkbuf_8)
                                                         clknet_4_1_0_clk (net)
                      0.073446    0.001672    0.548597 ^ _6219_/CLK (sky130_fd_sc_hd__dfrtp_1)
     1    0.006723    0.075240    0.352011    0.900608 ^ _6219_/Q (sky130_fd_sc_hd__dfrtp_1)
                                                         core.dsp_valid_out (net)
                      0.075240    0.000277    0.900885 ^ fanout238/A (sky130_fd_sc_hd__buf_6)
     5    0.040688    0.088615    0.143901    1.044786 ^ fanout238/X (sky130_fd_sc_hd__buf_6)
                                                         net238 (net)
                      0.088642    0.001484    1.046270 ^ fanout225/A (sky130_fd_sc_hd__buf_1)
     5    0.016634    0.200842    0.202790    1.249061 ^ fanout225/X (sky130_fd_sc_hd__buf_1)
                                                         net225 (net)
                      0.200842    0.000252    1.249313 ^ fanout224/A (sky130_fd_sc_hd__buf_1)
     6    0.017101    0.205912    0.226843    1.476155 ^ fanout224/X (sky130_fd_sc_hd__buf_1)
                                                         net224 (net)
                      0.205913    0.000382    1.476537 ^ fanout223/A (sky130_fd_sc_hd__clkbuf_2)
    10    0.023502    0.133721    0.217928    1.694465 ^ fanout223/X (sky130_fd_sc_hd__clkbuf_2)
                                                         net223 (net)
                      0.133721    0.000645    1.695110 ^ _3489_/A (sky130_fd_sc_hd__and3_1)
     4    0.012754    0.136506    0.233761    1.928871 ^ _3489_/X (sky130_fd_sc_hd__and3_1)
                                                         _2778_ (net)
                      0.136506    0.000268    1.929139 ^ _3491_/A2_N (sky130_fd_sc_hd__o2bb2a_1)
     2    0.008274    0.078579    0.259611    2.188750 v _3491_/X (sky130_fd_sc_hd__o2bb2a_1)
                                                         _2780_ (net)
                      0.078579    0.000168    2.188917 v _3544_/A2 (sky130_fd_sc_hd__a21oi_1)
     2    0.010952    0.256528    0.264263    2.453180 ^ _3544_/Y (sky130_fd_sc_hd__a21oi_1)
                                                         _2832_ (net)
                      0.256529    0.000428    2.453608 ^ _3546_/B (sky130_fd_sc_hd__xnor2_1)
     2    0.008106    0.093837    0.139028    2.592636 v _3546_/Y (sky130_fd_sc_hd__xnor2_1)
                                                         _2834_ (net)
                      0.093837    0.000181    2.592817 v _3609_/A2 (sky130_fd_sc_hd__o21ba_1)
     2    0.007148    0.055102    0.204401    2.797217 v _3609_/X (sky130_fd_sc_hd__o21ba_1)
                                                         _2896_ (net)
                      0.055102    0.000246    2.797463 v _3623_/A (sky130_fd_sc_hd__xnor2_1)
     2    0.011860    0.293565    0.284778    3.082241 ^ _3623_/Y (sky130_fd_sc_hd__xnor2_1)
                                                         _2910_ (net)
                      0.293565    0.000256    3.082497 ^ _3625_/B (sky130_fd_sc_hd__xnor2_2)
     2    0.011770    0.196647    0.176042    3.258539 ^ _3625_/Y (sky130_fd_sc_hd__xnor2_2)
                                                         _2912_ (net)
                      0.196647    0.000244    3.258783 ^ _3626_/B (sky130_fd_sc_hd__xor2_2)
     3    0.012271    0.189214    0.217416    3.476199 ^ _3626_/X (sky130_fd_sc_hd__xor2_2)
                                                         _2913_ (net)
                      0.189214    0.000329    3.476528 ^ _3628_/B (sky130_fd_sc_hd__xor2_1)
     2    0.008224    0.206816    0.233852    3.710380 ^ _3628_/X (sky130_fd_sc_hd__xor2_1)
                                                         _2915_ (net)
                      0.206816    0.000149    3.710529 ^ _3647_/A (sky130_fd_sc_hd__xnor2_1)
     2    0.007811    0.212593    0.180258    3.890787 ^ _3647_/Y (sky130_fd_sc_hd__xnor2_1)
                                                         _2934_ (net)
                      0.212594    0.000270    3.891057 ^ _3649_/B (sky130_fd_sc_hd__xnor2_1)
     2    0.008455    0.225295    0.187133    4.078191 ^ _3649_/Y (sky130_fd_sc_hd__xnor2_1)
                                                         _2936_ (net)
                      0.225295    0.000154    4.078344 ^ _3650_/B (sky130_fd_sc_hd__xnor2_1)
     2    0.008933    0.234811    0.193011    4.271355 ^ _3650_/Y (sky130_fd_sc_hd__xnor2_1)
                                                         _2937_ (net)
                      0.234812    0.000270    4.271625 ^ _3652_/B (sky130_fd_sc_hd__xnor2_1)
     2    0.008861    0.233381    0.194191    4.465816 ^ _3652_/Y (sky130_fd_sc_hd__xnor2_1)
                                                         _2939_ (net)
                      0.233381    0.000185    4.466001 ^ _3653_/B (sky130_fd_sc_hd__xnor2_1)
     2    0.005069    0.158820    0.164787    4.630788 ^ _3653_/Y (sky130_fd_sc_hd__xnor2_1)
                                                         _2940_ (net)
                      0.158820    0.000139    4.630927 ^ _3655_/C (sky130_fd_sc_hd__and3_1)
     2    0.008119    0.095512    0.211541    4.842468 ^ _3655_/X (sky130_fd_sc_hd__and3_1)
                                                         _2942_ (net)
                      0.095512    0.000155    4.842623 ^ _3742_/B1_N (sky130_fd_sc_hd__o21ba_1)
     1    0.009520    0.064451    0.183026    5.025649 v _3742_/X (sky130_fd_sc_hd__o21ba_1)
                                                         _3028_ (net)
                      0.064453    0.000396    5.026045 v _3743_/B1 (sky130_fd_sc_hd__a41oi_4)
     3    0.015996    0.222066    0.228013    5.254058 ^ _3743_/Y (sky130_fd_sc_hd__a41oi_4)
                                                         _3029_ (net)
                      0.222067    0.000892    5.254950 ^ _3838_/A2 (sky130_fd_sc_hd__o21ai_4)
     3    0.015316    0.063623    0.092861    5.347810 v _3838_/Y (sky130_fd_sc_hd__o21ai_4)
                                                         _0124_ (net)
                      0.063634    0.000802    5.348612 v _4131_/A1 (sky130_fd_sc_hd__a311o_4)
     4    0.020577    0.079831    0.353172    5.701784 v _4131_/X (sky130_fd_sc_hd__a311o_4)
                                                         _0415_ (net)
                      0.079862    0.001444    5.703228 v _4609_/A2 (sky130_fd_sc_hd__o2111a_4)
     2    0.022876    0.067936    0.318859    6.022087 v _4609_/X (sky130_fd_sc_hd__o2111a_4)
                                                         _0889_ (net)
                      0.067991    0.001113    6.023200 v _4611_/B (sky130_fd_sc_hd__nor2_8)
     2    0.011715    0.081602    0.095267    6.118466 ^ _4611_/Y (sky130_fd_sc_hd__nor2_8)
                                                         _0891_ (net)
                      0.081603    0.000187    6.118653 ^ _4745_/A1 (sky130_fd_sc_hd__o21a_1)
     1    0.010395    0.107060    0.175159    6.293813 ^ _4745_/X (sky130_fd_sc_hd__o21a_1)
                                                         _1024_ (net)
                      0.107060    0.000292    6.294105 ^ _4746_/A (sky130_fd_sc_hd__xor2_2)
     3    0.016631    0.236020    0.233288    6.527392 ^ _4746_/X (sky130_fd_sc_hd__xor2_2)
                                                         _1025_ (net)
                      0.236022    0.000545    6.527937 ^ _4747_/A (sky130_fd_sc_hd__xor2_2)
     3    0.016736    0.237028    0.255857    6.783794 ^ _4747_/X (sky130_fd_sc_hd__xor2_2)
                                                         _1026_ (net)
                      0.237107    0.000585    6.784379 ^ _4752_/B (sky130_fd_sc_hd__nand2b_4)
     2    0.007471    0.050050    0.075357    6.859735 v _4752_/Y (sky130_fd_sc_hd__nand2b_4)
                                                         _1030_ (net)
                      0.050050    0.000247    6.859982 v _4754_/A3 (sky130_fd_sc_hd__o41a_4)
     3    0.019547    0.087579    0.460871    7.320854 v _4754_/X (sky130_fd_sc_hd__o41a_4)
                                                         _1032_ (net)
                      0.087579    0.000793    7.321647 v _5204_/A1 (sky130_fd_sc_hd__a211o_1)
     3    0.009443    0.077338    0.305051    7.626698 v _5204_/X (sky130_fd_sc_hd__a211o_1)
                                                         _1480_ (net)
                      0.077338    0.000375    7.627072 v _5719_/A1 (sky130_fd_sc_hd__a2111o_1)
     2    0.016450    0.123512    0.445705    8.072778 v _5719_/X (sky130_fd_sc_hd__a2111o_1)
                                                         _2000_ (net)
                      0.123513    0.000529    8.073307 v _5887_/A2 (sky130_fd_sc_hd__a21oi_4)
     3    0.017397    0.167843    0.225080    8.298388 ^ _5887_/Y (sky130_fd_sc_hd__a21oi_4)
                                                         _2185_ (net)
                      0.167843    0.000465    8.298852 ^ _6005_/A1 (sky130_fd_sc_hd__o21ai_2)
     1    0.005420    0.075475    0.087399    8.386251 v _6005_/Y (sky130_fd_sc_hd__o21ai_2)
                                                         _2313_ (net)
                      0.075475    0.000192    8.386443 v _6006_/C1 (sky130_fd_sc_hd__o311a_4)
     2    0.013182    0.064683    0.140110    8.526553 v _6006_/X (sky130_fd_sc_hd__o311a_4)
                                                         core.dsp_result_in[31] (net)
                      0.064683    0.000591    8.527143 v _6086_/B (sky130_fd_sc_hd__xnor2_2)
     1    0.006207    0.136321    0.144030    8.671173 ^ _6086_/Y (sky130_fd_sc_hd__xnor2_2)
                                                         net26 (net)
                      0.136321    0.000183    8.671356 ^ output26/A (sky130_fd_sc_hd__buf_6)
     1    0.035564    0.079490    0.155537    8.826893 ^ output26/X (sky130_fd_sc_hd__buf_6)
                                                         monitor_out[31] (net)
                      0.079513    0.001291    8.828185 ^ monitor_out[31] (out)
                                              8.828185   data arrival time

                                 10.000000   10.000000   clock clk (rise edge)
                                  0.000000   10.000000   clock network delay (propagated)
                                 -0.250000    9.750000   clock uncertainty
                                  0.000000    9.750000   clock reconvergence pessimism
                                 -2.000000    7.750000   output external delay
                                              7.750000   data required time
---------------------------------------------------------------------------------------------
                                              7.750000   data required time
                                             -8.828185   data arrival time
---------------------------------------------------------------------------------------------
                                             -1.078185   slack (VIOLATED)




===========================================================================
 report_check_types -max_slew -max_cap -max_fanout -violators
============================================================================
======================= nom_tt_025C_1v80 Corner ===================================

max fanout

Pin                                   Limit Fanout  Slack
---------------------------------------------------------
clkbuf_0_clk/X                           10     16     -6 (VIOLATED)
clkbuf_4_0_0_clk/X                       10     12     -2 (VIOLATED)
clkbuf_4_1_0_clk/X                       10     12     -2 (VIOLATED)
clkbuf_4_2_0_clk/X                       10     12     -2 (VIOLATED)
fanout34/X                               10     12     -2 (VIOLATED)
_6258_/Q                                 10     11        (VIOLATED)
clkbuf_4_3_0_clk/X                       10     11        (VIOLATED)
clkbuf_4_5_0_clk/X                       10     11        (VIOLATED)
fanout126/X                              10     11        (VIOLATED)
fanout189/X                              10     11        (VIOLATED)
fanout198/X                              10     11        (VIOLATED)
fanout201/X                              10     11        (VIOLATED)
fanout202/X                              10     11        (VIOLATED)
fanout56/X                               10     11        (VIOLATED)



===========================================================================
report_parasitic_annotation -report_unannotated
============================================================================
Found 15 unannotated drivers.
 clkload0/X
 clkload1/X
 clkload10/Y
 clkload11/Y
 clkload12/Y
 clkload13/Y
 clkload14/Y
 clkload2/X
 clkload3/Y
 clkload4/X
 clkload5/Y
 clkload6/Y
 clkload7/Y
 clkload8/Y
 clkload9/Y
Found 0 partially unannotated drivers.

===========================================================================
max slew violation count 0
Writing metric design__max_slew_violation__count__corner:nom_tt_025C_1v80: 0
max fanout violation count 14
Writing metric design__max_fanout_violation__count__corner:nom_tt_025C_1v80: 14
max cap violation count 0
Writing metric design__max_cap_violation__count__corner:nom_tt_025C_1v80: 0
============================================================================

===========================================================================
check_setup -verbose -unconstrained_endpoints -multiple_clock -no_clock -no_input_delay -loops -generated_clocks
===========================================================================
