Clock: clk
Sources: clk 
Generated: no
Virtual: yes
Propagated: no
Period: 10.000000

===========================================================================
report_clock_properties
============================================================================
Clock                   Period          Waveform
----------------------------------------------------
clk                  10.000000    0.000000  5.000000

===========================================================================
report_clock_latency
============================================================================
Clock clk
rise -> rise
    min     max
0.000000 0.000000 source latency
0.545384         network latency _6267_/CLK
        0.561439 network latency _6262_/CLK
---------------
0.545384 0.561439 latency
        0.016055 skew

fall -> fall
    min     max
0.000000 0.000000 source latency
0.454358         network latency _6267_/CLK
        0.465382 network latency _6262_/CLK
---------------
0.454358 0.465382 latency
        0.011025 skew



===========================================================================
report_clock_min_period
============================================================================
clk period_min = 8.35 fmax = 119.82
