
===========================================================================
 report_power
============================================================================
======================= nom_tt_025C_1v80 Corner ===================================

Group                    Internal    Switching      Leakage        Total
                            Power        Power        Power        Power (Watts)
------------------------------------------------------------------------
Sequential           5.089385e-04 0.000000e+00 1.664333e-09 5.089402e-04  52.0%
Combinational        3.555416e-06 1.214854e-05 1.260391e-08 1.571656e-05   1.6%
Clock                2.277840e-04 2.268847e-04 9.076916e-10 4.546696e-04  46.4%
Macro                0.000000e+00 0.000000e+00 0.000000e+00 0.000000e+00   0.0%
Pad                  0.000000e+00 0.000000e+00 0.000000e+00 0.000000e+00   0.0%
------------------------------------------------------------------------
Total                7.402779e-04 2.390333e-04 1.517595e-08 9.793263e-04 100.0%
                            75.6%        24.4%         0.0%
Writing metric power__internal__total: 0.0007402778719551861
Writing metric power__switching__total: 0.00023903326655272394
Writing metric power__leakage__total: 1.517594760969132e-8
Writing metric power__total: 0.0009793263161554933

