
===========================================================================
Violator List
============================================================================
[setup reg-out] _6219_/Q -> monitor_out[31] : -1.078185
[setup reg-out] _6219_/Q -> monitor_out[29] : -1.016885
[setup reg-out] _6219_/Q -> monitor_out[30] : -1.008932
[setup reg-out] _6219_/Q -> monitor_out[28] : -0.748667
[setup reg-out] _6219_/Q -> monitor_out[27] : -0.596685
[setup reg-out] _6219_/Q -> monitor_out[26] : -0.548343
[setup reg-out] _6219_/Q -> monitor_out[23] : -0.394888
[setup reg-out] _6219_/Q -> monitor_out[25] : -0.333344
[setup reg-out] _6219_/Q -> monitor_out[24] : -0.284839
[setup reg-out] _6219_/Q -> monitor_out[22] : -0.123817
[setup reg-out] _6219_/Q -> monitor_out[21] : -0.045547
Writing metric timing__hold_vio__count__corner:nom_tt_025C_1v80: 0
Writing metric timing__hold_r2r__ws__corner:nom_tt_025C_1v80: 0.325939
Writing metric timing__hold_r2r_vio__count__corner:nom_tt_025C_1v80: 0
Writing metric timing__setup_vio__count__corner:nom_tt_025C_1v80: 11
Writing metric timing__setup_r2r__ws__corner:nom_tt_025C_1v80: 1.654484
Writing metric timing__setup_r2r_vio__count__corner:nom_tt_025C_1v80: 0
