[INFO PSM-0040] All shapes on net vccd1 are connected.
########## IR report #################
Net              : vccd1
Corner           : nom_tt_025C_1v80
Supply voltage   : 1.80e+00 V
Worstcase voltage: 1.80e+00 V
Average voltage  : 1.80e+00 V
Average IR drop  : 4.65e-05 V
Worstcase IR drop: 6.11e-04 V
Percentage drop  : 0.03 %
######################################
[INFO PSM-0040] All shapes on net vssd1 are connected.
########## IR report #################
Net              : vssd1
Corner           : nom_tt_025C_1v80
Supply voltage   : 0.00e+00 V
Worstcase voltage: 6.24e-04 V
Average voltage  : 4.60e-05 V
Average IR drop  : 4.60e-05 V
Worstcase IR drop: 6.24e-04 V
Percentage drop  : 0.03 %
######################################
