
===========================================================================
report_checks -unconstrained
===========================================================================
======================= min_ff_n40C_1v95 Corner ===================================

Startpoint: rst_n (input port clocked by clk)
Endpoint: _6340_ (recovery check against rising-edge clock clk)
Path Group: asynchronous
Path Type: max

Fanout         Cap        Slew       Delay        Time   Description
---------------------------------------------------------------------------------------------
                                  0.000000    0.000000   clock clk (rise edge)
                                  0.000000    0.000000   clock network delay (propagated)
                                  3.000000    3.000000 ^ input external delay
     1    0.002640    0.013350    0.006799    3.006799 ^ rst_n (in)
                                                         rst_n (net)
                      0.013350    0.000000    3.006799 ^ input1/A (sky130_fd_sc_hd__clkbuf_1)
     1    0.003986    0.041892    0.054609    3.061408 ^ input1/X (sky130_fd_sc_hd__clkbuf_1)
                                                         net1 (net)
                      0.041892    0.000066    3.061474 ^ fanout255/A (sky130_fd_sc_hd__clkbuf_4)
     5    0.070771    0.162716    0.184030    3.245504 ^ fanout255/X (sky130_fd_sc_hd__clkbuf_4)
                                                         net255 (net)
                      0.162754    0.002051    3.247555 ^ fanout254/A (sky130_fd_sc_hd__buf_4)
    10    0.084959    0.178252    0.194532    3.442087 ^ fanout254/X (sky130_fd_sc_hd__buf_4)
                                                         net254 (net)
                      0.178252    0.000240    3.442327 ^ fanout253/A (sky130_fd_sc_hd__buf_4)
    10    0.063666    0.134705    0.171706    3.614033 ^ fanout253/X (sky130_fd_sc_hd__buf_4)
                                                         net253 (net)
                      0.134834    0.003435    3.617468 ^ fanout252/A (sky130_fd_sc_hd__clkbuf_4)
    10    0.051538    0.121689    0.179641    3.797109 ^ fanout252/X (sky130_fd_sc_hd__clkbuf_4)
                                                         net252 (net)
                      0.121758    0.001207    3.798316 ^ fanout250/A (sky130_fd_sc_hd__clkbuf_4)
    10    0.048761    0.115258    0.173102    3.971418 ^ fanout250/X (sky130_fd_sc_hd__clkbuf_4)
                                                         net250 (net)
                      0.115356    0.002001    3.973419 ^ _6340_/RESET_B (sky130_fd_sc_hd__dfrtp_1)
                                              3.973419   data arrival time

                                 15.000000   15.000000   clock clk (rise edge)
                                  0.000000   15.000000   clock source latency
     1    0.043463    0.149908    0.106331   15.106331 ^ clk (in)
                                                         clk (net)
                      0.150328    0.000000   15.106331 ^ clkbuf_0_clk/A (sky130_fd_sc_hd__clkbuf_16)
    16    0.187001    0.154059    0.200501   15.306831 ^ clkbuf_0_clk/X (sky130_fd_sc_hd__clkbuf_16)
                                                         clknet_0_clk (net)
                      0.154734    0.008219   15.315051 ^ clkbuf_4_11_0_clk/A (sky130_fd_sc_hd__clkbuf_8)
     8    0.032474    0.053724    0.129690   15.444741 ^ clkbuf_4_11_0_clk/X (sky130_fd_sc_hd__clkbuf_8)
                                                         clknet_4_11_0_clk (net)
                      0.053728    0.000520   15.445262 ^ _6340_/CLK (sky130_fd_sc_hd__dfrtp_1)
                                 -0.250000   15.195262   clock uncertainty
                                  0.000000   15.195262   clock reconvergence pessimism
                                  0.131362   15.326624   library recovery time
                                             15.326624   data required time
---------------------------------------------------------------------------------------------
                                             15.326624   data required time
                                             -3.973419   data arrival time
---------------------------------------------------------------------------------------------
                                             11.353205   slack (MET)


Startpoint: _6253_ (rising edge-triggered flip-flop clocked by clk)
Endpoint: monitor_out[31] (output port clocked by clk)
Path Group: clk
Path Type: max

Fanout         Cap        Slew       Delay        Time   Description
---------------------------------------------------------------------------------------------
                                  0.000000    0.000000   clock clk (rise edge)
                                  0.000000    0.000000   clock source latency
     1    0.043463    0.149908    0.106332    0.106332 ^ clk (in)
                                                         clk (net)
                      0.150328    0.000000    0.106332 ^ clkbuf_0_clk/A (sky130_fd_sc_hd__clkbuf_16)
    16    0.187001    0.154059    0.200500    0.306832 ^ clkbuf_0_clk/X (sky130_fd_sc_hd__clkbuf_16)
                                                         clknet_0_clk (net)
                      0.154477    0.006521    0.313353 ^ clkbuf_4_0_0_clk/A (sky130_fd_sc_hd__clkbuf_8)
    12    0.039961    0.062643    0.136325    0.449678 ^ clkbuf_4_0_0_clk/X (sky130_fd_sc_hd__clkbuf_8)
                                                         clknet_4_0_0_clk (net)
                      0.062644    0.000433    0.450111 ^ _6253_/CLK (sky130_fd_sc_hd__dfrtp_1)
     2    0.024172    0.163640    0.305558    0.755669 ^ _6253_/Q (sky130_fd_sc_hd__dfrtp_1)
                                                         core.u_regfile.registers[1][5] (net)
                      0.163640    0.000202    0.755871 ^ fanout196/A (sky130_fd_sc_hd__clkbuf_4)
    10    0.065939    0.152692    0.206240    0.962111 ^ fanout196/X (sky130_fd_sc_hd__clkbuf_4)
                                                         net196 (net)
                      0.152693    0.000277    0.962388 ^ _3078_/B (sky130_fd_sc_hd__and2_4)
     4    0.057029    0.127667    0.181054    1.143442 ^ _3078_/X (sky130_fd_sc_hd__and2_4)
                                                         _2074_ (net)
                      0.127732    0.001206    1.144647 ^ fanout91/A (sky130_fd_sc_hd__buf_8)
    10    0.104132    0.130362    0.146601    1.291249 ^ fanout91/X (sky130_fd_sc_hd__buf_8)
                                                         net91 (net)
                      0.130762    0.005874    1.297122 ^ _3094_/B (sky130_fd_sc_hd__nand2_2)
     2    0.014146    0.070272    0.063904    1.361027 v _3094_/Y (sky130_fd_sc_hd__nand2_2)
                                                         _2249_ (net)
                      0.070272    0.000081    1.361107 v _3100_/B (sky130_fd_sc_hd__xnor2_2)
     2    0.012150    0.057437    0.111982    1.473089 v _3100_/Y (sky130_fd_sc_hd__xnor2_2)
                                                         _2314_ (net)
                      0.057437    0.000090    1.473179 v _3102_/A (sky130_fd_sc_hd__xor2_2)
     2    0.008232    0.053141    0.125323    1.598502 v _3102_/X (sky130_fd_sc_hd__xor2_2)
                                                         _2326_ (net)
                      0.053141    0.000064    1.598566 v _3161_/A2 (sky130_fd_sc_hd__a31o_1)
     2    0.011333    0.052248    0.165500    1.764066 v _3161_/X (sky130_fd_sc_hd__a31o_1)
                                                         _2453_ (net)
                      0.052248    0.000094    1.764160 v _3174_/A (sky130_fd_sc_hd__xor2_2)
     2    0.017348    0.182733    0.187477    1.951636 ^ _3174_/X (sky130_fd_sc_hd__xor2_2)
                                                         _2466_ (net)
                      0.182736    0.000645    1.952281 ^ _3189_/B (sky130_fd_sc_hd__xnor2_2)
     2    0.007690    0.114962    0.085066    2.037348 ^ _3189_/Y (sky130_fd_sc_hd__xnor2_2)
                                                         _2481_ (net)
                      0.114962    0.000073    2.037421 ^ _3191_/A (sky130_fd_sc_hd__xor2_1)
     2    0.006758    0.130358    0.132074    2.169495 ^ _3191_/X (sky130_fd_sc_hd__xor2_1)
                                                         _2483_ (net)
                      0.130358    0.000034    2.169529 ^ _3194_/A (sky130_fd_sc_hd__and3_1)
     2    0.008595    0.073697    0.132939    2.302467 ^ _3194_/X (sky130_fd_sc_hd__and3_1)
                                                         _2486_ (net)
                      0.073697    0.000124    2.302592 ^ rebuffer36/A (sky130_fd_sc_hd__buf_6)
     1    0.008820    0.023617    0.067093    2.369685 ^ rebuffer36/X (sky130_fd_sc_hd__buf_6)
                                                         net291 (net)
                      0.023617    0.000074    2.369758 ^ _3293_/B (sky130_fd_sc_hd__xor2_2)
     1    0.009312    0.119511    0.115786    2.485545 ^ _3293_/X (sky130_fd_sc_hd__xor2_2)
                                                         _2585_ (net)
                      0.119511    0.000047    2.485592 ^ _3294_/A (sky130_fd_sc_hd__xnor2_2)
     3    0.013351    0.063066    0.070934    2.556525 v _3294_/Y (sky130_fd_sc_hd__xnor2_2)
                                                         _2586_ (net)
                      0.063066    0.000099    2.556624 v _3297_/B (sky130_fd_sc_hd__xnor2_2)
     1    0.008124    0.047592    0.100752    2.657376 v _3297_/Y (sky130_fd_sc_hd__xnor2_2)
                                                         _2589_ (net)
                      0.047592    0.000032    2.657408 v _3298_/B (sky130_fd_sc_hd__xnor2_2)
     3    0.015759    0.181071    0.160411    2.817819 ^ _3298_/Y (sky130_fd_sc_hd__xnor2_2)
                                                         _2590_ (net)
                      0.181071    0.000134    2.817954 ^ _3300_/B (sky130_fd_sc_hd__xor2_2)
     4    0.016406    0.079909    0.081906    2.899859 v _3300_/X (sky130_fd_sc_hd__xor2_2)
                                                         _2592_ (net)
                      0.079909    0.000102    2.899961 v _3377_/A2 (sky130_fd_sc_hd__a311o_1)
     3    0.011413    0.068080    0.241236    3.141197 v _3377_/X (sky130_fd_sc_hd__a311o_1)
                                                         _2667_ (net)
                      0.068080    0.000221    3.141418 v _3580_/A2 (sky130_fd_sc_hd__a221o_2)
     4    0.019492    0.062218    0.247855    3.389274 v _3580_/X (sky130_fd_sc_hd__a221o_2)
                                                         _2868_ (net)
                      0.062221    0.000462    3.389736 v _3743_/A1 (sky130_fd_sc_hd__a41oi_4)
     3    0.017882    0.182434    0.145205    3.534941 ^ _3743_/Y (sky130_fd_sc_hd__a41oi_4)
                                                         _3029_ (net)
                      0.182435    0.000699    3.535640 ^ _3838_/A2 (sky130_fd_sc_hd__o21ai_4)
     3    0.015987    0.051452    0.047112    3.582752 v _3838_/Y (sky130_fd_sc_hd__o21ai_4)
                                                         _0124_ (net)
                      0.051459    0.000441    3.583193 v _4131_/A3 (sky130_fd_sc_hd__a311o_4)
     4    0.022275    0.062998    0.288785    3.871978 v _4131_/X (sky130_fd_sc_hd__a311o_4)
                                                         _0415_ (net)
                      0.062998    0.001107    3.873085 v _4609_/A2 (sky130_fd_sc_hd__o2111a_4)
     2    0.022160    0.052295    0.208074    4.081159 v _4609_/X (sky130_fd_sc_hd__o2111a_4)
                                                         _0889_ (net)
                      0.052295    0.000417    4.081576 v _4611_/B (sky130_fd_sc_hd__nor2_8)
     2    0.011430    0.060959    0.067079    4.148655 ^ _4611_/Y (sky130_fd_sc_hd__nor2_8)
                                                         _0891_ (net)
                      0.060959    0.000071    4.148726 ^ _4745_/A1 (sky130_fd_sc_hd__o21a_1)
     1    0.010056    0.076446    0.112509    4.261235 ^ _4745_/X (sky130_fd_sc_hd__o21a_1)
                                                         _1024_ (net)
                      0.076446    0.000110    4.261345 ^ _4746_/A (sky130_fd_sc_hd__xor2_2)
     3    0.017503    0.183987    0.161767    4.423112 ^ _4746_/X (sky130_fd_sc_hd__xor2_2)
                                                         _1025_ (net)
                      0.183987    0.000195    4.423307 ^ _4747_/A (sky130_fd_sc_hd__xor2_2)
     3    0.015841    0.170617    0.155294    4.578602 ^ _4747_/X (sky130_fd_sc_hd__xor2_2)
                                                         _1026_ (net)
                      0.170617    0.000148    4.578750 ^ _4752_/B (sky130_fd_sc_hd__nand2b_4)
     2    0.006932    0.036771    0.030508    4.609258 v _4752_/Y (sky130_fd_sc_hd__nand2b_4)
                                                         _1030_ (net)
                      0.036771    0.000052    4.609310 v _4754_/A3 (sky130_fd_sc_hd__o41a_4)
     3    0.019509    0.065759    0.288204    4.897514 v _4754_/X (sky130_fd_sc_hd__o41a_4)
                                                         _1032_ (net)
                      0.065759    0.000448    4.897961 v _5204_/A1 (sky130_fd_sc_hd__a211o_1)
     3    0.010635    0.058666    0.196185    5.094146 v _5204_/X (sky130_fd_sc_hd__a211o_1)
                                                         _1480_ (net)
                      0.058666    0.000240    5.094387 v _5719_/A1 (sky130_fd_sc_hd__a2111o_1)
     2    0.017364    0.088400    0.277964    5.372350 v _5719_/X (sky130_fd_sc_hd__a2111o_1)
                                                         _2000_ (net)
                      0.088400    0.000339    5.372690 v _5887_/A2 (sky130_fd_sc_hd__a21oi_4)
     3    0.019188    0.134250    0.163385    5.536075 ^ _5887_/Y (sky130_fd_sc_hd__a21oi_4)
                                                         _2185_ (net)
                      0.134250    0.000230    5.536305 ^ _6005_/A1 (sky130_fd_sc_hd__o21ai_2)
     1    0.005812    0.047602    0.048104    5.584409 v _6005_/Y (sky130_fd_sc_hd__o21ai_2)
                                                         _2313_ (net)
                      0.047602    0.000081    5.584490 v _6006_/C1 (sky130_fd_sc_hd__o311a_4)
     2    0.013144    0.048728    0.086378    5.670868 v _6006_/X (sky130_fd_sc_hd__o311a_4)
                                                         core.dsp_result_in[31] (net)
                      0.048728    0.000287    5.671155 v _6086_/B (sky130_fd_sc_hd__xnor2_2)
     1    0.005896    0.100366    0.100071    5.771226 ^ _6086_/Y (sky130_fd_sc_hd__xnor2_2)
                                                         net26 (net)
                      0.100366    0.000072    5.771298 ^ output26/A (sky130_fd_sc_hd__buf_6)
     1    0.034580    0.058438    0.098483    5.869781 ^ output26/X (sky130_fd_sc_hd__buf_6)
                                                         monitor_out[31] (net)
                      0.058440    0.000446    5.870227 ^ monitor_out[31] (out)
                                              5.870227   data arrival time

                                 15.000000   15.000000   clock clk (rise edge)
                                  0.000000   15.000000   clock network delay (propagated)
                                 -0.250000   14.750000   clock uncertainty
                                  0.000000   14.750000   clock reconvergence pessimism
                                 -3.000000   11.750000   output external delay
                                             11.750000   data required time
---------------------------------------------------------------------------------------------
                                             11.750000   data required time
                                             -5.870227   data arrival time
---------------------------------------------------------------------------------------------
                                              5.879773   slack (MET)




===========================================================================
report_checks --slack_max -0.01
============================================================================
======================= min_ff_n40C_1v95 Corner ===================================

No paths found.


===========================================================================
 report_check_types -max_slew -max_cap -max_fanout -violators
============================================================================
======================= min_ff_n40C_1v95 Corner ===================================

max fanout

Pin                                   Limit Fanout  Slack
---------------------------------------------------------
clkbuf_0_clk/X                           10     16     -6 (VIOLATED)
clkbuf_4_0_0_clk/X                       10     12     -2 (VIOLATED)
clkbuf_4_1_0_clk/X                       10     12     -2 (VIOLATED)
clkbuf_4_2_0_clk/X                       10     12     -2 (VIOLATED)
fanout34/X                               10     12     -2 (VIOLATED)
_6258_/Q                                 10     11        (VIOLATED)
clkbuf_4_3_0_clk/X                       10     11        (VIOLATED)
clkbuf_4_5_0_clk/X                       10     11        (VIOLATED)
fanout126/X                              10     11        (VIOLATED)
fanout189/X                              10     11        (VIOLATED)
fanout198/X                              10     11        (VIOLATED)
fanout202/X                              10     11        (VIOLATED)
fanout205/X                              10     11        (VIOLATED)
fanout56/X                               10     11        (VIOLATED)



===========================================================================
report_parasitic_annotation -report_unannotated
============================================================================
Found 15 unannotated drivers.
 clkload0/X
 clkload1/X
 clkload10/Y
 clkload11/Y
 clkload12/Y
 clkload13/Y
 clkload14/Y
 clkload2/X
 clkload3/Y
 clkload4/X
 clkload5/Y
 clkload6/Y
 clkload7/Y
 clkload8/Y
 clkload9/Y
Found 0 partially unannotated drivers.

===========================================================================
max slew violation count 0
max fanout violation count 14
max cap violation count 0
============================================================================

===========================================================================
check_setup -verbose -unconstrained_endpoints -multiple_clock -no_clock -no_input_delay -loops -generated_clocks
===========================================================================
