Clock: clk
Sources: clk 
Generated: no
Virtual: yes
Propagated: no
Period: 15.000000

===========================================================================
report_clock_properties
============================================================================
Clock                   Period          Waveform
----------------------------------------------------
clk                  15.000000    0.000000  7.500000

===========================================================================
report_clock_latency
============================================================================
Clock clk
rise -> rise
    min     max
0.000000 0.000000 source latency
0.444985         network latency _6276_/CLK
        0.464612 network latency _6262_/CLK
---------------
0.444985 0.464612 latency
        0.019627 skew

fall -> fall
    min     max
0.000000 0.000000 source latency
0.358370         network latency _6267_/CLK
        0.371650 network latency _6262_/CLK
---------------
0.358370 0.371650 latency
        0.013280 skew



===========================================================================
report_clock_min_period
============================================================================
clk period_min = 5.55 fmax = 180.11
