
===========================================================================
report_checks -unconstrained
===========================================================================
======================= nom_ff_n40C_1v95 Corner ===================================

Startpoint: rst_n (input port clocked by clk)
Endpoint: _6218_ (recovery check against rising-edge clock clk)
Path Group: asynchronous
Path Type: max

Fanout         Cap        Slew       Delay        Time   Description
---------------------------------------------------------------------------------------------
                      0.150000    0.000000    0.000000   clock clk (rise edge)
                                  0.000000    0.000000   clock network delay (ideal)
                                  3.000000    3.000000 ^ input external delay
   126    0.455743    1.529599    1.065679    4.065679 ^ rst_n (in)
                                                         rst_n (net)
                      1.529599    0.000000    4.065679 ^ _6218_/RESET_B (sky130_fd_sc_hd__dfrtp_2)
                                              4.065679   data arrival time

                      0.150000   15.000000   15.000000   clock clk (rise edge)
                                  0.000000   15.000000   clock network delay (ideal)
                                 -0.250000   14.750000   clock uncertainty
                                  0.000000   14.750000   clock reconvergence pessimism
                                             14.750000 ^ _6218_/CLK (sky130_fd_sc_hd__dfrtp_2)
                                 -0.259968   14.490032   library recovery time
                                             14.490032   data required time
---------------------------------------------------------------------------------------------
                                             14.490032   data required time
                                             -4.065679   data arrival time
---------------------------------------------------------------------------------------------
                                             10.424354   slack (MET)


Startpoint: _6219_ (rising edge-triggered flip-flop clocked by clk)
Endpoint: monitor_out[31] (output port clocked by clk)
Path Group: clk
Path Type: max

Fanout         Cap        Slew       Delay        Time   Description
---------------------------------------------------------------------------------------------
                      0.150000    0.000000    0.000000   clock clk (rise edge)
                                  0.000000    0.000000   clock network delay (ideal)
                      0.150000    0.000000    0.000000 ^ _6219_/CLK (sky130_fd_sc_hd__dfrtp_2)
   248    0.436119    1.541838    1.283828    1.283828 ^ _6219_/Q (sky130_fd_sc_hd__dfrtp_2)
                                                         core.dsp_valid_out (net)
                      1.541838    0.000000    1.283828 ^ _3080_/A (sky130_fd_sc_hd__and2_2)
    34    0.131154    0.498042    0.445701    1.729529 ^ _3080_/X (sky130_fd_sc_hd__and2_2)
                                                         _2096_ (net)
                      0.498042    0.000000    1.729529 ^ _3130_/B (sky130_fd_sc_hd__nand2_2)
     2    0.010068    0.094371    0.043030    1.772559 v _3130_/Y (sky130_fd_sc_hd__nand2_2)
                                                         _2422_ (net)
                      0.094371    0.000000    1.772559 v _3132_/A (sky130_fd_sc_hd__or2_2)
     2    0.006549    0.045512    0.200035    1.972594 v _3132_/X (sky130_fd_sc_hd__or2_2)
                                                         _2424_ (net)
                      0.045512    0.000000    1.972594 v _3134_/A2 (sky130_fd_sc_hd__a21o_2)
     3    0.007902    0.035076    0.146874    2.119467 v _3134_/X (sky130_fd_sc_hd__a21o_2)
                                                         _2426_ (net)
                      0.035076    0.000000    2.119467 v _3138_/B1_N (sky130_fd_sc_hd__a21bo_2)
     2    0.011135    0.054834    0.138570    2.258038 ^ _3138_/X (sky130_fd_sc_hd__a21bo_2)
                                                         _2430_ (net)
                      0.054834    0.000000    2.258038 ^ _3141_/A (sky130_fd_sc_hd__xor2_2)
     3    0.010114    0.061461    0.054558    2.312596 v _3141_/X (sky130_fd_sc_hd__xor2_2)
                                                         _2433_ (net)
                      0.061461    0.000000    2.312596 v _3144_/A (sky130_fd_sc_hd__nor2_2)
     2    0.006485    0.072273    0.093545    2.406141 ^ _3144_/Y (sky130_fd_sc_hd__nor2_2)
                                                         _2436_ (net)
                      0.072273    0.000000    2.406141 ^ _3146_/A_N (sky130_fd_sc_hd__and2b_2)
     3    0.010187    0.039916    0.149441    2.555582 v _3146_/X (sky130_fd_sc_hd__and2b_2)
                                                         _2438_ (net)
                      0.039916    0.000000    2.555582 v _3218_/A (sky130_fd_sc_hd__or3_2)
     1    0.001548    0.046514    0.261676    2.817259 v _3218_/X (sky130_fd_sc_hd__or3_2)
                                                         _2510_ (net)
                      0.046514    0.000000    2.817259 v _3219_/C (sky130_fd_sc_hd__and3_2)
     2    0.012291    0.045350    0.155382    2.972640 v _3219_/X (sky130_fd_sc_hd__and3_2)
                                                         _2511_ (net)
                      0.045350    0.000000    2.972640 v _3220_/A2 (sky130_fd_sc_hd__a21boi_2)
     2    0.010984    0.120847    0.133301    3.105941 ^ _3220_/Y (sky130_fd_sc_hd__a21boi_2)
                                                         _2512_ (net)
                      0.120847    0.000000    3.105941 ^ _3221_/A2 (sky130_fd_sc_hd__o21a_2)
     2    0.010116    0.049805    0.101026    3.206967 ^ _3221_/X (sky130_fd_sc_hd__o21a_2)
                                                         _2513_ (net)
                      0.049805    0.000000    3.206967 ^ _3222_/A_N (sky130_fd_sc_hd__and2b_2)
     4    0.017357    0.050893    0.160261    3.367228 v _3222_/X (sky130_fd_sc_hd__and2b_2)
                                                         _2514_ (net)
                      0.050893    0.000000    3.367228 v _3377_/A1 (sky130_fd_sc_hd__a311o_2)
     3    0.015089    0.064833    0.227480    3.594707 v _3377_/X (sky130_fd_sc_hd__a311o_2)
                                                         _2667_ (net)
                      0.064833    0.000000    3.594707 v _3580_/A1 (sky130_fd_sc_hd__a221o_2)
     4    0.012670    0.053207    0.215979    3.810687 v _3580_/X (sky130_fd_sc_hd__a221o_2)
                                                         _2868_ (net)
                      0.053207    0.000000    3.810687 v _3743_/A3 (sky130_fd_sc_hd__a41oi_2)
     3    0.015008    0.198064    0.190813    4.001499 ^ _3743_/Y (sky130_fd_sc_hd__a41oi_2)
                                                         _3029_ (net)
                      0.198064    0.000000    4.001499 ^ _3838_/A1 (sky130_fd_sc_hd__o21ai_2)
     3    0.015053    0.068672    0.073721    4.075220 v _3838_/Y (sky130_fd_sc_hd__o21ai_2)
                                                         _0124_ (net)
                      0.068672    0.000000    4.075220 v _4131_/A1 (sky130_fd_sc_hd__a311o_2)
     4    0.014861    0.064481    0.233564    4.308784 v _4131_/X (sky130_fd_sc_hd__a311o_2)
                                                         _0415_ (net)
                      0.064481    0.000000    4.308784 v _4609_/A1 (sky130_fd_sc_hd__o2111a_2)
     2    0.008308    0.040928    0.186389    4.495174 v _4609_/X (sky130_fd_sc_hd__o2111a_2)
                                                         _0889_ (net)
                      0.040928    0.000000    4.495174 v _4611_/A (sky130_fd_sc_hd__nor2_2)
     2    0.010970    0.104884    0.110012    4.605185 ^ _4611_/Y (sky130_fd_sc_hd__nor2_2)
                                                         _0891_ (net)
                      0.104884    0.000000    4.605185 ^ _4612_/B (sky130_fd_sc_hd__xnor2_2)
     2    0.005640    0.042869    0.042957    4.648142 v _4612_/Y (sky130_fd_sc_hd__xnor2_2)
                                                         _0892_ (net)
                      0.042869    0.000000    4.648142 v _4613_/B (sky130_fd_sc_hd__and2_2)
     4    0.010616    0.040609    0.136214    4.784356 v _4613_/X (sky130_fd_sc_hd__and2_2)
                                                         _0893_ (net)
                      0.040609    0.000000    4.784356 v _4615_/A (sky130_fd_sc_hd__or2_2)
     4    0.012222    0.057156    0.198437    4.982793 v _4615_/X (sky130_fd_sc_hd__or2_2)
                                                         _0895_ (net)
                      0.057156    0.000000    4.982793 v _4752_/A_N (sky130_fd_sc_hd__nand2b_2)
     2    0.004314    0.035760    0.116510    5.099303 v _4752_/Y (sky130_fd_sc_hd__nand2b_2)
                                                         _1030_ (net)
                      0.035760    0.000000    5.099303 v _4754_/A4 (sky130_fd_sc_hd__o41a_2)
     3    0.011043    0.063539    0.240806    5.340109 v _4754_/X (sky130_fd_sc_hd__o41a_2)
                                                         _1032_ (net)
                      0.063539    0.000000    5.340109 v _5204_/A2 (sky130_fd_sc_hd__a211o_2)
     3    0.005972    0.041355    0.218869    5.558978 v _5204_/X (sky130_fd_sc_hd__a211o_2)
                                                         _1480_ (net)
                      0.041355    0.000000    5.558978 v _5719_/A1 (sky130_fd_sc_hd__a2111o_2)
     2    0.008629    0.057260    0.267306    5.826283 v _5719_/X (sky130_fd_sc_hd__a2111o_2)
                                                         _2000_ (net)
                      0.057260    0.000000    5.826283 v _5887_/A1 (sky130_fd_sc_hd__a21oi_2)
     3    0.011887    0.128817    0.136283    5.962566 ^ _5887_/Y (sky130_fd_sc_hd__a21oi_2)
                                                         _2185_ (net)
                      0.128817    0.000000    5.962566 ^ _6005_/A2 (sky130_fd_sc_hd__o21ai_2)
     1    0.002298    0.028519    0.026820    5.989387 v _6005_/Y (sky130_fd_sc_hd__o21ai_2)
                                                         _2313_ (net)
                      0.028519    0.000000    5.989387 v _6006_/B1 (sky130_fd_sc_hd__o311a_2)
     2    0.010330    0.056634    0.093236    6.082623 v _6006_/X (sky130_fd_sc_hd__o311a_2)
                                                         core.dsp_result_in[31] (net)
                      0.056634    0.000000    6.082623 v _6086_/A (sky130_fd_sc_hd__xnor2_2)
     1    0.033442    0.340030    0.289746    6.372369 ^ _6086_/Y (sky130_fd_sc_hd__xnor2_2)
                                                         monitor_out[31] (net)
                      0.340030    0.000000    6.372369 ^ monitor_out[31] (out)
                                              6.372369   data arrival time

                      0.150000   15.000000   15.000000   clock clk (rise edge)
                                  0.000000   15.000000   clock network delay (ideal)
                                 -0.250000   14.750000   clock uncertainty
                                  0.000000   14.750000   clock reconvergence pessimism
                                 -3.000000   11.750000   output external delay
                                             11.750000   data required time
---------------------------------------------------------------------------------------------
                                             11.750000   data required time
                                             -6.372369   data arrival time
---------------------------------------------------------------------------------------------
                                              5.377631   slack (MET)




===========================================================================
report_checks --slack_max -0.01
============================================================================
======================= nom_ff_n40C_1v95 Corner ===================================

No paths found.


===========================================================================
 report_check_types -max_slew -max_cap -max_fanout -violators
============================================================================
======================= nom_ff_n40C_1v95 Corner ===================================

max slew

Pin                                        Limit        Slew       Slack
------------------------------------------------------------------------
_3065_/A                                0.750000    1.541838   -0.791838 (VIOLATED)
_3066_/A                                0.750000    1.541838   -0.791838 (VIOLATED)
_3067_/A                                0.750000    1.541838   -0.791838 (VIOLATED)
_3068_/A                                0.750000    1.541838   -0.791838 (VIOLATED)
_3069_/A                                0.750000    1.541838   -0.791838 (VIOLATED)
_3070_/A                                0.750000    1.541838   -0.791838 (VIOLATED)
_3072_/A                                0.750000    1.541838   -0.791838 (VIOLATED)
_3073_/A                                0.750000    1.541838   -0.791838 (VIOLATED)
_3078_/A                                0.750000    1.541838   -0.791838 (VIOLATED)
_3079_/A                                0.750000    1.541838   -0.791838 (VIOLATED)
_3080_/A                                0.750000    1.541838   -0.791838 (VIOLATED)
_3081_/A                                0.750000    1.541838   -0.791838 (VIOLATED)
_3082_/A                                0.750000    1.541838   -0.791838 (VIOLATED)
_3083_/A                                0.750000    1.541838   -0.791838 (VIOLATED)
_3088_/A                                0.750000    1.541838   -0.791838 (VIOLATED)
_3089_/A                                0.750000    1.541838   -0.791838 (VIOLATED)
_3095_/A                                0.750000    1.541838   -0.791838 (VIOLATED)
_3096_/A                                0.750000    1.541838   -0.791838 (VIOLATED)
_3097_/A                                0.750000    1.541838   -0.791838 (VIOLATED)
_3107_/A                                0.750000    1.541838   -0.791838 (VIOLATED)
_3108_/A                                0.750000    1.541838   -0.791838 (VIOLATED)
_3109_/A                                0.750000    1.541838   -0.791838 (VIOLATED)
_3110_/A                                0.750000    1.541838   -0.791838 (VIOLATED)
_3113_/A                                0.750000    1.541838   -0.791838 (VIOLATED)
_3114_/A                                0.750000    1.541838   -0.791838 (VIOLATED)
_3115_/A                                0.750000    1.541838   -0.791838 (VIOLATED)
_3116_/A                                0.750000    1.541838   -0.791838 (VIOLATED)
_3126_/A                                0.750000    1.541838   -0.791838 (VIOLATED)
_3127_/A                                0.750000    1.541838   -0.791838 (VIOLATED)
_3128_/A                                0.750000    1.541838   -0.791838 (VIOLATED)
_3135_/A                                0.750000    1.541838   -0.791838 (VIOLATED)
_3147_/A                                0.750000    1.541838   -0.791838 (VIOLATED)
_3162_/A                                0.750000    1.541838   -0.791838 (VIOLATED)
_3165_/A                                0.750000    1.541838   -0.791838 (VIOLATED)
_3166_/A                                0.750000    1.541838   -0.791838 (VIOLATED)
_3177_/A                                0.750000    1.541838   -0.791838 (VIOLATED)
_3179_/A                                0.750000    1.541838   -0.791838 (VIOLATED)
_3192_/A                                0.750000    1.541838   -0.791838 (VIOLATED)
_3258_/A                                0.750000    1.541838   -0.791838 (VIOLATED)
_3261_/A                                0.750000    1.541838   -0.791838 (VIOLATED)
_3262_/A                                0.750000    1.541838   -0.791838 (VIOLATED)
_3273_/A                                0.750000    1.541838   -0.791838 (VIOLATED)
_3274_/A                                0.750000    1.541838   -0.791838 (VIOLATED)
_3287_/A                                0.750000    1.541838   -0.791838 (VIOLATED)
_3288_/A                                0.750000    1.541838   -0.791838 (VIOLATED)
_3305_/A                                0.750000    1.541838   -0.791838 (VIOLATED)
_3311_/B1                               0.750000    1.541838   -0.791838 (VIOLATED)
_3312_/B1                               0.750000    1.541838   -0.791838 (VIOLATED)
_3313_/B1                               0.750000    1.541838   -0.791838 (VIOLATED)
_3314_/B1                               0.750000    1.541838   -0.791838 (VIOLATED)
_3316_/A1                               0.750000    1.541838   -0.791838 (VIOLATED)
_3317_/A1                               0.750000    1.541838   -0.791838 (VIOLATED)
_3323_/A                                0.750000    1.541838   -0.791838 (VIOLATED)
_3326_/A                                0.750000    1.541838   -0.791838 (VIOLATED)
_3327_/A                                0.750000    1.541838   -0.791838 (VIOLATED)
_3328_/A                                0.750000    1.541838   -0.791838 (VIOLATED)
_3329_/A                                0.750000    1.541838   -0.791838 (VIOLATED)
_3339_/A                                0.750000    1.541838   -0.791838 (VIOLATED)
_3340_/A                                0.750000    1.541838   -0.791838 (VIOLATED)
_3383_/A                                0.750000    1.541838   -0.791838 (VIOLATED)
_3386_/A                                0.750000    1.541838   -0.791838 (VIOLATED)
_3387_/A                                0.750000    1.541838   -0.791838 (VIOLATED)
_3388_/A                                0.750000    1.541838   -0.791838 (VIOLATED)
_3389_/A                                0.750000    1.541838   -0.791838 (VIOLATED)
_3404_/A                                0.750000    1.541838   -0.791838 (VIOLATED)
_3405_/A                                0.750000    1.541838   -0.791838 (VIOLATED)
_3421_/A                                0.750000    1.541838   -0.791838 (VIOLATED)
_3423_/A                                0.750000    1.541838   -0.791838 (VIOLATED)
_3450_/A                                0.750000    1.541838   -0.791838 (VIOLATED)
_3452_/A                                0.750000    1.541838   -0.791838 (VIOLATED)
_3455_/A                                0.750000    1.541838   -0.791838 (VIOLATED)
_3456_/A                                0.750000    1.541838   -0.791838 (VIOLATED)
_3457_/A                                0.750000    1.541838   -0.791838 (VIOLATED)
_3458_/A                                0.750000    1.541838   -0.791838 (VIOLATED)
_3472_/A                                0.750000    1.541838   -0.791838 (VIOLATED)
_3473_/A                                0.750000    1.541838   -0.791838 (VIOLATED)
_3487_/A                                0.750000    1.541838   -0.791838 (VIOLATED)
_3488_/A                                0.750000    1.541838   -0.791838 (VIOLATED)
_3489_/A                                0.750000    1.541838   -0.791838 (VIOLATED)
_3520_/A                                0.750000    1.541838   -0.791838 (VIOLATED)
_3523_/A                                0.750000    1.541838   -0.791838 (VIOLATED)
_3524_/A                                0.750000    1.541838   -0.791838 (VIOLATED)
_3539_/A                                0.750000    1.541838   -0.791838 (VIOLATED)
_3540_/A                                0.750000    1.541838   -0.791838 (VIOLATED)
_3556_/A                                0.750000    1.541838   -0.791838 (VIOLATED)
_3562_/A                                0.750000    1.541838   -0.791838 (VIOLATED)
_3563_/A                                0.750000    1.541838   -0.791838 (VIOLATED)
_3593_/A                                0.750000    1.541838   -0.791838 (VIOLATED)
_3595_/A                                0.750000    1.541838   -0.791838 (VIOLATED)
_3598_/A                                0.750000    1.541838   -0.791838 (VIOLATED)
_3599_/A                                0.750000    1.541838   -0.791838 (VIOLATED)
_3613_/A                                0.750000    1.541838   -0.791838 (VIOLATED)
_3614_/A                                0.750000    1.541838   -0.791838 (VIOLATED)
_3629_/A                                0.750000    1.541838   -0.791838 (VIOLATED)
_3639_/A                                0.750000    1.541838   -0.791838 (VIOLATED)
_3674_/A                                0.750000    1.541838   -0.791838 (VIOLATED)
_3675_/A                                0.750000    1.541838   -0.791838 (VIOLATED)
_3689_/A                                0.750000    1.541838   -0.791838 (VIOLATED)
_3690_/A                                0.750000    1.541838   -0.791838 (VIOLATED)
_3706_/A                                0.750000    1.541838   -0.791838 (VIOLATED)
_3711_/A                                0.750000    1.541838   -0.791838 (VIOLATED)
_3719_/A                                0.750000    1.541838   -0.791838 (VIOLATED)
_3760_/A                                0.750000    1.541838   -0.791838 (VIOLATED)
_3761_/A                                0.750000    1.541838   -0.791838 (VIOLATED)
_3762_/A                                0.750000    1.541838   -0.791838 (VIOLATED)
_3776_/A                                0.750000    1.541838   -0.791838 (VIOLATED)
_3777_/A                                0.750000    1.541838   -0.791838 (VIOLATED)
_3799_/A                                0.750000    1.541838   -0.791838 (VIOLATED)
_3847_/A                                0.750000    1.541838   -0.791838 (VIOLATED)
_3897_/A                                0.750000    1.541838   -0.791838 (VIOLATED)
_3898_/A                                0.750000    1.541838   -0.791838 (VIOLATED)
_3899_/A                                0.750000    1.541838   -0.791838 (VIOLATED)
_3941_/A                                0.750000    1.541838   -0.791838 (VIOLATED)
_3992_/A                                0.750000    1.541838   -0.791838 (VIOLATED)
_3993_/A                                0.750000    1.541838   -0.791838 (VIOLATED)
_4038_/A                                0.750000    1.541838   -0.791838 (VIOLATED)
_4093_/A                                0.750000    1.541838   -0.791838 (VIOLATED)
_4098_/A                                0.750000    1.541838   -0.791838 (VIOLATED)
_4099_/A                                0.750000    1.541838   -0.791838 (VIOLATED)
_4100_/A                                0.750000    1.541838   -0.791838 (VIOLATED)
_4146_/A                                0.750000    1.541838   -0.791838 (VIOLATED)
_4159_/A                                0.750000    1.541838   -0.791838 (VIOLATED)
_4183_/A                                0.750000    1.541838   -0.791838 (VIOLATED)
_4204_/A                                0.750000    1.541838   -0.791838 (VIOLATED)
_4211_/A                                0.750000    1.541838   -0.791838 (VIOLATED)
_4212_/A                                0.750000    1.541838   -0.791838 (VIOLATED)
_4214_/A                                0.750000    1.541838   -0.791838 (VIOLATED)
_4259_/A                                0.750000    1.541838   -0.791838 (VIOLATED)
_4272_/A                                0.750000    1.541838   -0.791838 (VIOLATED)
_4276_/A                                0.750000    1.541838   -0.791838 (VIOLATED)
_4277_/A                                0.750000    1.541838   -0.791838 (VIOLATED)
_4296_/A                                0.750000    1.541838   -0.791838 (VIOLATED)
_4310_/A                                0.750000    1.541838   -0.791838 (VIOLATED)
_4320_/A                                0.750000    1.541838   -0.791838 (VIOLATED)
_4321_/A                                0.750000    1.541838   -0.791838 (VIOLATED)
_4327_/A                                0.750000    1.541838   -0.791838 (VIOLATED)
_4328_/A                                0.750000    1.541838   -0.791838 (VIOLATED)
_4330_/A                                0.750000    1.541838   -0.791838 (VIOLATED)
_4375_/A                                0.750000    1.541838   -0.791838 (VIOLATED)
_4387_/A                                0.750000    1.541838   -0.791838 (VIOLATED)
_4392_/A                                0.750000    1.541838   -0.791838 (VIOLATED)
_4393_/A                                0.750000    1.541838   -0.791838 (VIOLATED)
_4420_/A                                0.750000    1.541838   -0.791838 (VIOLATED)
_4421_/A                                0.750000    1.541838   -0.791838 (VIOLATED)
_4432_/A                                0.750000    1.541838   -0.791838 (VIOLATED)
_4447_/A                                0.750000    1.541838   -0.791838 (VIOLATED)
_4448_/A                                0.750000    1.541838   -0.791838 (VIOLATED)
_4494_/A                                0.750000    1.541838   -0.791838 (VIOLATED)
_4495_/A                                0.750000    1.541838   -0.791838 (VIOLATED)
_4512_/A                                0.750000    1.541838   -0.791838 (VIOLATED)
_4551_/A                                0.750000    1.541838   -0.791838 (VIOLATED)
_4558_/A                                0.750000    1.541838   -0.791838 (VIOLATED)
_4568_/A                                0.750000    1.541838   -0.791838 (VIOLATED)
_4569_/A                                0.750000    1.541838   -0.791838 (VIOLATED)
_4577_/A                                0.750000    1.541838   -0.791838 (VIOLATED)
_4578_/A                                0.750000    1.541838   -0.791838 (VIOLATED)
_4625_/A                                0.750000    1.541838   -0.791838 (VIOLATED)
_4628_/A                                0.750000    1.541838   -0.791838 (VIOLATED)
_4629_/A                                0.750000    1.541838   -0.791838 (VIOLATED)
_4647_/A                                0.750000    1.541838   -0.791838 (VIOLATED)
_4674_/A1                               0.750000    1.541838   -0.791838 (VIOLATED)
_4675_/A                                0.750000    1.541838   -0.791838 (VIOLATED)
_4685_/A                                0.750000    1.541838   -0.791838 (VIOLATED)
_4712_/A                                0.750000    1.541838   -0.791838 (VIOLATED)
_4713_/A                                0.750000    1.541838   -0.791838 (VIOLATED)
_4763_/A                                0.750000    1.541838   -0.791838 (VIOLATED)
_4765_/A                                0.750000    1.541838   -0.791838 (VIOLATED)
_4785_/A                                0.750000    1.541838   -0.791838 (VIOLATED)
_4813_/A                                0.750000    1.541838   -0.791838 (VIOLATED)
_4814_/A                                0.750000    1.541838   -0.791838 (VIOLATED)
_4843_/A                                0.750000    1.541838   -0.791838 (VIOLATED)
_4852_/A                                0.750000    1.541838   -0.791838 (VIOLATED)
_4860_/A                                0.750000    1.541838   -0.791838 (VIOLATED)
_4910_/A                                0.750000    1.541838   -0.791838 (VIOLATED)
_4911_/A                                0.750000    1.541838   -0.791838 (VIOLATED)
_4929_/A                                0.750000    1.541838   -0.791838 (VIOLATED)
_4987_/A                                0.750000    1.541838   -0.791838 (VIOLATED)
_4989_/A                                0.750000    1.541838   -0.791838 (VIOLATED)
_4999_/A                                0.750000    1.541838   -0.791838 (VIOLATED)
_5000_/A                                0.750000    1.541838   -0.791838 (VIOLATED)
_5055_/A                                0.750000    1.541838   -0.791838 (VIOLATED)
_5057_/A                                0.750000    1.541838   -0.791838 (VIOLATED)
_5060_/A                                0.750000    1.541838   -0.791838 (VIOLATED)
_5061_/A                                0.750000    1.541838   -0.791838 (VIOLATED)
_5081_/A                                0.750000    1.541838   -0.791838 (VIOLATED)
_5103_/A                                0.750000    1.541838   -0.791838 (VIOLATED)
_5111_/A                                0.750000    1.541838   -0.791838 (VIOLATED)
_5146_/A                                0.750000    1.541838   -0.791838 (VIOLATED)
_5148_/A                                0.750000    1.541838   -0.791838 (VIOLATED)
_5158_/A                                0.750000    1.541838   -0.791838 (VIOLATED)
_5218_/A                                0.750000    1.541838   -0.791838 (VIOLATED)
_5219_/A                                0.750000    1.541838   -0.791838 (VIOLATED)
_5239_/A                                0.750000    1.541838   -0.791838 (VIOLATED)
_5261_/A                                0.750000    1.541838   -0.791838 (VIOLATED)
_5268_/A                                0.750000    1.541838   -0.791838 (VIOLATED)
_5269_/A                                0.750000    1.541838   -0.791838 (VIOLATED)
_5280_/A                                0.750000    1.541838   -0.791838 (VIOLATED)
_5299_/A                                0.750000    1.541838   -0.791838 (VIOLATED)
_5300_/A                                0.750000    1.541838   -0.791838 (VIOLATED)
_5311_/A                                0.750000    1.541838   -0.791838 (VIOLATED)
_5320_/A                                0.750000    1.541838   -0.791838 (VIOLATED)
_5380_/A                                0.750000    1.541838   -0.791838 (VIOLATED)
_5381_/A                                0.750000    1.541838   -0.791838 (VIOLATED)
_5382_/A1                               0.750000    1.541838   -0.791838 (VIOLATED)
_5383_/A                                0.750000    1.541838   -0.791838 (VIOLATED)
_5405_/A                                0.750000    1.541838   -0.791838 (VIOLATED)
_5440_/A                                0.750000    1.541838   -0.791838 (VIOLATED)
_5451_/A                                0.750000    1.541838   -0.791838 (VIOLATED)
_5484_/A                                0.750000    1.541838   -0.791838 (VIOLATED)
_5494_/A                                0.750000    1.541838   -0.791838 (VIOLATED)
_5502_/A                                0.750000    1.541838   -0.791838 (VIOLATED)
_5558_/A                                0.750000    1.541838   -0.791838 (VIOLATED)
_5561_/A                                0.750000    1.541838   -0.791838 (VIOLATED)
_5562_/A                                0.750000    1.541838   -0.791838 (VIOLATED)
_5563_/A                                0.750000    1.541838   -0.791838 (VIOLATED)
_5582_/A                                0.750000    1.541838   -0.791838 (VIOLATED)
_5604_/A                                0.750000    1.541838   -0.791838 (VIOLATED)
_5611_/A                                0.750000    1.541838   -0.791838 (VIOLATED)
_5622_/A                                0.750000    1.541838   -0.791838 (VIOLATED)
_5641_/A                                0.750000    1.541838   -0.791838 (VIOLATED)
_5656_/A                                0.750000    1.541838   -0.791838 (VIOLATED)
_5664_/A                                0.750000    1.541838   -0.791838 (VIOLATED)
_5672_/A                                0.750000    1.541838   -0.791838 (VIOLATED)
_5731_/A                                0.750000    1.541838   -0.791838 (VIOLATED)
_5732_/A                                0.750000    1.541838   -0.791838 (VIOLATED)
_5733_/A                                0.750000    1.541838   -0.791838 (VIOLATED)
_5750_/A1                               0.750000    1.541838   -0.791838 (VIOLATED)
_5752_/A                                0.750000    1.541838   -0.791838 (VIOLATED)
_5775_/A1                               0.750000    1.541838   -0.791838 (VIOLATED)
_5776_/A                                0.750000    1.541838   -0.791838 (VIOLATED)
_5783_/A                                0.750000    1.541838   -0.791838 (VIOLATED)
_5817_/A1                               0.750000    1.541838   -0.791838 (VIOLATED)
_5819_/A                                0.750000    1.541838   -0.791838 (VIOLATED)
_5832_/A                                0.750000    1.541838   -0.791838 (VIOLATED)
_5834_/A1                               0.750000    1.541838   -0.791838 (VIOLATED)
_5842_/A1                               0.750000    1.541838   -0.791838 (VIOLATED)
_5843_/A                                0.750000    1.541838   -0.791838 (VIOLATED)
_5850_/A                                0.750000    1.541838   -0.791838 (VIOLATED)
_5902_/A                                0.750000    1.541838   -0.791838 (VIOLATED)
_5903_/A                                0.750000    1.541838   -0.791838 (VIOLATED)
_5913_/A                                0.750000    1.541838   -0.791838 (VIOLATED)
_5943_/A                                0.750000    1.541838   -0.791838 (VIOLATED)
_6016_/A                                0.750000    1.541838   -0.791838 (VIOLATED)
_6021_/B                                0.750000    1.541838   -0.791838 (VIOLATED)
_6087_/A                                0.750000    1.541838   -0.791838 (VIOLATED)
_6089_/A                                0.750000    1.541838   -0.791838 (VIOLATED)
_6090_/A1                               0.750000    1.541838   -0.791838 (VIOLATED)
_6153_/A                                0.750000    1.541838   -0.791838 (VIOLATED)
_6219_/Q                                0.750000    1.541838   -0.791838 (VIOLATED)
rst_n                                   0.750000    1.529599   -0.779599 (VIOLATED)
_6218_/RESET_B                          0.750000    1.529599   -0.779599 (VIOLATED)
_6219_/RESET_B                          0.750000    1.529599   -0.779599 (VIOLATED)
_6220_/RESET_B                          0.750000    1.529599   -0.779599 (VIOLATED)
_6221_/RESET_B                          0.750000    1.529599   -0.779599 (VIOLATED)
_6222_/RESET_B                          0.750000    1.529599   -0.779599 (VIOLATED)
_6223_/RESET_B                          0.750000    1.529599   -0.779599 (VIOLATED)
_6224_/RESET_B                          0.750000    1.529599   -0.779599 (VIOLATED)
_6225_/RESET_B                          0.750000    1.529599   -0.779599 (VIOLATED)
_6226_/RESET_B                          0.750000    1.529599   -0.779599 (VIOLATED)
_6227_/RESET_B                          0.750000    1.529599   -0.779599 (VIOLATED)
_6228_/RESET_B                          0.750000    1.529599   -0.779599 (VIOLATED)
_6229_/RESET_B                          0.750000    1.529599   -0.779599 (VIOLATED)
_6230_/RESET_B                          0.750000    1.529599   -0.779599 (VIOLATED)
_6231_/RESET_B                          0.750000    1.529599   -0.779599 (VIOLATED)
_6232_/RESET_B                          0.750000    1.529599   -0.779599 (VIOLATED)
_6233_/RESET_B                          0.750000    1.529599   -0.779599 (VIOLATED)
_6234_/RESET_B                          0.750000    1.529599   -0.779599 (VIOLATED)
_6235_/RESET_B                          0.750000    1.529599   -0.779599 (VIOLATED)
_6236_/RESET_B                          0.750000    1.529599   -0.779599 (VIOLATED)
_6237_/RESET_B                          0.750000    1.529599   -0.779599 (VIOLATED)
_6238_/RESET_B                          0.750000    1.529599   -0.779599 (VIOLATED)
_6239_/RESET_B                          0.750000    1.529599   -0.779599 (VIOLATED)
_6240_/RESET_B                          0.750000    1.529599   -0.779599 (VIOLATED)
_6241_/RESET_B                          0.750000    1.529599   -0.779599 (VIOLATED)
_6242_/RESET_B                          0.750000    1.529599   -0.779599 (VIOLATED)
_6243_/RESET_B                          0.750000    1.529599   -0.779599 (VIOLATED)
_6244_/RESET_B                          0.750000    1.529599   -0.779599 (VIOLATED)
_6245_/RESET_B                          0.750000    1.529599   -0.779599 (VIOLATED)
_6246_/RESET_B                          0.750000    1.529599   -0.779599 (VIOLATED)
_6247_/RESET_B                          0.750000    1.529599   -0.779599 (VIOLATED)
_6248_/RESET_B                          0.750000    1.529599   -0.779599 (VIOLATED)
_6249_/RESET_B                          0.750000    1.529599   -0.779599 (VIOLATED)
_6250_/RESET_B                          0.750000    1.529599   -0.779599 (VIOLATED)
_6251_/RESET_B                          0.750000    1.529599   -0.779599 (VIOLATED)
_6252_/RESET_B                          0.750000    1.529599   -0.779599 (VIOLATED)
_6253_/RESET_B                          0.750000    1.529599   -0.779599 (VIOLATED)
_6254_/RESET_B                          0.750000    1.529599   -0.779599 (VIOLATED)
_6255_/RESET_B                          0.750000    1.529599   -0.779599 (VIOLATED)
_6256_/RESET_B                          0.750000    1.529599   -0.779599 (VIOLATED)
_6257_/RESET_B                          0.750000    1.529599   -0.779599 (VIOLATED)
_6258_/RESET_B                          0.750000    1.529599   -0.779599 (VIOLATED)
_6259_/RESET_B                          0.750000    1.529599   -0.779599 (VIOLATED)
_6260_/RESET_B                          0.750000    1.529599   -0.779599 (VIOLATED)
_6261_/RESET_B                          0.750000    1.529599   -0.779599 (VIOLATED)
_6262_/RESET_B                          0.750000    1.529599   -0.779599 (VIOLATED)
_6263_/RESET_B                          0.750000    1.529599   -0.779599 (VIOLATED)
_6264_/RESET_B                          0.750000    1.529599   -0.779599 (VIOLATED)
_6265_/RESET_B                          0.750000    1.529599   -0.779599 (VIOLATED)
_6266_/RESET_B                          0.750000    1.529599   -0.779599 (VIOLATED)
_6267_/RESET_B                          0.750000    1.529599   -0.779599 (VIOLATED)
_6268_/RESET_B                          0.750000    1.529599   -0.779599 (VIOLATED)
_6269_/RESET_B                          0.750000    1.529599   -0.779599 (VIOLATED)
_6270_/RESET_B                          0.750000    1.529599   -0.779599 (VIOLATED)
_6271_/RESET_B                          0.750000    1.529599   -0.779599 (VIOLATED)
_6272_/RESET_B                          0.750000    1.529599   -0.779599 (VIOLATED)
_6273_/RESET_B                          0.750000    1.529599   -0.779599 (VIOLATED)
_6274_/RESET_B                          0.750000    1.529599   -0.779599 (VIOLATED)
_6275_/RESET_B                          0.750000    1.529599   -0.779599 (VIOLATED)
_6276_/RESET_B                          0.750000    1.529599   -0.779599 (VIOLATED)
_6277_/RESET_B                          0.750000    1.529599   -0.779599 (VIOLATED)
_6278_/RESET_B                          0.750000    1.529599   -0.779599 (VIOLATED)
_6279_/RESET_B                          0.750000    1.529599   -0.779599 (VIOLATED)
_6280_/RESET_B                          0.750000    1.529599   -0.779599 (VIOLATED)
_6281_/RESET_B                          0.750000    1.529599   -0.779599 (VIOLATED)
_6282_/RESET_B                          0.750000    1.529599   -0.779599 (VIOLATED)
_6283_/RESET_B                          0.750000    1.529599   -0.779599 (VIOLATED)
_6284_/RESET_B                          0.750000    1.529599   -0.779599 (VIOLATED)
_6285_/RESET_B                          0.750000    1.529599   -0.779599 (VIOLATED)
_6286_/RESET_B                          0.750000    1.529599   -0.779599 (VIOLATED)
_6287_/RESET_B                          0.750000    1.529599   -0.779599 (VIOLATED)
_6288_/RESET_B                          0.750000    1.529599   -0.779599 (VIOLATED)
_6289_/RESET_B                          0.750000    1.529599   -0.779599 (VIOLATED)
_6290_/RESET_B                          0.750000    1.529599   -0.779599 (VIOLATED)
_6291_/RESET_B                          0.750000    1.529599   -0.779599 (VIOLATED)
_6292_/RESET_B                          0.750000    1.529599   -0.779599 (VIOLATED)
_6293_/RESET_B                          0.750000    1.529599   -0.779599 (VIOLATED)
_6294_/RESET_B                          0.750000    1.529599   -0.779599 (VIOLATED)
_6295_/RESET_B                          0.750000    1.529599   -0.779599 (VIOLATED)
_6296_/RESET_B                          0.750000    1.529599   -0.779599 (VIOLATED)
_6297_/RESET_B                          0.750000    1.529599   -0.779599 (VIOLATED)
_6298_/RESET_B                          0.750000    1.529599   -0.779599 (VIOLATED)
_6299_/RESET_B                          0.750000    1.529599   -0.779599 (VIOLATED)
_6300_/RESET_B                          0.750000    1.529599   -0.779599 (VIOLATED)
_6301_/RESET_B                          0.750000    1.529599   -0.779599 (VIOLATED)
_6302_/RESET_B                          0.750000    1.529599   -0.779599 (VIOLATED)
_6303_/RESET_B                          0.750000    1.529599   -0.779599 (VIOLATED)
_6304_/RESET_B                          0.750000    1.529599   -0.779599 (VIOLATED)
_6305_/RESET_B                          0.750000    1.529599   -0.779599 (VIOLATED)
_6306_/RESET_B                          0.750000    1.529599   -0.779599 (VIOLATED)
_6307_/RESET_B                          0.750000    1.529599   -0.779599 (VIOLATED)
_6308_/RESET_B                          0.750000    1.529599   -0.779599 (VIOLATED)
_6309_/RESET_B                          0.750000    1.529599   -0.779599 (VIOLATED)
_6310_/RESET_B                          0.750000    1.529599   -0.779599 (VIOLATED)
_6311_/RESET_B                          0.750000    1.529599   -0.779599 (VIOLATED)
_6312_/RESET_B                          0.750000    1.529599   -0.779599 (VIOLATED)
_6313_/RESET_B                          0.750000    1.529599   -0.779599 (VIOLATED)
_6314_/RESET_B                          0.750000    1.529599   -0.779599 (VIOLATED)
_6315_/RESET_B                          0.750000    1.529599   -0.779599 (VIOLATED)
_6316_/RESET_B                          0.750000    1.529599   -0.779599 (VIOLATED)
_6317_/RESET_B                          0.750000    1.529599   -0.779599 (VIOLATED)
_6318_/RESET_B                          0.750000    1.529599   -0.779599 (VIOLATED)
_6319_/RESET_B                          0.750000    1.529599   -0.779599 (VIOLATED)
_6320_/RESET_B                          0.750000    1.529599   -0.779599 (VIOLATED)
_6321_/RESET_B                          0.750000    1.529599   -0.779599 (VIOLATED)
_6322_/RESET_B                          0.750000    1.529599   -0.779599 (VIOLATED)
_6323_/RESET_B                          0.750000    1.529599   -0.779599 (VIOLATED)
_6324_/RESET_B                          0.750000    1.529599   -0.779599 (VIOLATED)
_6325_/RESET_B                          0.750000    1.529599   -0.779599 (VIOLATED)
_6326_/RESET_B                          0.750000    1.529599   -0.779599 (VIOLATED)
_6327_/RESET_B                          0.750000    1.529599   -0.779599 (VIOLATED)
_6328_/RESET_B                          0.750000    1.529599   -0.779599 (VIOLATED)
_6329_/RESET_B                          0.750000    1.529599   -0.779599 (VIOLATED)
_6330_/RESET_B                          0.750000    1.529599   -0.779599 (VIOLATED)
_6331_/RESET_B                          0.750000    1.529599   -0.779599 (VIOLATED)
_6332_/RESET_B                          0.750000    1.529599   -0.779599 (VIOLATED)
_6333_/RESET_B                          0.750000    1.529599   -0.779599 (VIOLATED)
_6334_/RESET_B                          0.750000    1.529599   -0.779599 (VIOLATED)
_6335_/RESET_B                          0.750000    1.529599   -0.779599 (VIOLATED)
_6336_/RESET_B                          0.750000    1.529599   -0.779599 (VIOLATED)
_6337_/RESET_B                          0.750000    1.529599   -0.779599 (VIOLATED)
_6338_/RESET_B                          0.750000    1.529599   -0.779599 (VIOLATED)
_6339_/RESET_B                          0.750000    1.529599   -0.779599 (VIOLATED)
_6340_/RESET_B                          0.750000    1.529599   -0.779599 (VIOLATED)
_6341_/RESET_B                          0.750000    1.529599   -0.779599 (VIOLATED)
_6342_/RESET_B                          0.750000    1.529599   -0.779599 (VIOLATED)
_6343_/RESET_B                          0.750000    1.529599   -0.779599 (VIOLATED)

max fanout

Pin                                   Limit Fanout  Slack
---------------------------------------------------------
_6219_/Q                                 10    248   -238 (VIOLATED)
rst_n                                    10    126   -116 (VIOLATED)
_6288_/Q                                 10     42    -32 (VIOLATED)
_6289_/Q                                 10     42    -32 (VIOLATED)
_6280_/Q                                 10     41    -31 (VIOLATED)
_3109_/X                                 10     35    -25 (VIOLATED)
_3080_/X                                 10     34    -24 (VIOLATED)
_6087_/X                                 10     33    -23 (VIOLATED)
_6153_/X                                 10     32    -22 (VIOLATED)
_6290_/Q                                 10     32    -22 (VIOLATED)
_6292_/Q                                 10     32    -22 (VIOLATED)
_6285_/Q                                 10     31    -21 (VIOLATED)
_3073_/X                                 10     30    -20 (VIOLATED)
_6291_/Q                                 10     29    -19 (VIOLATED)
_6287_/Q                                 10     28    -18 (VIOLATED)
_3261_/X                                 10     27    -17 (VIOLATED)
_3165_/X                                 10     26    -16 (VIOLATED)
_3065_/X                                 10     25    -15 (VIOLATED)
_6251_/Q                                 10     25    -15 (VIOLATED)
_6286_/Q                                 10     25    -15 (VIOLATED)
_6293_/Q                                 10     25    -15 (VIOLATED)
_3069_/X                                 10     24    -14 (VIOLATED)
_3096_/X                                 10     24    -14 (VIOLATED)
_3326_/X                                 10     24    -14 (VIOLATED)
_3386_/X                                 10     24    -14 (VIOLATED)
_6294_/Q                                 10     24    -14 (VIOLATED)
_3067_/X                                 10     23    -13 (VIOLATED)
_6296_/Q                                 10     23    -13 (VIOLATED)
_3078_/X                                 10     22    -12 (VIOLATED)
_6295_/Q                                 10     22    -12 (VIOLATED)
_3523_/X                                 10     21    -11 (VIOLATED)
_6283_/Q                                 10     21    -11 (VIOLATED)
_6284_/Q                                 10     21    -11 (VIOLATED)
_6297_/Q                                 10     21    -11 (VIOLATED)
_6282_/Q                                 10     20    -10 (VIOLATED)
_6298_/Q                                 10     20    -10 (VIOLATED)
_6299_/Q                                 10     20    -10 (VIOLATED)
_3674_/X                                 10     18     -8 (VIOLATED)
_6249_/Q                                 10     18     -8 (VIOLATED)
_6300_/Q                                 10     18     -8 (VIOLATED)
_3107_/X                                 10     17     -7 (VIOLATED)
_3316_/Y                                 10     17     -7 (VIOLATED)
_3455_/X                                 10     17     -7 (VIOLATED)
_3598_/X                                 10     16     -6 (VIOLATED)
_6253_/Q                                 10     16     -6 (VIOLATED)
_6266_/Q                                 10     16     -6 (VIOLATED)
_6281_/Q                                 10     16     -6 (VIOLATED)
_6302_/Q                                 10     16     -6 (VIOLATED)
_3088_/X                                 10     15     -5 (VIOLATED)
_3192_/X                                 10     15     -5 (VIOLATED)
_3317_/X                                 10     15     -5 (VIOLATED)
_6263_/Q                                 10     15     -5 (VIOLATED)
_6267_/Q                                 10     15     -5 (VIOLATED)
_6301_/Q                                 10     15     -5 (VIOLATED)
_3072_/X                                 10     14     -4 (VIOLATED)
_6248_/Q                                 10     14     -4 (VIOLATED)
_6252_/Q                                 10     14     -4 (VIOLATED)
_6259_/Q                                 10     14     -4 (VIOLATED)
_6261_/Q                                 10     14     -4 (VIOLATED)
_6264_/Q                                 10     14     -4 (VIOLATED)
_6265_/Q                                 10     14     -4 (VIOLATED)
_6269_/Q                                 10     14     -4 (VIOLATED)
_6303_/Q                                 10     14     -4 (VIOLATED)
_3760_/X                                 10     13     -3 (VIOLATED)
_3847_/X                                 10     13     -3 (VIOLATED)
_6250_/Q                                 10     13     -3 (VIOLATED)
_6271_/Q                                 10     13     -3 (VIOLATED)
_6304_/Q                                 10     13     -3 (VIOLATED)
_6305_/Q                                 10     13     -3 (VIOLATED)
_3941_/X                                 10     12     -2 (VIOLATED)
_6254_/Q                                 10     12     -2 (VIOLATED)
_4259_/X                                 10     11        (VIOLATED)
_6255_/Q                                 10     11        (VIOLATED)
_6268_/Q                                 10     11        (VIOLATED)
_6270_/Q                                 10     11        (VIOLATED)
_6272_/Q                                 10     11        (VIOLATED)
_6306_/Q                                 10     11        (VIOLATED)

max capacitance

Pin                                        Limit         Cap       Slack
------------------------------------------------------------------------
rst_n                                   0.200000    0.455743   -0.255743 (VIOLATED)
_6219_/Q                                0.200000    0.436119   -0.236119 (VIOLATED)



===========================================================================
report_parasitic_annotation -report_unannotated
============================================================================
Found 3284 unannotated drivers.
 clk
 rst_n
 _3062_/Y
 _3063_/Y
 _3064_/Y
 _3065_/X
 _3066_/X
 _3067_/X
 _3068_/X
 _3069_/X
 _3070_/X
 _3071_/Y
 _3072_/X
 _3073_/X
 _3074_/Y
 _3075_/Y
 _3076_/Y
 _3077_/Y
 _3078_/X
 _3079_/X
 _3080_/X
 _3081_/X
 _3082_/X
 _3083_/X
 _3084_/Y
 _3085_/Y
 _3086_/Y
 _3087_/X
 _3088_/X
 _3089_/X
 _3090_/Y
 _3091_/X
 _3092_/Y
 _3093_/X
 _3094_/Y
 _3095_/X
 _3096_/X
 _3097_/X
 _3098_/Y
 _3099_/Y
 _3100_/Y
 _3101_/Y
 _3102_/X
 _3103_/X
 _3104_/X
 _3105_/Y
 _3106_/Y
 _3107_/X
 _3108_/X
 _3109_/X
 _3110_/Y
 _3111_/Y
 _3112_/Y
 _3113_/X
 _3114_/X
 _3115_/X
 _3116_/X
 _3117_/Y
 _3118_/Y
 _3119_/Y
 _3120_/Y
 _3121_/X
 _3122_/Y
 _3123_/Y
 _3124_/X
 _3125_/Y
 _3126_/X
 _3127_/X
 _3128_/X
 _3129_/Y
 _3130_/Y
 _3131_/Y
 _3132_/X
 _3133_/Y
 _3134_/X
 _3135_/X
 _3136_/Y
 _3137_/Y
 _3138_/X
 _3139_/Y
 _3140_/X
 _3141_/X
 _3142_/X
 _3143_/Y
 _3144_/Y
 _3145_/Y
 _3146_/X
 _3147_/X
 _3148_/X
 _3149_/X
 _3150_/Y
 _3151_/Y
 _3152_/Y
 _3153_/Y
 _3154_/X
 _3155_/X
 _3156_/Y
 _3157_/X
 _3158_/Y
 _3159_/Y
 _3160_/X
 _3161_/X
 _3162_/X
 _3163_/Y
 _3164_/Y
 _3165_/X
 _3166_/X
 _3167_/Y
 _3168_/Y
 _3169_/Y
 _3170_/X
 _3171_/Y
 _3172_/Y
 _3173_/X
 _3174_/X
 _3175_/Y
 _3176_/Y
 _3177_/X
 _3178_/Y
 _3179_/X
 _3180_/Y
 _3181_/X
 _3182_/Y
 _3183_/X
 _3184_/Y
 _3185_/Y
 _3186_/X
 _3187_/Y
 _3188_/Y
 _3189_/Y
 _3190_/Y
 _3191_/X
 _3192_/X
 _3193_/Y
 _3194_/X
 _3195_/X
 _3196_/Y
 _3197_/Y
 _3198_/X
 _3199_/Y
 _3200_/Y
 _3201_/Y
 _3202_/Y
 _3203_/Y
 _3204_/Y
 _3205_/Y
 _3206_/X
 _3207_/Y
 _3208_/Y
 _3209_/X
 _3210_/Y
 _3211_/Y
 _3212_/X
 _3213_/Y
 _3214_/Y
 _3215_/X
 _3216_/Y
 _3217_/X
 _3218_/X
 _3219_/X
 _3220_/Y
 _3221_/X
 _3222_/X
 _3223_/Y
 _3224_/Y
 _3225_/Y
 _3226_/X
 _3227_/Y
 _3228_/X
 _3229_/Y
 _3230_/Y
 _3231_/Y
 _3232_/Y
 _3233_/Y
 _3234_/Y
 _3235_/X
 _3236_/Y
 _3237_/Y
 _3238_/X
 _3239_/Y
 _3240_/X
 _3241_/Y
 _3242_/X
 _3243_/Y
 _3244_/X
 _3245_/Y
 _3246_/Y
 _3247_/X
 _3248_/X
 _3249_/X
 _3250_/X
 _3251_/Y
 _3252_/X
 _3253_/X
 _3254_/X
 _3255_/Y
 _3256_/Y
 _3257_/X
 _3258_/X
 _3259_/Y
 _3260_/Y
 _3261_/X
 _3262_/X
 _3263_/Y
 _3264_/Y
 _3265_/Y
 _3266_/X
 _3267_/Y
 _3268_/Y
 _3269_/X
 _3270_/Y
 _3271_/Y
 _3272_/Y
 _3273_/X
 _3274_/X
 _3275_/X
 _3276_/Y
 _3277_/Y
 _3278_/X
 _3279_/Y
 _3280_/Y
 _3281_/Y
 _3282_/X
 _3283_/X
 _3284_/X
 _3285_/Y
 _3286_/X
 _3287_/X
 _3288_/X
 _3289_/Y
 _3290_/Y
 _3291_/Y
 _3292_/X
 _3293_/X
 _3294_/Y
 _3295_/Y
 _3296_/Y
 _3297_/Y
 _3298_/Y
 _3299_/Y
 _3300_/X
 _3301_/X
 _3302_/X
 _3303_/Y
 _3304_/Y
 _3305_/X
 _3306_/X
 _3307_/X
 _3308_/X
 _3309_/X
 _3310_/X
 _3311_/X
 _3312_/X
 _3313_/X
 _3314_/X
 _3315_/X
 _3316_/Y
 _3317_/X
 _3318_/Y
 _3319_/X
 _3320_/X
 _3321_/Y
 _3322_/X
 _3323_/X
 _3324_/Y
 _3325_/Y
 _3326_/X
 _3327_/X
 _3328_/X
 _3329_/X
 _3330_/X
 _3331_/X
 _3332_/X
 _3333_/X
 _3334_/Y
 _3335_/Y
 _3336_/X
 _3337_/X
 _3338_/X
 _3339_/X
 _3340_/X
 _3341_/X
 _3342_/X
 _3343_/Y
 _3344_/Y
 _3345_/X
 _3346_/X
 _3347_/X
 _3348_/Y
 _3349_/Y
 _3350_/Y
 _3351_/X
 _3352_/Y
 _3353_/Y
 _3354_/X
 _3355_/X
 _3356_/Y
 _3357_/X
 _3358_/Y
 _3359_/Y
 _3360_/X
 _3361_/X
 _3362_/Y
 _3363_/Y
 _3364_/X
 _3365_/Y
 _3366_/X
 _3367_/X
 _3368_/X
 _3369_/Y
 _3370_/X
 _3371_/X
 _3372_/Y
 _3373_/Y
 _3374_/X
 _3375_/Y
 _3376_/X
 _3377_/X
 _3378_/Y
 _3379_/X
 _3380_/X
 _3381_/Y
 _3382_/X
 _3383_/X
 _3384_/X
 _3385_/Y
 _3386_/X
 _3387_/X
 _3388_/X
 _3389_/X
 _3390_/X
 _3391_/X
 _3392_/Y
 _3393_/Y
 _3394_/X
 _3395_/Y
 _3396_/Y
 _3397_/Y
 _3398_/Y
 _3399_/Y
 _3400_/X
 _3401_/X
 _3402_/Y
 _3403_/Y
 _3404_/X
 _3405_/X
 _3406_/Y
 _3407_/Y
 _3408_/Y
 _3409_/X
 _3410_/Y
 _3411_/X
 _3412_/Y
 _3413_/Y
 _3414_/Y
 _3415_/Y
 _3416_/Y
 _3417_/Y
 _3418_/Y
 _3419_/Y
 _3420_/Y
 _3421_/X
 _3422_/X
 _3423_/X
 _3424_/X
 _3425_/Y
 _3426_/X
 _3427_/Y
 _3428_/Y
 _3429_/X
 _3430_/X
 _3431_/Y
 _3432_/Y
 _3433_/Y
 _3434_/X
 _3435_/Y
 _3436_/Y
 _3437_/Y
 _3438_/X
 _3439_/X
 _3440_/X
 _3441_/Y
 _3442_/Y
 _3443_/Y
 _3444_/X
 _3445_/X
 _3446_/X
 _3447_/Y
 _3448_/Y
 _3449_/X
 _3450_/X
 _3451_/X
 _3452_/X
 _3453_/X
 _3454_/Y
 _3455_/X
 _3456_/X
 _3457_/X
 _3458_/X
 _3459_/X
 _3460_/X
 _3461_/Y
 _3462_/Y
 _3463_/X
 _3464_/Y
 _3465_/Y
 _3466_/Y
 _3467_/X
 _3468_/X
 _3469_/Y
 _3470_/Y
 _3471_/Y
 _3472_/X
 _3473_/X
 _3474_/Y
 _3475_/Y
 _3476_/Y
 _3477_/X
 _3478_/Y
 _3479_/X
 _3480_/Y
 _3481_/Y
 _3482_/Y
 _3483_/Y
 _3484_/X
 _3485_/Y
 _3486_/X
 _3487_/X
 _3488_/X
 _3489_/X
 _3490_/X
 _3491_/X
 _3492_/X
 _3493_/X
 _3494_/Y
 _3495_/Y
 _3496_/Y
 _3497_/Y
 _3498_/X
 _3499_/Y
 _3500_/Y
 _3501_/Y
 _3502_/Y
 _3503_/Y
 _3504_/X
 _3505_/Y
 _3506_/X
 _3507_/Y
 _3508_/Y
 _3509_/X
 _3510_/Y
 _3511_/Y
 _3512_/Y
 _3513_/X
 _3514_/X
 _3515_/X
 _3516_/Y
 _3517_/Y
 _3518_/Y
 _3519_/X
 _3520_/X
 _3521_/X
 _3522_/Y
 _3523_/X
 _3524_/X
 _3525_/X
 _3526_/X
 _3527_/Y
 _3528_/Y
 _3529_/X
 _3530_/Y
 _3531_/Y
 _3532_/Y
 _3533_/Y
 _3534_/Y
 _3535_/X
 _3536_/Y
 _3537_/Y
 _3538_/Y
 _3539_/X
 _3540_/X
 _3541_/Y
 _3542_/Y
 _3543_/Y
 _3544_/Y
 _3545_/Y
 _3546_/Y
 _3547_/Y
 _3548_/Y
 _3549_/Y
 _3550_/X
 _3551_/Y
 _3552_/X
 _3553_/Y
 _3554_/Y
 _3555_/Y
 _3556_/X
 _3557_/X
 _3558_/Y
 _3559_/X
 _3560_/X
 _3561_/Y
 _3562_/X
 _3563_/X
 _3564_/X
 _3565_/X
 _3566_/X
 _3567_/X
 _3568_/X
 _3569_/X
 _3570_/Y
 _3571_/X
 _3572_/Y
 _3573_/Y
 _3574_/Y
 _3575_/Y
 _3576_/X
 _3577_/Y
 _3578_/X
 _3579_/Y
 _3580_/X
 _3581_/X
 _3582_/Y
 _3583_/Y
 _3584_/Y
 _3585_/X
 _3586_/X
 _3587_/Y
 _3588_/Y
 _3589_/Y
 _3590_/X
 _3591_/Y
 _3592_/X
 _3593_/X
 _3594_/X
 _3595_/X
 _3596_/X
 _3597_/Y
 _3598_/X
 _3599_/X
 _3600_/Y
 _3601_/Y
 _3602_/Y
 _3603_/X
 _3604_/Y
 _3605_/Y
 _3606_/Y
 _3607_/Y
 _3608_/X
 _3609_/X
 _3610_/Y
 _3611_/Y
 _3612_/Y
 _3613_/X
 _3614_/X
 _3615_/Y
 _3616_/Y
 _3617_/Y
 _3618_/X
 _3619_/X
 _3620_/X
 _3621_/Y
 _3622_/Y
 _3623_/Y
 _3624_/X
 _3625_/Y
 _3626_/X
 _3627_/Y
 _3628_/X
 _3629_/X
 _3630_/Y
 _3631_/X
 _3632_/Y
 _3633_/X
 _3634_/X
 _3635_/Y
 _3636_/Y
 _3637_/X
 _3638_/Y
 _3639_/X
 _3640_/Y
 _3641_/Y
 _3642_/X
 _3643_/Y
 _3644_/X
 _3645_/X
 _3646_/Y
 _3647_/Y
 _3648_/X
 _3649_/Y
 _3650_/Y
 _3651_/Y
 _3652_/Y
 _3653_/Y
 _3654_/Y
 _3655_/X
 _3656_/Y
 _3657_/X
 _3658_/X
 _3659_/X
 _3660_/Y
 _3661_/X
 _3662_/Y
 _3663_/X
 _3664_/X
 _3665_/X
 _3666_/X
 _3667_/X
 _3668_/X
 _3669_/Y
 _3670_/X
 _3671_/Y
 _3672_/Y
 _3673_/Y
 _3674_/X
 _3675_/X
 _3676_/Y
 _3677_/Y
 _3678_/Y
 _3679_/Y
 _3680_/Y
 _3681_/Y
 _3682_/X
 _3683_/X
 _3684_/Y
 _3685_/Y
 _3686_/X
 _3687_/Y
 _3688_/Y
 _3689_/X
 _3690_/X
 _3691_/Y
 _3692_/Y
 _3693_/Y
 _3694_/X
 _3695_/X
 _3696_/X
 _3697_/X
 _3698_/Y
 _3699_/Y
 _3700_/Y
 _3701_/X
 _3702_/Y
 _3703_/X
 _3704_/Y
 _3705_/Y
 _3706_/X
 _3707_/X
 _3708_/Y
 _3709_/Y
 _3710_/Y
 _3711_/X
 _3712_/Y
 _3713_/X
 _3714_/Y
 _3715_/Y
 _3716_/Y
 _3717_/X
 _3718_/X
 _3719_/X
 _3720_/Y
 _3721_/Y
 _3722_/X
 _3723_/X
 _3724_/Y
 _3725_/Y
 _3726_/Y
 _3727_/Y
 _3728_/X
 _3729_/Y
 _3730_/X
 _3731_/Y
 _3732_/X
 _3733_/X
 _3734_/X
 _3735_/Y
 _3736_/Y
 _3737_/Y
 _3738_/Y
 _3739_/X
 _3740_/Y
 _3741_/Y
 _3742_/X
 _3743_/Y
 _3744_/Y
 _3745_/Y
 _3746_/Y
 _3747_/X
 _3748_/X
 _3749_/Y
 _3750_/Y
 _3751_/Y
 _3752_/X
 _3753_/X
 _3754_/X
 _3755_/X
 _3756_/Y
 _3757_/Y
 _3758_/Y
 _3759_/Y
 _3760_/X
 _3761_/X
 _3762_/X
 _3763_/Y
 _3764_/Y
 _3765_/Y
 _3766_/X
 _3767_/Y
 _3768_/X
 _3769_/X
 _3770_/X
 _3771_/X
 _3772_/Y
 _3773_/X
 _3774_/X
 _3775_/Y
 _3776_/X
 _3777_/X
 _3778_/Y
 _3779_/Y
 _3780_/Y
 _3781_/Y
 _3782_/Y
 _3783_/X
 _3784_/Y
 _3785_/X
 _3786_/Y
 _3787_/Y
 _3788_/X
 _3789_/X
 _3790_/Y
 _3791_/X
 _3792_/Y
 _3793_/Y
 _3794_/Y
 _3795_/X
 _3796_/Y
 _3797_/Y
 _3798_/Y
 _3799_/X
 _3800_/Y
 _3801_/Y
 _3802_/X
 _3803_/Y
 _3804_/X
 _3805_/Y
 _3806_/Y
 _3807_/X
 _3808_/Y
 _3809_/X
 _3810_/X
 _3811_/Y
 _3812_/X
 _3813_/Y
 _3814_/X
 _3815_/Y
 _3816_/X
 _3817_/Y
 _3818_/X
 _3819_/Y
 _3820_/X
 _3821_/Y
 _3822_/Y
 _3823_/Y
 _3824_/X
 _3825_/X
 _3826_/X
 _3827_/Y
 _3828_/Y
 _3829_/X
 _3830_/Y
 _3831_/X
 _3832_/Y
 _3833_/X
 _3834_/Y
 _3835_/X
 _3836_/Y
 _3837_/X
 _3838_/Y
 _3839_/X
 _3840_/Y
 _3841_/X
 _3842_/X
 _3843_/Y
 _3844_/X
 _3845_/Y
 _3846_/X
 _3847_/X
 _3848_/Y
 _3849_/X
 _3850_/Y
 _3851_/X
 _3852_/Y
 _3853_/Y
 _3854_/Y
 _3855_/Y
 _3856_/X
 _3857_/X
 _3858_/Y
 _3859_/X
 _3860_/X
 _3861_/X
 _3862_/Y
 _3863_/X
 _3864_/Y
 _3865_/Y
 _3866_/X
 _3867_/Y
 _3868_/X
 _3869_/X
 _3870_/X
 _3871_/Y
 _3872_/Y
 _3873_/Y
 _3874_/Y
 _3875_/Y
 _3876_/X
 _3877_/Y
 _3878_/Y
 _3879_/X
 _3880_/X
 _3881_/X
 _3882_/Y
 _3883_/Y
 _3884_/X
 _3885_/Y
 _3886_/X
 _3887_/X
 _3888_/Y
 _3889_/X
 _3890_/Y
 _3891_/Y
 _3892_/Y
 _3893_/Y
 _3894_/X
 _3895_/X
 _3896_/Y
 _3897_/X
 _3898_/X
 _3899_/X
 _3900_/X
 _3901_/X
 _3902_/X
 _3903_/Y
 _3904_/Y
 _3905_/Y
 _3906_/X
 _3907_/Y
 _3908_/Y
 _3909_/Y
 _3910_/Y
 _3911_/Y
 _3912_/Y
 _3913_/X
 _3914_/Y
 _3915_/X
 _3916_/X
 _3917_/Y
 _3918_/X
 _3919_/X
 _3920_/Y
 _3921_/Y
 _3922_/Y
 _3923_/Y
 _3924_/Y
 _3925_/X
 _3926_/Y
 _3927_/Y
 _3928_/X
 _3929_/Y
 _3930_/X
 _3931_/Y
 _3932_/Y
 _3933_/Y
 _3934_/X
 _3935_/X
 _3936_/X
 _3937_/Y
 _3938_/Y
 _3939_/Y
 _3940_/Y
 _3941_/X
 _3942_/Y
 _3943_/X
 _3944_/Y
 _3945_/X
 _3946_/Y
 _3947_/Y
 _3948_/Y
 _3949_/Y
 _3950_/X
 _3951_/X
 _3952_/X
 _3953_/X
 _3954_/Y
 _3955_/X
 _3956_/X
 _3957_/Y
 _3958_/X
 _3959_/Y
 _3960_/Y
 _3961_/X
 _3962_/Y
 _3963_/X
 _3964_/X
 _3965_/X
 _3966_/Y
 _3967_/Y
 _3968_/X
 _3969_/X
 _3970_/X
 _3971_/X
 _3972_/Y
 _3973_/X
 _3974_/Y
 _3975_/Y
 _3976_/X
 _3977_/Y
 _3978_/X
 _3979_/Y
 _3980_/X
 _3981_/Y
 _3982_/X
 _3983_/X
 _3984_/X
 _3985_/Y
 _3986_/Y
 _3987_/X
 _3988_/X
 _3989_/Y
 _3990_/X
 _3991_/Y
 _3992_/X
 _3993_/X
 _3994_/Y
 _3995_/X
 _3996_/Y
 _3997_/X
 _3998_/Y
 _3999_/Y
 _4000_/Y
 _4001_/X
 _4002_/Y
 _4003_/X
 _4004_/Y
 _4005_/X
 _4006_/X
 _4007_/Y
 _4008_/X
 _4009_/Y
 _4010_/Y
 _4011_/Y
 _4012_/X
 _4013_/Y
 _4014_/Y
 _4015_/X
 _4016_/Y
 _4017_/X
 _4018_/X
 _4019_/Y
 _4020_/Y
 _4021_/Y
 _4022_/Y
 _4023_/Y
 _4024_/Y
 _4025_/Y
 _4026_/Y
 _4027_/Y
 _4028_/Y
 _4029_/X
 _4030_/Y
 _4031_/X
 _4032_/Y
 _4033_/Y
 _4034_/Y
 _4035_/Y
 _4036_/Y
 _4037_/Y
 _4038_/X
 _4039_/Y
 _4040_/X
 _4041_/Y
 _4042_/X
 _4043_/Y
 _4044_/Y
 _4045_/Y
 _4046_/Y
 _4047_/X
 _4048_/X
 _4049_/X
 _4050_/Y
 _4051_/Y
 _4052_/Y
 _4053_/X
 _4054_/Y
 _4055_/Y
 _4056_/X
 _4057_/X
 _4058_/Y
 _4059_/X
 _4060_/Y
 _4061_/X
 _4062_/X
 _4063_/X
 _4064_/Y
 _4065_/Y
 _4066_/X
 _4067_/X
 _4068_/Y
 _4069_/Y
 _4070_/Y
 _4071_/Y
 _4072_/X
 _4073_/Y
 _4074_/Y
 _4075_/Y
 _4076_/Y
 _4077_/Y
 _4078_/X
 _4079_/Y
 _4080_/X
 _4081_/X
 _4082_/X
 _4083_/X
 _4084_/Y
 _4085_/X
 _4086_/Y
 _4087_/X
 _4088_/X
 _4089_/Y
 _4090_/X
 _4091_/Y
 _4092_/Y
 _4093_/X
 _4094_/Y
 _4095_/X
 _4096_/X
 _4097_/Y
 _4098_/X
 _4099_/X
 _4100_/X
 _4101_/Y
 _4102_/Y
 _4103_/Y
 _4104_/X
 _4105_/X
 _4106_/X
 _4107_/Y
 _4108_/X
 _4109_/X
 _4110_/X
 _4111_/Y
 _4112_/X
 _4113_/Y
 _4114_/X
 _4115_/X
 _4116_/Y
 _4117_/X
 _4118_/Y
 _4119_/Y
 _4120_/X
 _4121_/X
 _4122_/Y
 _4123_/Y
 _4124_/Y
 _4125_/Y
 _4126_/X
 _4127_/X
 _4128_/Y
 _4129_/Y
 _4130_/X
 _4131_/X
 _4132_/Y
 _4133_/X
 _4134_/Y
 _4135_/Y
 _4136_/Y
 _4137_/X
 _4138_/Y
 _4139_/Y
 _4140_/Y
 _4141_/Y
 _4142_/Y
 _4143_/Y
 _4144_/Y
 _4145_/Y
 _4146_/X
 _4147_/Y
 _4148_/X
 _4149_/Y
 _4150_/X
 _4151_/Y
 _4152_/Y
 _4153_/Y
 _4154_/Y
 _4155_/X
 _4156_/X
 _4157_/Y
 _4158_/Y
 _4159_/X
 _4160_/X
 _4161_/X
 _4162_/Y
 _4163_/X
 _4164_/X
 _4165_/Y
 _4166_/Y
 _4167_/Y
 _4168_/X
 _4169_/X
 _4170_/Y
 _4171_/X
 _4172_/Y
 _4173_/Y
 _4174_/X
 _4175_/Y
 _4176_/Y
 _4177_/Y
 _4178_/X
 _4179_/Y
 _4180_/Y
 _4181_/Y
 _4182_/Y
 _4183_/X
 _4184_/Y
 _4185_/X
 _4186_/Y
 _4187_/X
 _4188_/X
 _4189_/Y
 _4190_/X
 _4191_/X
 _4192_/Y
 _4193_/Y
 _4194_/Y
 _4195_/X
 _4196_/Y
 _4197_/Y
 _4198_/X
 _4199_/Y
 _4200_/X
 _4201_/Y
 _4202_/Y
 _4203_/Y
 _4204_/X
 _4205_/Y
 _4206_/Y
 _4207_/X
 _4208_/Y
 _4209_/Y
 _4210_/Y
 _4211_/X
 _4212_/X
 _4213_/X
 _4214_/X
 _4215_/X
 _4216_/X
 _4217_/Y
 _4218_/X
 _4219_/Y
 _4220_/Y
 _4221_/X
 _4222_/X
 _4223_/Y
 _4224_/Y
 _4225_/X
 _4226_/X
 _4227_/X
 _4228_/Y
 _4229_/Y
 _4230_/X
 _4231_/Y
 _4232_/Y
 _4233_/X
 _4234_/X
 _4235_/Y
 _4236_/Y
 _4237_/Y
 _4238_/X
 _4239_/X
 _4240_/Y
 _4241_/X
 _4242_/Y
 _4243_/Y
 _4244_/X
 _4245_/X
 _4246_/X
 _4247_/X
 _4248_/Y
 _4249_/Y
 _4250_/Y
 _4251_/X
 _4252_/X
 _4253_/X
 _4254_/X
 _4255_/Y
 _4256_/Y
 _4257_/Y
 _4258_/Y
 _4259_/X
 _4260_/Y
 _4261_/X
 _4262_/Y
 _4263_/Y
 _4264_/Y
 _4265_/Y
 _4266_/X
 _4267_/Y
 _4268_/Y
 _4269_/X
 _4270_/X
 _4271_/X
 _4272_/X
 _4273_/X
 _4274_/Y
 _4275_/Y
 _4276_/X
 _4277_/X
 _4278_/Y
 _4279_/Y
 _4280_/Y
 _4281_/X
 _4282_/X
 _4283_/X
 _4284_/X
 _4285_/Y
 _4286_/Y
 _4287_/Y
 _4288_/X
 _4289_/Y
 _4290_/X
 _4291_/Y
 _4292_/Y
 _4293_/Y
 _4294_/Y
 _4295_/Y
 _4296_/X
 _4297_/Y
 _4298_/X
 _4299_/Y
 _4300_/X
 _4301_/X
 _4302_/Y
 _4303_/Y
 _4304_/Y
 _4305_/X
 _4306_/Y
 _4307_/Y
 _4308_/X
 _4309_/X
 _4310_/X
 _4311_/X
 _4312_/Y
 _4313_/X
 _4314_/Y
 _4315_/X
 _4316_/Y
 _4317_/X
 _4318_/X
 _4319_/Y
 _4320_/X
 _4321_/X
 _4322_/Y
 _4323_/Y
 _4324_/Y
 _4325_/Y
 _4326_/Y
 _4327_/X
 _4328_/X
 _4329_/X
 _4330_/X
 _4331_/X
 _4332_/X
 _4333_/Y
 _4334_/Y
 _4335_/X
 _4336_/Y
 _4337_/X
 _4338_/X
 _4339_/Y
 _4340_/X
 _4341_/Y
 _4342_/X
 _4343_/X
 _4344_/Y
 _4345_/Y
 _4346_/Y
 _4347_/X
 _4348_/X
 _4349_/X
 _4350_/Y
 _4351_/Y
 _4352_/Y
 _4353_/X
 _4354_/Y
 _4355_/Y
 _4356_/X
 _4357_/X
 _4358_/Y
 _4359_/X
 _4360_/Y
 _4361_/X
 _4362_/X
 _4363_/Y
 _4364_/X
 _4365_/Y
 _4366_/Y
 _4367_/Y
 _4368_/X
 _4369_/X
 _4370_/Y
 _4371_/X
 _4372_/Y
 _4373_/Y
 _4374_/Y
 _4375_/X
 _4376_/Y
 _4377_/X
 _4378_/Y
 _4379_/Y
 _4380_/Y
 _4381_/Y
 _4382_/Y
 _4383_/X
 _4384_/X
 _4385_/Y
 _4386_/Y
 _4387_/X
 _4388_/X
 _4389_/Y
 _4390_/X
 _4391_/Y
 _4392_/X
 _4393_/X
 _4394_/Y
 _4395_/Y
 _4396_/Y
 _4397_/X
 _4398_/X
 _4399_/X
 _4400_/X
 _4401_/Y
 _4402_/Y
 _4403_/Y
 _4404_/Y
 _4405_/X
 _4406_/Y
 _4407_/Y
 _4408_/Y
 _4409_/X
 _4410_/X
 _4411_/X
 _4412_/Y
 _4413_/Y
 _4414_/Y
 _4415_/X
 _4416_/X
 _4417_/Y
 _4418_/Y
 _4419_/Y
 _4420_/X
 _4421_/X
 _4422_/Y
 _4423_/Y
 _4424_/Y
 _4425_/Y
 _4426_/Y
 _4427_/X
 _4428_/Y
 _4429_/X
 _4430_/Y
 _4431_/Y
 _4432_/X
 _4433_/Y
 _4434_/X
 _4435_/Y
 _4436_/X
 _4437_/X
 _4438_/Y
 _4439_/X
 _4440_/Y
 _4441_/Y
 _4442_/X
 _4443_/Y
 _4444_/X
 _4445_/Y
 _4446_/Y
 _4447_/X
 _4448_/X
 _4449_/X
 _4450_/X
 _4451_/Y
 _4452_/Y
 _4453_/X
 _4454_/Y
 _4455_/X
 _4456_/Y
 _4457_/Y
 _4458_/Y
 _4459_/X
 _4460_/X
 _4461_/Y
 _4462_/X
 _4463_/Y
 _4464_/Y
 _4465_/X
 _4466_/X
 _4467_/X
 _4468_/Y
 _4469_/X
 _4470_/Y
 _4471_/Y
 _4472_/Y
 _4473_/Y
 _4474_/X
 _4475_/Y
 _4476_/X
 _4477_/Y
 _4478_/Y
 _4479_/Y
 _4480_/Y
 _4481_/Y
 _4482_/Y
 _4483_/Y
 _4484_/Y
 _4485_/X
 _4486_/Y
 _4487_/X
 _4488_/X
 _4489_/X
 _4490_/Y
 _4491_/Y
 _4492_/Y
 _4493_/Y
 _4494_/X
 _4495_/X
 _4496_/Y
 _4497_/X
 _4498_/Y
 _4499_/X
 _4500_/Y
 _4501_/Y
 _4502_/Y
 _4503_/X
 _4504_/X
 _4505_/Y
 _4506_/Y
 _4507_/X
 _4508_/Y
 _4509_/Y
 _4510_/X
 _4511_/Y
 _4512_/X
 _4513_/Y
 _4514_/X
 _4515_/Y
 _4516_/Y
 _4517_/Y
 _4518_/X
 _4519_/X
 _4520_/X
 _4521_/Y
 _4522_/Y
 _4523_/Y
 _4524_/Y
 _4525_/Y
 _4526_/Y
 _4527_/Y
 _4528_/Y
 _4529_/X
 _4530_/Y
 _4531_/X
 _4532_/Y
 _4533_/Y
 _4534_/X
 _4535_/Y
 _4536_/X
 _4537_/X
 _4538_/Y
 _4539_/Y
 _4540_/Y
 _4541_/X
 _4542_/Y
 _4543_/X
 _4544_/Y
 _4545_/Y
 _4546_/X
 _4547_/X
 _4548_/X
 _4549_/Y
 _4550_/Y
 _4551_/X
 _4552_/Y
 _4553_/X
 _4554_/Y
 _4555_/X
 _4556_/X
 _4557_/X
 _4558_/X
 _4559_/X
 _4560_/Y
 _4561_/Y
 _4562_/Y
 _4563_/Y
 _4564_/Y
 _4565_/X
 _4566_/X
 _4567_/Y
 _4568_/X
 _4569_/X
 _4570_/Y
 _4571_/Y
 _4572_/X
 _4573_/Y
 _4574_/Y
 _4575_/X
 _4576_/Y
 _4577_/X
 _4578_/X
 _4579_/X
 _4580_/Y
 _4581_/Y
 _4582_/X
 _4583_/Y
 _4584_/Y
 _4585_/X
 _4586_/X
 _4587_/Y
 _4588_/X
 _4589_/Y
 _4590_/X
 _4591_/Y
 _4592_/Y
 _4593_/X
 _4594_/Y
 _4595_/X
 _4596_/X
 _4597_/Y
 _4598_/X
 _4599_/Y
 _4600_/Y
 _4601_/Y
 _4602_/X
 _4603_/Y
 _4604_/Y
 _4605_/Y
 _4606_/X
 _4607_/X
 _4608_/Y
 _4609_/X
 _4610_/X
 _4611_/Y
 _4612_/Y
 _4613_/X
 _4614_/Y
 _4615_/X
 _4616_/X
 _4617_/Y
 _4618_/Y
 _4619_/X
 _4620_/X
 _4621_/X
 _4622_/X
 _4623_/Y
 _4624_/Y
 _4625_/X
 _4626_/X
 _4627_/Y
 _4628_/Y
 _4629_/X
 _4630_/Y
 _4631_/X
 _4632_/Y
 _4633_/Y
 _4634_/Y
 _4635_/Y
 _4636_/X
 _4637_/Y
 _4638_/Y
 _4639_/X
 _4640_/Y
 _4641_/Y
 _4642_/X
 _4643_/Y
 _4644_/X
 _4645_/Y
 _4646_/Y
 _4647_/X
 _4648_/Y
 _4649_/X
 _4650_/Y
 _4651_/X
 _4652_/Y
 _4653_/Y
 _4654_/X
 _4655_/X
 _4656_/Y
 _4657_/Y
 _4658_/X
 _4659_/Y
 _4660_/X
 _4661_/Y
 _4662_/Y
 _4663_/X
 _4664_/X
 _4665_/Y
 _4666_/X
 _4667_/X
 _4668_/Y
 _4669_/X
 _4670_/X
 _4671_/Y
 _4672_/Y
 _4673_/Y
 _4674_/X
 _4675_/X
 _4676_/Y
 _4677_/X
 _4678_/Y
 _4679_/Y
 _4680_/X
 _4681_/X
 _4682_/Y
 _4683_/X
 _4684_/X
 _4685_/X
 _4686_/Y
 _4687_/Y
 _4688_/X
 _4689_/Y
 _4690_/Y
 _4691_/X
 _4692_/Y
 _4693_/X
 _4694_/X
 _4695_/Y
 _4696_/Y
 _4697_/X
 _4698_/Y
 _4699_/X
 _4700_/Y
 _4701_/Y
 _4702_/X
 _4703_/Y
 _4704_/X
 _4705_/Y
 _4706_/Y
 _4707_/Y
 _4708_/X
 _4709_/X
 _4710_/Y
 _4711_/Y
 _4712_/X
 _4713_/X
 _4714_/X
 _4715_/X
 _4716_/Y
 _4717_/Y
 _4718_/X
 _4719_/Y
 _4720_/Y
 _4721_/X
 _4722_/Y
 _4723_/X
 _4724_/Y
 _4725_/X
 _4726_/X
 _4727_/Y
 _4728_/X
 _4729_/X
 _4730_/Y
 _4731_/Y
 _4732_/X
 _4733_/Y
 _4734_/Y
 _4735_/X
 _4736_/X
 _4737_/X
 _4738_/Y
 _4739_/Y
 _4740_/X
 _4741_/Y
 _4742_/Y
 _4743_/X
 _4744_/Y
 _4745_/X
 _4746_/X
 _4747_/X
 _4748_/Y
 _4749_/X
 _4750_/X
 _4751_/Y
 _4752_/Y
 _4753_/X
 _4754_/X
 _4755_/Y
 _4756_/X
 _4757_/X
 _4758_/X
 _4759_/X
 _4760_/X
 _4761_/X
 _4762_/Y
 _4763_/X
 _4764_/Y
 _4765_/X
 _4766_/Y
 _4767_/X
 _4768_/X
 _4769_/Y
 _4770_/Y
 _4771_/Y
 _4772_/Y
 _4773_/X
 _4774_/Y
 _4775_/Y
 _4776_/X
 _4777_/Y
 _4778_/Y
 _4779_/X
 _4780_/X
 _4781_/Y
 _4782_/Y
 _4783_/Y
 _4784_/Y
 _4785_/X
 _4786_/Y
 _4787_/Y
 _4788_/Y
 _4789_/Y
 _4790_/X
 _4791_/X
 _4792_/X
 _4793_/Y
 _4794_/X
 _4795_/Y
 _4796_/X
 _4797_/Y
 _4798_/Y
 _4799_/Y
 _4800_/X
 _4801_/X
 _4802_/Y
 _4803_/Y
 _4804_/X
 _4805_/Y
 _4806_/X
 _4807_/Y
 _4808_/X
 _4809_/X
 _4810_/Y
 _4811_/Y
 _4812_/Y
 _4813_/X
 _4814_/X
 _4815_/Y
 _4816_/X
 _4817_/Y
 _4818_/Y
 _4819_/X
 _4820_/X
 _4821_/X
 _4822_/X
 _4823_/Y
 _4824_/Y
 _4825_/X
 _4826_/Y
 _4827_/X
 _4828_/X
 _4829_/Y
 _4830_/Y
 _4831_/Y
 _4832_/X
 _4833_/Y
 _4834_/Y
 _4835_/X
 _4836_/Y
 _4837_/Y
 _4838_/X
 _4839_/Y
 _4840_/X
 _4841_/X
 _4842_/X
 _4843_/X
 _4844_/X
 _4845_/Y
 _4846_/X
 _4847_/X
 _4848_/Y
 _4849_/X
 _4850_/X
 _4851_/X
 _4852_/X
 _4853_/Y
 _4854_/X
 _4855_/X
 _4856_/Y
 _4857_/Y
 _4858_/X
 _4859_/Y
 _4860_/X
 _4861_/Y
 _4862_/X
 _4863_/X
 _4864_/Y
 _4865_/X
 _4866_/X
 _4867_/Y
 _4868_/X
 _4869_/X
 _4870_/Y
 _4871_/X
 _4872_/Y
 _4873_/Y
 _4874_/Y
 _4875_/X
 _4876_/Y
 _4877_/Y
 _4878_/Y
 _4879_/Y
 _4880_/Y
 _4881_/X
 _4882_/Y
 _4883_/Y
 _4884_/X
 _4885_/Y
 _4886_/X
 _4887_/X
 _4888_/Y
 _4889_/Y
 _4890_/Y
 _4891_/X
 _4892_/X
 _4893_/X
 _4894_/Y
 _4895_/X
 _4896_/Y
 _4897_/X
 _4898_/Y
 _4899_/X
 _4900_/Y
 _4901_/Y
 _4902_/X
 _4903_/Y
 _4904_/X
 _4905_/X
 _4906_/X
 _4907_/Y
 _4908_/Y
 _4909_/Y
 _4910_/Y
 _4911_/X
 _4912_/Y
 _4913_/X
 _4914_/Y
 _4915_/Y
 _4916_/Y
 _4917_/Y
 _4918_/Y
 _4919_/X
 _4920_/Y
 _4921_/Y
 _4922_/X
 _4923_/Y
 _4924_/Y
 _4925_/X
 _4926_/X
 _4927_/Y
 _4928_/Y
 _4929_/X
 _4930_/Y
 _4931_/X
 _4932_/Y
 _4933_/X
 _4934_/X
 _4935_/Y
 _4936_/X
 _4937_/X
 _4938_/Y
 _4939_/Y
 _4940_/X
 _4941_/Y
 _4942_/Y
 _4943_/Y
 _4944_/X
 _4945_/Y
 _4946_/X
 _4947_/Y
 _4948_/Y
 _4949_/Y
 _4950_/X
 _4951_/Y
 _4952_/X
 _4953_/Y
 _4954_/X
 _4955_/Y
 _4956_/X
 _4957_/X
 _4958_/Y
 _4959_/X
 _4960_/Y
 _4961_/Y
 _4962_/X
 _4963_/X
 _4964_/X
 _4965_/Y
 _4966_/Y
 _4967_/Y
 _4968_/Y
 _4969_/X
 _4970_/X
 _4971_/Y
 _4972_/Y
 _4973_/X
 _4974_/X
 _4975_/Y
 _4976_/X
 _4977_/Y
 _4978_/Y
 _4979_/Y
 _4980_/X
 _4981_/Y
 _4982_/Y
 _4983_/Y
 _4984_/Y
 _4985_/Y
 _4986_/Y
 _4987_/X
 _4988_/Y
 _4989_/X
 _4990_/X
 _4991_/Y
 _4992_/X
 _4993_/X
 _4994_/X
 _4995_/X
 _4996_/Y
 _4997_/X
 _4998_/Y
 _4999_/X
 _5000_/X
 _5001_/Y
 _5002_/Y
 _5003_/X
 _5004_/Y
 _5005_/X
 _5006_/X
 _5007_/Y
 _5008_/X
 _5009_/Y
 _5010_/Y
 _5011_/Y
 _5012_/X
 _5013_/X
 _5014_/X
 _5015_/X
 _5016_/Y
 _5017_/X
 _5018_/Y
 _5019_/X
 _5020_/Y
 _5021_/Y
 _5022_/X
 _5023_/Y
 _5024_/X
 _5025_/Y
 _5026_/Y
 _5027_/X
 _5028_/Y
 _5029_/X
 _5030_/Y
 _5031_/Y
 _5032_/Y
 _5033_/Y
 _5034_/Y
 _5035_/Y
 _5036_/X
 _5037_/Y
 _5038_/Y
 _5039_/Y
 _5040_/Y
 _5041_/Y
 _5042_/Y
 _5043_/X
 _5044_/X
 _5045_/Y
 _5046_/Y
 _5047_/X
 _5048_/X
 _5049_/X
 _5050_/X
 _5051_/X
 _5052_/X
 _5053_/X
 _5054_/X
 _5055_/X
 _5056_/Y
 _5057_/X
 _5058_/X
 _5059_/Y
 _5060_/Y
 _5061_/X
 _5062_/Y
 _5063_/X
 _5064_/Y
 _5065_/Y
 _5066_/Y
 _5067_/Y
 _5068_/X
 _5069_/Y
 _5070_/Y
 _5071_/Y
 _5072_/Y
 _5073_/X
 _5074_/Y
 _5075_/Y
 _5076_/X
 _5077_/Y
 _5078_/X
 _5079_/Y
 _5080_/X
 _5081_/X
 _5082_/Y
 _5083_/Y
 _5084_/Y
 _5085_/X
 _5086_/Y
 _5087_/X
 _5088_/X
 _5089_/X
 _5090_/Y
 _5091_/X
 _5092_/Y
 _5093_/Y
 _5094_/X
 _5095_/X
 _5096_/Y
 _5097_/X
 _5098_/Y
 _5099_/Y
 _5100_/Y
 _5101_/Y
 _5102_/Y
 _5103_/X
 _5104_/Y
 _5105_/X
 _5106_/Y
 _5107_/X
 _5108_/Y
 _5109_/Y
 _5110_/X
 _5111_/X
 _5112_/Y
 _5113_/Y
 _5114_/Y
 _5115_/X
 _5116_/Y
 _5117_/X
 _5118_/X
 _5119_/Y
 _5120_/Y
 _5121_/X
 _5122_/Y
 _5123_/Y
 _5124_/Y
 _5125_/X
 _5126_/Y
 _5127_/X
 _5128_/X
 _5129_/X
 _5130_/Y
 _5131_/Y
 _5132_/Y
 _5133_/X
 _5134_/Y
 _5135_/X
 _5136_/Y
 _5137_/Y
 _5138_/Y
 _5139_/X
 _5140_/Y
 _5141_/Y
 _5142_/X
 _5143_/Y
 _5144_/Y
 _5145_/X
 _5146_/X
 _5147_/Y
 _5148_/X
 _5149_/Y
 _5150_/X
 _5151_/X
 _5152_/Y
 _5153_/Y
 _5154_/Y
 _5155_/X
 _5156_/Y
 _5157_/X
 _5158_/X
 _5159_/Y
 _5160_/Y
 _5161_/Y
 _5162_/Y
 _5163_/Y
 _5164_/X
 _5165_/Y
 _5166_/X
 _5167_/Y
 _5168_/X
 _5169_/X
 _5170_/Y
 _5171_/Y
 _5172_/X
 _5173_/X
 _5174_/Y
 _5175_/Y
 _5176_/X
 _5177_/X
 _5178_/Y
 _5179_/X
 _5180_/X
 _5181_/Y
 _5182_/X
 _5183_/Y
 _5184_/Y
 _5185_/Y
 _5186_/Y
 _5187_/Y
 _5188_/Y
 _5189_/Y
 _5190_/X
 _5191_/X
 _5192_/Y
 _5193_/X
 _5194_/Y
 _5195_/X
 _5196_/Y
 _5197_/Y
 _5198_/X
 _5199_/Y
 _5200_/X
 _5201_/Y
 _5202_/Y
 _5203_/X
 _5204_/X
 _5205_/X
 _5206_/Y
 _5207_/X
 _5208_/Y
 _5209_/Y
 _5210_/Y
 _5211_/X
 _5212_/Y
 _5213_/Y
 _5214_/Y
 _5215_/Y
 _5216_/Y
 _5217_/Y
 _5218_/Y
 _5219_/X
 _5220_/Y
 _5221_/X
 _5222_/X
 _5223_/X
 _5224_/Y
 _5225_/Y
 _5226_/Y
 _5227_/Y
 _5228_/X
 _5229_/Y
 _5230_/Y
 _5231_/Y
 _5232_/Y
 _5233_/X
 _5234_/X
 _5235_/Y
 _5236_/Y
 _5237_/X
 _5238_/Y
 _5239_/X
 _5240_/Y
 _5241_/X
 _5242_/Y
 _5243_/Y
 _5244_/Y
 _5245_/X
 _5246_/Y
 _5247_/X
 _5248_/X
 _5249_/Y
 _5250_/Y
 _5251_/X
 _5252_/Y
 _5253_/X
 _5254_/Y
 _5255_/Y
 _5256_/Y
 _5257_/Y
 _5258_/Y
 _5259_/Y
 _5260_/Y
 _5261_/X
 _5262_/X
 _5263_/Y
 _5264_/Y
 _5265_/X
 _5266_/Y
 _5267_/Y
 _5268_/X
 _5269_/X
 _5270_/X
 _5271_/Y
 _5272_/X
 _5273_/X
 _5274_/X
 _5275_/X
 _5276_/X
 _5277_/X
 _5278_/Y
 _5279_/X
 _5280_/X
 _5281_/Y
 _5282_/X
 _5283_/X
 _5284_/Y
 _5285_/Y
 _5286_/Y
 _5287_/X
 _5288_/Y
 _5289_/Y
 _5290_/X
 _5291_/X
 _5292_/Y
 _5293_/Y
 _5294_/Y
 _5295_/Y
 _5296_/Y
 _5297_/X
 _5298_/Y
 _5299_/X
 _5300_/X
 _5301_/Y
 _5302_/X
 _5303_/Y
 _5304_/Y
 _5305_/Y
 _5306_/X
 _5307_/Y
 _5308_/Y
 _5309_/X
 _5310_/Y
 _5311_/X
 _5312_/Y
 _5313_/X
 _5314_/X
 _5315_/Y
 _5316_/X
 _5317_/Y
 _5318_/X
 _5319_/Y
 _5320_/X
 _5321_/Y
 _5322_/Y
 _5323_/Y
 _5324_/Y
 _5325_/Y
 _5326_/X
 _5327_/X
 _5328_/Y
 _5329_/Y
 _5330_/X
 _5331_/Y
 _5332_/Y
 _5333_/X
 _5334_/Y
 _5335_/Y
 _5336_/X
 _5337_/X
 _5338_/Y
 _5339_/X
 _5340_/Y
 _5341_/X
 _5342_/Y
 _5343_/X
 _5344_/Y
 _5345_/Y
 _5346_/Y
 _5347_/Y
 _5348_/X
 _5349_/Y
 _5350_/X
 _5351_/X
 _5352_/X
 _5353_/X
 _5354_/X
 _5355_/Y
 _5356_/Y
 _5357_/Y
 _5358_/X
 _5359_/Y
 _5360_/X
 _5361_/Y
 _5362_/X
 _5363_/Y
 _5364_/X
 _5365_/Y
 _5366_/X
 _5367_/Y
 _5368_/X
 _5369_/X
 _5370_/Y
 _5371_/Y
 _5372_/Y
 _5373_/X
 _5374_/Y
 _5375_/X
 _5376_/Y
 _5377_/Y
 _5378_/Y
 _5379_/Y
 _5380_/X
 _5381_/Y
 _5382_/X
 _5383_/X
 _5384_/Y
 _5385_/X
 _5386_/Y
 _5387_/Y
 _5388_/X
 _5389_/Y
 _5390_/X
 _5391_/X
 _5392_/X
 _5393_/Y
 _5394_/X
 _5395_/Y
 _5396_/Y
 _5397_/Y
 _5398_/X
 _5399_/X
 _5400_/Y
 _5401_/X
 _5402_/Y
 _5403_/Y
 _5404_/X
 _5405_/X
 _5406_/Y
 _5407_/Y
 _5408_/X
 _5409_/X
 _5410_/X
 _5411_/Y
 _5412_/X
 _5413_/X
 _5414_/X
 _5415_/Y
 _5416_/X
 _5417_/Y
 _5418_/Y
 _5419_/Y
 _5420_/Y
 _5421_/Y
 _5422_/X
 _5423_/Y
 _5424_/Y
 _5425_/Y
 _5426_/X
 _5427_/Y
 _5428_/X
 _5429_/Y
 _5430_/Y
 _5431_/X
 _5432_/Y
 _5433_/Y
 _5434_/Y
 _5435_/X
 _5436_/Y
 _5437_/X
 _5438_/Y
 _5439_/X
 _5440_/X
 _5441_/Y
 _5442_/Y
 _5443_/Y
 _5444_/X
 _5445_/X
 _5446_/X
 _5447_/X
 _5448_/Y
 _5449_/Y
 _5450_/Y
 _5451_/X
 _5452_/X
 _5453_/Y
 _5454_/Y
 _5455_/Y
 _5456_/X
 _5457_/X
 _5458_/Y
 _5459_/X
 _5460_/Y
 _5461_/Y
 _5462_/X
 _5463_/Y
 _5464_/Y
 _5465_/Y
 _5466_/X
 _5467_/Y
 _5468_/Y
 _5469_/Y
 _5470_/X
 _5471_/X
 _5472_/Y
 _5473_/X
 _5474_/X
 _5475_/Y
 _5476_/Y
 _5477_/Y
 _5478_/Y
 _5479_/X
 _5480_/Y
 _5481_/Y
 _5482_/X
 _5483_/X
 _5484_/X
 _5485_/Y
 _5486_/X
 _5487_/Y
 _5488_/Y
 _5489_/X
 _5490_/Y
 _5491_/X
 _5492_/X
 _5493_/X
 _5494_/X
 _5495_/Y
 _5496_/X
 _5497_/X
 _5498_/Y
 _5499_/Y
 _5500_/Y
 _5501_/Y
 _5502_/X
 _5503_/X
 _5504_/X
 _5505_/Y
 _5506_/Y
 _5507_/X
 _5508_/Y
 _5509_/X
 _5510_/Y
 _5511_/X
 _5512_/Y
 _5513_/Y
 _5514_/Y
 _5515_/X
 _5516_/Y
 _5517_/X
 _5518_/Y
 _5519_/Y
 _5520_/X
 _5521_/Y
 _5522_/Y
 _5523_/Y
 _5524_/Y
 _5525_/Y
 _5526_/X
 _5527_/Y
 _5528_/X
 _5529_/Y
 _5530_/X
 _5531_/Y
 _5532_/Y
 _5533_/X
 _5534_/X
 _5535_/X
 _5536_/X
 _5537_/X
 _5538_/X
 _5539_/X
 _5540_/X
 _5541_/X
 _5542_/X
 _5543_/Y
 _5544_/Y
 _5545_/Y
 _5546_/X
 _5547_/Y
 _5548_/X
 _5549_/X
 _5550_/Y
 _5551_/Y
 _5552_/X
 _5553_/Y
 _5554_/X
 _5555_/X
 _5556_/Y
 _5557_/X
 _5558_/X
 _5559_/Y
 _5560_/Y
 _5561_/Y
 _5562_/X
 _5563_/X
 _5564_/Y
 _5565_/X
 _5566_/X
 _5567_/Y
 _5568_/Y
 _5569_/Y
 _5570_/Y
 _5571_/X
 _5572_/Y
 _5573_/Y
 _5574_/Y
 _5575_/X
 _5576_/Y
 _5577_/Y
 _5578_/Y
 _5579_/Y
 _5580_/X
 _5581_/Y
 _5582_/X
 _5583_/Y
 _5584_/X
 _5585_/Y
 _5586_/Y
 _5587_/X
 _5588_/Y
 _5589_/X
 _5590_/Y
 _5591_/X
 _5592_/Y
 _5593_/Y
 _5594_/X
 _5595_/Y
 _5596_/X
 _5597_/Y
 _5598_/Y
 _5599_/Y
 _5600_/Y
 _5601_/Y
 _5602_/Y
 _5603_/X
 _5604_/X
 _5605_/Y
 _5606_/X
 _5607_/Y
 _5608_/X
 _5609_/Y
 _5610_/Y
 _5611_/X
 _5612_/Y
 _5613_/Y
 _5614_/Y
 _5615_/Y
 _5616_/X
 _5617_/X
 _5618_/Y
 _5619_/Y
 _5620_/Y
 _5621_/X
 _5622_/X
 _5623_/Y
 _5624_/X
 _5625_/Y
 _5626_/Y
 _5627_/X
 _5628_/Y
 _5629_/X
 _5630_/X
 _5631_/X
 _5632_/Y
 _5633_/X
 _5634_/X
 _5635_/Y
 _5636_/X
 _5637_/Y
 _5638_/Y
 _5639_/Y
 _5640_/X
 _5641_/X
 _5642_/Y
 _5643_/Y
 _5644_/Y
 _5645_/X
 _5646_/Y
 _5647_/X
 _5648_/Y
 _5649_/Y
 _5650_/X
 _5651_/Y
 _5652_/Y
 _5653_/X
 _5654_/Y
 _5655_/X
 _5656_/X
 _5657_/X
 _5658_/Y
 _5659_/X
 _5660_/Y
 _5661_/X
 _5662_/Y
 _5663_/X
 _5664_/X
 _5665_/Y
 _5666_/Y
 _5667_/Y
 _5668_/Y
 _5669_/X
 _5670_/Y
 _5671_/X
 _5672_/X
 _5673_/Y
 _5674_/Y
 _5675_/Y
 _5676_/X
 _5677_/X
 _5678_/X
 _5679_/Y
 _5680_/Y
 _5681_/X
 _5682_/Y
 _5683_/X
 _5684_/Y
 _5685_/Y
 _5686_/X
 _5687_/Y
 _5688_/X
 _5689_/Y
 _5690_/X
 _5691_/Y
 _5692_/Y
 _5693_/Y
 _5694_/X
 _5695_/X
 _5696_/Y
 _5697_/X
 _5698_/Y
 _5699_/X
 _5700_/Y
 _5701_/X
 _5702_/Y
 _5703_/Y
 _5704_/X
 _5705_/X
 _5706_/Y
 _5707_/X
 _5708_/Y
 _5709_/X
 _5710_/Y
 _5711_/X
 _5712_/Y
 _5713_/Y
 _5714_/X
 _5715_/X
 _5716_/X
 _5717_/Y
 _5718_/Y
 _5719_/X
 _5720_/X
 _5721_/Y
 _5722_/X
 _5723_/X
 _5724_/X
 _5725_/Y
 _5726_/X
 _5727_/Y
 _5728_/Y
 _5729_/Y
 _5730_/Y
 _5731_/Y
 _5732_/X
 _5733_/X
 _5734_/Y
 _5735_/X
 _5736_/X
 _5737_/Y
 _5738_/X
 _5739_/X
 _5740_/Y
 _5741_/X
 _5742_/X
 _5743_/Y
 _5744_/Y
 _5745_/X
 _5746_/Y
 _5747_/X
 _5748_/Y
 _5749_/Y
 _5750_/X
 _5751_/Y
 _5752_/X
 _5753_/Y
 _5754_/Y
 _5755_/Y
 _5756_/X
 _5757_/Y
 _5758_/X
 _5759_/Y
 _5760_/Y
 _5761_/Y
 _5762_/X
 _5763_/Y
 _5764_/X
 _5765_/Y
 _5766_/Y
 _5767_/Y
 _5768_/X
 _5769_/Y
 _5770_/Y
 _5771_/Y
 _5772_/Y
 _5773_/Y
 _5774_/X
 _5775_/X
 _5776_/X
 _5777_/X
 _5778_/Y
 _5779_/Y
 _5780_/X
 _5781_/Y
 _5782_/Y
 _5783_/X
 _5784_/Y
 _5785_/Y
 _5786_/X
 _5787_/X
 _5788_/X
 _5789_/Y
 _5790_/X
 _5791_/Y
 _5792_/Y
 _5793_/Y
 _5794_/Y
 _5795_/X
 _5796_/Y
 _5797_/Y
 _5798_/X
 _5799_/Y
 _5800_/X
 _5801_/Y
 _5802_/Y
 _5803_/Y
 _5804_/X
 _5805_/Y
 _5806_/Y
 _5807_/X
 _5808_/Y
 _5809_/X
 _5810_/X
 _5811_/Y
 _5812_/Y
 _5813_/X
 _5814_/Y
 _5815_/Y
 _5816_/Y
 _5817_/X
 _5818_/Y
 _5819_/X
 _5820_/X
 _5821_/Y
 _5822_/Y
 _5823_/X
 _5824_/X
 _5825_/Y
 _5826_/Y
 _5827_/Y
 _5828_/X
 _5829_/Y
 _5830_/Y
 _5831_/Y
 _5832_/X
 _5833_/Y
 _5834_/X
 _5835_/Y
 _5836_/Y
 _5837_/Y
 _5838_/X
 _5839_/Y
 _5840_/Y
 _5841_/Y
 _5842_/X
 _5843_/X
 _5844_/Y
 _5845_/Y
 _5846_/Y
 _5847_/X
 _5848_/Y
 _5849_/Y
 _5850_/X
 _5851_/X
 _5852_/Y
 _5853_/X
 _5854_/X
 _5855_/Y
 _5856_/X
 _5857_/Y
 _5858_/Y
 _5859_/X
 _5860_/Y
 _5861_/Y
 _5862_/Y
 _5863_/Y
 _5864_/X
 _5865_/X
 _5866_/Y
 _5867_/Y
 _5868_/X
 _5869_/Y
 _5870_/Y
 _5871_/Y
 _5872_/Y
 _5873_/X
 _5874_/X
 _5875_/Y
 _5876_/X
 _5877_/X
 _5878_/Y
 _5879_/X
 _5880_/X
 _5881_/Y
 _5882_/X
 _5883_/Y
 _5884_/Y
 _5885_/X
 _5886_/Y
 _5887_/Y
 _5888_/Y
 _5889_/X
 _5890_/X
 _5891_/X
 _5892_/X
 _5893_/X
 _5894_/X
 _5895_/X
 _5896_/Y
 _5897_/Y
 _5898_/X
 _5899_/Y
 _5900_/Y
 _5901_/Y
 _5902_/Y
 _5903_/X
 _5904_/X
 _5905_/Y
 _5906_/Y
 _5907_/Y
 _5908_/Y
 _5909_/X
 _5910_/Y
 _5911_/X
 _5912_/Y
 _5913_/X
 _5914_/X
 _5915_/Y
 _5916_/Y
 _5917_/Y
 _5918_/Y
 _5919_/Y
 _5920_/Y
 _5921_/Y
 _5922_/Y
 _5923_/X
 _5924_/Y
 _5925_/X
 _5926_/X
 _5927_/Y
 _5928_/Y
 _5929_/Y
 _5930_/X
 _5931_/X
 _5932_/X
 _5933_/Y
 _5934_/Y
 _5935_/X
 _5936_/Y
 _5937_/Y
 _5938_/Y
 _5939_/X
 _5940_/Y
 _5941_/Y
 _5942_/Y
 _5943_/X
 _5944_/Y
 _5945_/Y
 _5946_/Y
 _5947_/Y
 _5948_/Y
 _5949_/Y
 _5950_/Y
 _5951_/Y
 _5952_/Y
 _5953_/Y
 _5954_/Y
 _5955_/Y
 _5956_/Y
 _5957_/X
 _5958_/Y
 _5959_/X
 _5960_/Y
 _5961_/Y
 _5962_/Y
 _5963_/Y
 _5964_/Y
 _5965_/Y
 _5966_/Y
 _5967_/X
 _5968_/Y
 _5969_/Y
 _5970_/Y
 _5971_/Y
 _5972_/X
 _5973_/Y
 _5974_/Y
 _5975_/Y
 _5976_/Y
 _5977_/Y
 _5978_/Y
 _5979_/X
 _5980_/X
 _5981_/Y
 _5982_/Y
 _5983_/Y
 _5984_/X
 _5985_/Y
 _5986_/Y
 _5987_/Y
 _5988_/Y
 _5989_/Y
 _5990_/Y
 _5991_/Y
 _5992_/Y
 _5993_/Y
 _5994_/Y
 _5995_/Y
 _5996_/Y
 _5997_/Y
 _5998_/Y
 _5999_/Y
 _6000_/X
 _6001_/X
 _6002_/Y
 _6003_/X
 _6004_/Y
 _6005_/Y
 _6006_/X
 _6007_/X
 _6008_/X
 _6009_/Y
 _6010_/Y
 _6011_/Y
 _6012_/X
 _6013_/X
 _6014_/X
 _6015_/X
 _6016_/Y
 _6017_/Y
 _6018_/Y
 _6019_/X
 _6020_/X
 _6021_/Y
 _6022_/Y
 _6023_/X
 _6024_/Y
 _6025_/Y
 _6026_/Y
 _6027_/X
 _6028_/X
 _6029_/Y
 _6030_/Y
 _6031_/X
 _6032_/X
 _6033_/Y
 _6034_/Y
 _6035_/X
 _6036_/Y
 _6037_/Y
 _6038_/Y
 _6039_/Y
 _6040_/Y
 _6041_/Y
 _6042_/Y
 _6043_/Y
 _6044_/Y
 _6045_/Y
 _6046_/Y
 _6047_/Y
 _6048_/Y
 _6049_/Y
 _6050_/Y
 _6051_/Y
 _6052_/Y
 _6053_/Y
 _6054_/Y
 _6055_/Y
 _6056_/Y
 _6057_/Y
 _6058_/Y
 _6059_/Y
 _6060_/Y
 _6061_/Y
 _6062_/Y
 _6063_/Y
 _6064_/Y
 _6065_/Y
 _6066_/Y
 _6067_/Y
 _6068_/Y
 _6069_/X
 _6070_/Y
 _6071_/Y
 _6072_/Y
 _6073_/X
 _6074_/Y
 _6075_/X
 _6076_/Y
 _6077_/X
 _6078_/Y
 _6079_/X
 _6080_/Y
 _6081_/X
 _6082_/Y
 _6083_/X
 _6084_/Y
 _6085_/X
 _6086_/Y
 _6087_/X
 _6088_/Y
 _6089_/X
 _6090_/Y
 _6091_/Y
 _6092_/X
 _6093_/Y
 _6094_/Y
 _6095_/X
 _6096_/X
 _6097_/Y
 _6098_/Y
 _6099_/X
 _6100_/Y
 _6101_/Y
 _6102_/X
 _6103_/X
 _6104_/Y
 _6105_/Y
 _6106_/X
 _6107_/Y
 _6108_/Y
 _6109_/X
 _6110_/X
 _6111_/Y
 _6112_/Y
 _6113_/X
 _6114_/Y
 _6115_/Y
 _6116_/X
 _6117_/X
 _6118_/Y
 _6119_/Y
 _6120_/X
 _6121_/Y
 _6122_/Y
 _6123_/X
 _6124_/X
 _6125_/Y
 _6126_/Y
 _6127_/X
 _6128_/Y
 _6129_/Y
 _6130_/X
 _6131_/X
 _6132_/Y
 _6133_/Y
 _6134_/X
 _6135_/Y
 _6136_/Y
 _6137_/X
 _6138_/X
 _6139_/Y
 _6140_/Y
 _6141_/X
 _6142_/Y
 _6143_/Y
 _6144_/X
 _6145_/X
 _6146_/Y
 _6147_/Y
 _6148_/X
 _6149_/X
 _6150_/X
 _6151_/X
 _6152_/X
 _6153_/X
 _6154_/Y
 _6155_/X
 _6156_/Y
 _6157_/X
 _6158_/X
 _6159_/X
 _6160_/X
 _6161_/X
 _6162_/X
 _6163_/X
 _6164_/X
 _6165_/X
 _6166_/X
 _6167_/X
 _6168_/X
 _6169_/X
 _6170_/X
 _6171_/X
 _6172_/X
 _6173_/X
 _6174_/X
 _6175_/X
 _6176_/X
 _6177_/X
 _6178_/X
 _6179_/X
 _6180_/X
 _6181_/X
 _6182_/X
 _6183_/X
 _6184_/X
 _6185_/X
 _6186_/X
 _6187_/Y
 _6188_/X
 _6189_/Y
 _6190_/X
 _6191_/X
 _6192_/X
 _6193_/X
 _6194_/X
 _6195_/X
 _6196_/X
 _6197_/X
 _6198_/X
 _6199_/X
 _6200_/X
 _6201_/X
 _6202_/X
 _6203_/X
 _6204_/X
 _6205_/X
 _6206_/X
 _6207_/X
 _6208_/X
 _6209_/X
 _6210_/X
 _6211_/X
 _6212_/X
 _6213_/X
 _6214_/X
 _6215_/X
 _6216_/X
 _6217_/X
 _6218_/Q
 _6219_/Q
 _6220_/Q
 _6221_/Q
 _6222_/Q
 _6223_/Q
 _6224_/Q
 _6225_/Q
 _6226_/Q
 _6227_/Q
 _6228_/Q
 _6229_/Q
 _6230_/Q
 _6231_/Q
 _6232_/Q
 _6233_/Q
 _6234_/Q
 _6235_/Q
 _6236_/Q
 _6237_/Q
 _6238_/Q
 _6239_/Q
 _6240_/Q
 _6241_/Q
 _6242_/Q
 _6243_/Q
 _6244_/Q
 _6245_/Q
 _6246_/Q
 _6247_/Q
 _6248_/Q
 _6249_/Q
 _6250_/Q
 _6251_/Q
 _6252_/Q
 _6253_/Q
 _6254_/Q
 _6255_/Q
 _6256_/Q
 _6257_/Q
 _6258_/Q
 _6259_/Q
 _6260_/Q
 _6261_/Q
 _6262_/Q
 _6263_/Q
 _6264_/Q
 _6265_/Q
 _6266_/Q
 _6267_/Q
 _6268_/Q
 _6269_/Q
 _6270_/Q
 _6271_/Q
 _6272_/Q
 _6273_/Q
 _6274_/Q
 _6275_/Q
 _6276_/Q
 _6277_/Q
 _6278_/Q
 _6279_/Q
 _6280_/Q
 _6281_/Q
 _6282_/Q
 _6283_/Q
 _6284_/Q
 _6285_/Q
 _6286_/Q
 _6287_/Q
 _6288_/Q
 _6289_/Q
 _6290_/Q
 _6291_/Q
 _6292_/Q
 _6293_/Q
 _6294_/Q
 _6295_/Q
 _6296_/Q
 _6297_/Q
 _6298_/Q
 _6299_/Q
 _6300_/Q
 _6301_/Q
 _6302_/Q
 _6303_/Q
 _6304_/Q
 _6305_/Q
 _6306_/Q
 _6307_/Q
 _6308_/Q
 _6309_/Q
 _6310_/Q
 _6311_/Q
 _6312_/Q
 _6313_/Q
 _6314_/Q
 _6315_/Q
 _6316_/Q
 _6317_/Q
 _6318_/Q
 _6319_/Q
 _6320_/Q
 _6321_/Q
 _6322_/Q
 _6323_/Q
 _6324_/Q
 _6325_/Q
 _6326_/Q
 _6327_/Q
 _6328_/Q
 _6329_/Q
 _6330_/Q
 _6331_/Q
 _6332_/Q
 _6333_/Q
 _6334_/Q
 _6335_/Q
 _6336_/Q
 _6337_/Q
 _6338_/Q
 _6339_/Q
 _6340_/Q
 _6341_/Q
 _6342_/Q
 _6343_/Q
Found 0 partially unannotated drivers.

===========================================================================
max slew violation count 376
max fanout violation count 77
max cap violation count 2
============================================================================

===========================================================================
check_setup -verbose -unconstrained_endpoints -multiple_clock -no_clock -no_input_delay -loops -generated_clocks
===========================================================================
