Clock: clk
Sources: clk 
Generated: no
Virtual: no
Propagated: no
Period: 15.000000

===========================================================================
report_clock_properties
============================================================================
Clock                   Period          Waveform
----------------------------------------------------
clk                  15.000000    0.000000  7.500000

===========================================================================
report_clock_latency
============================================================================
Clock clk
rise -> rise
    min     max
0.000000 0.000000 source latency
0.573596         network latency _6218_/CLK
        0.573596 network latency _6218_/CLK
---------------
0.573596 0.573596 latency
        0.000000 skew

fall -> fall
    min     max
0.000000 0.000000 source latency
0.252421         network latency _6218_/CLK
        0.252421 network latency _6218_/CLK
---------------
0.252421 0.252421 latency
        0.000000 skew



===========================================================================
report_clock_min_period
============================================================================
clk period_min = 6.44 fmax = 155.38
