Starting…
Running 'Verilator.Lint' at 'rv32i_dsp_soc/openlane/runs/RUN_2026-07-27_08-03-26/01-verilator-lint'…
Logging subprocess to [repr.filename]'rv32i_dsp_soc/openlane/runs/RUN_2026-07-27_08-03-26/01-verilator-lint/verilator-lint.log'[/repr.filename]…
Running 'Checker.LintTimingConstructs' at 'rv32i_dsp_soc/openlane/runs/RUN_2026-07-27_08-03-26/02-checker-linttimingconstructs'…
Check for Lint Timing Errors clear.
Running 'Checker.LintErrors' at 'rv32i_dsp_soc/openlane/runs/RUN_2026-07-27_08-03-26/03-checker-linterrors'…
Check for Lint errors clear.
Running 'Checker.LintWarnings' at 'rv32i_dsp_soc/openlane/runs/RUN_2026-07-27_08-03-26/04-checker-lintwarnings'…
445 Lint warnings found.
Running 'Yosys.JsonHeader' at 'rv32i_dsp_soc/openlane/runs/RUN_2026-07-27_08-03-26/05-yosys-jsonheader'…
Logging subprocess to [repr.filename]'rv32i_dsp_soc/openlane/runs/RUN_2026-07-27_08-03-26/05-yosys-jsonheader/yosys-jsonheader.log'[/repr.filename]…
Subprocess had a non-zero exit.
Last 10 line(s):
Top module:  \soc_top

12.2. Executing AST frontend in derive mode using pre-parsed AST for module `\dsp_coprocessor'.
Generating RTLIL representation for module `\dsp_coprocessor'.

12.3. Executing AST frontend in derive mode using pre-parsed AST for module `\rv32i_top'.
Generating RTLIL representation for module `\rv32i_top'.

12.4. Executing AST frontend in derive mode using pre-parsed AST for module `\instruction_memory'.
/home/srijitsengupta/rv32i_dsp_soc/hw/rtl/soc/instruction_memory.v:15: ERROR: Can not open file `../dv/assembly/mac_test.hex` for \$readmemh.

Full log file: 'rv32i_dsp_soc/openlane/runs/RUN_2026-07-27_08-03-26/05-yosys-jsonheader/yosys-jsonheader.log'
