
===========================================================================
report_checks -unconstrained
===========================================================================
======================= min_ff_n40C_1v95 Corner ===================================

Startpoint: rst_n (input port clocked by clk)
Endpoint: _6341_ (recovery check against rising-edge clock clk)
Path Group: asynchronous
Path Type: max

Fanout         Cap        Slew       Delay        Time   Description
---------------------------------------------------------------------------------------------
                                  0.000000    0.000000   clock clk (rise edge)
                                  0.000000    0.000000   clock network delay (propagated)
                                  2.000000    2.000000 ^ input external delay
     1    0.002640    0.013350    0.006799    2.006799 ^ rst_n (in)
                                                         rst_n (net)
                      0.013350    0.000000    2.006799 ^ input1/A (sky130_fd_sc_hd__clkbuf_1)
     1    0.004101    0.042845    0.055276    2.062076 ^ input1/X (sky130_fd_sc_hd__clkbuf_1)
                                                         net1 (net)
                      0.042845    0.000068    2.062144 ^ fanout255/A (sky130_fd_sc_hd__clkbuf_4)
     5    0.069878    0.160772    0.182931    2.245075 ^ fanout255/X (sky130_fd_sc_hd__clkbuf_4)
                                                         net255 (net)
                      0.160809    0.002019    2.247094 ^ fanout254/A (sky130_fd_sc_hd__buf_4)
    10    0.083356    0.174863    0.193305    2.440399 ^ fanout254/X (sky130_fd_sc_hd__buf_4)
                                                         net254 (net)
                      0.174864    0.000233    2.440633 ^ fanout253/A (sky130_fd_sc_hd__buf_4)
    10    0.064325    0.136514    0.172203    2.612835 ^ fanout253/X (sky130_fd_sc_hd__buf_4)
                                                         net253 (net)
                      0.136649    0.003540    2.616375 ^ fanout252/A (sky130_fd_sc_hd__clkbuf_4)
    10    0.051527    0.121687    0.179919    2.796294 ^ fanout252/X (sky130_fd_sc_hd__clkbuf_4)
                                                         net252 (net)
                      0.121755    0.001215    2.797509 ^ fanout250/A (sky130_fd_sc_hd__clkbuf_4)
    10    0.048740    0.115215    0.173074    2.970583 ^ fanout250/X (sky130_fd_sc_hd__clkbuf_4)
                                                         net250 (net)
                      0.115314    0.002008    2.972591 ^ _6341_/RESET_B (sky130_fd_sc_hd__dfrtp_1)
                                              2.972591   data arrival time

                                 10.000000   10.000000   clock clk (rise edge)
                                  0.000000   10.000000   clock source latency
     1    0.044772    0.154183    0.109488   10.109488 ^ clk (in)
                                                         clk (net)
                      0.154630    0.000000   10.109488 ^ clkbuf_0_clk/A (sky130_fd_sc_hd__clkbuf_16)
    16    0.187564    0.154334    0.202509   10.311997 ^ clkbuf_0_clk/X (sky130_fd_sc_hd__clkbuf_16)
                                                         clknet_0_clk (net)
                      0.155037    0.008348   10.320346 ^ clkbuf_4_11_0_clk/A (sky130_fd_sc_hd__clkbuf_8)
     8    0.032908    0.054241    0.130121   10.450466 ^ clkbuf_4_11_0_clk/X (sky130_fd_sc_hd__clkbuf_8)
                                                         clknet_4_11_0_clk (net)
                      0.054245    0.000537   10.451004 ^ _6341_/CLK (sky130_fd_sc_hd__dfrtp_1)
                                 -0.250000   10.201004   clock uncertainty
                                  0.000000   10.201004   clock reconvergence pessimism
                                  0.131449   10.332453   library recovery time
                                             10.332453   data required time
---------------------------------------------------------------------------------------------
                                             10.332453   data required time
                                             -2.972591   data arrival time
---------------------------------------------------------------------------------------------
                                              7.359861   slack (MET)


Startpoint: _6219_ (rising edge-triggered flip-flop clocked by clk)
Endpoint: monitor_out[31] (output port clocked by clk)
Path Group: clk
Path Type: max

Fanout         Cap        Slew       Delay        Time   Description
---------------------------------------------------------------------------------------------
                                  0.000000    0.000000   clock clk (rise edge)
                                  0.000000    0.000000   clock source latency
     1    0.044772    0.154183    0.109488    0.109488 ^ clk (in)
                                                         clk (net)
                      0.154630    0.000000    0.109488 ^ clkbuf_0_clk/A (sky130_fd_sc_hd__clkbuf_16)
    16    0.187564    0.154334    0.202509    0.311997 ^ clkbuf_0_clk/X (sky130_fd_sc_hd__clkbuf_16)
                                                         clknet_0_clk (net)
                      0.154414    0.002906    0.314904 ^ clkbuf_4_1_0_clk/A (sky130_fd_sc_hd__clkbuf_8)
    12    0.038986    0.061362    0.135113    0.450017 ^ clkbuf_4_1_0_clk/X (sky130_fd_sc_hd__clkbuf_8)
                                                         clknet_4_1_0_clk (net)
                      0.061397    0.001334    0.451351 ^ _6219_/CLK (sky130_fd_sc_hd__dfrtp_1)
     1    0.006418    0.052772    0.223785    0.675136 ^ _6219_/Q (sky130_fd_sc_hd__dfrtp_1)
                                                         core.dsp_valid_out (net)
                      0.052772    0.000094    0.675230 ^ fanout238/A (sky130_fd_sc_hd__buf_6)
     5    0.057788    0.090923    0.114437    0.789667 ^ fanout238/X (sky130_fd_sc_hd__buf_6)
                                                         net238 (net)
                      0.090926    0.000428    0.790095 ^ fanout214/A (sky130_fd_sc_hd__buf_8)
     7    0.052168    0.069563    0.104728    0.894823 ^ fanout214/X (sky130_fd_sc_hd__buf_8)
                                                         net214 (net)
                      0.069564    0.000251    0.895074 ^ fanout209/A (sky130_fd_sc_hd__buf_8)
     6    0.033960    0.049219    0.086911    0.981985 ^ fanout209/X (sky130_fd_sc_hd__buf_8)
                                                         net209 (net)
                      0.049226    0.000589    0.982574 ^ fanout208/A (sky130_fd_sc_hd__buf_8)
     5    0.015453    0.028719    0.066801    1.049374 ^ fanout208/X (sky130_fd_sc_hd__buf_8)
                                                         net208 (net)
                      0.028719    0.000170    1.049544 ^ _3067_/A (sky130_fd_sc_hd__and2_1)
     1    0.011573    0.092261    0.111497    1.161041 ^ _3067_/X (sky130_fd_sc_hd__and2_1)
                                                         _1954_ (net)
                      0.092261    0.000206    1.161247 ^ fanout102/A (sky130_fd_sc_hd__buf_2)
     5    0.050478    0.185902    0.192607    1.353854 ^ fanout102/X (sky130_fd_sc_hd__buf_2)
                                                         net102 (net)
                      0.185903    0.000307    1.354162 ^ fanout100/A (sky130_fd_sc_hd__clkbuf_4)
    10    0.062965    0.146352    0.203514    1.557675 ^ fanout100/X (sky130_fd_sc_hd__clkbuf_4)
                                                         net100 (net)
                      0.146353    0.000392    1.558068 ^ _3998_/C (sky130_fd_sc_hd__nand4_2)
     4    0.013906    0.092257    0.095896    1.653964 v _3998_/Y (sky130_fd_sc_hd__nand4_2)
                                                         _0283_ (net)
                      0.092257    0.000163    1.654127 v _4106_/A (sky130_fd_sc_hd__xor2_1)
     1    0.004976    0.068414    0.126388    1.780515 v _4106_/X (sky130_fd_sc_hd__xor2_1)
                                                         _0390_ (net)
                      0.068414    0.000047    1.780562 v _4107_/B (sky130_fd_sc_hd__xnor2_1)
     3    0.014455    0.245342    0.220974    2.001535 ^ _4107_/Y (sky130_fd_sc_hd__xnor2_1)
                                                         _0391_ (net)
                      0.245343    0.000438    2.001974 ^ _4110_/B (sky130_fd_sc_hd__xor2_1)
     1    0.010279    0.176425    0.162363    2.164337 ^ _4110_/X (sky130_fd_sc_hd__xor2_1)
                                                         _0394_ (net)
                      0.176425    0.000171    2.164507 ^ _4111_/B (sky130_fd_sc_hd__xnor2_2)
     2    0.012751    0.069125    0.064996    2.229503 v _4111_/Y (sky130_fd_sc_hd__xnor2_2)
                                                         _0395_ (net)
                      0.069125    0.000244    2.229747 v _4113_/B (sky130_fd_sc_hd__xnor2_2)
     2    0.012339    0.152703    0.147343    2.377090 ^ _4113_/Y (sky130_fd_sc_hd__xnor2_2)
                                                         _0397_ (net)
                      0.152703    0.000098    2.377188 ^ _4114_/B (sky130_fd_sc_hd__xor2_2)
     2    0.026560    0.257029    0.218688    2.595876 ^ _4114_/X (sky130_fd_sc_hd__xor2_2)
                                                         _0398_ (net)
                      0.257036    0.001061    2.596937 ^ _4116_/A (sky130_fd_sc_hd__xnor2_4)
     2    0.018367    0.147121    0.103775    2.700711 ^ _4116_/Y (sky130_fd_sc_hd__xnor2_4)
                                                         _0400_ (net)
                      0.147121    0.000479    2.701190 ^ _4117_/A (sky130_fd_sc_hd__xor2_2)
     2    0.020086    0.204771    0.180076    2.881266 ^ _4117_/X (sky130_fd_sc_hd__xor2_2)
                                                         _0401_ (net)
                      0.204777    0.000911    2.882177 ^ _4119_/A (sky130_fd_sc_hd__xnor2_2)
     2    0.011555    0.066276    0.071299    2.953476 v _4119_/Y (sky130_fd_sc_hd__xnor2_2)
                                                         _0403_ (net)
                      0.066276    0.000112    2.953588 v _4142_/A2 (sky130_fd_sc_hd__a21boi_1)
     2    0.009321    0.161159    0.168847    3.122435 ^ _4142_/Y (sky130_fd_sc_hd__a21boi_1)
                                                         _0425_ (net)
                      0.161159    0.000164    3.122599 ^ _4233_/B (sky130_fd_sc_hd__xor2_1)
     2    0.007504    0.145209    0.137912    3.260511 ^ _4233_/X (sky130_fd_sc_hd__xor2_1)
                                                         _0516_ (net)
                      0.145209    0.000026    3.260538 ^ _4234_/A (sky130_fd_sc_hd__xor2_1)
     2    0.007327    0.137829    0.138020    3.398558 ^ _4234_/X (sky130_fd_sc_hd__xor2_1)
                                                         _0517_ (net)
                      0.137829    0.000072    3.398630 ^ rebuffer11/A (sky130_fd_sc_hd__dlymetal6s2s_1)
     1    0.002928    0.046366    0.082383    3.481013 ^ rebuffer11/X (sky130_fd_sc_hd__dlymetal6s2s_1)
                                                         net266 (net)
                      0.046366    0.000028    3.481041 ^ _4235_/B (sky130_fd_sc_hd__nand2b_1)
     1    0.002410    0.025798    0.030378    3.511420 v _4235_/Y (sky130_fd_sc_hd__nand2b_1)
                                                         _0518_ (net)
                      0.025798    0.000025    3.511444 v _4252_/B1_N (sky130_fd_sc_hd__a21bo_1)
     3    0.012627    0.084884    0.147093    3.658538 ^ _4252_/X (sky130_fd_sc_hd__a21bo_1)
                                                         _0534_ (net)
                      0.084884    0.000241    3.658778 ^ _4356_/A (sky130_fd_sc_hd__xor2_1)
     3    0.014106    0.226882    0.202330    3.861109 ^ _4356_/X (sky130_fd_sc_hd__xor2_1)
                                                         _0638_ (net)
                      0.226882    0.000077    3.861185 ^ _4609_/C1 (sky130_fd_sc_hd__o2111a_4)
     2    0.024985    0.070415    0.161484    4.022669 ^ _4609_/X (sky130_fd_sc_hd__o2111a_4)
                                                         _0889_ (net)
                      0.070417    0.000473    4.023142 ^ _4611_/B (sky130_fd_sc_hd__nor2_8)
     2    0.011024    0.041095    0.020588    4.043730 v _4611_/Y (sky130_fd_sc_hd__nor2_8)
                                                         _0891_ (net)
                      0.041095    0.000073    4.043803 v _4745_/A1 (sky130_fd_sc_hd__o21a_1)
     1    0.009269    0.045353    0.138957    4.182760 v _4745_/X (sky130_fd_sc_hd__o21a_1)
                                                         _1024_ (net)
                      0.045353    0.000101    4.182861 v _4746_/A (sky130_fd_sc_hd__xor2_2)
     3    0.017249    0.181949    0.184579    4.367439 ^ _4746_/X (sky130_fd_sc_hd__xor2_2)
                                                         _1025_ (net)
                      0.181949    0.000193    4.367632 ^ _4747_/A (sky130_fd_sc_hd__xor2_2)
     3    0.016341    0.174602    0.158245    4.525877 ^ _4747_/X (sky130_fd_sc_hd__xor2_2)
                                                         _1026_ (net)
                      0.174602    0.000151    4.526028 ^ _4752_/B (sky130_fd_sc_hd__nand2b_4)
     2    0.006898    0.037192    0.030221    4.556249 v _4752_/Y (sky130_fd_sc_hd__nand2b_4)
                                                         _1030_ (net)
                      0.037192    0.000052    4.556300 v _4754_/A3 (sky130_fd_sc_hd__o41a_4)
     3    0.020095    0.066184    0.289065    4.845366 v _4754_/X (sky130_fd_sc_hd__o41a_4)
                                                         _1032_ (net)
                      0.066184    0.000445    4.845811 v _5204_/A1 (sky130_fd_sc_hd__a211o_1)
     3    0.010721    0.058878    0.196660    5.042471 v _5204_/X (sky130_fd_sc_hd__a211o_1)
                                                         _1480_ (net)
                      0.058878    0.000242    5.042714 v _5719_/A1 (sky130_fd_sc_hd__a2111o_1)
     2    0.017683    0.089452    0.278961    5.321675 v _5719_/X (sky130_fd_sc_hd__a2111o_1)
                                                         _2000_ (net)
                      0.089453    0.000462    5.322137 v _5887_/A2 (sky130_fd_sc_hd__a21oi_4)
     3    0.019377    0.135100    0.164394    5.486530 ^ _5887_/Y (sky130_fd_sc_hd__a21oi_4)
                                                         _2185_ (net)
                      0.135100    0.000249    5.486779 ^ _6005_/A1 (sky130_fd_sc_hd__o21ai_2)
     1    0.005824    0.047260    0.048137    5.534916 v _6005_/Y (sky130_fd_sc_hd__o21ai_2)
                                                         _2313_ (net)
                      0.047260    0.000081    5.534997 v _6006_/C1 (sky130_fd_sc_hd__o311a_4)
     2    0.013174    0.048766    0.086267    5.621264 v _6006_/X (sky130_fd_sc_hd__o311a_4)
                                                         core.dsp_result_in[31] (net)
                      0.048766    0.000287    5.621551 v _6086_/B (sky130_fd_sc_hd__xnor2_2)
     1    0.005896    0.100367    0.100083    5.721634 ^ _6086_/Y (sky130_fd_sc_hd__xnor2_2)
                                                         net26 (net)
                      0.100367    0.000072    5.721706 ^ output26/A (sky130_fd_sc_hd__buf_6)
     1    0.034580    0.058438    0.098483    5.820189 ^ output26/X (sky130_fd_sc_hd__buf_6)
                                                         monitor_out[31] (net)
                      0.058440    0.000446    5.820635 ^ monitor_out[31] (out)
                                              5.820635   data arrival time

                                 10.000000   10.000000   clock clk (rise edge)
                                  0.000000   10.000000   clock network delay (propagated)
                                 -0.250000    9.750000   clock uncertainty
                                  0.000000    9.750000   clock reconvergence pessimism
                                 -2.000000    7.750000   output external delay
                                              7.750000   data required time
---------------------------------------------------------------------------------------------
                                              7.750000   data required time
                                             -5.820635   data arrival time
---------------------------------------------------------------------------------------------
                                              1.929365   slack (MET)




===========================================================================
report_checks --slack_max -0.01
============================================================================
======================= min_ff_n40C_1v95 Corner ===================================

No paths found.


===========================================================================
 report_check_types -max_slew -max_cap -max_fanout -violators
============================================================================
======================= min_ff_n40C_1v95 Corner ===================================

max fanout

Pin                                   Limit Fanout  Slack
---------------------------------------------------------
clkbuf_0_clk/X                           10     16     -6 (VIOLATED)
clkbuf_4_0_0_clk/X                       10     12     -2 (VIOLATED)
clkbuf_4_1_0_clk/X                       10     12     -2 (VIOLATED)
clkbuf_4_2_0_clk/X                       10     12     -2 (VIOLATED)
fanout34/X                               10     12     -2 (VIOLATED)
_6258_/Q                                 10     11        (VIOLATED)
clkbuf_4_3_0_clk/X                       10     11        (VIOLATED)
clkbuf_4_5_0_clk/X                       10     11        (VIOLATED)
fanout126/X                              10     11        (VIOLATED)
fanout189/X                              10     11        (VIOLATED)
fanout198/X                              10     11        (VIOLATED)
fanout201/X                              10     11        (VIOLATED)
fanout202/X                              10     11        (VIOLATED)
fanout56/X                               10     11        (VIOLATED)



===========================================================================
report_parasitic_annotation -report_unannotated
============================================================================
Found 15 unannotated drivers.
 clkload0/X
 clkload1/X
 clkload10/Y
 clkload11/Y
 clkload12/Y
 clkload13/Y
 clkload14/Y
 clkload2/X
 clkload3/Y
 clkload4/X
 clkload5/Y
 clkload6/Y
 clkload7/Y
 clkload8/Y
 clkload9/Y
Found 0 partially unannotated drivers.

===========================================================================
max slew violation count 0
max fanout violation count 14
max cap violation count 0
============================================================================

===========================================================================
check_setup -verbose -unconstrained_endpoints -multiple_clock -no_clock -no_input_delay -loops -generated_clocks
===========================================================================
