Clock: clk
Sources: clk 
Generated: no
Virtual: yes
Propagated: no
Period: 10.000000

===========================================================================
report_clock_properties
============================================================================
Clock                   Period          Waveform
----------------------------------------------------
clk                  10.000000    0.000000  5.000000

===========================================================================
report_clock_latency
============================================================================
Clock clk
rise -> rise
    min     max
0.000000 0.000000 source latency
0.450595         network latency _6267_/CLK
        0.469413 network latency _6262_/CLK
---------------
0.450595 0.469413 latency
        0.018818 skew

fall -> fall
    min     max
0.000000 0.000000 source latency
0.360659         network latency _6250_/CLK
        0.373926 network latency _6262_/CLK
---------------
0.360659 0.373926 latency
        0.013267 skew



===========================================================================
report_clock_min_period
============================================================================
clk period_min = 5.50 fmax = 181.92
